npm warn Unknown env config "http-proxy". This will stop working in the next major version of npm.

> hsk-shared-course-app@1.0.0 test
> node --experimental-strip-types --test tests/*.test.mjs

✔ existing pilot activities and a separately bound self-assessment matrix are structurally sound (35.814403ms)
✔ matrix cannot drop, repeat, misorder dimensions or bind non-checkbox answers (43.25617ms)
✔ editorial references never acquire automatic grading answers or unrelated picture IDs (2.153044ms)
✔ source surveys retain text/select/checkbox matrix bindings and reject mismatched context columns (48.423542ms)
✔ cross-page activities reject unrelated or inconsistent per-field source pages (12.902426ms)
✔ every approved instructional illustration exists with its reviewed bytes and no external source (283.221309ms)
✔ source survey headers bind editable names independently from all body responses (4.344687ms)
✔ editable survey headers cannot hide, duplicate, omit, mismatch or auto-grade a name (15.058125ms)
✔ field-level question provenance cannot point outside actual source questions (4.84358ms)
✔ frequency matrix permits only an explicit bilingual blank corner and retains caption context (1.58582ms)
✔ matrix corner rejects one-sided empty, missing language, non-string and whitespace-only headings (29.759158ms)
✔ explicit optional fields are boolean ungraded text only and do not infer from prompt language (33.79758ms)
✔ optional illustration label requires nonempty bilingual text and absent legacy label remains valid (22.265634ms)
✔ HSK2 failed candidate never enters draft and later ordinary save cannot invent submission (15.797546ms)
✔ HSK2 waiting candidate stays unsubmitted and confirmed reload preserves old record (4.351738ms)
✔ HSK2 lock-wait edit invalidates candidate without losing newer draft (1.296651ms)
✔ HSK2 composition and cancelled pending view never commit a marker (1.685018ms)
✔ HSK3 failed candidate never enters draft and later ordinary save cannot invent submission (5.186941ms)
✔ HSK3 waiting candidate stays unsubmitted and confirmed reload preserves old record (4.053113ms)
✔ HSK3 lock-wait edit invalidates candidate without losing newer draft (1.455606ms)
✔ HSK3 composition and cancelled pending view never commit a marker (1.547784ms)
✔ stale values and unsafe unavailable lock fail closed without adopting submissions (1.64595ms)
✔ prior fallback records remain separate immutable history with human-readable source context (12.426267ms)
✔ active controls, another lesson and another edition never enter this lesson archive (11.540629ms)
✔ nonempty old records survive actual storage save reload export restore without creating new activity submissions (6.896226ms)
✔ one source page keeps the group citation without duplicate field notes (3.186123ms)
✔ cross-page fields and differing group page always retain field-level citations (0.31537ms)
✔ row citation combines only matching effective provenance and never changes source objects (0.415529ms)
✔ assembly preserves1140 baseline files and rejects changed baseline/frozen bytes (576.436023ms)
✔ HSK2 homework quota rejection leaves receipts out of the live draft and later ordinary saves (11.580698ms)
✔ HSK2 homework waits without an adopted receipt and confirms exactly one immutable attempt (2.536676ms)
✔ HSK2 homework cancelled lock wait cannot reappear in a later draft save (1.413023ms)
✔ HSK2 homework newer answer during a lock wait wins without a submission (1.157683ms)
✔ HSK2 individual listening quota rejection leaves receipts out of the live draft and later ordinary saves (5.618764ms)
✔ HSK2 individual listening waits without an adopted receipt and confirms exactly one immutable attempt (2.030092ms)
✔ HSK2 individual listening cancelled lock wait cannot reappear in a later draft save (1.746119ms)
✔ HSK2 individual listening newer answer during a lock wait wins without a submission (1.424321ms)
✔ HSK3 homework quota rejection leaves receipts out of the live draft and later ordinary saves (2.096581ms)
✔ HSK3 homework waits without an adopted receipt and confirms exactly one immutable attempt (2.194286ms)
✔ HSK3 homework cancelled lock wait cannot reappear in a later draft save (1.17579ms)
✔ HSK3 homework newer answer during a lock wait wins without a submission (1.168419ms)
✔ HSK3 individual listening quota rejection leaves receipts out of the live draft and later ordinary saves (1.399864ms)
✔ HSK3 individual listening waits without an adopted receipt and confirms exactly one immutable attempt (1.770736ms)
✔ HSK3 individual listening cancelled lock wait cannot reappear in a later draft save (4.432288ms)
✔ HSK3 individual listening newer answer during a lock wait wins without a submission (1.356249ms)
✔ individual listening rejects stale rounds, answers and already submitted questions (4.239241ms)
✔ an unavailable write lock never adopts a homework receipt (1.796675ms)
✔ frozen independent review authorizes exactly two source-frame sentences and retains low probability observations (15.470279ms)
✔ subset source pinyin, actual lesson bytes, parent and ordinal match unchanged Chinese metadata (4.78302ms)
✔ wrong ranges, missing gates, source substitutions and invented precision are rejected (16.225352ms)
✔ joint overlay and authority tampering cannot create a new independent-review acceptance (4.250227ms)
✔ legacy manifest bytes and all 61 words, 13 holds, 78 lines and 33 children remain unchanged (18.00334ms)
✔ partial child keeps original ordinal 2 without a precise parent, sibling or color word; legacy children retain sequence (14.488377ms)
(node:81) ExperimentalWarning: stripTypeScriptTypes is an experimental feature and might change at any time
(Use `node --trace-warnings ...` to show where the warning was created)
Reviewed sentence overlay rejected; previously reviewed segments and original tracks remain available.
Reviewed sentence overlay rejected; previously reviewed segments and original tracks remain available.
✔ concurrent callers await the same delayed actual crypto gate before overlay-ready (22.359303ms)
✔ concurrent rejection retains baseline and resolves only after rejection, with no phantom subset (7.321679ms)
✔ invalid legacy input rejects every concurrent caller and cannot cache false readiness (2.790433ms)
✔ optional new overlay chunk load failure preserves completed legacy registry (8.161189ms)
✔ verified pilot clip ranges carry exact original identities and source text (7.419205ms)
✔ unverified, foreign, out-of-track and source-hash substitutions are rejected (5.902637ms)
✔ multi-sentence source fragments cannot be swapped or replaced (1.416348ms)
✔ source text, pinyin, per-entry hash, scope and reviewed timing cannot be forged (7.950985ms)
✔ word partitions and actual sentence coverage reject losses, orphans and relabeled whole paragraphs (2.43815ms)
✔ no source authority or duplicate merged IDs can silently expose segments (0.726331ms)
✔ pending bounds, inflated decoded duration, claimed certification and forged transcript are rejected (2.748331ms)
✔ reviewed HSK2 lessons 2–3 retain exact 25 verified and seven pending words after runtime merge (5.658984ms)
✔ grammar group metadata cannot omit duplicate reorder or replace baseline examples or lose bilingual sources (66.69183ms)
✔ actual grouped grammar retains full baseline summary and interleaves every original bilingual pinyin example once (5.708638ms)
✔ both supplemental picture-description labels retain full bilingual text after the source activity (11.730391ms)
✔ cross-page grammar examples retain their own visible source beside the unchanged explanation page (7.434016ms)
✔ source grammar explanations are additive, bilingual and tied to one real source grammar (23.937773ms)
✔ unmapped supplemental picture paragraphs collapse without hiding textbook text tasks or safety notes (7.843336ms)
✔ HSK3 glossary has all22 starred heads and23 stable word-sense records (38.734278ms)
✔ HSK3 star patch does not alter any existing lesson values (131.471043ms)
✔ all18 additional official-source registries and523 word anchors retain every complete old word and source (58.302427ms)
✔ HSK3 L10 reviewed source fields keys and figures stay complete (8.518561ms)
✔ HSK3 L11 reviewed source fields keys and figures stay complete (5.216455ms)
✔ HSK3 L10 education source task retains optional read-aloud marker, source retelling and ungraded personal comparison (4.765293ms)
✔ HSK3 L11 split listening answer pages and no invented culture/review survive integration (3.320663ms)
✔ all25 independently reviewed Vietnamese corrections remain in their exact new-layer locations (41.276984ms)
✔ source explanation groups preserve every original example once (9.514102ms)
✔ HSK3 L12 reviewed source activities preserve field counts official keys and source-specific shapes (8.179866ms)
✔ HSK3 L13 reviewed source activities preserve field counts official keys and source-specific shapes (4.455432ms)
✔ HSK3 L12 and13 source and answer page continuations stay attached to individual fields (7.552372ms)
✔ HSK3 L12 review binds eleven rows to twenty-two distinct checks across both source pages (1.937474ms)
✔ HSK3 L13 first grammar source frames preserve 1+2+2 independent non-unique blanks (1.512562ms)
✔ optional empty omitted and nonempty records preserve values and submission through real save reload export restore (5.704972ms)
✔ L12 least-liked season and L13 prepared refreshments translations retain the source meanings (3.167605ms)
✔ HSK3 L14 reviewed source counts and exact official keys remain complete (8.084945ms)
✔ HSK3 L15 reviewed source counts and exact official keys remain complete (3.512108ms)
✔ HSK3 L15 ambiguous Nanjing age choice cannot become a unique automatic answer (1.591189ms)
✔ every L14 and15 manifest identity has a real renderer binding including all four L15 cities (6.056255ms)
✔ HSK3 L14 repaired borrowing option and four blank story rows preserve source roles (1.071805ms)
✔ HSK3 L15 source review keeps ten pairs and four full unsplit explanations (1.293946ms)
✔ HSK3 L16 final-unit source counts keys blanks and figure bindings survive integration (10.11713ms)
✔ HSK3 L17 final-unit source counts keys blanks and figure bindings survive integration (7.086779ms)
✔ HSK3 L18 final-unit source counts keys blanks and figure bindings survive integration (2.060267ms)
✔ L16 animal discussion retains three original required IDs and a separate optional fourth extension (1.662975ms)
✔ L17 repaired reference agrees with preserved teacher wording and emotions panel has an explicit activity binding (2.51966ms)
✔ L18 approximation tasks and 刚才/刚刚 exercises are editorial and preserve both real source groups (1.293706ms)
✔ feedback note is a separate bilingual display-only copy with invalid shapes rejected (28.151877ms)
✔ HSK3 L8 original source interaction inventory and immutable learning corpus (9.258953ms)
✔ HSK3 L8 official word-bank order and cross-page citations (2.92876ms)
✔ HSK3 L9 original source interaction inventory and immutable learning corpus (2.050042ms)
✔ HSK3 L9 official word-bank order and cross-page citations (1.466884ms)
✔ HSK3 L9 review is open self-tracking, not a correctness score (2.731085ms)
✔ HSK3 L9 exact source corrections and L8 scene provenance remain in primary data (3.165853ms)
✔ every printed POS/sense maps once with exact pages, audio and translation (9.421385ms)
✔ same-spelling different meanings and POS remain separate canonical cards (2.06905ms)
✔ the complete catalogue count is actual POS/sense records, not syllabus targets (4.965111ms)
✔ release validation rejects pending review, stale translations and missing homograph evidence (13.299647ms)
✔ wrong course, duplicate mapping, missing source and unreviewed merge fail closed (9.861058ms)
✔ an explicitly reviewed repeated sense uses selected-lesson provenance, never an unselected audio group (0.449609ms)
✔ reviewed HSK2 appendix binds every stable sense with source POS distinct from editorial labels (2.101698ms)
✔ editable source-table names stay in headers and remain independent through save/remount/reset (21.325595ms)
✔ cross-page review cites each identical row once while mixed provenance stays beside separate cells (12.749608ms)
✔ online verification binds full release identity and checks new/protected bytes (14.379054ms)
✔ online verifier rejects a stale manifest and never accepts changed protected bytes (6.286287ms)
✔ online verifier refuses another origin, pilot release and unscoped paths (11.01712ms)
✔ all seven routeable entries resolve activity crops and shared textbook/audio against real packaged paths (198.541452ms)
✔ unknown source images, PDF, changed accepted crops/audio/strokes and symlinks fail before freezing (214.557303ms)
✔ source or frozen-input drift fails before output; dirty or prebuilt data cannot be labeled release (95.72318ms)
✔ release gate still requires exact commit, 48 lessons, 33 textbook lessons, 579 pages, sixteen stages and both engines (0.661564ms)
✔ actual current crop registry uses lesson 4 current version and rejects path traversal/private sources (75.840854ms)
✔ production assembly anchors the actual 1446-file 2da tree and explicitly separates developer-only files (14.243783ms)
✔ entry and build-configuration edits are dirty even when runtime src/content are untouched (100.255286ms)
✔ two locked course entries share identical frozen assets with nested relative media paths (1.871295ms)
✔ portal updates only2/3 course cards and retains exact HSK1 and both HSK4 cards (0.983645ms)
✔ package manifest binds every scoped output byte to the frozen source input without copying raw sources (106.693751ms)
✔ missing audio, unknown raw PDF, symlinks and wrong identity fail before release creation (101.770182ms)
✔ output and public-input allowlists reject legacy overwrites and source package paths (0.647033ms)
✔ small frozen-code transfer restores all exact tested bytes from264 hash-bound originals without rebuilding (110.250084ms)
✔ frozen transfer fails before output on changed audio, code, extra raw source or wrong source commit (180.958169ms)
✔ question editorial note survives fallback rendering without leaking before submit (10.456575ms)
✔ question editorial note survives mapped rendering without leaking before submit (3.874758ms)
✔ reviewed-source guards reject a subject/negation substitution, relocated blank and wrong page (1.297862ms)
✔ source menu accepts exact exclusive slots and rejects dropped duplicated foreign or malformed fields (25.752053ms)
✔ actual menu renderer retains source quadrants bilingual fixed foods and every saved answer without early feedback (15.801442ms)
✔ activity support gallery excludes field-bound pictures and places each original image once (2.701461ms)
✔ production-store delayed submit cannot restore feedback after edit newer submit dispose or failed write (21.261279ms)
✔ edition and level identities reject cross-course data (1.57861ms)
✔ new stores do not read or mutate nonempty legacy and HSK1 records (1.384461ms)
✔ first submission is immutable, latest updates without overwriting draft answer text (4.088446ms)
✔ manual writing never receives automatic points (0.232316ms)
✔ automatic choices and ordering grade exact IDs (0.30241ms)
✔ save failure preserves draft and does not create success (1.238344ms)
✔ competing tabs produce conflict instead of lost updates (0.546704ms)
✔ backup preview, import and reset recovery are edition-isolated (1.122731ms)
✔ stale import preview cannot replace later edits (0.301899ms)
✔ corrupt original storage is protected and exportable (0.576529ms)
✔ invalid imported scores, duplicate queues and legacy lesson numbers fail (0.404231ms)
✔ routing normalizes invalid courses while retaining valid lesson 18 (0.556468ms)
✔ historical question snapshots survive source edits and reorder without rescoring (5.210235ms)
✔ legacy nonempty stores receive optional learning fields without overwriting submissions (0.277904ms)
✔ routes preserve per-level lesson bounds and native HSK1 historical contracts (1.203131ms)
✔ textbook activity and reading records reject foreign identities (0.561846ms)
✔ independent listening round retains immutable per-question submissions and validates queue (0.653112ms)
✔ backup snapshots validate their own historical answers without current-bank reinterpretation (1.03474ms)
ℹ tests 157
ℹ suites 0
ℹ pass 157
ℹ fail 0
ℹ cancelled 0
ℹ skipped 0
ℹ todo 0
ℹ duration_ms 2041.046819
