{
  "status": "passed",
  "scope": "HSK3L4 recovered source-only independent review",
  "authorFrozenArtifacts": 31,
  "sourceItems": 112,
  "accepted": 112,
  "repair": 0,
  "hold": 0,
  "missing": 0,
  "bodyBindings": 22,
  "originalPDFPages": 212,
  "actualWholePagesRead": 11,
  "originalPDFFullpageRerenderMatches": [
    {
      "pdfPage": 41,
      "renderDPI": 180,
      "sha256": "e2dbcb407e4c9ced426be2883b0e6f189e4eb4d0a80c1f97ce3aa9051dd24eec",
      "bytes": 2190071,
      "matchesRecoveredFrozenAuthorBytes": true,
      "exitCode": 0
    },
    {
      "pdfPage": 42,
      "renderDPI": 180,
      "sha256": "9d45c986e49aef7cce038ef0cba6cce39c9f6066959ea68dce0e663922614749",
      "bytes": 1432972,
      "matchesRecoveredFrozenAuthorBytes": true,
      "exitCode": 0
    },
    {
      "pdfPage": 43,
      "renderDPI": 180,
      "sha256": "1a087c582419d99c3ea03302a007730f11520d10b24747c146759d99f649c3be",
      "bytes": 2470792,
      "matchesRecoveredFrozenAuthorBytes": true,
      "exitCode": 0
    },
    {
      "pdfPage": 44,
      "renderDPI": 180,
      "sha256": "6aea658ffa626c477526a32bcde780096e6226c3df795bc7b51c8ca9eb9ed095",
      "bytes": 1456663,
      "matchesRecoveredFrozenAuthorBytes": true,
      "exitCode": 0
    },
    {
      "pdfPage": 45,
      "renderDPI": 180,
      "sha256": "717c86cb8460c7221dd5483db0650d43eb90bf4c44a65554a8d585764b3e1fc8",
      "bytes": 2188057,
      "matchesRecoveredFrozenAuthorBytes": true,
      "exitCode": 0
    },
    {
      "pdfPage": 46,
      "renderDPI": 180,
      "sha256": "99c2ce8a5f667e83e9a4c86eccb8acf34f525124d4542090f309ec01ef653291",
      "bytes": 771372,
      "matchesRecoveredFrozenAuthorBytes": true,
      "exitCode": 0
    },
    {
      "pdfPage": 47,
      "renderDPI": 180,
      "sha256": "55a42196b23e767928990f6720a78255220ecf4b5d5916d5b49115caaff067b2",
      "bytes": 2070392,
      "matchesRecoveredFrozenAuthorBytes": true,
      "exitCode": 0
    },
    {
      "pdfPage": 48,
      "renderDPI": 180,
      "sha256": "9af359153f9bb7a2eb6ebe3fb499b6f07534c517d16f71e49b41805d365b2107",
      "bytes": 922081,
      "matchesRecoveredFrozenAuthorBytes": true,
      "exitCode": 0
    },
    {
      "pdfPage": 49,
      "renderDPI": 180,
      "sha256": "c390569098dea15ea754afcc239b173a8a0cbacc9cb01ca9ed2e3758c23cb317",
      "bytes": 2502961,
      "matchesRecoveredFrozenAuthorBytes": true,
      "exitCode": 0
    },
    {
      "pdfPage": 197,
      "renderDPI": 200,
      "sha256": "ae1083b8c27d8e5e178c119677a03dd4a6ce008cd2c1df9cfabb1f5f04eb099f",
      "bytes": 1593795,
      "matchesRecoveredFrozenAuthorBytes": true,
      "exitCode": 0
    },
    {
      "pdfPage": 198,
      "renderDPI": 200,
      "sha256": "6129d308dae633c2df7b57ba97ef3bb096e01f45182ed25f583b4ff1da2cffd2",
      "bytes": 1705926,
      "matchesRecoveredFrozenAuthorBytes": true,
      "exitCode": 0
    }
  ],
  "freshDetailAndBoundaryCropsReadAndRerenderMatches": 4,
  "websiteAcceptance": false,
  "runtimeActivated": false,
  "durability": "remote-readback-pending-at-local-freeze"
}
