npm warn Unknown env config "http-proxy". This will stop working in the next major version of npm.

> hsk-shared-course-app@1.0.0 test
> node --experimental-strip-types --test tests/*.test.mjs

✔ assembly preserves1140 baseline files and rejects changed baseline/frozen bytes (117.487079ms)
✔ every printed POS/sense maps once with exact pages, audio and translation (11.037242ms)
✔ same-spelling different meanings and POS remain separate canonical cards (1.311534ms)
✔ the complete catalogue count is actual POS/sense records, not syllabus targets (3.280537ms)
✔ release validation rejects pending review, stale translations and missing homograph evidence (2.89017ms)
✔ wrong course, duplicate mapping, missing source and unreviewed merge fail closed (4.460442ms)
✔ an explicitly reviewed repeated sense uses selected-lesson provenance, never an unselected audio group (0.421344ms)
✔ online verification binds full release identity and checks new/protected bytes (14.785954ms)
✔ online verifier rejects a stale manifest and never accepts changed protected bytes (6.447934ms)
✔ online verifier refuses another origin, pilot release and unscoped paths (6.472241ms)
✔ two locked course entries share identical frozen assets with nested relative media paths (2.32567ms)
✔ portal updates only2/3 course cards and retains exact HSK1 and both HSK4 cards (0.936159ms)
✔ package manifest binds every scoped output byte to the frozen source input without copying raw sources (56.172958ms)
✔ missing audio, unknown raw PDF, symlinks and wrong identity fail before release creation (43.192466ms)
✔ output and public-input allowlists reject legacy overwrites and source package paths (0.25268ms)
✔ small frozen-code transfer restores all exact tested bytes from264 hash-bound originals without rebuilding (32.468376ms)
✔ frozen transfer fails before output on changed audio, code, extra raw source or wrong source commit (67.307751ms)
✔ reviewed-source guards reject a subject/negation substitution, relocated blank and wrong page (1.985128ms)
✔ edition and level identities reject cross-course data (1.617365ms)
✔ new stores do not read or mutate nonempty legacy and HSK1 records (1.14957ms)
✔ first submission is immutable, latest updates without overwriting draft answer text (2.857652ms)
✔ manual writing never receives automatic points (0.207672ms)
✔ automatic choices and ordering grade exact IDs (0.240712ms)
✔ save failure preserves draft and does not create success (0.379812ms)
✔ competing tabs produce conflict instead of lost updates (0.45133ms)
✔ backup preview, import and reset recovery are edition-isolated (0.687164ms)
✔ stale import preview cannot replace later edits (0.246791ms)
✔ corrupt original storage is protected and exportable (0.350397ms)
✔ invalid imported scores, duplicate queues and legacy lesson numbers fail (0.23907ms)
✔ routing normalizes invalid courses while retaining valid lesson 18 (0.60492ms)
✔ historical question snapshots survive source edits and reorder without rescoring (3.584364ms)
✔ legacy nonempty stores receive optional learning fields without overwriting submissions (0.271008ms)
✔ routes preserve per-level lesson bounds and native HSK1 historical contracts (0.780465ms)
✔ textbook activity and reading records reject foreign identities (0.356337ms)
✔ independent listening round retains immutable per-question submissions and validates queue (0.642297ms)
ℹ tests 35
ℹ suites 0
ℹ pass 35
ℹ fail 0
ℹ cancelled 0
ℹ skipped 0
ℹ todo 0
ℹ duration_ms 312.090279
