npm warn Unknown env config "http-proxy". This will stop working in the next major version of npm.

> hsk-shared-course-app@1.0.0 test
> node --experimental-strip-types --test tests/*.test.mjs

✔ assembly preserves1140 baseline files and rejects changed baseline/frozen bytes (102.083663ms)
✔ every printed POS/sense maps once with exact pages, audio and translation (11.929011ms)
✔ same-spelling different meanings and POS remain separate canonical cards (1.180117ms)
✔ the complete catalogue count is actual POS/sense records, not syllabus targets (2.793437ms)
✔ release validation rejects pending review, stale translations and missing homograph evidence (2.708007ms)
✔ wrong course, duplicate mapping, missing source and unreviewed merge fail closed (3.966322ms)
✔ an explicitly reviewed repeated sense uses selected-lesson provenance, never an unselected audio group (0.321945ms)
✔ online verification binds full release identity and checks new/protected bytes (13.856694ms)
✔ online verifier rejects a stale manifest and never accepts changed protected bytes (5.708424ms)
✔ online verifier refuses another origin, pilot release and unscoped paths (5.774154ms)
✔ two locked course entries share identical frozen assets with nested relative media paths (1.390764ms)
✔ portal updates only2/3 course cards and retains exact HSK1 and both HSK4 cards (0.772062ms)
✔ package manifest binds every scoped output byte to the frozen source input without copying raw sources (37.430478ms)
✔ missing audio, unknown raw PDF, symlinks and wrong identity fail before release creation (39.953776ms)
✔ output and public-input allowlists reject legacy overwrites and source package paths (0.193811ms)
✔ small frozen-code transfer restores all exact tested bytes from264 hash-bound originals without rebuilding (31.281299ms)
✔ frozen transfer fails before output on changed audio, code, extra raw source or wrong source commit (73.700437ms)
✔ reviewed-source guards reject a subject/negation substitution, relocated blank and wrong page (1.22931ms)
✔ edition and level identities reject cross-course data (1.245886ms)
✔ new stores do not read or mutate nonempty legacy and HSK1 records (1.13576ms)
✔ first submission is immutable, latest updates without overwriting draft answer text (8.133837ms)
✔ manual writing never receives automatic points (0.191118ms)
✔ automatic choices and ordering grade exact IDs (0.238198ms)
✔ save failure preserves draft and does not create success (0.366182ms)
✔ competing tabs produce conflict instead of lost updates (0.806224ms)
✔ backup preview, import and reset recovery are edition-isolated (0.734706ms)
✔ stale import preview cannot replace later edits (0.295665ms)
✔ corrupt original storage is protected and exportable (0.77004ms)
✔ invalid imported scores, duplicate queues and legacy lesson numbers fail (0.228824ms)
✔ routing normalizes invalid courses while retaining valid lesson 18 (0.462376ms)
✔ historical question snapshots survive source edits and reorder without rescoring (3.683265ms)
✔ legacy nonempty stores receive optional learning fields without overwriting submissions (0.177427ms)
✔ routes preserve per-level lesson bounds and native HSK1 historical contracts (0.819163ms)
✔ textbook activity and reading records reject foreign identities (0.360603ms)
✔ independent listening round retains immutable per-question submissions and validates queue (0.449336ms)
ℹ tests 35
ℹ suites 0
ℹ pass 35
ℹ fail 0
ℹ cancelled 0
ℹ skipped 0
ℹ todo 0
ℹ duration_ms 277.020383
