
> hsk-shared-course-app@1.0.0 test
> node --experimental-strip-types --test tests/*.test.mjs

✔ existing pilot activities and a separately bound self-assessment matrix are structurally sound (4.898791ms)
✔ matrix cannot drop, repeat, misorder dimensions or bind non-checkbox answers (6.395838ms)
✔ editorial references never acquire automatic grading answers or unrelated picture IDs (2.07349ms)
✔ source surveys retain text/select/checkbox matrix bindings and reject mismatched context columns (4.546567ms)
✔ cross-page activities reject unrelated or inconsistent per-field source pages (2.421658ms)
✔ every approved instructional illustration exists with its reviewed bytes and no external source (70.685715ms)
✔ source survey headers bind editable names independently from all body responses (1.573223ms)
✔ editable survey headers cannot hide, duplicate, omit, mismatch or auto-grade a name (10.058406ms)
✔ field-level question provenance cannot point outside actual source questions (5.543447ms)
✔ frequency matrix permits only an explicit bilingual blank corner and retains caption context (1.656219ms)
✔ matrix corner rejects one-sided empty, missing language, non-string and whitespace-only headings (18.459031ms)
✔ explicit optional fields are boolean ungraded text only and do not infer from prompt language (24.692643ms)
✔ optional illustration label requires nonempty bilingual text and absent legacy label remains valid (19.047953ms)
✔ HSK2 failed candidate never enters draft and later ordinary save cannot invent submission (5.32088ms)
✔ HSK2 waiting candidate stays unsubmitted and confirmed reload preserves old record (0.672148ms)
✔ HSK2 lock-wait edit invalidates candidate without losing newer draft (0.411784ms)
✔ HSK2 composition and cancelled pending view never commit a marker (0.431243ms)
✔ HSK3 failed candidate never enters draft and later ordinary save cannot invent submission (0.498495ms)
✔ HSK3 waiting candidate stays unsubmitted and confirmed reload preserves old record (0.425044ms)
✔ HSK3 lock-wait edit invalidates candidate without losing newer draft (0.836718ms)
✔ HSK3 composition and cancelled pending view never commit a marker (0.361778ms)
✔ stale values and unsafe unavailable lock fail closed without adopting submissions (0.682573ms)
✔ prior fallback records remain separate immutable history with human-readable source context (15.280216ms)
✔ active controls, another lesson and another edition never enter this lesson archive (4.611796ms)
✔ nonempty old records survive actual storage save reload export restore without creating new activity submissions (9.901157ms)
✔ one source page keeps the group citation without duplicate field notes (0.796536ms)
✔ cross-page fields and differing group page always retain field-level citations (0.214285ms)
✔ row citation combines only matching effective provenance and never changes source objects (0.29656ms)
✔ assembly preserves1140 baseline files and rejects changed baseline/frozen bytes (597.552091ms)
✔ HSK2 homework quota rejection leaves receipts out of the live draft and later ordinary saves (7.616838ms)
✔ HSK2 homework waits without an adopted receipt and confirms exactly one immutable attempt (1.301812ms)
✔ HSK2 homework cancelled lock wait cannot reappear in a later draft save (1.219938ms)
✔ HSK2 homework newer answer during a lock wait wins without a submission (2.250409ms)
✔ HSK2 individual listening quota rejection leaves receipts out of the live draft and later ordinary saves (1.771814ms)
✔ HSK2 individual listening waits without an adopted receipt and confirms exactly one immutable attempt (1.814419ms)
✔ HSK2 individual listening cancelled lock wait cannot reappear in a later draft save (2.062995ms)
✔ HSK2 individual listening newer answer during a lock wait wins without a submission (1.772455ms)
✔ HSK3 homework quota rejection leaves receipts out of the live draft and later ordinary saves (1.255411ms)
✔ HSK3 homework waits without an adopted receipt and confirms exactly one immutable attempt (1.164244ms)
✔ HSK3 homework cancelled lock wait cannot reappear in a later draft save (0.77279ms)
✔ HSK3 homework newer answer during a lock wait wins without a submission (0.816717ms)
✔ HSK3 individual listening quota rejection leaves receipts out of the live draft and later ordinary saves (1.15521ms)
✔ HSK3 individual listening waits without an adopted receipt and confirms exactly one immutable attempt (1.459882ms)
✔ HSK3 individual listening cancelled lock wait cannot reappear in a later draft save (1.67ms)
✔ HSK3 individual listening newer answer during a lock wait wins without a submission (0.687772ms)
✔ individual listening rejects stale rounds, answers and already submitted questions (1.281371ms)
✔ an unavailable write lock never adopts a homework receipt (0.83863ms)
✔ frozen independent review authorizes exactly two source-frame sentences and retains low probability observations (34.437649ms)
✔ subset source pinyin, actual lesson bytes, parent and ordinal match unchanged Chinese metadata (10.361676ms)
✔ wrong ranges, missing gates, source substitutions and invented precision are rejected (22.199686ms)
✔ joint overlay and authority tampering cannot create a new independent-review acceptance (14.419481ms)
✔ legacy manifest bytes and all 61 words, 13 holds, 78 lines and 33 children remain unchanged (15.351754ms)
✔ partial child keeps original ordinal 2 without a precise parent, sibling or color word; legacy children retain sequence (4.236487ms)
(node:2306) ExperimentalWarning: stripTypeScriptTypes is an experimental feature and might change at any time
(Use `node --trace-warnings ...` to show where the warning was created)
Reviewed sentence overlay rejected; previously reviewed segments and original tracks remain available.
Reviewed sentence overlay rejected; previously reviewed segments and original tracks remain available.
✔ concurrent callers await the same delayed actual crypto gate before overlay-ready (19.785495ms)
✔ concurrent rejection retains baseline and resolves only after rejection, with no phantom subset (4.921575ms)
✔ invalid legacy input rejects every concurrent caller and cannot cache false readiness (3.836616ms)
✔ optional new overlay chunk load failure preserves completed legacy registry (9.71786ms)
✔ verified pilot clip ranges carry exact original identities and source text (5.603057ms)
✔ unverified, foreign, out-of-track and source-hash substitutions are rejected (4.370941ms)
✔ multi-sentence source fragments cannot be swapped or replaced (2.061592ms)
✔ source text, pinyin, per-entry hash, scope and reviewed timing cannot be forged (11.799914ms)
✔ word partitions and actual sentence coverage reject losses, orphans and relabeled whole paragraphs (6.542511ms)
✔ no source authority or duplicate merged IDs can silently expose segments (0.822887ms)
✔ pending bounds, inflated decoded duration, claimed certification and forged transcript are rejected (4.54239ms)
✔ reviewed HSK2 lessons 2–3 retain exact 25 verified and seven pending words after runtime merge (11.967067ms)
✔ grammar group metadata cannot omit duplicate reorder or replace baseline examples or lose bilingual sources (28.789248ms)
✔ actual grouped grammar retains full baseline summary and interleaves every original bilingual pinyin example once (13.211342ms)
✔ both supplemental picture-description labels retain full bilingual text after the source activity (15.443062ms)
✔ cross-page grammar examples retain their own visible source beside the unchanged explanation page (3.882781ms)
✔ source grammar explanations are additive, bilingual and tied to one real source grammar (14.381735ms)
✔ unmapped supplemental picture paragraphs collapse without hiding textbook text tasks or safety notes (5.965136ms)
✔ HSK3 glossary has all22 starred heads and23 stable word-sense records (31.630352ms)
✔ HSK3 star patch does not alter any existing lesson values (53.503369ms)
✔ all18 additional official-source registries and523 word anchors retain every complete old word and source (23.094101ms)
✔ HSK3 L10 reviewed source fields keys and figures stay complete (4.305372ms)
✔ HSK3 L11 reviewed source fields keys and figures stay complete (2.101373ms)
✔ HSK3 L10 education source task retains optional read-aloud marker, source retelling and ungraded personal comparison (2.549101ms)
✔ HSK3 L11 split listening answer pages and no invented culture/review survive integration (1.232657ms)
✔ all25 independently reviewed Vietnamese corrections remain in their exact new-layer locations (23.76632ms)
✔ source explanation groups preserve every original example once (2.927465ms)
✔ HSK3 L12 reviewed source activities preserve field counts official keys and source-specific shapes (5.698992ms)
✔ HSK3 L13 reviewed source activities preserve field counts official keys and source-specific shapes (1.921621ms)
✔ HSK3 L12 and13 source and answer page continuations stay attached to individual fields (2.817417ms)
✔ HSK3 L12 review binds eleven rows to twenty-two distinct checks across both source pages (1.842161ms)
✔ HSK3 L13 first grammar source frames preserve 1+2+2 independent non-unique blanks (2.567038ms)
✔ optional empty omitted and nonempty records preserve values and submission through real save reload export restore (4.874453ms)
✔ L12 least-liked season and L13 prepared refreshments translations retain the source meanings (2.648231ms)
✔ HSK3 L14 reviewed source counts and exact official keys remain complete (4.030636ms)
✔ HSK3 L15 reviewed source counts and exact official keys remain complete (4.054531ms)
✔ HSK3 L15 ambiguous Nanjing age choice cannot become a unique automatic answer (1.844854ms)
✔ every L14 and15 manifest identity has a real renderer binding including all four L15 cities (5.102409ms)
✔ HSK3 L14 repaired borrowing option and four blank story rows preserve source roles (2.422309ms)
✔ HSK3 L15 source review keeps ten pairs and four full unsplit explanations (1.744984ms)
✔ HSK3 L16 final-unit source counts keys blanks and figure bindings survive integration (5.661546ms)
✔ HSK3 L17 final-unit source counts keys blanks and figure bindings survive integration (3.674796ms)
✔ HSK3 L18 final-unit source counts keys blanks and figure bindings survive integration (2.965973ms)
✔ L16 animal discussion retains three original required IDs and a separate optional fourth extension (1.526322ms)
✔ L17 repaired reference agrees with preserved teacher wording and emotions panel has an explicit activity binding (1.434553ms)
✔ L18 approximation tasks and 刚才/刚刚 exercises are editorial and preserve both real source groups (1.899577ms)
✔ feedback note is a separate bilingual display-only copy with invalid shapes rejected (18.528997ms)
✔ HSK3 L8 original source interaction inventory and immutable learning corpus (4.682934ms)
✔ HSK3 L8 official word-bank order and cross-page citations (1.968341ms)
✔ HSK3 L9 original source interaction inventory and immutable learning corpus (1.546914ms)
✔ HSK3 L9 official word-bank order and cross-page citations (1.294832ms)
✔ HSK3 L9 review is open self-tracking, not a correctness score (1.255652ms)
✔ HSK3 L9 exact source corrections and L8 scene provenance remain in primary data (3.610308ms)
✔ every printed POS/sense maps once with exact pages, audio and translation (9.506009ms)
✔ same-spelling different meanings and POS remain separate canonical cards (1.566322ms)
✔ the complete catalogue count is actual POS/sense records, not syllabus targets (4.180953ms)
✔ release validation rejects pending review, stale translations and missing homograph evidence (5.26835ms)
✔ wrong course, duplicate mapping, missing source and unreviewed merge fail closed (9.170832ms)
✔ an explicitly reviewed repeated sense uses selected-lesson provenance, never an unselected audio group (0.577264ms)
✔ reviewed HSK2 appendix binds every stable sense with source POS distinct from editorial labels (1.816131ms)
✔ editable source-table names stay in headers and remain independent through save/remount/reset (43.306859ms)
✔ cross-page review cites each identical row once while mixed provenance stays beside separate cells (11.816259ms)
✔ shared proposal canonicalization removes exact review keys and preserves array order (1.388724ms)
✔ inactive lesson, canonical lexicon and course-index are private clones with identical content (13.634893ms)
✔ a trusted accepted batch patches only VI; source, IDs, ZH, pinyin, answer and order remain exact (59.703831ms)
✔ canonical sense and summary pointers bind their real IDs, original source indices and full raw SHA (25.324951ms)
✔ an accepted terminology-derived or editorial change keeps its distinct source branch (39.914175ms)
✔ edited activity option translations cannot become ambiguous while index answers stay sealed (16.984037ms)
✔ derived/editorial anchors cannot counterfeit an official quotation or evade their source conditions (22.830342ms)
✔ editorial anchors cannot attach an alleged printed book page or Chinese book quotation (24.310078ms)
✔ atomic guard rejects stale effective value (14.254101ms)
✔ atomic guard rejects wrong engine (8.137306ms)
✔ atomic guard rejects wrong course (8.891629ms)
✔ atomic guard rejects wrong parent (7.992607ms)
✔ atomic guard rejects wrong baseline SHA (15.366606ms)
✔ atomic guard rejects foreign source file (15.523419ms)
✔ atomic guard rejects foreign owner (9.091882ms)
✔ atomic guard rejects wrong original pointer index (9.474296ms)
✔ atomic guard rejects sealed answer (13.480099ms)
✔ atomic guard rejects sealed ZH (10.439958ms)
✔ atomic guard rejects sealed options/order (8.977739ms)
✔ atomic guard rejects unsafe pointer (9.40768ms)
✔ atomic guard rejects wrong lesson (8.086719ms)
✔ atomic guard rejects wrong actual Chinese anchor (12.782342ms)
✔ atomic guard rejects wrong book SHA (10.579385ms)
✔ atomic guard rejects out of bounds official page (13.133544ms)
✔ atomic guard rejects official text mismatch (12.647408ms)
✔ atomic guard rejects unresolved not active (13.37538ms)
✔ atomic guard rejects match not active (14.564201ms)
✔ atomic guard rejects pending author (14.252549ms)
✔ atomic guard rejects self-only independent acceptance (7.352708ms)
✔ atomic guard rejects missing accepted change (7.348481ms)
✔ atomic guard rejects foreign accepted consumer (13.013282ms)
✔ atomic guard rejects missing declared consumer (12.785116ms)
✔ atomic guard rejects unknown source evidence (18.9936ms)
✔ atomic guard rejects pending owner cannot be accepted (13.436934ms)
✔ atomic guard rejects duplicate target (12.787245ms)
✔ registered manifest/review exact bytes and independent accepted proposal are all required (12.488541ms)
✔ a known consumer cannot be declared accepted without its own accepted VI projection (10.812724ms)
✔ changed raw whitespace is still a different pinned source; empty acceptance cannot activate (12.547156ms)
✔ new graded copy changes contentRevision while actual old first/questions/answers/score remain frozen (13.406979ms)
✔ saved listening question is never reprojected; missing legacy snapshot cannot fall back to current q (0.650846ms)
✔ online verification binds full release identity and checks new/protected bytes (18.337417ms)
✔ online verifier rejects a stale manifest and never accepts changed protected bytes (7.859805ms)
✔ online verifier refuses another origin, pilot release and unscoped paths (6.691586ms)
✔ all seven routeable entries resolve activity crops and shared textbook/audio against real packaged paths (186.162217ms)
✔ unknown source images, PDF, changed accepted crops/audio/strokes and symlinks fail before freezing (256.618991ms)
✔ source or frozen-input drift fails before output; dirty or prebuilt data cannot be labeled release (113.998087ms)
✔ legacy all-sixteen-passed gates cannot label a package as ready for publication (39.659384ms)
✔ release freeze matches every native-tested build input byte and path while publication stays pending (373.249566ms)
✔ actual current crop registry uses lesson 4 current version and rejects path traversal/private sources (59.628472ms)
✔ production assembly anchors the actual 1446-file 2da tree and explicitly separates developer-only files (19.347366ms)
✔ entry, build configuration and retained source assets are included in the clean build snapshot (152.642113ms)
✔ two locked course entries share identical frozen assets with nested relative media paths (1.133317ms)
✔ portal updates only2/3 course cards and retains exact HSK1 and both HSK4 cards (2.473386ms)
✔ package manifest binds every scoped output byte to the frozen source input without copying raw sources (106.05466ms)
✔ missing audio, unknown raw PDF, symlinks and wrong identity fail before release creation (137.308092ms)
✔ output and public-input allowlists reject legacy overwrites and source package paths (0.25088ms)
✔ small frozen-code transfer restores all exact tested bytes from264 hash-bound originals without rebuilding (181.124456ms)
✔ frozen transfer fails before output on changed audio, code, extra raw source or wrong source commit (406.496086ms)
✔ question editorial note survives fallback rendering without leaking before submit (8.568985ms)
✔ question editorial note survives mapped rendering without leaking before submit (4.754992ms)
✔ a docs-only committed gate advances HEAD while the actual tested runtime remains accepted (170.120559ms)
✔ clean committed runtime/tool/raw input drift fails even when both gate snapshot fields are forged to agree (399.768005ms)
✔ actual tested commit existence, complete paths, modes and clean worktree are verified (351.651095ms)
✔ stage identity and pre-publication status do not permit duplicate IDs or fabricated publication completion (93.123854ms)
✔ official source bytes and every exact page identity/review must be present (421.744347ms)
✔ 48 semantic lessons require exact identities and all actual scoped consumer IDs (356.808434ms)
✔ cross-site scopes and final native certificates cannot be replaced by course counts or browser booleans (734.16348ms)
✔ native-tested build vectors reject unsafe, duplicate, empty and stale identities (376.807417ms)
✔ asset metadata accepts its complete actual identity ledger independently of the 412 SVG desc count (105.146545ms)
✔ reviewed-source guards reject a subject/negation substitution, relocated blank and wrong page (1.004672ms)
✔ source menu accepts exact exclusive slots and rejects dropped duplicated foreign or malformed fields (33.994258ms)
✔ actual menu renderer retains source quadrants bilingual fixed foods and every saved answer without early feedback (12.656636ms)
✔ activity support gallery excludes field-bound pictures and places each original image once (3.30092ms)
✔ production-store delayed submit cannot restore feedback after edit newer submit dispose or failed write (23.694161ms)
✔ edition and level identities reject cross-course data (7.286842ms)
✔ new stores do not read or mutate nonempty legacy and HSK1 records (1.681057ms)
✔ first submission is immutable, latest updates without overwriting draft answer text (4.448699ms)
✔ manual writing never receives automatic points (0.18457ms)
✔ automatic choices and ordering grade exact IDs (0.228446ms)
✔ save failure preserves draft and does not create success (0.358924ms)
✔ competing tabs produce conflict instead of lost updates (0.542141ms)
✔ backup preview, import and reset recovery are edition-isolated (0.753071ms)
✔ stale import preview cannot replace later edits (0.36972ms)
✔ corrupt original storage is protected and exportable (1.491549ms)
✔ invalid imported scores, duplicate queues and legacy lesson numbers fail (0.302628ms)
✔ routing normalizes invalid courses while retaining valid lesson 18 (0.6862ms)
✔ historical question snapshots survive source edits and reorder without rescoring (5.526562ms)
✔ legacy nonempty stores receive optional learning fields without overwriting submissions (0.245001ms)
✔ routes preserve per-level lesson bounds and native HSK1 historical contracts (1.10878ms)
✔ textbook activity and reading records reject foreign identities (0.414989ms)
✔ independent listening round retains immutable per-question submissions and validates queue (0.501289ms)
✔ backup snapshots validate their own historical answers without current-bank reinterpretation (0.81887ms)
ℹ tests 207
ℹ suites 0
ℹ pass 207
ℹ fail 0
ℹ cancelled 0
ℹ skipped 0
ℹ todo 0
ℹ duration_ms 4919.775935
