
> hsk1-modular-app@0.1.0 test
> node tools/run-checkpoint.mjs unit

✔ next-round disclosures initialize once from saved rounds and keep content first (3.597652ms)
✔ mixed cards use independent reversible native buttons and free group navigation (0.429401ms)
✔ practice enters mixed cards directly while listening remains independently available from courses (0.241316ms)
✔ Hanzi canvas precedes the complete bank and dialogue selectors are responsive alternatives (0.278072ms)
✔ new GUI copy remains bilingual and long contiguous active scopes stay compact (0.749586ms)
✔ assignment interface static copy has explicit Chinese and Vietnamese text (1.219949ms)
✔ save presentation separates queued autosave from confirmed failure without changing storage (0.238742ms)
✔ listening first/latest counts and session scope are separate bilingual facts (0.35002ms)
✔ known controller and audio failures are translated semantically while unknown details survive (0.197319ms)
✔ manual receipt copy states no automatic score and interpolated content remains literal (0.987706ms)
✔ bounded audio waits for usable duration and then validates the complete requested range (8.547143ms)
✔ bounded startup cannot unmute when usable duration disappears during its initial seek (0.30391ms)
✔ initial unmute revalidates a silently refined duration at the settled seek (0.420807ms)
✔ observed WebKit seeked rollback cannot unmute or certify the file head (0.525006ms)
✔ a still-wrong clock is re-seeked silently rather than waiting for a 250ms update (0.319314ms)
✔ a delayed recovery probe rewinds instead of silently dropping the first 250ms (0.242848ms)
✔ stop and request replacement retire the pending position probe (0.653741ms)
✔ a paused startup cannot be revived by its queued position probe (1.411229ms)
✔ an out-of-range high clock stays silent and does not finish a never-started clip (0.357752ms)
✔ a corrective seek exception is a retryable failure, never unmuted playback (0.372915ms)
✔ persistent bad seek acknowledgments stop safely instead of a zero-delay spin (0.212953ms)
✔ the first seeked clock directly 250ms too high also remains silent and rewinds (0.340356ms)
✔ five playback rates retain a genuinely started pause/resume clock without rewinding (0.751088ms)
✔ a retired probe cannot reposition the next track in the same playlist (0.435159ms)
✔ corrective seek with no subsequent native events ends at the existing startup timeout (0.188496ms)
✔ explicit start 0 without end preserves whole-original zero-duration recovery (0.170969ms)
✔ start 0 with a finite end is still bounded and cannot bypass usable metadata (0.19784ms)
✔ explicit start 0 whole original keeps an already advancing clock when positive duration arrives (0.168816ms)
✔ a resolved play promise alone never claims actual playback; metadata sets the real range (3.758146ms)
✔ generation cancellation ignores a late rejection and an old view abort cannot stop the new request (0.702174ms)
✔ segment boundaries stop before the next recording; changing speed reschedules the actual media boundary (0.572788ms)
✔ playlist advances once per range and stops on a real error instead of skipping or claiming success (0.651297ms)
✔ a late play rejection from a preceding playlist item or paused play cannot poison its successor (0.484925ms)
✔ pause during a delayed start remains paused; resume waits for playing and replay resets the range (0.403701ms)
✔ an already started clock at HAVE_CURRENT_DATA can recover after waiting; zero/metadata readiness and seek jumps cannot (0.406096ms)
✔ clock and readiness cannot invent a first playing event; genuinely stalled resumed media times out (0.358974ms)
✔ loading an original track already at zero avoids a redundant initial seek (0.207514ms)
✔ autoplay denial stays an error until an explicit retry really starts playback (0.390763ms)
✔ a stalled media start and a silent synthesis start terminate with a retryable error (0.694712ms)
✔ bad ranges are rejected and range beyond media duration never plays (2.314057ms)
✔ metadata rejects a truncated segment and later duration corrections cannot silently shorten it (0.339985ms)
✔ ended before a playing or speech start event reports error and never advances a playlist (0.300356ms)
✔ speech waits for a Chinese voice and for a start event, with clear TTS source and selected replay speed (0.314316ms)
✔ a device with only foreign voices reports unsupported, then can retry after Chinese voices arrive (0.272272ms)
✔ switching media cancels speech, and a cancelled waiting voice request cannot start after leaving its view (0.362299ms)
✔ disposal cancels pending work, clears timers and listeners, and isolates observers and snapshots (0.238442ms)
✔ a view stopping synchronously on a loading notification cannot resurrect media or leave voice timers (0.15809ms)
✔ a late native resume rejection after the intentional segment boundary cannot replace ended with error (0.227155ms)
✔ a retired native play rejection at a sequence boundary cannot fail the next segment (0.225422ms)
✔ native play plus real advancing ready clock confirms resume when WebKit omits another playing event (0.597145ms)
✔ native play alone cannot invent a first playing event, a stalled resume or a seek jump (0.203779ms)
✔ transient WebKit zero-duration metadata does not reject an original recording or claim playback early (0.1783ms)
✔ zero-duration placeholder never bypasses a later real truncated-segment check (1.02298ms)
✔ playing before positive metadata waits; positive duration then confirms the actual native start (0.2305ms)
✔ canplay or permanent zero duration never substitutes for confirmed usable playback (0.189256ms)
✔ empty/corrupt media ending at zero and metadata seek exceptions remain hard failures (1.246118ms)
✔ persistent zero metadata on a whole recording requires two real native clock advances (0.231912ms)
✔ zero-metadata clock recovery cannot certify bounded clips, paused clocks or seek jumps (0.271511ms)
✔ WebKit silent positive duration on timeupdate confirms playback without restarting the original (0.160063ms)
✔ silent positive duration still rejects truncated segments and does not certify a paused or seeking clock (0.182136ms)
✔ bounded original clips stay silent through WebKit zero duration and until the initial seek settles (0.145941ms)
✔ an original whole track is not accidentally left muted after a cancelled bounded clip (0.308267ms)
✔ wrong and empty passwords cannot grant access or write any session key (10.475926ms)
✔ a v2 session is reused by a new service instance without extra writes (0.492767ms)
✔ every legacy alias and obsolete local key fails to bypass v2 authorization (0.515761ms)
✔ a development hostname does not bypass the session gate (0.193874ms)
✔ storage exceptions do not imply authorization and wrong passwords remain rejected (1.50413ms)
✔ correct password writes the original v2 key and complete session aliases (1.212858ms)
✔ correct password allows only this instance when storage is denied (3.031229ms)
✔ correct password reports a failed persistence read without losing memory access (7.418512ms)
✔ password verification fails closed when WebCrypto is unavailable (2.281717ms)
✔ password verification fails closed when SubtleCrypto is unavailable (0.339014ms)
✔ password verification fails closed when WebCrypto digest throws (0.259033ms)
✔ password verification fails closed when WebCrypto digest rejects (0.823503ms)
✔ student backup summary retains every count and empty-record warning without implementation jargon (14.067809ms)
✔ backup explanations retain uncertainty and preserve-only semantics in Chinese and Vietnamese (0.774854ms)
✔ vocabulary UI dictionaries pair explicit Chinese and Vietnamese without changing curriculum content (2.041734ms)
✔ paired DOM helper preserves language semantics, safe text, and updates rather than duplicating labels (0.282778ms)
✔ the frozen corpus is reproducible, has all required counts and no copied audio payload (32.727788ms)
✔ HTML order includes every mandatory layer and rejects unknown or missing scripts (2.064308ms)
✔ all final textbook corrections survive extraction, including speaker and timing repairs (0.369841ms)
✔ sense mapping preserves polysemy and detects semantic or same-lesson mapping drift (6.814708ms)
✔ media references reject missing originals, orphan clips and unsupported invented word audio (19.074066ms)
✔ clip integrity requires actual bytes, expected SHA256 and strict base64 (0.742586ms)
✔ record and artifact fingerprints bind IDs, sources and exported contents (30.811664ms)
✔ static content extraction handles brackets inside strings and fails on unsupported input (1.650652ms)
✔ check mode fails on stale or absent output and never repairs it implicitly (2.133263ms)
✔ domain rules match pinned bodies except approved navigation, search and listening-size changes (4.478126ms)
✔ real nonempty old records retain reading, first/latest, submitted translations, redo drafts and recovery raw (51.061578ms)
✔ shared records of other HSK levels stay byte-for-byte in raw and never become HSK1 progress (27.23927ms)
✔ stage2 takes precedence; corrupt main does not silently activate stage1, learning or recovery (45.955694ms)
✔ stage1 app missing or explicit migrates only lesson3 and avoids a new nested archive copy (15.948784ms)
✔ legacy compatibility verifies actual original identities rather than trusting same-ID flags (15.423373ms)
✔ a full old L3 group with one changed identity keeps only verified partial drafts and no grade (18.431518ms)
✔ listening and vocabulary state restore real sessions, unsubmitted choices, rating queues and distinct senses (10.652193ms)
✔ new backup import refuses changed grades, boolean results and manual scores instead of trusting them (96.44514ms)
✔ valid old backups recompute modified grades and report the policy explicitly (15.505198ms)
✔ wrong app/schema, unknown IDs, altered fingerprints, incomplete answers and invalid timestamps are rejected (58.27221ms)
✔ importing one legacy domain preserves every unrelated domain and original source string (48.193555ms)
✔ repeated new-format validation and migration round trips add no archive layers or identity changes (45.921367ms)
✔ access gates are excluded from migration and forbidden in new learning backups (23.865778ms)
✔ malformed reading or previous sources produce visible warnings while retaining source bytes (15.887287ms)
✔ clock rollback does not redefine semantic first/latest or reject an otherwise valid old record (18.551394ms)
✔ old self-ratings map to active cards only with an exact unique Hanzi, pinyin and meaning identity (31.961351ms)
✔ known old again rating becomes a validated active again schedule without fabricating test scores (10.873689ms)
✔ pilot source discovery and uploaded backup retain exact bytes and expose unsupported answers without invented grades (4.461962ms)
✔ on-device discovery adds missing old lessons while preserving every existing current answer, draft and active queue (37.187266ms)
✔ full original answer corpus maps 299 original-domain submissions and excludes the corrected task without scoring rewritten homework (43.974301ms)
✔ score-only original history stays in raw and is counted unsupported, never converted into a submission (5.745166ms)
✔ data safety copy covers every state, summary metric and reset module in both languages (4.667002ms)
✔ dynamic copy retains exact source counts, reset scope and comparison evidence (0.274465ms)
✔ controlled diagnostics are paired without translating or discarding unfamiliar raw detail (0.190038ms)
✔ compatibility warnings become bilingual while exact source bytes and source count evidence survive (17.524378ms)
✔ reset title and validation errors preserve Vietnamese contracts and add Chinese scope (9.168214ms)
✔ a retired URL cannot enumerate an untouched bank, even with a remembered position (3.565713ms)
✔ projection is restricted to the exact set, lesson and group and preserves entry/authority identity (1.179367ms)
✔ explicit zero, empty token and empty writing drafts remain drafts without synthetic scores or dates (0.889448ms)
✔ first/latest/all submissions preserve saved order, timestamps, grades, fingerprints and retry drafts (0.827384ms)
✔ archiving never grades against an answer key or changes a stored result (0.564175ms)
✔ manual saved text, empty lines and Unicode remain exact and never acquire an automatic grade (0.507659ms)
✔ shared authority data appears only under an entry in the selected scope (0.452616ms)
✔ original homework receipts are separate from review attempts and never expose untouched aliases (2.390873ms)
✔ capped original homework histories keep first and latest separate without fabricating lost attempts (4.706703ms)
✔ a confirmed reset empties the projected scope while preserving the source and other lessons (0.767123ms)
✔ archive view has no write, retry, grading, audio, or draft-exit owner and leaves maintenance module intact (0.60046ms)
✔ all exercise interface labels have explicit Chinese and Vietnamese copies (1.965489ms)
✔ dynamic labels preserve all counts, source references and typed profile text without translating curriculum (0.528961ms)
✔ pending-save copy never claims a failed write and known failure guidance remains specific (0.241406ms)
✔ submissions retain first/latest order across clock rollback, reject double submit, schedule from answers (2.425846ms)
✔ manual tasks never gain grades, invisible-only strings are incomplete, mistakes/due exclude them (0.898381ms)
✔ wrong/due questions preserve shared authorities, lesson scope and current homework first scores (0.806692ms)
✔ drafts, token domains, retry flags, positions, reset and unsupported data are validated (0.919504ms)
✔ v2 migration uses pinned identity witness, recomputes first/attempt, never score-only history (17.121858ms)
✔ current-homework review uses attempt sequence instead of wall clock and old records remain readable (3.183594ms)
✔ v2 restarted groups keep every previously submitted question open even when new drafts are empty or partial (1.122411ms)
✔ all committed fixtures reproduce byte-for-byte with fixed timestamps and no private or media payload (3.507896ms)
✔ reading, shared and navigation fixtures preserve distinct raw strings and non-HSK1 rows (0.540289ms)
✔ learning_v2 contains real old objective and translation submissions but no invented complete current group (11.460728ms)
✔ stage1 missing and explicit app fixtures migrate L3 and separate submitted translation A from redo B (16.996137ms)
✔ stage2 fixtures are valid nonempty states with both histories, long raw text, distinct drafts and recovery (13.213414ms)
✔ stage3 fixtures retain first/latest, unsubmitted listening selection/count, three schedules and partial review (8.081392ms)
✔ nonempty fixtures support meaningful bad identity, fingerprint and answer mutations without rewriting source (12.432136ms)
✔ view reads and rejected actions do not create or dirty empty lesson groups (26.880491ms)
✔ all 75 choice questions accept only the calibrated option among four choices (499.911632ms)
✔ all 95 frozen accepted sorting variants score correctly and each of 75 wrong orders is rejected (1.250355ms)
✔ 15 complete lessons retain first zero scores, latest full scores and 75 ungraded manual submissions (4136.934032ms)
✔ manual original text and new draft stay separate through redo, save and backup import (48.114716ms)
✔ blank invisible translations fail completion, long limits do not truncate drafts and profile remains bounded (27.05986ms)
✔ sorting orders survive remount, duplicates and partial drafts cannot submit, submitted order remains immutable (28.859516ms)
✔ retained history stays bounded while first attempt and unrelated learning domains remain intact (265.812125ms)
✔ view limits and navigation availability reuse the canonical homework rules (29.290173ms)
✔ collecting untouched empty translations is a no-op while deleting entered text remains a dirty edit (30.220156ms)
✔ unreleased v1 candidate identity is rejected without silently regrading earlier submitted answers (12.586179ms)
✔ a stale unreleased candidate primary remains byte-exact exportable and cannot be overwritten by save (2.591728ms)
✔ all 225 pre-v1 legacy homework submissions remain accepted with their original fingerprints and scores (35.966656ms)
✔ homework v1 has exactly 15 × 30 questions with the approved five-part ratios (4.059122ms)
✔ all identities are version-scoped, globally unique, and have canonical content fingerprints (27.931269ms)
✔ all 300 MC questions have four different options and exactly one keyed correct option (10.328853ms)
✔ manual translation content is prompt-only and cannot leak answers or automatic scoring fields (2.462191ms)
✔ the authoritative mapping exhaustively resolves every question to immutable authority and entry content (24.207536ms)
✔ lesson metadata and source labels preserve known origins without inventing legacy textbook pages (5.945139ms)
✔ all listening audio intervals, transcripts and pinyin are preserved, including the corrected lesson-10 clip (4.762597ms)
✔ lesson-3 authored scenarios have distinct propositions and individual Chinese/Vietnamese distractor checks (3.315184ms)
✔ 450-item inventory and exhaustive evidence track revisions and only three explicit reinforcement exceptions (825.057658ms)
✔ all 191 reviewed overlays have resolved current-or-earlier scope and exact public content change records (11.027021ms)
✔ new sorting expressions are exact permutations of their own tokens, including all accepted variants (3.752336ms)
✔ duplicate/leak regression checks catch reordered MC options, completed clozes and wrong-option/manual exposure (2069.429048ms)
✔ mapping accounts for every unselected comprehensive and pilot entry and standalone authority (3.219509ms)
✔ comprehensive shared-reference resolver preserves overrides, option order and correct-answer identity (2.49423ms)
✔ all three source banks remain byte-identical and generated artifacts are reproducible (720.88338ms)
✔ check mode rejects drift without repairing it and generation refuses changed source bytes (735.376242ms)
✔ all 450 distinct questions submit with 375 automatic results and 75 genuinely ungraded writing answers (31.597489ms)
✔ read, invalid answers, locked groups and incomplete submissions never dirty or create groups (11.512106ms)
✔ zero-score completed section unlocks next; restart retains immutable first/latest/history and does not relock (33.764765ms)
✔ new homework saves reloads exports imports and resets without relabeling any old submission (30.517518ms)
✔ old modular backup extends with an empty new version and unchanged legacy route/history (1.764184ms)
✔ legacy source imports supplement only old domains and cannot overwrite versioned progress (4.884703ms)
✔ new-state tampering and cross-version answers are rejected rather than accepted as grades (5.525053ms)
✔ twenty retained attempts preserve the real first attempt after the history window moves (1.711183ms)
✔ manual IME-sized drafts preserve exact text and rejected overflow never truncates accepted text (5.247212ms)
✔ new and legacy route identity and totals remain separate; original audio is used unchanged (7.295116ms)
✔ the single exit guard collects a DOM-only tail before checking dirty state and coalesces repeated exit attempts (10.979599ms)
✔ an invalid DOM-only draft warns even when the store is clean without inventing a persisted draft (0.341127ms)
✔ only the current exit collector runs; stale unsubscribe and disposal cannot revive or clear another registration (0.248957ms)
✔ an exit collector failure cannot silently permit abandoning visible input (0.293064ms)
✔ beforeunload protects an unsaved draft while its normal locked flush is pending, and saved state does not prompt (7.737706ms)
✔ failed saves keep exit protection active and an explicit discard reload clears it (11.352118ms)
✔ opening or flushing a clean app does not create a learning record (0.267725ms)
✔ rapid edits keep the latest multiline Chinese in memory and debounce to one confirmed write (3.955815ms)
✔ concurrent flush callers share a pending write and edits while waiting for the lock enter that write (2.971003ms)
✔ an edit published immediately after a commit receives a second write without losing the newer draft (4.835914ms)
✔ quota failure stops automatic retries, preserves exportable memory work, and allows explicit retry (3.351169ms)
✔ dispose cancels its debounce timer and waits for the final lock before closing the shared store (1.928863ms)
✔ external conflict preserves memory and final flushing never overwrites another tab (3.743904ms)
✔ leaving a data view cancels its queued import or restore while the application session remains writable (10.545526ms)
✔ exactly300 original and30pilot entry paths resolve,12current original refs plus3pilot shared cores (0.940745ms)
✔ all300original prompts,contexts,choice domains,token domains and correct targets match source except documented transcript correction (11.36986ms)
✔ pilot contexts/domains remain exact while5writing tasks contain prompt/source only (17.877548ms)
✔ every authored fingerprint is content-exact and every original audio range fits the existing track (6.533051ms)
✔ manual answer leakage,missingpassage,aliasdomains andduplicatedentries are rejected (42.76585ms)
✔ loading gates module fieldsets until ready and preserves individual button rules (7.297539ms)
✔ a new route synchronously aborts and unmounts the old module (0.770027ms)
✔ a late importer cannot mount or replace the current surface (1.631112ms)
✔ a late ready and old surface writes cannot affect the new module (1.096912ms)
✔ late rejected import and ready promises stay observed after cancellation (0.978813ms)
✔ import and ready failures clean up and retry the latest route (0.632899ms)
✔ a throwing unmount blocks the next mount and remains available for retry (0.347096ms)
✔ navigation during a throwing unmount cannot hide the cleanup failure (0.325433ms)
✔ navigation during error cleanup also preserves a throwing unmount (0.841425ms)
✔ dispose aborts pending work, unmounts once, and stays idempotent (1.84126ms)
✔ dispose during import prevents a late mount (0.819662ms)
✔ dispose inside a throwing unmount still reports the cleanup failure (0.364973ms)
✔ ready in-place route updates keep their view, skip remount focus, and retry the latest route (0.320666ms)
✔ in-place updates are never attempted on loading or disposed views (1.459652ms)
✔ listening content preserves the sole catalog, exactly 75 unique original questions and 15 × 5 quotas (53.288156ms)
✔ all 75 audio requests use exact declared original tracks and ranges, never clip duration or base64 media packs (25.692842ms)
✔ missing, duplicated or misplaced questions and malformed choices, feedback or transcript fail the whole load (117.866922ms)
✔ lesson and source provenance rejects duplicate lessons, page offset drift, absent sections and mixed baselines (65.222862ms)
✔ missing, duplicate, orphan or different media identities cannot silently choose substitute audio (66.012008ms)
✔ range validation rejects negative, equal, nonfinite and beyond-track boundaries without clamping (37.022516ms)
✔ actual SHA256 verification detects valid-shaped question, clip and original metadata drift (132.29008ms)
✔ loaded content is deeply readonly, isolates caller mutations and never alters inputs (40.955547ms)
✔ loader fetches only the two established content files with the view signal and reports HTTP failure (15.812934ms)
✔ pre-aborted, late JSON and in-flight fingerprint work never return content for a departed module (11.505947ms)
✔ construction, empty reads and rejected actions do not create a round or schedule writes (10.956844ms)
✔ first route initializes its lesson once; mixed or empty explicit selections survive visits and remounts (31.21123ms)
✔ only supported preferences change, five speeds remain exact and normalized same values do not resave (15.567758ms)
✔ all 75 canonical questions grade each of four original options correctly without trusting display order (296.887841ms)
✔ all 75 wrong-first then correct-redo answers retain first/latest separately and leave other domains intact (7174.471393ms)
✔ selection, queue, shuffled option orders and exact engine fingerprints resume after actual save and refresh (102.295879ms)
✔ submission gates feedback and forward navigation; invalid answers and repeated submissions leave saved draft unchanged (18.348758ms)
✔ successful playback tokens count once, repeated and slow listens do not change score, stale callbacks never write (20.243247ms)
✔ wrong-only filter uses latest records in selected lessons, starting a fresh round preserves earlier records (428.015934ms)
✔ backup validation recalculates scores and rejects same IDs with changed question fingerprints (22.191067ms)
✔ invalid random source and invalid clock fail before dirtying global data or overwriting a resumable round (8.808189ms)
✔ 5/10/all listening round sizes preserve fingerprints, exact saved queue and unrelated scores (24.348083ms)
✔ mixed reads are pure, route scope starts at current lesson and draft scope never writes (67.101545ms)
✔ mixed all-course pool has 344 senses/319 forms and only start shuffles once (394.76309ms)
✔ existing non-card preferences cannot replace the first route scope or affect browsing options (28.599041ms)
✔ empty draft cannot replace a round and invalid anchors never write (34.855546ms)
✔ shared senses merge only selected sources and never borrow outside-scope audio (17.96114ms)
✔ compatible legacy all/zh-vi queue resumes its exact order/anchor without altering original data (108.440374ms)
✔ reverse, due, unfamiliar, and search-scoped legacy queues stay untouched and require a new round (153.521431ms)
✔ saved order, anchor, scope and original practice roundtrip through reload/export/import (108.161346ms)
✔ malformed mixed state, order, pool, anchor and fingerprints are rejected before replacing valid state (170.664356ms)
✔ scoped resets preserve retained mixed order and anchor; unrelated reset leaves mixed state unchanged (86.790772ms)
✔ shared-sense scoped reset recalculates source fingerprint without removing retained sense (14.133304ms)
✔ reset preview cancellation, failed write and restoration preserve mixed round atomically (74.178366ms)
✔ failed persistence keeps actual mixed memory round exportable and never writes legacy state (98.923742ms)
✔ progress resumes new mixed anchor before legacy position without changing historical rating summary (58.145516ms)
✔ progress only claims compatible old rounds and never resurrects old position after explicit mixed reset (126.148912ms)
✔ four presentation groups retain every existing route exactly once (1.401843ms)
✔ inactive registry preserves object identity and has no synthetic accepted revision (0.940374ms)
✔ canonical proposal removes every exact independentReview key, preserves array order and hashes UTF-8 (4.003303ms)
✔ accepted synthetic projection clones language only and preserves exact raw grading identity (5.351284ms)
✔ whole registry rejects stale baseline, byte tampering, parent drift, duplicate field, self-review and foreign consumer before projection (7.872933ms)
✔ wordSenses and mixed cards project Vietnamese while catalog/sourceRecords/fingerprints remain raw (114.045182ms)
✔ registered HSK1 source mapper uses actual original pointers, parent display leaves and unique semantic owners (42.818715ms)
✔ original option index guards reject frozen Chinese labels and ambiguous Vietnamese display options (6.709771ms)
✔ course overview title uses its exact owner while Chinese and all original count fields stay unchanged (2.138879ms)
✔ both inactive and active config roots require the exact supported schema before asset loading (0.569031ms)
✔ empty progress retains independent 225 homework / 150 objective / 75 translation / 75 listening / 344 sense denominators (6.956125ms)
✔ nonempty cross-domain progress preserves first/latest scores, translation submission and a separate redo draft (13.797425ms)
✔ partial homework completion reports full denominators and low-score redo does not replace the first score (7.9041ms)
✔ reading marks, stars and vocabulary ratings never become homework completion or objective scores (9.882346ms)
✔ due counts separate new cards from rated cards and include the exact due-time boundary (13.090925ms)
✔ same written forms keep their different sense schedules and never reduce the 344 denominator to 319 (11.083715ms)
✔ continuation preserves textbook sections and homework parts, while practice resolves the actual saved item (37.607323ms)
✔ a saved module with no active round continues its selected route without inventing a position (0.325032ms)
✔ validated backup export and restore reproduce the same progress and continuation without changing the schema (27.611115ms)
✔ opening five textbook sections records visited sections and exact continuation, never completion or homework scores (32.275399ms)
✔ same route visited again does not schedule another write or duplicate shared sections (4.660888ms)
✔ lesson completion is an explicit independent mark and can be removed without resetting visits or submitted work (6.242424ms)
✔ mastered word keys remain compatible and restore across a validated backup; unknown words are rejected (10.017982ms)
✔ lesson reset touches only selected active lesson and preserves profile, settings, raw and unrelated domains (60.925887ms)
✔ module and all-course reset clear active progress and keep safety copies and unrelated settings (18.948201ms)
✔ shared-sense lesson reset retains other lessons schedule and announces the exception (7.63964ms)
✔ preview, cancellation, stale confirmation, failed write and recovery never discard current data (57.087965ms)
✔ old backups default exercises to blank and scoped exercise resets preserve other lessons and original homework (33.379075ms)
✔ single-lesson reset removes only that lesson from mixed sessions and preserves other lesson drafts and revealed cards (32.74493ms)
✔ 5/10 sized mixed listening reset preserves exact outside-scope answers through repeated reset and import (32.521111ms)
✔ homework reset and replacement import rebase retained review witnesses without deleting exercise answers (15.615318ms)
✔ canonical hashes have highest priority and round-trip every route feature (2.978932ms)
✔ legacy mode, lesson pages, stages and integrated homework hashes are preserved (0.639348ms)
✔ invalid route fields normalize safely and fields stay feature-specific (2.075954ms)
✔ initial canonicalization replaces one entry only when the URL differs (0.806471ms)
✔ 500 equivalent navigations make zero writes; a changed route makes exactly one (12.368451ms)
✔ popstate/hashchange dedupe while back and forward restore the address route (1.110782ms)
✔ unsubscribe and dispose release listeners and stop notifications/history writes (0.430141ms)
✔ disposing during a notification stops remaining subscribers (0.250249ms)
✔ navigation inside a subscriber does not deliver an obsolete route afterward (0.780822ms)
✔ original/pilot/homework-review routes roundtrip with bounded groups and independent filters (0.612407ms)
✔ L4 source sidecar locks original cardinality, answers, pinyin, source pages and ungraded tasks (2.347646ms)
✔ numeric tables preserve all original sparse grid positions, six large numbers and 二/两 (0.400837ms)
✔ ten original schematic SVGs have explicit source-cell mappings and no external or active payloads (1.4068ms)
✔ all five frozen HSK1 source banks are byte-identical (1.950484ms)
✔ source save/export/reload/history/reset/restore preserve nonempty primary and legacy exact bytes and old tabs still write (27.284255ms)
✔ older activity versions survive catalogue changes as inert context and independent histories (3.536055ms)
✔ source validation rejects malformed domains, duplicate history, unknown fields and wrong edition (0.850579ms)
✔ source quota failure retains exportable draft, confirms no saved reference and leaves old primary intact (5.22951ms)
✔ source write-then-throw needs exact readback; a newer third value is never overwritten (1.094878ms)
✔ source missing locks, unreadable storage and unresolved pair journal fail closed (1.017922ms)
✔ source stale preview, close while waiting, source tab conflict and ordinary old import never clear source (11.501979ms)
✔ failed direct submission never enters history through later ordinary draft flush (1.513422ms)
✔ same-version answer assessment input or reference change cannot silently rewrite historical meaning (0.688603ms)
✔ source timestamps are valid JavaScript dates, never merely safe integers (0.623484ms)
✔ single-domain submission candidate rejects edits and raw changes while waiting, preserves existing recovery (2.077105ms)
✔ independent editorial corrections preserve six-person source, neutral image metadata, printed tones and non-aligned Vietnamese glosses (0.474889ms)
✔ IME start during a locked source submission cancels history while retaining old submissions and draft (2.298732ms)
✔ unchanged pilot snapshots retain their exact historical JSON shape and key order (5.689837ms)
✔ real source-v2 receipts retain their schematic context after original-crop revision and new submission (9.541419ms)
✔ table topology, source spans, optional fields and crop digests survive round trips and freeze with their version (1.725403ms)
✔ table validation rejects broken topology, duplicate inputs, foreign field references and malformed provenance (1.344516ms)
✔ optional blank input saves alongside required text while missing required input cannot submit (1.100106ms)
✔ read-only source support accepts a blank field list but never produces a submission or storage write (0.435529ms)
✔ each lesson shows only its own superseded historical records with saved answers untouched (0.393736ms)
✔ crop assets resolve only within the fixed public source directory (0.291131ms)
✔ printed empty table headers round trip without allowing missing lesson or field copy (1.404907ms)
✔ printed field pinyin is revisioned and older receipts keep their original shape (0.915487ms)
✔ source spans may start before the anchor page and only read-only tables may omit a redundant prompt (0.938301ms)
✔ table renderer preserves row/column shape, empty cells and each embedded field exactly once (0.669244ms)
✔ printed blank header stays visibly empty and headerless layouts have no invented header row (0.277601ms)
✔ L4 additions preserve every original source-v2 activity and its historical meaning (6.20021ms)
✔ L4 source omissions retain original examples and two distinct ungraded reading responses (1.907389ms)
✔ fixed two-domain confirm export restore and explicit empty source keep independent recovery and legacy bytes (103.652583ms)
✔ old primary-only backup never mutates nonempty source and primary tab still writes old AppData (10.146286ms)
✔ all complete domains validate before preview; duplicate/null/wrong edition/schema rejected (11.889495ms)
✔ prepared previews are scoped, one-use and reject local edits, other-tab raw, disposal and composition (54.175544ms)
✔ pending journal and missing safe locks export explicit rescue instead of a complete snapshot (9.530994ms)
✔ pair durable fault journal/before, prior source nonempty (26.902552ms)
✔ pair durable fault journal/after-throw, prior source nonempty (22.306892ms)
✔ pair durable fault journal/readback-throw, prior source nonempty (25.403532ms)
✔ pair durable fault journal/readback-mismatch, prior source nonempty (21.079629ms)
✔ pair durable fault primary/before, prior source nonempty (11.676313ms)
✔ pair durable fault primary/after-throw, prior source nonempty (9.604796ms)
✔ pair durable fault primary/readback-throw, prior source nonempty (14.729827ms)
✔ pair durable fault primary/readback-mismatch, prior source nonempty (18.755078ms)
✔ pair durable fault source/before, prior source nonempty (19.676949ms)
✔ pair durable fault source/after-throw, prior source nonempty (17.798795ms)
✔ pair durable fault source/readback-throw, prior source nonempty (13.876756ms)
✔ pair durable fault source/readback-mismatch, prior source nonempty (12.785462ms)
✔ pair durable fault recovery/before, prior source nonempty (19.605146ms)
✔ pair durable fault recovery/after-throw, prior source nonempty (14.801811ms)
✔ pair durable fault recovery/readback-throw, prior source nonempty (13.648339ms)
✔ pair durable fault recovery/readback-mismatch, prior source nonempty (13.732747ms)
✔ pair durable fault remove/before, prior source nonempty (10.620895ms)
✔ pair durable fault remove/after-throw, prior source nonempty (8.827618ms)
✔ pair durable fault remove/readback-throw, prior source nonempty (10.652723ms)
✔ pair durable fault remove/readback-mismatch, prior source nonempty (13.409778ms)
✔ pair durable fault journal/before, prior source absent (13.234603ms)
✔ pair durable fault journal/after-throw, prior source absent (13.837906ms)
✔ pair durable fault journal/readback-throw, prior source absent (19.097993ms)
✔ pair durable fault journal/readback-mismatch, prior source absent (18.955416ms)
✔ pair durable fault primary/before, prior source absent (12.056269ms)
✔ pair durable fault primary/after-throw, prior source absent (13.65523ms)
✔ pair durable fault primary/readback-throw, prior source absent (12.977373ms)
✔ pair durable fault primary/readback-mismatch, prior source absent (12.599361ms)
✔ pair durable fault source/before, prior source absent (14.353346ms)
✔ pair durable fault source/after-throw, prior source absent (14.054665ms)
✔ pair durable fault source/readback-throw, prior source absent (14.021895ms)
✔ pair durable fault source/readback-mismatch, prior source absent (12.234919ms)
✔ pair durable fault recovery/before, prior source absent (12.883601ms)
✔ pair durable fault recovery/after-throw, prior source absent (13.526154ms)
✔ pair durable fault recovery/readback-throw, prior source absent (13.717964ms)
✔ pair durable fault recovery/readback-mismatch, prior source absent (12.695836ms)
✔ pair durable fault remove/before, prior source absent (14.029407ms)
✔ pair durable fault remove/after-throw, prior source absent (13.040569ms)
✔ pair durable fault remove/readback-throw, prior source absent (9.04619ms)
✔ pair durable fault remove/readback-mismatch, prior source absent (8.100057ms)
✔ pair durable fault journal/before, prior source nonempty, primary absent (7.517665ms)
✔ pair durable fault journal/after-throw, prior source nonempty, primary absent (7.186373ms)
✔ pair durable fault journal/readback-throw, prior source nonempty, primary absent (8.305188ms)
✔ pair durable fault journal/readback-mismatch, prior source nonempty, primary absent (10.628817ms)
✔ pair durable fault primary/before, prior source nonempty, primary absent (8.917094ms)
✔ pair durable fault primary/after-throw, prior source nonempty, primary absent (13.769212ms)
✔ pair durable fault primary/readback-throw, prior source nonempty, primary absent (9.035193ms)
✔ pair durable fault primary/readback-mismatch, prior source nonempty, primary absent (8.681637ms)
✔ pair durable fault source/before, prior source nonempty, primary absent (9.178209ms)
✔ pair durable fault source/after-throw, prior source nonempty, primary absent (10.456506ms)
✔ pair durable fault source/readback-throw, prior source nonempty, primary absent (9.584981ms)
✔ pair durable fault source/readback-mismatch, prior source nonempty, primary absent (10.20168ms)
✔ pair durable fault recovery/before, prior source nonempty, primary absent (6.382135ms)
✔ pair durable fault recovery/after-throw, prior source nonempty, primary absent (6.983796ms)
✔ pair durable fault recovery/readback-throw, prior source nonempty, primary absent (6.859789ms)
✔ pair durable fault recovery/readback-mismatch, prior source nonempty, primary absent (5.954437ms)
✔ pair durable fault remove/before, prior source nonempty, primary absent (5.661444ms)
✔ pair durable fault remove/after-throw, prior source nonempty, primary absent (7.779622ms)
✔ pair durable fault remove/readback-throw, prior source nonempty, primary absent (5.53299ms)
✔ pair durable fault remove/readback-mismatch, prior source nonempty, primary absent (8.266158ms)
✔ pair durable fault journal/before, prior source absent, primary absent (9.166151ms)
✔ pair durable fault journal/after-throw, prior source absent, primary absent (10.13596ms)
✔ pair durable fault journal/readback-throw, prior source absent, primary absent (13.836118ms)
✔ pair durable fault journal/readback-mismatch, prior source absent, primary absent (17.715739ms)
✔ pair durable fault primary/before, prior source absent, primary absent (10.378627ms)
✔ pair durable fault primary/after-throw, prior source absent, primary absent (13.040519ms)
✔ pair durable fault primary/readback-throw, prior source absent, primary absent (8.812305ms)
✔ pair durable fault primary/readback-mismatch, prior source absent, primary absent (8.090111ms)
✔ pair durable fault source/before, prior source absent, primary absent (8.687586ms)
✔ pair durable fault source/after-throw, prior source absent, primary absent (13.540912ms)
✔ pair durable fault source/readback-throw, prior source absent, primary absent (5.735476ms)
✔ pair durable fault source/readback-mismatch, prior source absent, primary absent (5.283081ms)
✔ pair durable fault recovery/before, prior source absent, primary absent (5.072852ms)
✔ pair durable fault recovery/after-throw, prior source absent, primary absent (7.892513ms)
✔ pair durable fault recovery/readback-throw, prior source absent, primary absent (12.120025ms)
✔ pair durable fault recovery/readback-mismatch, prior source absent, primary absent (11.94518ms)
✔ pair durable fault remove/before, prior source absent, primary absent (8.676289ms)
✔ pair durable fault remove/after-throw, prior source absent, primary absent (16.361973ms)
✔ pair durable fault remove/readback-throw, prior source absent, primary absent (9.03265ms)
✔ pair durable fault remove/readback-mismatch, prior source absent, primary absent (6.507435ms)
✔ startup crash recovery after journal, source nonempty (30.930141ms)
✔ startup crash recovery after primary, source nonempty (24.66291ms)
✔ startup crash recovery after source, source nonempty (27.409379ms)
✔ startup crash recovery after recovery, source nonempty (20.777876ms)
✔ startup crash recovery after remove, source nonempty (17.389064ms)
✔ startup crash recovery after journal, source absent (23.05157ms)
✔ startup crash recovery after primary, source absent (19.093376ms)
✔ startup crash recovery after source, source absent (34.912717ms)
✔ startup crash recovery after recovery, source absent (22.538443ms)
✔ startup crash recovery after remove, source absent (15.050082ms)
✔ startup crash recovery after journal, source nonempty, primary absent (13.926461ms)
✔ startup crash recovery after primary, source nonempty, primary absent (16.403161ms)
✔ startup crash recovery after source, source nonempty, primary absent (17.773046ms)
✔ startup crash recovery after recovery, source nonempty, primary absent (17.947089ms)
✔ startup crash recovery after remove, source nonempty, primary absent (11.197348ms)
✔ startup crash recovery after journal, source absent, primary absent (10.238075ms)
✔ startup crash recovery after primary, source absent, primary absent (9.507739ms)
✔ startup crash recovery after source, source absent, primary absent (10.960348ms)
✔ startup crash recovery after recovery, source absent, primary absent (15.935643ms)
✔ startup crash recovery after remove, source absent, primary absent (9.239092ms)
✔ conditional rollback fault primary/before, source nonempty (17.368643ms)
✔ conditional rollback fault primary/after-throw, source nonempty (9.010586ms)
✔ conditional rollback fault primary/readback-throw, source nonempty (14.189538ms)
✔ conditional rollback fault primary/crash, source nonempty (12.376023ms)
✔ conditional rollback fault source/before, source nonempty (12.098693ms)
✔ conditional rollback fault source/after-throw, source nonempty (10.12261ms)
✔ conditional rollback fault source/readback-throw, source nonempty (13.181021ms)
✔ conditional rollback fault source/crash, source nonempty (12.207628ms)
✔ conditional rollback fault recovery/before, source nonempty (32.510314ms)
✔ conditional rollback fault recovery/after-throw, source nonempty (24.482526ms)
✔ conditional rollback fault recovery/readback-throw, source nonempty (37.165464ms)
✔ conditional rollback fault recovery/crash, source nonempty (30.362321ms)
✔ conditional rollback fault journal/before, source nonempty (17.017382ms)
✔ conditional rollback fault journal/after-throw, source nonempty (10.415484ms)
✔ conditional rollback fault journal/readback-throw, source nonempty (8.149902ms)
✔ conditional rollback fault journal/crash, source nonempty (9.03994ms)
✔ conditional rollback fault primary/before, source absent (13.951458ms)
✔ conditional rollback fault primary/after-throw, source absent (7.759311ms)
✔ conditional rollback fault primary/readback-throw, source absent (14.200266ms)
✔ conditional rollback fault primary/crash, source absent (12.952516ms)
✔ conditional rollback fault source/before, source absent (14.860785ms)
✔ conditional rollback fault source/after-throw, source absent (7.855957ms)
✔ conditional rollback fault source/readback-throw, source absent (13.142433ms)
✔ conditional rollback fault source/crash, source absent (11.136546ms)
✔ conditional rollback fault recovery/before, source absent (27.820361ms)
✔ conditional rollback fault recovery/after-throw, source absent (23.788847ms)
✔ conditional rollback fault recovery/readback-throw, source absent (29.977358ms)
✔ conditional rollback fault recovery/crash, source absent (32.179844ms)
✔ conditional rollback fault journal/before, source absent (13.680358ms)
✔ conditional rollback fault journal/after-throw, source absent (8.58415ms)
✔ conditional rollback fault journal/readback-throw, source absent (7.702905ms)
✔ conditional rollback fault journal/crash, source absent (7.782396ms)
✔ conditional rollback fault primary/before, source nonempty, primary absent (10.426791ms)
✔ conditional rollback fault primary/after-throw, source nonempty, primary absent (6.340942ms)
✔ conditional rollback fault primary/readback-throw, source nonempty, primary absent (8.120618ms)
✔ conditional rollback fault primary/crash, source nonempty, primary absent (8.187099ms)
✔ conditional rollback fault source/before, source nonempty, primary absent (8.243665ms)
✔ conditional rollback fault source/after-throw, source nonempty, primary absent (6.230656ms)
✔ conditional rollback fault source/readback-throw, source nonempty, primary absent (8.326009ms)
✔ conditional rollback fault source/crash, source nonempty, primary absent (7.853313ms)
✔ conditional rollback fault recovery/before, source nonempty, primary absent (24.460503ms)
✔ conditional rollback fault recovery/after-throw, source nonempty, primary absent (17.269323ms)
✔ conditional rollback fault recovery/readback-throw, source nonempty, primary absent (25.321056ms)
✔ conditional rollback fault recovery/crash, source nonempty, primary absent (24.953129ms)
✔ conditional rollback fault journal/before, source nonempty, primary absent (7.954907ms)
✔ conditional rollback fault journal/after-throw, source nonempty, primary absent (5.390103ms)
✔ conditional rollback fault journal/readback-throw, source nonempty, primary absent (5.204301ms)
✔ conditional rollback fault journal/crash, source nonempty, primary absent (5.34879ms)
✔ conditional rollback fault primary/before, source absent, primary absent (11.556421ms)
✔ conditional rollback fault primary/after-throw, source absent, primary absent (4.983917ms)
✔ conditional rollback fault primary/readback-throw, source absent, primary absent (7.65375ms)
✔ conditional rollback fault primary/crash, source absent, primary absent (7.79849ms)
✔ conditional rollback fault source/before, source absent, primary absent (8.624921ms)
✔ conditional rollback fault source/after-throw, source absent, primary absent (5.124651ms)
✔ conditional rollback fault source/readback-throw, source absent, primary absent (7.530645ms)
✔ conditional rollback fault source/crash, source absent, primary absent (7.80527ms)
✔ conditional rollback fault recovery/before, source absent, primary absent (23.511025ms)
✔ conditional rollback fault recovery/after-throw, source absent, primary absent (17.158475ms)
✔ conditional rollback fault recovery/readback-throw, source absent, primary absent (22.63593ms)
✔ conditional rollback fault recovery/crash, source absent, primary absent (25.026831ms)
✔ conditional rollback fault journal/before, source absent, primary absent (7.647041ms)
✔ conditional rollback fault journal/after-throw, source absent, primary absent (4.921634ms)
✔ conditional rollback fault journal/readback-throw, source absent, primary absent (5.801717ms)
✔ conditional rollback fault journal/crash, source absent, primary absent (8.133207ms)
✔ startup covers exact before-before state (12.60583ms)
✔ startup covers exact after-before state (11.374526ms)
✔ startup covers exact before-after state (11.607699ms)
✔ startup covers exact after-after state (11.584554ms)
✔ startup recovery durable fault primary-rollback/before (16.412816ms)
✔ startup recovery durable fault primary-rollback/after-throw (13.937297ms)
✔ startup recovery durable fault primary-rollback/readback-throw (14.149358ms)
✔ startup recovery durable fault primary-rollback/crash (15.738184ms)
✔ startup recovery durable fault source-rollback/before (17.067507ms)
✔ startup recovery durable fault source-rollback/after-throw (20.283518ms)
✔ startup recovery durable fault source-rollback/readback-throw (22.6954ms)
✔ startup recovery durable fault source-rollback/crash (23.167716ms)
✔ startup recovery durable fault recovery-finalize/before (26.078293ms)
✔ startup recovery durable fault recovery-finalize/after-throw (22.030063ms)
✔ startup recovery durable fault recovery-finalize/readback-throw (26.59074ms)
✔ startup recovery durable fault recovery-finalize/crash (26.153417ms)
✔ startup recovery durable fault journal-remove/before (26.753676ms)
✔ startup recovery durable fault journal-remove/after-throw (22.475748ms)
✔ startup recovery durable fault journal-remove/readback-throw (19.764462ms)
✔ startup recovery durable fault journal-remove/crash (18.769966ms)
✔ startup third values and arbitrary journal targets preserve every live byte and rescue evidence (107.577467ms)
✔ third value arriving during rollback is never replaced (17.542447ms)
✔ old cooperating writer waits on the existing primary lock and cannot overwrite a completed pair (15.390648ms)
✔ observers see both adopted domains and cannot convert success to failure (11.68137ms)
✔ stale clean in-memory export is rescue, never silently substitutes an old domain (7.862588ms)
✔ pre-write read denial for ran_hsk1_modular_v1 creates no mutation (5.125513ms)
✔ pre-write read denial for ran_hsk1_textbook_source_v1 creates no mutation (7.152582ms)
✔ pre-write read denial for ran_hsk1_source_pair_journal_v1 creates no mutation (4.922475ms)
✔ pre-write read denial for ran_hsk1_source_pair_recovery_v1 creates no mutation (4.830836ms)
✔ invalid nested source recovery and primary grades in journal remain inert (36.82639ms)
✔ a newer value discovered after final journal removal is preserved and journal evidence is re-established (17.985207ms)
✔ opaque store participants reject copied cross-scope consumed and not-readback-verified tokens (9.254926ms)
✔ dirty state is transient, survives a queued write, and clears only after confirmed save or explicit reload (4.320543ms)
✔ a clean external conflict is not dirty, but a conflicting local edit remains dirty after failed save (0.568761ms)
✔ replacement and recovery commit in one write, never nest, and restore submitted A with draft B (1.068388ms)
✔ quota leaves original raw intact and exports the actual unsaved multiline draft (0.563263ms)
✔ a denied import changes neither current data nor original raw, while its candidate remains exportable (0.532226ms)
✔ read access denial and missing Web Locks prevent writes but allow exporting memory work (0.503863ms)
✔ two cooperating tabs sharing a lock keep the first commit and reject the second without losing its draft (0.518706ms)
✔ a preview expires after a local edit, including an edit while confirmation waits for the lock (4.530011ms)
✔ same revision with different raw is a conflict for preview confirmation and ordinary save (0.552176ms)
✔ a preview held by the service is immune to mutation or fabrication by its caller (0.622623ms)
✔ corrupt current JSON, app, schema, or recovery stays byte-for-byte exportable and cannot be overwritten (0.834284ms)
✔ invalid backup identity and learning schema reject before any write; backup excludes unrelated auth keys (0.570534ms)
✔ queued save and confirmation cannot write or publish after disposal (0.740811ms)
✔ a write that takes effect and then throws is accepted only after exact read-back confirmation (0.453146ms)
✔ read-back denial never reports saved even when the attempted write may have reached storage (0.43575ms)
✔ an unexpected third-party value is never rolled back after a failed write (0.322298ms)
✔ frozen textbook keeps 15 lessons, 342 rows, 45 scenes and 40 grammar plus 3 phonetics (8.662418ms)
✔ all 344 declared senses resolve exact catalog audio and provenance without merging 342 rows (11.56893ms)
✔ 14 unsupported lesson 4 words stay unavailable with accurate original-audio explanation (9.610404ms)
✔ multi-sense 天 and 上 retain separate declared clips while same-form 在 stays in its lesson (0.714091ms)
✔ all 45 whole scenes and every line use frozen original tracks and unmodified segment ranges (2.022132ms)
✔ all lesson vocabulary playlists preserve three whole tracks and only lessons 1–3 have tongue tracks (0.809816ms)
✔ foreign lesson IDs, scene/line IDs and unknown words never resolve arbitrary clips (0.180693ms)
✔ validation rejects missing or duplicate content, wrong phonetics placement and mixed baselines (36.008492ms)
✔ invalid boundaries, source paths, swapped scenes and undeclared foreign audio fail instead of clamping (57.439767ms)
✔ wrong catalog identity, missing declaration and off-by-one word timing reject the complete load (33.285598ms)
✔ immutable loaded content is isolated from caller mutations and does not alter frozen inputs (29.171007ms)
✔ approved source corrections appear in the display with provenance while the frozen input stays unchanged (41.403793ms)
✔ display repairs preserve every stable identity, catalog sense, scene and line audio boundary (14.10451ms)
✔ stale baselines, mistaken targets, forbidden fields and incomplete provenance reject the whole display revision (194.026717ms)
✔ frozen book validation runs before display correction, so overlays cannot hide invalid source data (13.897707ms)
✔ later approved Vietnamese copy can use the same narrow display mechanism without changing histories or audio (16.66637ms)
✔ every textbook section and player/save state has explicit Chinese and Vietnamese copy (2.829656ms)
✔ known failures translate exactly and unknown diagnostics remain available without a guessed translation (0.254786ms)
✔ dynamic Hanzi and practice labels keep counts and characters in both languages (0.428469ms)
✔ practice instructions add no answer material and do not alter the question bank (7.840183ms)
✔ the existing 150 corrected textbook questions remain unchanged while explicit legacy targets are added (27.030366ms)
✔ textbook review grades all 160 retained and restored questions separately and permits unselected submissions (4.243156ms)
✔ review generation and grading do not mutate the frozen lesson or caller selections; invalid indexes count as unselected (1.196011ms)
✔ the bundled Hanzi Writer 3.7.3 body is byte-identical to the frozen source; only the lifecycle adapter is added (1.155199ms)
✔ the Hanzi lifecycle adapter removes every pointer listener and cancels active quiz/render work on disposal (2.241485ms)
✔ all ten audited legacy word targets use current corrected text and no replaced source sentence returns (3.157191ms)
✔ listen-only and hide-original survive tabs, picker, arrows and history-equivalent route updates (8.551771ms)
✔ hidden line controls keep neutral labels, stop old scene media, and remain playable (2.293383ms)
✔ all 45 frozen scenes bind 48 reviewed crops without inferring from scene names (13.242345ms)
✔ scene crops reject changed source hashes, page bindings and paths (2.917969ms)
✔ family 1: inactive read/profile/no-op answer does not create presentation or alter raw grading (28.332818ms)
✔ family 2: first real answer captures displayed revision; reload/continued answers retain it while profile and reads are inert (38.936035ms)
✔ family 3: legacy unbound draft and old submission remain baseline despite a new active display revision (17.614135ms)
✔ family 4: same-clock same-answer submissions get distinct binding IDs and exact first/current/latest/history display (42.347021ms)
✔ family 5: history cap20 keeps first binding/payload and collects only unreferenced revisions (813.909037ms)
✔ family 6: restart clears current/draft only, preserves first/latest/history; next fresh answer may bind new revision (18.719399ms)
✔ family 7: listening round is fixed across reload; randomized option indices and raw answers/fingerprints stay authoritative (31.6297ms)
✔ family 8: full backup/import/recovery round-trips display and raw authority together without applying current revision (32.813629ms)
✔ family 9: strict import rejects wrong raw authority, foreign owner, sealed Chinese field, orphan payload, duplicate history binding and unknown key atomically (45.864127ms)
✔ family 10: scoped lesson/version/module reset prunes matching presentation and preserves unrelated homework/listening data (50.913414ms)
✔ family 11: explicit legacy replacement clears only its replaced display domain; discovery preserves valid existing bindings (36.033369ms)
✔ family 12: quota/held-lock retain H1 live-unsaved submission+display export; retry writes the same binding once (39.112022ms)
✔ archive projection preserves distinct same-clock logical slots while raw answer/grade and raw task stay explicit (32.710858ms)
✔ UTF-8 budget is enforced on actual multilingual bytes, with no truncation of saved Vietnamese (18.529161ms)
✔ paired backup/import/restore carries nonempty presentation and independent source data atomically (101.087258ms)
✔ partial listening reset retains other lesson display/response bindings and trims round payload by actual kept IDs (61.44956ms)
✔ baseline unbound listening round after an old revision updates latest as baseline without retagging it (19.30146ms)
✔ cap20 import cannot merge the real first logical submission with later same-clock binding (629.544137ms)
✔ exhaustive browser batches cover every frozen sense once, all 330 audio records, and all 14 missing-audio records (3.349522ms)
✔ vocabulary exposes exactly the frozen 344 sense records / 319 forms with all editorial source and category fields intact (119.025995ms)
✔ all 330 audio requests resolve exact same-lesson original word ranges with no answer-bearing label or synthetic clip (78.597134ms)
✔ all 14 no-audio records remain explicit null, correspond to the L4 numeric table, and never borrow another lesson clip (40.668304ms)
✔ record shape, stable identity, counts, sense separation and complete source provenance are validated (200.157652ms)
✔ missing, duplicated, orphan or substituted audio metadata is rejected before any resolver is returned (145.694237ms)
✔ no-audio declarations cannot disappear, duplicate, point at a different sense, or acquire a fabricated clip (103.156096ms)
✔ range validation rejects negative, zero, nonfinite, beyond-track and same-lesson non-vocabulary clips (58.549673ms)
✔ actual SHA256 verification rejects valid-shaped editorial, clip and original-track metadata drift (257.122435ms)
✔ content snapshots are deeply readonly and stable across caller mutations during asynchronous validation (66.961282ms)
✔ loader fetches the frozen sources and approved display sidecar with AbortSignal, with HTTP failure visible (51.064784ms)
✔ aborted loads and in-flight hashes cannot deliver content to a departed view (10.689138ms)
✔ current textbook examples preserve exact Chinese, pinyin, Vietnamese and lesson sources without copying audio (70.941535ms)
✔ every polysemous sense has a reviewed same-lesson example; homographs never share the wrong use (40.059472ms)
✔ examples reject another baseline and unverified text; asynchronous reads do not expose caller mutations (115.862284ms)
✔ live vocabulary examples share the validated textbook display and preserve all frozen identity, rating and audio data (87.012873ms)
✔ display examples reject unverified source hashes, stale revisions and ambiguous or unreviewed sense anchors (141.692601ms)
✔ asynchronous display snapshots ignore caller mutations and remain deeply readonly (67.41346ms)
✔ an existing rated vocabulary review and schedule restore unchanged with the live display examples (81.118046ms)
✔ construction and reads do not create reviews; rejected empty actions do not schedule saves (78.366444ms)
✔ first route selects its lesson once, review visit never replaces the queue or enables due automatically (105.149475ms)
✔ supported preferences normalize with no-op saves; invalid values cannot corrupt any practice field (66.578512ms)
✔ all lessons expose exactly 344 distinct sense cards and 319 forms while preserving every source (39.458141ms)
✔ same sense merges across selected lessons only and never borrows audio from an unselected source (17.137724ms)
✔ homographs 家 在 天 上 retain separate sense identities and schedules (47.899234ms)
✔ all, unfamiliar, wrong and due use selected senses and latest self-ratings without changing the active queue (29.366092ms)
✔ free movement preserves each card while reveal still gates rating and repeated actions do not duplicate writes (31.870661ms)
✔ skipping preserves existing schedules and all queue options, including due cards with an earlier unrated gap (22.833469ms)
✔ unrated gaps and the exact saved position survive reload and backup import without losing skipped cards (159.556385ms)
✔ out-of-order self-ratings complete only after every card is rated and preserve the true completion time (28.376804ms)
✔ single-card and last-card next calls are no-ops even without revealing or rating (9.339073ms)
✔ again, hard, good and early good exactly preserve the existing simple schedule semantics (22.063864ms)
✔ a rated card stays current in a due round even when current preferences change lesson, direction and filter (37.786224ms)
✔ shuffled order, position, reveal, self-ratings, preferences and source selection resume after actual save and backup import (71.800647ms)
✔ vocabulary edits preserve homework, listening, reading stars and legacy original bytes (25.574049ms)
✔ invalid clock or shuffle source cannot replace an existing round; changed sense identity cannot inherit self-ratings (65.49773ms)
✔ quota failure and cross-tab conflict preserve the self-rating in exportable memory without pretending to save (74.214091ms)
✔ mixed search matches Chinese, Vietnamese and unaccented/spaceless pinyin without merging senses (191.801508ms)
✔ search intersects lesson and rating filters; empty searches cannot replace a saved round (141.874307ms)
✔ searched queues retain exact ordering, saved scope and unrated gaps through reload and backup import (163.642528ms)
✔ saved search never permits foreign, omitted, or substituted queue members (41.630495ms)
ℹ tests 630
ℹ suites 0
ℹ pass 630
ℹ fail 0
ℹ cancelled 0
ℹ skipped 0
ℹ todo 0
ℹ duration_ms 13949.233722
