
> hsk-shared-course-app@1.0.0 test
> node --experimental-strip-types --test tests/*.test.mjs

✔ existing pilot activities and a separately bound self-assessment matrix are structurally sound (7.425861ms)
✔ matrix cannot drop, repeat, misorder dimensions or bind non-checkbox answers (9.566971ms)
✔ editorial references never acquire automatic grading answers or unrelated picture IDs (3.255159ms)
✔ source surveys retain text/select/checkbox matrix bindings and reject mismatched context columns (5.548594ms)
✔ cross-page activities reject unrelated or inconsistent per-field source pages (3.422943ms)
✔ every approved instructional illustration exists with its reviewed bytes and no external source (84.60783ms)
✔ source survey headers bind editable names independently from all body responses (2.85586ms)
✔ editable survey headers cannot hide, duplicate, omit, mismatch or auto-grade a name (26.70399ms)
✔ field-level question provenance cannot point outside actual source questions (13.96063ms)
✔ frequency matrix permits only an explicit bilingual blank corner and retains caption context (4.934939ms)
✔ matrix corner rejects one-sided empty, missing language, non-string and whitespace-only headings (16.456815ms)
✔ explicit optional fields are boolean ungraded text only and do not infer from prompt language (30.777058ms)
✔ optional illustration label requires nonempty bilingual text and absent legacy label remains valid (21.684402ms)
✔ HSK2 failed candidate never enters draft and later ordinary save cannot invent submission (17.515679ms)
✔ HSK2 waiting candidate stays unsubmitted and confirmed reload preserves old record (1.16369ms)
✔ HSK2 lock-wait edit invalidates candidate without losing newer draft (0.590683ms)
✔ HSK2 composition and cancelled pending view never commit a marker (0.548256ms)
✔ HSK3 failed candidate never enters draft and later ordinary save cannot invent submission (0.640768ms)
✔ HSK3 waiting candidate stays unsubmitted and confirmed reload preserves old record (0.492666ms)
✔ HSK3 lock-wait edit invalidates candidate without losing newer draft (0.394462ms)
✔ HSK3 composition and cancelled pending view never commit a marker (0.393928ms)
✔ stale values and unsafe unavailable lock fail closed without adopting submissions (2.32408ms)
✔ prior fallback records remain separate immutable history with human-readable source context (14.823203ms)
✔ active controls, another lesson and another edition never enter this lesson archive (5.43455ms)
✔ nonempty old records survive actual storage save reload export restore without creating new activity submissions (3.773607ms)
✔ one source page keeps the group citation without duplicate field notes (1.346425ms)
✔ cross-page fields and differing group page always retain field-level citations (0.240874ms)
✔ row citation combines only matching effective provenance and never changes source objects (0.369148ms)
✔ assembly preserves1140 baseline files and rejects changed baseline/frozen bytes (712.784449ms)
✔ HSK2 homework quota rejection leaves receipts out of the live draft and later ordinary saves (9.286322ms)
✔ HSK2 homework waits without an adopted receipt and confirms exactly one immutable attempt (1.638311ms)
✔ HSK2 homework cancelled lock wait cannot reappear in a later draft save (1.354923ms)
✔ HSK2 homework newer answer during a lock wait wins without a submission (4.261303ms)
✔ HSK2 individual listening quota rejection leaves receipts out of the live draft and later ordinary saves (2.742401ms)
✔ HSK2 individual listening waits without an adopted receipt and confirms exactly one immutable attempt (2.228159ms)
✔ HSK2 individual listening cancelled lock wait cannot reappear in a later draft save (2.487159ms)
✔ HSK2 individual listening newer answer during a lock wait wins without a submission (1.755855ms)
✔ HSK3 homework quota rejection leaves receipts out of the live draft and later ordinary saves (1.543629ms)
✔ HSK3 homework waits without an adopted receipt and confirms exactly one immutable attempt (1.368103ms)
✔ HSK3 homework cancelled lock wait cannot reappear in a later draft save (1.022228ms)
✔ HSK3 homework newer answer during a lock wait wins without a submission (1.125621ms)
✔ HSK3 individual listening quota rejection leaves receipts out of the live draft and later ordinary saves (1.373029ms)
✔ HSK3 individual listening waits without an adopted receipt and confirms exactly one immutable attempt (1.878525ms)
✔ HSK3 individual listening cancelled lock wait cannot reappear in a later draft save (2.003867ms)
✔ HSK3 individual listening newer answer during a lock wait wins without a submission (0.980023ms)
✔ individual listening rejects stale rounds, answers and already submitted questions (1.853684ms)
✔ an unavailable write lock never adopts a homework receipt (1.595577ms)
✔ frozen independent review authorizes exactly two source-frame sentences and retains low probability observations (6.386821ms)
✔ subset source pinyin, actual lesson bytes, parent and ordinal match unchanged Chinese metadata (3.620922ms)
✔ wrong ranges, missing gates, source substitutions and invented precision are rejected (13.628975ms)
✔ joint overlay and authority tampering cannot create a new independent-review acceptance (5.650605ms)
✔ legacy manifest bytes and all 61 words, 13 holds, 78 lines and 33 children remain unchanged (13.5118ms)
✔ partial child keeps original ordinal 2 without a precise parent, sibling or color word; legacy children retain sequence (4.977979ms)
(node:2280) ExperimentalWarning: stripTypeScriptTypes is an experimental feature and might change at any time
(Use `node --trace-warnings ...` to show where the warning was created)
Reviewed sentence overlay rejected; previously reviewed segments and original tracks remain available.
Reviewed sentence overlay rejected; previously reviewed segments and original tracks remain available.
✔ concurrent callers await the same delayed actual crypto gate before overlay-ready (25.399005ms)
✔ concurrent rejection retains baseline and resolves only after rejection, with no phantom subset (5.537834ms)
✔ invalid legacy input rejects every concurrent caller and cannot cache false readiness (2.433531ms)
✔ optional new overlay chunk load failure preserves completed legacy registry (6.187599ms)
✔ verified pilot clip ranges carry exact original identities and source text (4.048971ms)
✔ unverified, foreign, out-of-track and source-hash substitutions are rejected (4.154237ms)
✔ multi-sentence source fragments cannot be swapped or replaced (3.023342ms)
✔ source text, pinyin, per-entry hash, scope and reviewed timing cannot be forged (7.860169ms)
✔ word partitions and actual sentence coverage reject losses, orphans and relabeled whole paragraphs (2.845531ms)
✔ no source authority or duplicate merged IDs can silently expose segments (0.810144ms)
✔ pending bounds, inflated decoded duration, claimed certification and forged transcript are rejected (3.949232ms)
✔ reviewed HSK2 lessons 2–3 retain exact 25 verified and seven pending words after runtime merge (7.270982ms)
✔ grammar group metadata cannot omit duplicate reorder or replace baseline examples or lose bilingual sources (36.59681ms)
✔ actual grouped grammar retains full baseline summary and interleaves every original bilingual pinyin example once (8.525972ms)
✔ both supplemental picture-description labels retain full bilingual text after the source activity (13.992109ms)
✔ cross-page grammar examples retain their own visible source beside the unchanged explanation page (8.227688ms)
✔ source grammar explanations are additive, bilingual and tied to one real source grammar (34.24602ms)
✔ unmapped supplemental picture paragraphs collapse without hiding textbook text tasks or safety notes (14.757907ms)
✔ HSK3 glossary has all22 starred heads and23 stable word-sense records (39.915446ms)
✔ HSK3 star patch does not alter any existing lesson values (88.939666ms)
✔ all18 additional official-source registries and523 word anchors retain every complete old word and source (42.592744ms)
✔ HSK3 L10 reviewed source fields keys and figures stay complete (5.119791ms)
✔ HSK3 L11 reviewed source fields keys and figures stay complete (2.843202ms)
✔ HSK3 L10 education source task retains optional read-aloud marker, source retelling and ungraded personal comparison (3.218602ms)
✔ HSK3 L11 split listening answer pages and no invented culture/review survive integration (1.755976ms)
✔ all25 independently reviewed Vietnamese corrections remain in their exact new-layer locations (41.430492ms)
✔ source explanation groups preserve every original example once (4.62ms)
✔ HSK3 L12 reviewed source activities preserve field counts official keys and source-specific shapes (11.537918ms)
✔ HSK3 L13 reviewed source activities preserve field counts official keys and source-specific shapes (2.050617ms)
✔ HSK3 L12 and13 source and answer page continuations stay attached to individual fields (4.129867ms)
✔ HSK3 L12 review binds eleven rows to twenty-two distinct checks across both source pages (2.350041ms)
✔ HSK3 L13 first grammar source frames preserve 1+2+2 independent non-unique blanks (2.639122ms)
✔ optional empty omitted and nonempty records preserve values and submission through real save reload export restore (5.5091ms)
✔ L12 least-liked season and L13 prepared refreshments translations retain the source meanings (2.955564ms)
✔ HSK3 L14 reviewed source counts and exact official keys remain complete (5.775452ms)
✔ HSK3 L15 reviewed source counts and exact official keys remain complete (3.184905ms)
✔ HSK3 L15 ambiguous Nanjing age choice cannot become a unique automatic answer (1.646528ms)
✔ every L14 and15 manifest identity has a real renderer binding including all four L15 cities (4.598347ms)
✔ HSK3 L14 repaired borrowing option and four blank story rows preserve source roles (2.124483ms)
✔ HSK3 L15 source review keeps ten pairs and four full unsplit explanations (1.252291ms)
✔ HSK3 L16 final-unit source counts keys blanks and figure bindings survive integration (8.93747ms)
✔ HSK3 L17 final-unit source counts keys blanks and figure bindings survive integration (2.761054ms)
✔ HSK3 L18 final-unit source counts keys blanks and figure bindings survive integration (2.144259ms)
✔ L16 animal discussion retains three original required IDs and a separate optional fourth extension (1.527845ms)
✔ L17 repaired reference agrees with preserved teacher wording and emotions panel has an explicit activity binding (1.479917ms)
✔ L18 approximation tasks and 刚才/刚刚 exercises are editorial and preserve both real source groups (1.830323ms)
✔ feedback note is a separate bilingual display-only copy with invalid shapes rejected (14.480746ms)
✔ HSK3 L8 original source interaction inventory and immutable learning corpus (6.38519ms)
✔ HSK3 L8 official word-bank order and cross-page citations (3.118896ms)
✔ HSK3 L9 original source interaction inventory and immutable learning corpus (2.799105ms)
✔ HSK3 L9 official word-bank order and cross-page citations (2.193337ms)
✔ HSK3 L9 review is open self-tracking, not a correctness score (2.390048ms)
✔ HSK3 L9 exact source corrections and L8 scene provenance remain in primary data (6.188018ms)
✔ every printed POS/sense maps once with exact pages, audio and translation (12.034374ms)
✔ same-spelling different meanings and POS remain separate canonical cards (4.365661ms)
✔ the complete catalogue count is actual POS/sense records, not syllabus targets (13.651857ms)
✔ release validation rejects pending review, stale translations and missing homograph evidence (5.445174ms)
✔ wrong course, duplicate mapping, missing source and unreviewed merge fail closed (11.552679ms)
✔ an explicitly reviewed repeated sense uses selected-lesson provenance, never an unselected audio group (0.550541ms)
✔ reviewed HSK2 appendix binds every stable sense with source POS distinct from editorial labels (2.376892ms)
✔ editable source-table names stay in headers and remain independent through save/remount/reset (32.003736ms)
✔ cross-page review cites each identical row once while mixed provenance stays beside separate cells (9.095262ms)
✔ shared proposal canonicalization removes exact review keys and preserves array order (3.187373ms)
✔ inactive lesson, canonical lexicon and course-index are private clones with identical content (16.819674ms)
✔ a trusted accepted batch patches only VI; source, IDs, ZH, pinyin, answer and order remain exact (62.343555ms)
✔ canonical sense and summary pointers bind their real IDs, original source indices and full raw SHA (42.609324ms)
✔ an accepted terminology-derived or editorial change keeps its distinct source branch (50.465648ms)
✔ edited activity option translations cannot become ambiguous while index answers stay sealed (31.661894ms)
✔ derived/editorial anchors cannot counterfeit an official quotation or evade their source conditions (29.399763ms)
✔ editorial anchors cannot attach an alleged printed book page or Chinese book quotation (28.340003ms)
✔ atomic guard rejects stale effective value (18.672887ms)
✔ atomic guard rejects wrong engine (12.734958ms)
✔ atomic guard rejects wrong course (10.591397ms)
✔ atomic guard rejects wrong parent (11.340809ms)
✔ atomic guard rejects wrong baseline SHA (18.362758ms)
✔ atomic guard rejects foreign source file (18.14282ms)
✔ atomic guard rejects foreign owner (19.698426ms)
✔ atomic guard rejects wrong original pointer index (12.888773ms)
✔ atomic guard rejects sealed answer (12.571916ms)
✔ atomic guard rejects sealed ZH (11.222536ms)
✔ atomic guard rejects sealed options/order (14.974172ms)
✔ atomic guard rejects unsafe pointer (19.66717ms)
✔ atomic guard rejects wrong lesson (21.553685ms)
✔ atomic guard rejects wrong actual Chinese anchor (18.936279ms)
✔ atomic guard rejects wrong book SHA (19.097574ms)
✔ atomic guard rejects out of bounds official page (13.616199ms)
✔ atomic guard rejects official text mismatch (17.882308ms)
✔ atomic guard rejects unresolved not active (14.346432ms)
✔ atomic guard rejects match not active (12.759366ms)
✔ atomic guard rejects pending author (12.271336ms)
✔ atomic guard rejects self-only independent acceptance (8.369574ms)
✔ atomic guard rejects missing accepted change (7.501153ms)
✔ atomic guard rejects foreign accepted consumer (15.770387ms)
✔ atomic guard rejects missing declared consumer (18.333021ms)
✔ atomic guard rejects unknown source evidence (18.14818ms)
✔ atomic guard rejects pending owner cannot be accepted (19.874707ms)
✔ atomic guard rejects duplicate target (18.429363ms)
✔ registered manifest/review exact bytes and independent accepted proposal are all required (21.176241ms)
✔ a known consumer cannot be declared accepted without its own accepted VI projection (21.087766ms)
✔ changed raw whitespace is still a different pinned source; empty acceptance cannot activate (21.874924ms)
✔ new graded copy changes contentRevision while actual old first/questions/answers/score remain frozen (22.498606ms)
✔ saved listening question is never reprojected; missing legacy snapshot cannot fall back to current q (0.724981ms)
✔ online verification binds full release identity and checks new/protected bytes (21.031419ms)
✔ online verifier rejects a stale manifest and never accepts changed protected bytes (9.346718ms)
✔ online verifier refuses another origin, pilot release and unscoped paths (10.904671ms)
✔ all seven routeable entries resolve activity crops and shared textbook/audio against real packaged paths (182.955127ms)
✔ unknown source images, PDF, changed accepted crops/audio/strokes and symlinks fail before freezing (207.512318ms)
✔ source or frozen-input drift fails before output; dirty or prebuilt data cannot be labeled release (68.796188ms)
✔ legacy all-sixteen-passed gates cannot label a package as ready for publication (13.782945ms)
✔ release freeze matches every native-tested build input byte and path while publication stays pending (265.481564ms)
✔ actual current crop registry uses lesson 4 current version and rejects path traversal/private sources (89.691056ms)
✔ production assembly anchors the actual 1446-file 2da tree and explicitly separates developer-only files (16.01774ms)
✔ entry, build configuration and retained source assets are included in the clean build snapshot (173.972592ms)
✔ two locked course entries share identical frozen assets with nested relative media paths (1.707088ms)
✔ portal updates only2/3 course cards and retains exact HSK1 and both HSK4 cards (2.635525ms)
✔ package manifest binds every scoped output byte to the frozen source input without copying raw sources (100.100893ms)
✔ missing audio, unknown raw PDF, symlinks and wrong identity fail before release creation (99.357105ms)
✔ output and public-input allowlists reject legacy overwrites and source package paths (0.29448ms)
✔ small frozen-code transfer restores all exact tested bytes from264 hash-bound originals without rebuilding (180.795104ms)
✔ frozen transfer fails before output on changed audio, code, extra raw source or wrong source commit (316.649276ms)
✔ question editorial note survives fallback rendering without leaking before submit (16.596578ms)
✔ question editorial note survives mapped rendering without leaking before submit (7.569673ms)
✔ a docs-only committed gate advances HEAD while the actual tested runtime remains accepted (226.613326ms)
✔ clean committed runtime/tool/raw input drift fails even when both gate snapshot fields are forged to agree (332.23703ms)
✔ actual tested commit existence, complete paths, modes and clean worktree are verified (282.784745ms)
✔ stage identity and pre-publication status do not permit duplicate IDs or fabricated publication completion (89.769447ms)
✔ official source bytes and every exact page identity/review must be present (413.498599ms)
✔ 48 semantic lessons require exact identities and all actual scoped consumer IDs (261.170184ms)
✔ cross-site scopes and final native certificates cannot be replaced by course counts or browser booleans (728.998283ms)
✔ native-tested build vectors reject unsafe, duplicate, empty and stale identities (323.240899ms)
✔ asset metadata accepts its complete actual identity ledger independently of the 412 SVG desc count (91.177175ms)
✔ reviewed-source guards reject a subject/negation substitution, relocated blank and wrong page (1.840916ms)
✔ source menu accepts exact exclusive slots and rejects dropped duplicated foreign or malformed fields (49.185754ms)
✔ actual menu renderer retains source quadrants bilingual fixed foods and every saved answer without early feedback (14.442172ms)
✔ activity support gallery excludes field-bound pictures and places each original image once (3.921276ms)
✔ production-store delayed submit cannot restore feedback after edit newer submit dispose or failed write (42.315518ms)
✔ edition and level identities reject cross-course data (5.793599ms)
✔ new stores do not read or mutate nonempty legacy and HSK1 records (2.29622ms)
✔ first submission is immutable, latest updates without overwriting draft answer text (5.34247ms)
✔ manual writing never receives automatic points (0.218594ms)
✔ automatic choices and ordering grade exact IDs (0.309335ms)
✔ save failure preserves draft and does not create success (0.633451ms)
✔ competing tabs produce conflict instead of lost updates (0.747519ms)
✔ backup preview, import and reset recovery are edition-isolated (2.131001ms)
✔ stale import preview cannot replace later edits (0.840666ms)
✔ corrupt original storage is protected and exportable (1.464949ms)
✔ invalid imported scores, duplicate queues and legacy lesson numbers fail (0.554733ms)
✔ routing normalizes invalid courses while retaining valid lesson 18 (0.904791ms)
✔ historical question snapshots survive source edits and reorder without rescoring (4.593637ms)
✔ legacy nonempty stores receive optional learning fields without overwriting submissions (0.258338ms)
✔ routes preserve per-level lesson bounds and native HSK1 historical contracts (1.080846ms)
✔ textbook activity and reading records reject foreign identities (0.447725ms)
✔ independent listening round retains immutable per-question submissions and validates queue (0.458302ms)
✔ backup snapshots validate their own historical answers without current-bank reinterpretation (0.664563ms)
ℹ tests 207
ℹ suites 0
ℹ pass 207
ℹ fail 0
ℹ cancelled 0
ℹ skipped 0
ℹ todo 0
ℹ duration_ms 5134.065634
