
> hsk1-modular-app@0.1.0 test
> node tools/run-checkpoint.mjs unit

✔ next-round disclosures initialize once from saved rounds and keep content first (2.001129ms)
✔ mixed cards use independent reversible native buttons and free group navigation (1.955928ms)
✔ practice enters mixed cards directly while listening remains independently available from courses (0.43874ms)
✔ Hanzi canvas precedes the complete bank and dialogue selectors are responsive alternatives (0.449293ms)
✔ new GUI copy remains bilingual and long contiguous active scopes stay compact (0.906207ms)
✔ assignment interface static copy has explicit Chinese and Vietnamese text (1.858503ms)
✔ save presentation separates queued autosave from confirmed failure without changing storage (0.330232ms)
✔ listening first/latest counts and session scope are separate bilingual facts (0.539622ms)
✔ known controller and audio failures are translated semantically while unknown details survive (0.319694ms)
✔ manual receipt copy states no automatic score and interpolated content remains literal (0.25548ms)
✔ bounded audio waits for usable duration and then validates the complete requested range (9.81578ms)
✔ bounded startup cannot unmute when usable duration disappears during its initial seek (0.463251ms)
✔ initial unmute revalidates a silently refined duration at the settled seek (0.62606ms)
✔ observed WebKit seeked rollback cannot unmute or certify the file head (0.998639ms)
✔ a still-wrong clock is re-seeked silently rather than waiting for a 250ms update (0.420251ms)
✔ a delayed recovery probe rewinds instead of silently dropping the first 250ms (0.286207ms)
✔ stop and request replacement retire the pending position probe (0.664731ms)
✔ a paused startup cannot be revived by its queued position probe (0.978906ms)
✔ an out-of-range high clock stays silent and does not finish a never-started clip (0.586212ms)
✔ a corrective seek exception is a retryable failure, never unmuted playback (0.733986ms)
✔ persistent bad seek acknowledgments stop safely instead of a zero-delay spin (0.733383ms)
✔ the first seeked clock directly 250ms too high also remains silent and rewinds (1.039583ms)
✔ five playback rates retain a genuinely started pause/resume clock without rewinding (1.065608ms)
✔ a retired probe cannot reposition the next track in the same playlist (0.729123ms)
✔ corrective seek with no subsequent native events ends at the existing startup timeout (0.466225ms)
✔ explicit start 0 without end preserves whole-original zero-duration recovery (0.257819ms)
✔ start 0 with a finite end is still bounded and cannot bypass usable metadata (0.39507ms)
✔ explicit start 0 whole original keeps an already advancing clock when positive duration arrives (0.255182ms)
✔ a resolved play promise alone never claims actual playback; metadata sets the real range (5.690719ms)
✔ generation cancellation ignores a late rejection and an old view abort cannot stop the new request (1.052646ms)
✔ segment boundaries stop before the next recording; changing speed reschedules the actual media boundary (0.886046ms)
✔ playlist advances once per range and stops on a real error instead of skipping or claiming success (0.757717ms)
✔ a late play rejection from a preceding playlist item or paused play cannot poison its successor (1.28179ms)
✔ pause during a delayed start remains paused; resume waits for playing and replay resets the range (0.639134ms)
✔ an already started clock at HAVE_CURRENT_DATA can recover after waiting; zero/metadata readiness and seek jumps cannot (0.543742ms)
✔ clock and readiness cannot invent a first playing event; genuinely stalled resumed media times out (0.467461ms)
✔ loading an original track already at zero avoids a redundant initial seek (0.360994ms)
✔ autoplay denial stays an error until an explicit retry really starts playback (0.62369ms)
✔ a stalled media start and a silent synthesis start terminate with a retryable error (0.791802ms)
✔ bad ranges are rejected and range beyond media duration never plays (0.312897ms)
✔ metadata rejects a truncated segment and later duration corrections cannot silently shorten it (0.406878ms)
✔ ended before a playing or speech start event reports error and never advances a playlist (0.343524ms)
✔ speech waits for a Chinese voice and for a start event, with clear TTS source and selected replay speed (0.403806ms)
✔ a device with only foreign voices reports unsupported, then can retry after Chinese voices arrive (0.326952ms)
✔ switching media cancels speech, and a cancelled waiting voice request cannot start after leaving its view (0.39868ms)
✔ disposal cancels pending work, clears timers and listeners, and isolates observers and snapshots (0.321896ms)
✔ a view stopping synchronously on a loading notification cannot resurrect media or leave voice timers (0.311759ms)
✔ a late native resume rejection after the intentional segment boundary cannot replace ended with error (0.321466ms)
✔ a retired native play rejection at a sequence boundary cannot fail the next segment (0.346885ms)
✔ native play plus real advancing ready clock confirms resume when WebKit omits another playing event (0.300312ms)
✔ native play alone cannot invent a first playing event, a stalled resume or a seek jump (0.251677ms)
✔ transient WebKit zero-duration metadata does not reject an original recording or claim playback early (0.260042ms)
✔ zero-duration placeholder never bypasses a later real truncated-segment check (0.188943ms)
✔ playing before positive metadata waits; positive duration then confirms the actual native start (0.54325ms)
✔ canplay or permanent zero duration never substitutes for confirmed usable playback (0.314622ms)
✔ empty/corrupt media ending at zero and metadata seek exceptions remain hard failures (0.443214ms)
✔ persistent zero metadata on a whole recording requires two real native clock advances (0.357187ms)
✔ zero-metadata clock recovery cannot certify bounded clips, paused clocks or seek jumps (0.487481ms)
✔ WebKit silent positive duration on timeupdate confirms playback without restarting the original (0.227889ms)
✔ silent positive duration still rejects truncated segments and does not certify a paused or seeking clock (0.339573ms)
✔ bounded original clips stay silent through WebKit zero duration and until the initial seek settles (0.292933ms)
✔ an original whole track is not accidentally left muted after a cancelled bounded clip (0.332244ms)
✔ wrong and empty passwords cannot grant access or write any session key (12.414849ms)
✔ a v2 session is reused by a new service instance without extra writes (1.055999ms)
✔ every legacy alias and obsolete local key fails to bypass v2 authorization (0.576431ms)
✔ a development hostname does not bypass the session gate (0.275266ms)
✔ storage exceptions do not imply authorization and wrong passwords remain rejected (2.616202ms)
✔ correct password writes the original v2 key and complete session aliases (0.851094ms)
✔ correct password allows only this instance when storage is denied (1.009029ms)
✔ correct password reports a failed persistence read without losing memory access (0.776602ms)
✔ password verification fails closed when WebCrypto is unavailable (1.36094ms)
✔ password verification fails closed when SubtleCrypto is unavailable (0.293752ms)
✔ password verification fails closed when WebCrypto digest throws (0.265233ms)
✔ password verification fails closed when WebCrypto digest rejects (0.287748ms)
✔ student backup summary retains every count and empty-record warning without implementation jargon (17.120525ms)
✔ backup explanations retain uncertainty and preserve-only semantics in Chinese and Vietnamese (0.907105ms)
✔ vocabulary UI dictionaries pair explicit Chinese and Vietnamese without changing curriculum content (2.682106ms)
✔ paired DOM helper preserves language semantics, safe text, and updates rather than duplicating labels (0.664587ms)
✔ the frozen corpus is reproducible, has all required counts and no copied audio payload (43.308784ms)
✔ HTML order includes every mandatory layer and rejects unknown or missing scripts (2.653699ms)
✔ all final textbook corrections survive extraction, including speaker and timing repairs (0.680462ms)
✔ sense mapping preserves polysemy and detects semantic or same-lesson mapping drift (7.230196ms)
✔ media references reject missing originals, orphan clips and unsupported invented word audio (23.692954ms)
✔ clip integrity requires actual bytes, expected SHA256 and strict base64 (0.761589ms)
✔ record and artifact fingerprints bind IDs, sources and exported contents (38.844544ms)
✔ static content extraction handles brackets inside strings and fails on unsupported input (1.673511ms)
✔ check mode fails on stale or absent output and never repairs it implicitly (1.623116ms)
✔ domain rules match pinned bodies except approved navigation, search and listening-size changes (5.05359ms)
✔ real nonempty old records retain reading, first/latest, submitted translations, redo drafts and recovery raw (54.005625ms)
✔ shared records of other HSK levels stay byte-for-byte in raw and never become HSK1 progress (36.530103ms)
✔ stage2 takes precedence; corrupt main does not silently activate stage1, learning or recovery (59.877995ms)
✔ stage1 app missing or explicit migrates only lesson3 and avoids a new nested archive copy (18.288229ms)
✔ legacy compatibility verifies actual original identities rather than trusting same-ID flags (21.313615ms)
✔ a full old L3 group with one changed identity keeps only verified partial drafts and no grade (19.043775ms)
✔ listening and vocabulary state restore real sessions, unsubmitted choices, rating queues and distinct senses (14.065701ms)
✔ new backup import refuses changed grades, boolean results and manual scores instead of trusting them (128.178422ms)
✔ valid old backups recompute modified grades and report the policy explicitly (24.773207ms)
✔ wrong app/schema, unknown IDs, altered fingerprints, incomplete answers and invalid timestamps are rejected (66.599301ms)
✔ importing one legacy domain preserves every unrelated domain and original source string (72.648358ms)
✔ repeated new-format validation and migration round trips add no archive layers or identity changes (63.125228ms)
✔ access gates are excluded from migration and forbidden in new learning backups (28.899275ms)
✔ malformed reading or previous sources produce visible warnings while retaining source bytes (24.542473ms)
✔ clock rollback does not redefine semantic first/latest or reject an otherwise valid old record (27.495449ms)
✔ old self-ratings map to active cards only with an exact unique Hanzi, pinyin and meaning identity (43.198381ms)
✔ known old again rating becomes a validated active again schedule without fabricating test scores (17.619803ms)
✔ pilot source discovery and uploaded backup retain exact bytes and expose unsupported answers without invented grades (7.719685ms)
✔ on-device discovery adds missing old lessons while preserving every existing current answer, draft and active queue (47.992917ms)
✔ full original answer corpus maps 299 original-domain submissions and excludes the corrected task without scoring rewritten homework (38.999187ms)
✔ score-only original history stays in raw and is counted unsupported, never converted into a submission (6.078776ms)
✔ data safety copy covers every state, summary metric and reset module in both languages (5.302752ms)
✔ dynamic copy retains exact source counts, reset scope and comparison evidence (0.374561ms)
✔ controlled diagnostics are paired without translating or discarding unfamiliar raw detail (0.464118ms)
✔ compatibility warnings become bilingual while exact source bytes and source count evidence survive (26.365842ms)
✔ reset title and validation errors preserve Vietnamese contracts and add Chinese scope (12.162442ms)
✔ a retired URL cannot enumerate an untouched bank, even with a remembered position (3.211972ms)
✔ projection is restricted to the exact set, lesson and group and preserves entry/authority identity (1.380177ms)
✔ explicit zero, empty token and empty writing drafts remain drafts without synthetic scores or dates (3.112782ms)
✔ first/latest/all submissions preserve saved order, timestamps, grades, fingerprints and retry drafts (0.926541ms)
✔ archiving never grades against an answer key or changes a stored result (0.568399ms)
✔ manual saved text, empty lines and Unicode remain exact and never acquire an automatic grade (0.591167ms)
✔ shared authority data appears only under an entry in the selected scope (0.511025ms)
✔ original homework receipts are separate from review attempts and never expose untouched aliases (2.999979ms)
✔ capped original homework histories keep first and latest separate without fabricating lost attempts (6.39253ms)
✔ a confirmed reset empties the projected scope while preserving the source and other lessons (0.783946ms)
✔ archive view has no write, retry, grading, audio, or draft-exit owner and leaves maintenance module intact (0.568288ms)
✔ all exercise interface labels have explicit Chinese and Vietnamese copies (2.621774ms)
✔ dynamic labels preserve all counts, source references and typed profile text without translating curriculum (0.627244ms)
✔ pending-save copy never claims a failed write and known failure guidance remains specific (0.301601ms)
✔ submissions retain first/latest order across clock rollback, reject double submit, schedule from answers (2.940647ms)
✔ manual tasks never gain grades, invisible-only strings are incomplete, mistakes/due exclude them (0.964056ms)
✔ wrong/due questions preserve shared authorities, lesson scope and current homework first scores (1.317034ms)
✔ drafts, token domains, retry flags, positions, reset and unsupported data are validated (1.408848ms)
✔ v2 migration uses pinned identity witness, recomputes first/attempt, never score-only history (20.212091ms)
✔ current-homework review uses attempt sequence instead of wall clock and old records remain readable (0.706106ms)
✔ v2 restarted groups keep every previously submitted question open even when new drafts are empty or partial (0.827882ms)
✔ all committed fixtures reproduce byte-for-byte with fixed timestamps and no private or media payload (4.049105ms)
✔ reading, shared and navigation fixtures preserve distinct raw strings and non-HSK1 rows (0.38541ms)
✔ learning_v2 contains real old objective and translation submissions but no invented complete current group (10.362952ms)
✔ stage1 missing and explicit app fixtures migrate L3 and separate submitted translation A from redo B (8.533251ms)
✔ stage2 fixtures are valid nonempty states with both histories, long raw text, distinct drafts and recovery (10.904742ms)
✔ stage3 fixtures retain first/latest, unsubmitted listening selection/count, three schedules and partial review (9.600155ms)
✔ nonempty fixtures support meaningful bad identity, fingerprint and answer mutations without rewriting source (14.717149ms)
✔ view reads and rejected actions do not create or dirty empty lesson groups (62.767579ms)
✔ all 75 choice questions accept only the calibrated option among four choices (589.591136ms)
✔ all 95 frozen accepted sorting variants score correctly and each of 75 wrong orders is rejected (1.283385ms)
✔ 15 complete lessons retain first zero scores, latest full scores and 75 ungraded manual submissions (5458.744632ms)
✔ manual original text and new draft stay separate through redo, save and backup import (68.196976ms)
✔ blank invisible translations fail completion, long limits do not truncate drafts and profile remains bounded (37.63549ms)
✔ sorting orders survive remount, duplicates and partial drafts cannot submit, submitted order remains immutable (52.630996ms)
✔ retained history stays bounded while first attempt and unrelated learning domains remain intact (423.527877ms)
✔ view limits and navigation availability reuse the canonical homework rules (26.426974ms)
✔ collecting untouched empty translations is a no-op while deleting entered text remains a dirty edit (38.760932ms)
✔ unreleased v1 candidate identity is rejected without silently regrading earlier submitted answers (14.547541ms)
✔ a stale unreleased candidate primary remains byte-exact exportable and cannot be overwritten by save (3.780011ms)
✔ all 225 pre-v1 legacy homework submissions remain accepted with their original fingerprints and scores (50.781235ms)
✔ homework v1 has exactly 15 × 30 questions with the approved five-part ratios (6.628934ms)
✔ all identities are version-scoped, globally unique, and have canonical content fingerprints (34.41461ms)
✔ all 300 MC questions have four different options and exactly one keyed correct option (5.654479ms)
✔ manual translation content is prompt-only and cannot leak answers or automatic scoring fields (5.506124ms)
✔ the authoritative mapping exhaustively resolves every question to immutable authority and entry content (22.912082ms)
✔ lesson metadata and source labels preserve known origins without inventing legacy textbook pages (7.117019ms)
✔ all listening audio intervals, transcripts and pinyin are preserved, including the corrected lesson-10 clip (7.557056ms)
✔ lesson-3 authored scenarios have distinct propositions and individual Chinese/Vietnamese distractor checks (3.519325ms)
✔ 450-item inventory and exhaustive evidence track revisions and only three explicit reinforcement exceptions (1067.401864ms)
✔ all 191 reviewed overlays have resolved current-or-earlier scope and exact public content change records (14.326141ms)
✔ new sorting expressions are exact permutations of their own tokens, including all accepted variants (1.689933ms)
✔ duplicate/leak regression checks catch reordered MC options, completed clozes and wrong-option/manual exposure (2619.968007ms)
✔ mapping accounts for every unselected comprehensive and pilot entry and standalone authority (2.939003ms)
✔ comprehensive shared-reference resolver preserves overrides, option order and correct-answer identity (2.398832ms)
✔ all three source banks remain byte-identical and generated artifacts are reproducible (925.257425ms)
✔ check mode rejects drift without repairing it and generation refuses changed source bytes (1177.37601ms)
✔ all 450 distinct questions submit with 375 automatic results and 75 genuinely ungraded writing answers (39.160742ms)
✔ read, invalid answers, locked groups and incomplete submissions never dirty or create groups (16.513577ms)
✔ zero-score completed section unlocks next; restart retains immutable first/latest/history and does not relock (54.70678ms)
✔ new homework saves reloads exports imports and resets without relabeling any old submission (65.841667ms)
✔ old modular backup extends with an empty new version and unchanged legacy route/history (2.487251ms)
✔ legacy source imports supplement only old domains and cannot overwrite versioned progress (9.481947ms)
✔ new-state tampering and cross-version answers are rejected rather than accepted as grades (7.970301ms)
✔ twenty retained attempts preserve the real first attempt after the history window moves (1.857132ms)
✔ manual IME-sized drafts preserve exact text and rejected overflow never truncates accepted text (4.189319ms)
✔ new and legacy route identity and totals remain separate; original audio is used unchanged (7.420585ms)
✔ the single exit guard collects a DOM-only tail before checking dirty state and coalesces repeated exit attempts (18.051958ms)
✔ an invalid DOM-only draft warns even when the store is clean without inventing a persisted draft (0.678156ms)
✔ only the current exit collector runs; stale unsubscribe and disposal cannot revive or clear another registration (0.49589ms)
✔ an exit collector failure cannot silently permit abandoning visible input (4.805635ms)
✔ beforeunload protects an unsaved draft while its normal locked flush is pending, and saved state does not prompt (8.537313ms)
✔ failed saves keep exit protection active and an explicit discard reload clears it (8.763971ms)
✔ opening or flushing a clean app does not create a learning record (0.41048ms)
✔ rapid edits keep the latest multiline Chinese in memory and debounce to one confirmed write (8.131996ms)
✔ concurrent flush callers share a pending write and edits while waiting for the lock enter that write (5.769371ms)
✔ an edit published immediately after a commit receives a second write without losing the newer draft (7.736571ms)
✔ quota failure stops automatic retries, preserves exportable memory work, and allows explicit retry (8.52244ms)
✔ dispose cancels its debounce timer and waits for the final lock before closing the shared store (4.544399ms)
✔ external conflict preserves memory and final flushing never overwrites another tab (8.016132ms)
✔ leaving a data view cancels its queued import or restore while the application session remains writable (21.992794ms)
✔ exactly300 original and30pilot entry paths resolve,12current original refs plus3pilot shared cores (1.333647ms)
✔ all300original prompts,contexts,choice domains,token domains and correct targets match source except documented transcript correction (16.726286ms)
✔ pilot contexts/domains remain exact while5writing tasks contain prompt/source only (18.33632ms)
✔ every authored fingerprint is content-exact and every original audio range fits the existing track (8.829312ms)
✔ manual answer leakage,missingpassage,aliasdomains andduplicatedentries are rejected (53.432034ms)
✔ loading gates module fieldsets until ready and preserves individual button rules (9.527018ms)
✔ a new route synchronously aborts and unmounts the old module (0.791292ms)
✔ a late importer cannot mount or replace the current surface (2.338923ms)
✔ a late ready and old surface writes cannot affect the new module (1.714241ms)
✔ late rejected import and ready promises stay observed after cancellation (1.905046ms)
✔ import and ready failures clean up and retry the latest route (0.889564ms)
✔ a throwing unmount blocks the next mount and remains available for retry (0.511827ms)
✔ navigation during a throwing unmount cannot hide the cleanup failure (0.49617ms)
✔ navigation during error cleanup also preserves a throwing unmount (1.279165ms)
✔ dispose aborts pending work, unmounts once, and stays idempotent (2.24553ms)
✔ dispose during import prevents a late mount (1.44119ms)
✔ dispose inside a throwing unmount still reports the cleanup failure (0.54809ms)
✔ ready in-place route updates keep their view, skip remount focus, and retry the latest route (0.442814ms)
✔ in-place updates are never attempted on loading or disposed views (1.908008ms)
✔ listening content preserves the sole catalog, exactly 75 unique original questions and 15 × 5 quotas (62.251884ms)
✔ all 75 audio requests use exact declared original tracks and ranges, never clip duration or base64 media packs (30.829258ms)
✔ missing, duplicated or misplaced questions and malformed choices, feedback or transcript fail the whole load (153.15147ms)
✔ lesson and source provenance rejects duplicate lessons, page offset drift, absent sections and mixed baselines (64.450648ms)
✔ missing, duplicate, orphan or different media identities cannot silently choose substitute audio (78.8294ms)
✔ range validation rejects negative, equal, nonfinite and beyond-track boundaries without clamping (49.126252ms)
✔ actual SHA256 verification detects valid-shaped question, clip and original metadata drift (162.638751ms)
✔ loaded content is deeply readonly, isolates caller mutations and never alters inputs (52.084077ms)
✔ loader fetches only the two established content files with the view signal and reports HTTP failure (20.904684ms)
✔ pre-aborted, late JSON and in-flight fingerprint work never return content for a departed module (13.673372ms)
✔ construction, empty reads and rejected actions do not create a round or schedule writes (14.940162ms)
✔ first route initializes its lesson once; mixed or empty explicit selections survive visits and remounts (37.376692ms)
✔ only supported preferences change, five speeds remain exact and normalized same values do not resave (20.826704ms)
✔ all 75 canonical questions grade each of four original options correctly without trusting display order (686.042776ms)
✔ all 75 wrong-first then correct-redo answers retain first/latest separately and leave other domains intact (10391.910061ms)
✔ selection, queue, shuffled option orders and exact engine fingerprints resume after actual save and refresh (100.763759ms)
✔ submission gates feedback and forward navigation; invalid answers and repeated submissions leave saved draft unchanged (17.088706ms)
✔ successful playback tokens count once, repeated and slow listens do not change score, stale callbacks never write (22.204868ms)
✔ wrong-only filter uses latest records in selected lessons, starting a fresh round preserves earlier records (591.732343ms)
✔ backup validation recalculates scores and rejects same IDs with changed question fingerprints (33.93204ms)
✔ invalid random source and invalid clock fail before dirtying global data or overwriting a resumable round (9.36767ms)
✔ 5/10/all listening round sizes preserve fingerprints, exact saved queue and unrelated scores (34.920976ms)
✔ mixed reads are pure, route scope starts at current lesson and draft scope never writes (128.425839ms)
✔ mixed all-course pool has 344 senses/319 forms and only start shuffles once (581.942921ms)
✔ existing non-card preferences cannot replace the first route scope or affect browsing options (39.19744ms)
✔ empty draft cannot replace a round and invalid anchors never write (48.576971ms)
✔ shared senses merge only selected sources and never borrow outside-scope audio (33.219908ms)
✔ compatible legacy all/zh-vi queue resumes its exact order/anchor without altering original data (125.132402ms)
✔ reverse, due, unfamiliar, and search-scoped legacy queues stay untouched and require a new round (288.241807ms)
✔ saved order, anchor, scope and original practice roundtrip through reload/export/import (183.337084ms)
✔ malformed mixed state, order, pool, anchor and fingerprints are rejected before replacing valid state (247.242401ms)
✔ scoped resets preserve retained mixed order and anchor; unrelated reset leaves mixed state unchanged (194.827786ms)
✔ shared-sense scoped reset recalculates source fingerprint without removing retained sense (18.841982ms)
✔ reset preview cancellation, failed write and restoration preserve mixed round atomically (92.89656ms)
✔ failed persistence keeps actual mixed memory round exportable and never writes legacy state (116.432945ms)
✔ progress resumes new mixed anchor before legacy position without changing historical rating summary (62.786179ms)
✔ progress only claims compatible old rounds and never resurrects old position after explicit mixed reset (160.412235ms)
✔ four presentation groups retain every existing route exactly once (1.76133ms)
✔ inactive registry preserves object identity and has no synthetic accepted revision (1.171596ms)
✔ canonical proposal removes every exact independentReview key, preserves array order and hashes UTF-8 (9.604967ms)
✔ accepted synthetic projection clones language only and preserves exact raw grading identity (8.009701ms)
✔ whole registry rejects stale baseline, byte tampering, parent drift, duplicate field, self-review and foreign consumer before projection (15.039223ms)
✔ wordSenses and mixed cards project Vietnamese while catalog/sourceRecords/fingerprints remain raw (184.738139ms)
✔ registered HSK1 source mapper uses actual original pointers, parent display leaves and unique semantic owners (80.569228ms)
✔ original option index guards reject frozen Chinese labels and ambiguous Vietnamese display options (6.892314ms)
✔ course overview title uses its exact owner while Chinese and all original count fields stay unchanged (1.386238ms)
✔ both inactive and active config roots require the exact supported schema before asset loading (0.663852ms)
✔ empty progress retains independent 225 homework / 150 objective / 75 translation / 75 listening / 344 sense denominators (9.876902ms)
✔ nonempty cross-domain progress preserves first/latest scores, translation submission and a separate redo draft (27.921347ms)
✔ partial homework completion reports full denominators and low-score redo does not replace the first score (9.299841ms)
✔ reading marks, stars and vocabulary ratings never become homework completion or objective scores (17.760725ms)
✔ due counts separate new cards from rated cards and include the exact due-time boundary (25.478743ms)
✔ same written forms keep their different sense schedules and never reduce the 344 denominator to 319 (24.27093ms)
✔ continuation preserves textbook sections and homework parts, while practice resolves the actual saved item (87.901924ms)
✔ a saved module with no active round continues its selected route without inventing a position (0.336314ms)
✔ validated backup export and restore reproduce the same progress and continuation without changing the schema (58.798568ms)
✔ opening five textbook sections records visited sections and exact continuation, never completion or homework scores (47.641899ms)
✔ same route visited again does not schedule another write or duplicate shared sections (6.285811ms)
✔ lesson completion is an explicit independent mark and can be removed without resetting visits or submitted work (8.642504ms)
✔ mastered word keys remain compatible and restore across a validated backup; unknown words are rejected (14.656832ms)
✔ lesson reset touches only selected active lesson and preserves profile, settings, raw and unrelated domains (99.269423ms)
✔ module and all-course reset clear active progress and keep safety copies and unrelated settings (47.423844ms)
✔ shared-sense lesson reset retains other lessons schedule and announces the exception (13.161641ms)
✔ preview, cancellation, stale confirmation, failed write and recovery never discard current data (128.122618ms)
✔ old backups default exercises to blank and scoped exercise resets preserve other lessons and original homework (59.345611ms)
✔ single-lesson reset removes only that lesson from mixed sessions and preserves other lesson drafts and revealed cards (107.494684ms)
✔ 5/10 sized mixed listening reset preserves exact outside-scope answers through repeated reset and import (97.683756ms)
✔ homework reset and replacement import rebase retained review witnesses without deleting exercise answers (31.892743ms)
✔ canonical hashes have highest priority and round-trip every route feature (4.257644ms)
✔ legacy mode, lesson pages, stages and integrated homework hashes are preserved (0.903167ms)
✔ invalid route fields normalize safely and fields stay feature-specific (0.746384ms)
✔ initial canonicalization replaces one entry only when the URL differs (2.270082ms)
✔ 500 equivalent navigations make zero writes; a changed route makes exactly one (21.775749ms)
✔ popstate/hashchange dedupe while back and forward restore the address route (2.961691ms)
✔ unsubscribe and dispose release listeners and stop notifications/history writes (0.564552ms)
✔ disposing during a notification stops remaining subscribers (0.32893ms)
✔ navigation inside a subscriber does not deliver an obsolete route afterward (1.069696ms)
✔ original/pilot/homework-review routes roundtrip with bounded groups and independent filters (0.848878ms)
✔ L4 source sidecar locks original cardinality, answers, pinyin, source pages and ungraded tasks (2.868458ms)
✔ numeric tables preserve all original sparse grid positions, six large numbers and 二/两 (0.475402ms)
✔ ten original schematic SVGs have explicit source-cell mappings and no external or active payloads (1.61297ms)
✔ all five frozen HSK1 source banks are byte-identical (3.066654ms)
✔ source save/export/reload/history/reset/restore preserve nonempty primary and legacy exact bytes and old tabs still write (46.432989ms)
✔ older activity versions survive catalogue changes as inert context and independent histories (1.410495ms)
✔ source validation rejects malformed domains, duplicate history, unknown fields and wrong edition (1.062915ms)
✔ source quota failure retains exportable draft, confirms no saved reference and leaves old primary intact (3.681221ms)
✔ source write-then-throw needs exact readback; a newer third value is never overwritten (1.888363ms)
✔ source missing locks, unreadable storage and unresolved pair journal fail closed (2.471709ms)
✔ source stale preview, close while waiting, source tab conflict and ordinary old import never clear source (19.101013ms)
✔ failed direct submission never enters history through later ordinary draft flush (1.556497ms)
✔ same-version answer assessment input or reference change cannot silently rewrite historical meaning (0.916296ms)
✔ source timestamps are valid JavaScript dates, never merely safe integers (0.956291ms)
✔ single-domain submission candidate rejects edits and raw changes while waiting, preserves existing recovery (3.051376ms)
✔ independent editorial corrections preserve six-person source, neutral image metadata, printed tones and non-aligned Vietnamese glosses (0.415799ms)
✔ IME start during a locked source submission cancels history while retaining old submissions and draft (2.682528ms)
✔ unchanged pilot snapshots retain their exact historical JSON shape and key order (3.544777ms)
✔ real source-v2 receipts retain their schematic context after original-crop revision and new submission (5.133311ms)
✔ table topology, source spans, optional fields and crop digests survive round trips and freeze with their version (2.212241ms)
✔ table validation rejects broken topology, duplicate inputs, foreign field references and malformed provenance (1.656004ms)
✔ optional blank input saves alongside required text while missing required input cannot submit (1.31778ms)
✔ read-only source support accepts a blank field list but never produces a submission or storage write (0.877066ms)
✔ each lesson shows only its own superseded historical records with saved answers untouched (0.741368ms)
✔ crop assets resolve only within the fixed public source directory (0.355312ms)
✔ printed empty table headers round trip without allowing missing lesson or field copy (1.741425ms)
✔ printed field pinyin is revisioned and older receipts keep their original shape (1.499001ms)
✔ source spans may start before the anchor page and only read-only tables may omit a redundant prompt (1.114247ms)
✔ table renderer preserves row/column shape, empty cells and each embedded field exactly once (1.443852ms)
✔ printed blank header stays visibly empty and headerless layouts have no invented header row (0.399961ms)
✔ L4 additions preserve every original source-v2 activity and its historical meaning (2.215818ms)
✔ L4 source omissions retain original examples and two distinct ungraded reading responses (2.601597ms)
✔ fixed two-domain confirm export restore and explicit empty source keep independent recovery and legacy bytes (193.881695ms)
✔ old primary-only backup never mutates nonempty source and primary tab still writes old AppData (21.335475ms)
✔ all complete domains validate before preview; duplicate/null/wrong edition/schema rejected (17.439502ms)
✔ prepared previews are scoped, one-use and reject local edits, other-tab raw, disposal and composition (89.282684ms)
✔ pending journal and missing safe locks export explicit rescue instead of a complete snapshot (16.206553ms)
✔ pair durable fault journal/before, prior source nonempty (22.027099ms)
✔ pair durable fault journal/after-throw, prior source nonempty (30.182392ms)
✔ pair durable fault journal/readback-throw, prior source nonempty (37.207616ms)
✔ pair durable fault journal/readback-mismatch, prior source nonempty (40.695655ms)
✔ pair durable fault primary/before, prior source nonempty (23.179447ms)
✔ pair durable fault primary/after-throw, prior source nonempty (23.793569ms)
✔ pair durable fault primary/readback-throw, prior source nonempty (27.515137ms)
✔ pair durable fault primary/readback-mismatch, prior source nonempty (25.514702ms)
✔ pair durable fault source/before, prior source nonempty (37.788811ms)
✔ pair durable fault source/after-throw, prior source nonempty (33.767123ms)
✔ pair durable fault source/readback-throw, prior source nonempty (31.391047ms)
✔ pair durable fault source/readback-mismatch, prior source nonempty (18.801636ms)
✔ pair durable fault recovery/before, prior source nonempty (19.094345ms)
✔ pair durable fault recovery/after-throw, prior source nonempty (23.578498ms)
✔ pair durable fault recovery/readback-throw, prior source nonempty (21.205019ms)
✔ pair durable fault recovery/readback-mismatch, prior source nonempty (19.813904ms)
✔ pair durable fault remove/before, prior source nonempty (17.635812ms)
✔ pair durable fault remove/after-throw, prior source nonempty (27.927691ms)
✔ pair durable fault remove/readback-throw, prior source nonempty (19.048471ms)
✔ pair durable fault remove/readback-mismatch, prior source nonempty (22.255691ms)
✔ pair durable fault journal/before, prior source absent (26.064452ms)
✔ pair durable fault journal/after-throw, prior source absent (22.953812ms)
✔ pair durable fault journal/readback-throw, prior source absent (29.425155ms)
✔ pair durable fault journal/readback-mismatch, prior source absent (34.89406ms)
✔ pair durable fault primary/before, prior source absent (17.074094ms)
✔ pair durable fault primary/after-throw, prior source absent (21.290837ms)
✔ pair durable fault primary/readback-throw, prior source absent (19.453737ms)
✔ pair durable fault primary/readback-mismatch, prior source absent (18.48248ms)
✔ pair durable fault source/before, prior source absent (17.141995ms)
✔ pair durable fault source/after-throw, prior source absent (24.435834ms)
✔ pair durable fault source/readback-throw, prior source absent (20.279279ms)
✔ pair durable fault source/readback-mismatch, prior source absent (21.163904ms)
✔ pair durable fault recovery/before, prior source absent (19.540125ms)
✔ pair durable fault recovery/after-throw, prior source absent (22.772577ms)
✔ pair durable fault recovery/readback-throw, prior source absent (17.574115ms)
✔ pair durable fault recovery/readback-mismatch, prior source absent (21.354417ms)
✔ pair durable fault remove/before, prior source absent (18.186018ms)
✔ pair durable fault remove/after-throw, prior source absent (32.023945ms)
✔ pair durable fault remove/readback-throw, prior source absent (18.485609ms)
✔ pair durable fault remove/readback-mismatch, prior source absent (23.995575ms)
✔ pair durable fault journal/before, prior source nonempty, primary absent (14.235042ms)
✔ pair durable fault journal/after-throw, prior source nonempty, primary absent (16.443ms)
✔ pair durable fault journal/readback-throw, prior source nonempty, primary absent (19.55616ms)
✔ pair durable fault journal/readback-mismatch, prior source nonempty, primary absent (18.695701ms)
✔ pair durable fault primary/before, prior source nonempty, primary absent (13.377135ms)
✔ pair durable fault primary/after-throw, prior source nonempty, primary absent (16.049257ms)
✔ pair durable fault primary/readback-throw, prior source nonempty, primary absent (12.854226ms)
✔ pair durable fault primary/readback-mismatch, prior source nonempty, primary absent (19.769872ms)
✔ pair durable fault source/before, prior source nonempty, primary absent (12.770694ms)
✔ pair durable fault source/after-throw, prior source nonempty, primary absent (22.327138ms)
✔ pair durable fault source/readback-throw, prior source nonempty, primary absent (13.859049ms)
✔ pair durable fault source/readback-mismatch, prior source nonempty, primary absent (12.440677ms)
✔ pair durable fault recovery/before, prior source nonempty, primary absent (12.368028ms)
✔ pair durable fault recovery/after-throw, prior source nonempty, primary absent (18.628502ms)
✔ pair durable fault recovery/readback-throw, prior source nonempty, primary absent (13.538181ms)
✔ pair durable fault recovery/readback-mismatch, prior source nonempty, primary absent (13.475044ms)
✔ pair durable fault remove/before, prior source nonempty, primary absent (13.509803ms)
✔ pair durable fault remove/after-throw, prior source nonempty, primary absent (15.918003ms)
✔ pair durable fault remove/readback-throw, prior source nonempty, primary absent (15.179177ms)
✔ pair durable fault remove/readback-mismatch, prior source nonempty, primary absent (14.609603ms)
✔ pair durable fault journal/before, prior source absent, primary absent (20.104414ms)
✔ pair durable fault journal/after-throw, prior source absent, primary absent (19.469748ms)
✔ pair durable fault journal/readback-throw, prior source absent, primary absent (16.930887ms)
✔ pair durable fault journal/readback-mismatch, prior source absent, primary absent (17.913845ms)
✔ pair durable fault primary/before, prior source absent, primary absent (8.142068ms)
✔ pair durable fault primary/after-throw, prior source absent, primary absent (10.577439ms)
✔ pair durable fault primary/readback-throw, prior source absent, primary absent (13.330556ms)
✔ pair durable fault primary/readback-mismatch, prior source absent, primary absent (11.739006ms)
✔ pair durable fault source/before, prior source absent, primary absent (13.71831ms)
✔ pair durable fault source/after-throw, prior source absent, primary absent (23.045466ms)
✔ pair durable fault source/readback-throw, prior source absent, primary absent (21.597297ms)
✔ pair durable fault source/readback-mismatch, prior source absent, primary absent (21.711243ms)
✔ pair durable fault recovery/before, prior source absent, primary absent (24.156148ms)
✔ pair durable fault recovery/after-throw, prior source absent, primary absent (33.379662ms)
✔ pair durable fault recovery/readback-throw, prior source absent, primary absent (13.240296ms)
✔ pair durable fault recovery/readback-mismatch, prior source absent, primary absent (13.163316ms)
✔ pair durable fault remove/before, prior source absent, primary absent (13.779603ms)
✔ pair durable fault remove/after-throw, prior source absent, primary absent (28.358919ms)
✔ pair durable fault remove/readback-throw, prior source absent, primary absent (19.953418ms)
✔ pair durable fault remove/readback-mismatch, prior source absent, primary absent (17.061035ms)
✔ startup crash recovery after journal, source nonempty (32.251626ms)
✔ startup crash recovery after primary, source nonempty (33.613311ms)
✔ startup crash recovery after source, source nonempty (31.827056ms)
✔ startup crash recovery after recovery, source nonempty (34.052902ms)
✔ startup crash recovery after remove, source nonempty (25.149015ms)
✔ startup crash recovery after journal, source absent (30.458872ms)
✔ startup crash recovery after primary, source absent (27.558309ms)
✔ startup crash recovery after source, source absent (32.121166ms)
✔ startup crash recovery after recovery, source absent (31.104898ms)
✔ startup crash recovery after remove, source absent (19.738123ms)
✔ startup crash recovery after journal, source nonempty, primary absent (19.077746ms)
✔ startup crash recovery after primary, source nonempty, primary absent (24.571691ms)
✔ startup crash recovery after source, source nonempty, primary absent (26.121303ms)
✔ startup crash recovery after recovery, source nonempty, primary absent (27.131254ms)
✔ startup crash recovery after remove, source nonempty, primary absent (18.32577ms)
✔ startup crash recovery after journal, source absent, primary absent (19.460836ms)
✔ startup crash recovery after primary, source absent, primary absent (21.631812ms)
✔ startup crash recovery after source, source absent, primary absent (25.734802ms)
✔ startup crash recovery after recovery, source absent, primary absent (27.458567ms)
✔ startup crash recovery after remove, source absent, primary absent (16.873682ms)
✔ conditional rollback fault primary/before, source nonempty (31.474378ms)
✔ conditional rollback fault primary/after-throw, source nonempty (19.276627ms)
✔ conditional rollback fault primary/readback-throw, source nonempty (27.881062ms)
✔ conditional rollback fault primary/crash, source nonempty (27.319694ms)
✔ conditional rollback fault source/before, source nonempty (28.109665ms)
✔ conditional rollback fault source/after-throw, source nonempty (18.464241ms)
✔ conditional rollback fault source/readback-throw, source nonempty (27.716674ms)
✔ conditional rollback fault source/crash, source nonempty (27.94732ms)
✔ conditional rollback fault recovery/before, source nonempty (65.711588ms)
✔ conditional rollback fault recovery/after-throw, source nonempty (47.555908ms)
✔ conditional rollback fault recovery/readback-throw, source nonempty (65.598063ms)
✔ conditional rollback fault recovery/crash, source nonempty (66.998097ms)
✔ conditional rollback fault journal/before, source nonempty (27.619363ms)
✔ conditional rollback fault journal/after-throw, source nonempty (19.448387ms)
✔ conditional rollback fault journal/readback-throw, source nonempty (18.5583ms)
✔ conditional rollback fault journal/crash, source nonempty (18.976446ms)
✔ conditional rollback fault primary/before, source absent (30.098105ms)
✔ conditional rollback fault primary/after-throw, source absent (18.024834ms)
✔ conditional rollback fault primary/readback-throw, source absent (27.5886ms)
✔ conditional rollback fault primary/crash, source absent (27.14858ms)
✔ conditional rollback fault source/before, source absent (27.058254ms)
✔ conditional rollback fault source/after-throw, source absent (20.002586ms)
✔ conditional rollback fault source/readback-throw, source absent (26.299736ms)
✔ conditional rollback fault source/crash, source absent (27.113942ms)
✔ conditional rollback fault recovery/before, source absent (64.766659ms)
✔ conditional rollback fault recovery/after-throw, source absent (45.743179ms)
✔ conditional rollback fault recovery/readback-throw, source absent (65.078803ms)
✔ conditional rollback fault recovery/crash, source absent (64.172691ms)
✔ conditional rollback fault journal/before, source absent (27.980583ms)
✔ conditional rollback fault journal/after-throw, source absent (18.378669ms)
✔ conditional rollback fault journal/readback-throw, source absent (18.780463ms)
✔ conditional rollback fault journal/crash, source absent (18.419976ms)
✔ conditional rollback fault primary/before, source nonempty, primary absent (26.470211ms)
✔ conditional rollback fault primary/after-throw, source nonempty, primary absent (13.035435ms)
✔ conditional rollback fault primary/readback-throw, source nonempty, primary absent (20.783616ms)
✔ conditional rollback fault primary/crash, source nonempty, primary absent (20.047513ms)
✔ conditional rollback fault source/before, source nonempty, primary absent (20.010395ms)
✔ conditional rollback fault source/after-throw, source nonempty, primary absent (12.481059ms)
✔ conditional rollback fault source/readback-throw, source nonempty, primary absent (19.56256ms)
✔ conditional rollback fault source/crash, source nonempty, primary absent (19.912241ms)
✔ conditional rollback fault recovery/before, source nonempty, primary absent (59.219079ms)
✔ conditional rollback fault recovery/after-throw, source nonempty, primary absent (40.797356ms)
✔ conditional rollback fault recovery/readback-throw, source nonempty, primary absent (58.250211ms)
✔ conditional rollback fault recovery/crash, source nonempty, primary absent (58.271396ms)
✔ conditional rollback fault journal/before, source nonempty, primary absent (19.068987ms)
✔ conditional rollback fault journal/after-throw, source nonempty, primary absent (12.369797ms)
✔ conditional rollback fault journal/readback-throw, source nonempty, primary absent (13.938039ms)
✔ conditional rollback fault journal/crash, source nonempty, primary absent (13.136605ms)
✔ conditional rollback fault primary/before, source absent, primary absent (25.122314ms)
✔ conditional rollback fault primary/after-throw, source absent, primary absent (11.859825ms)
✔ conditional rollback fault primary/readback-throw, source absent, primary absent (18.336732ms)
✔ conditional rollback fault primary/crash, source absent, primary absent (19.140176ms)
✔ conditional rollback fault source/before, source absent, primary absent (18.300754ms)
✔ conditional rollback fault source/after-throw, source absent, primary absent (12.961244ms)
✔ conditional rollback fault source/readback-throw, source absent, primary absent (18.989835ms)
✔ conditional rollback fault source/crash, source absent, primary absent (19.889697ms)
✔ conditional rollback fault recovery/before, source absent, primary absent (56.120727ms)
✔ conditional rollback fault recovery/after-throw, source absent, primary absent (41.081777ms)
✔ conditional rollback fault recovery/readback-throw, source absent, primary absent (55.715265ms)
✔ conditional rollback fault recovery/crash, source absent, primary absent (56.531895ms)
✔ conditional rollback fault journal/before, source absent, primary absent (18.90794ms)
✔ conditional rollback fault journal/after-throw, source absent, primary absent (13.132327ms)
✔ conditional rollback fault journal/readback-throw, source absent, primary absent (11.805011ms)
✔ conditional rollback fault journal/crash, source absent, primary absent (12.037425ms)
✔ startup covers exact before-before state (26.687549ms)
✔ startup covers exact after-before state (28.370752ms)
✔ startup covers exact before-after state (26.911037ms)
✔ startup covers exact after-after state (29.799743ms)
✔ startup recovery durable fault primary-rollback/before (39.070278ms)
✔ startup recovery durable fault primary-rollback/after-throw (29.435542ms)
✔ startup recovery durable fault primary-rollback/readback-throw (42.244839ms)
✔ startup recovery durable fault primary-rollback/crash (34.915052ms)
✔ startup recovery durable fault source-rollback/before (26.830625ms)
✔ startup recovery durable fault source-rollback/after-throw (24.554641ms)
✔ startup recovery durable fault source-rollback/readback-throw (34.226551ms)
✔ startup recovery durable fault source-rollback/crash (32.861156ms)
✔ startup recovery durable fault recovery-finalize/before (38.7866ms)
✔ startup recovery durable fault recovery-finalize/after-throw (35.894194ms)
✔ startup recovery durable fault recovery-finalize/readback-throw (39.047427ms)
✔ startup recovery durable fault recovery-finalize/crash (37.899785ms)
✔ startup recovery durable fault journal-remove/before (38.038595ms)
✔ startup recovery durable fault journal-remove/after-throw (42.25609ms)
✔ startup recovery durable fault journal-remove/readback-throw (30.328ms)
✔ startup recovery durable fault journal-remove/crash (34.439752ms)
✔ startup third values and arbitrary journal targets preserve every live byte and rescue evidence (176.889527ms)
✔ third value arriving during rollback is never replaced (21.072224ms)
✔ old cooperating writer waits on the existing primary lock and cannot overwrite a completed pair (13.768361ms)
✔ observers see both adopted domains and cannot convert success to failure (17.347269ms)
✔ stale clean in-memory export is rescue, never silently substitutes an old domain (7.242866ms)
✔ pre-write read denial for ran_hsk1_modular_v1 creates no mutation (7.413145ms)
✔ pre-write read denial for ran_hsk1_textbook_source_v1 creates no mutation (10.551904ms)
✔ pre-write read denial for ran_hsk1_source_pair_journal_v1 creates no mutation (12.545146ms)
✔ pre-write read denial for ran_hsk1_source_pair_recovery_v1 creates no mutation (8.801237ms)
✔ invalid nested source recovery and primary grades in journal remain inert (53.899121ms)
✔ a newer value discovered after final journal removal is preserved and journal evidence is re-established (29.723436ms)
✔ opaque store participants reject copied cross-scope consumed and not-readback-verified tokens (11.192409ms)
✔ dirty state is transient, survives a queued write, and clears only after confirmed save or explicit reload (5.876153ms)
✔ a clean external conflict is not dirty, but a conflicting local edit remains dirty after failed save (0.684933ms)
✔ replacement and recovery commit in one write, never nest, and restore submitted A with draft B (1.657094ms)
✔ quota leaves original raw intact and exports the actual unsaved multiline draft (0.982131ms)
✔ a denied import changes neither current data nor original raw, while its candidate remains exportable (0.613441ms)
✔ read access denial and missing Web Locks prevent writes but allow exporting memory work (0.86199ms)
✔ two cooperating tabs sharing a lock keep the first commit and reject the second without losing its draft (0.769822ms)
✔ a preview expires after a local edit, including an edit while confirmation waits for the lock (1.394011ms)
✔ same revision with different raw is a conflict for preview confirmation and ordinary save (1.144784ms)
✔ a preview held by the service is immune to mutation or fabrication by its caller (1.508337ms)
✔ corrupt current JSON, app, schema, or recovery stays byte-for-byte exportable and cannot be overwritten (1.101231ms)
✔ invalid backup identity and learning schema reject before any write; backup excludes unrelated auth keys (0.914796ms)
✔ queued save and confirmation cannot write or publish after disposal (0.748765ms)
✔ a write that takes effect and then throws is accepted only after exact read-back confirmation (0.596977ms)
✔ read-back denial never reports saved even when the attempted write may have reached storage (0.520383ms)
✔ an unexpected third-party value is never rolled back after a failed write (0.615458ms)
✔ frozen textbook keeps 15 lessons, 342 rows, 45 scenes and 40 grammar plus 3 phonetics (10.827235ms)
✔ all 344 declared senses resolve exact catalog audio and provenance without merging 342 rows (13.53675ms)
✔ 14 unsupported lesson 4 words stay unavailable with accurate original-audio explanation (11.896732ms)
✔ multi-sense 天 and 上 retain separate declared clips while same-form 在 stays in its lesson (0.602488ms)
✔ all 45 whole scenes and every line use frozen original tracks and unmodified segment ranges (5.102454ms)
✔ all lesson vocabulary playlists preserve three whole tracks and only lessons 1–3 have tongue tracks (2.202183ms)
✔ foreign lesson IDs, scene/line IDs and unknown words never resolve arbitrary clips (0.222454ms)
✔ validation rejects missing or duplicate content, wrong phonetics placement and mixed baselines (75.758094ms)
✔ invalid boundaries, source paths, swapped scenes and undeclared foreign audio fail instead of clamping (138.76278ms)
✔ wrong catalog identity, missing declaration and off-by-one word timing reject the complete load (68.840874ms)
✔ immutable loaded content is isolated from caller mutations and does not alter frozen inputs (57.762068ms)
✔ approved source corrections appear in the display with provenance while the frozen input stays unchanged (40.72662ms)
✔ display repairs preserve every stable identity, catalog sense, scene and line audio boundary (16.542936ms)
✔ stale baselines, mistaken targets, forbidden fields and incomplete provenance reject the whole display revision (238.325638ms)
✔ frozen book validation runs before display correction, so overlays cannot hide invalid source data (21.181833ms)
✔ later approved Vietnamese copy can use the same narrow display mechanism without changing histories or audio (22.021033ms)
✔ every textbook section and player/save state has explicit Chinese and Vietnamese copy (7.941271ms)
✔ known failures translate exactly and unknown diagnostics remain available without a guessed translation (0.330972ms)
✔ dynamic Hanzi and practice labels keep counts and characters in both languages (0.365387ms)
✔ practice instructions add no answer material and do not alter the question bank (12.879894ms)
✔ the existing 150 corrected textbook questions remain unchanged while explicit legacy targets are added (33.157791ms)
✔ textbook review grades all 160 retained and restored questions separately and permits unselected submissions (4.732635ms)
✔ review generation and grading do not mutate the frozen lesson or caller selections; invalid indexes count as unselected (1.40353ms)
✔ the bundled Hanzi Writer 3.7.3 body is byte-identical to the frozen source; only the lifecycle adapter is added (1.172978ms)
✔ the Hanzi lifecycle adapter removes every pointer listener and cancels active quiz/render work on disposal (2.577036ms)
✔ all ten audited legacy word targets use current corrected text and no replaced source sentence returns (3.012874ms)
✔ listen-only and hide-original survive tabs, picker, arrows and history-equivalent route updates (16.359943ms)
✔ hidden line controls keep neutral labels, stop old scene media, and remain playable (2.571786ms)
✔ all 45 frozen scenes bind 48 reviewed crops without inferring from scene names (29.127728ms)
✔ scene crops reject changed source hashes, page bindings and paths (6.695264ms)
✔ family 1: inactive read/profile/no-op answer does not create presentation or alter raw grading (33.839561ms)
✔ family 2: first real answer captures displayed revision; reload/continued answers retain it while profile and reads are inert (50.28634ms)
✔ family 3: legacy unbound draft and old submission remain baseline despite a new active display revision (24.931836ms)
✔ family 4: same-clock same-answer submissions get distinct binding IDs and exact first/current/latest/history display (62.489825ms)
✔ family 5: history cap20 keeps first binding/payload and collects only unreferenced revisions (1109.613135ms)
✔ family 6: restart clears current/draft only, preserves first/latest/history; next fresh answer may bind new revision (26.813776ms)
✔ family 7: listening round is fixed across reload; randomized option indices and raw answers/fingerprints stay authoritative (43.08002ms)
✔ family 8: full backup/import/recovery round-trips display and raw authority together without applying current revision (43.357248ms)
✔ family 9: strict import rejects wrong raw authority, foreign owner, sealed Chinese field, orphan payload, duplicate history binding and unknown key atomically (68.638667ms)
✔ family 10: scoped lesson/version/module reset prunes matching presentation and preserves unrelated homework/listening data (73.233145ms)
✔ family 11: explicit legacy replacement clears only its replaced display domain; discovery preserves valid existing bindings (51.96588ms)
✔ family 12: quota/held-lock retain H1 live-unsaved submission+display export; retry writes the same binding once (54.665313ms)
✔ archive projection preserves distinct same-clock logical slots while raw answer/grade and raw task stay explicit (46.6211ms)
✔ UTF-8 budget is enforced on actual multilingual bytes, with no truncation of saved Vietnamese (24.576612ms)
✔ paired backup/import/restore carries nonempty presentation and independent source data atomically (136.696885ms)
✔ partial listening reset retains other lesson display/response bindings and trims round payload by actual kept IDs (84.18957ms)
✔ baseline unbound listening round after an old revision updates latest as baseline without retagging it (27.776764ms)
✔ cap20 import cannot merge the real first logical submission with later same-clock binding (823.090973ms)
✔ exhaustive browser batches cover every frozen sense once, all 330 audio records, and all 14 missing-audio records (2.265019ms)
✔ vocabulary exposes exactly the frozen 344 sense records / 319 forms with all editorial source and category fields intact (160.837085ms)
✔ all 330 audio requests resolve exact same-lesson original word ranges with no answer-bearing label or synthetic clip (88.714898ms)
✔ all 14 no-audio records remain explicit null, correspond to the L4 numeric table, and never borrow another lesson clip (61.724405ms)
✔ record shape, stable identity, counts, sense separation and complete source provenance are validated (372.951697ms)
✔ missing, duplicated, orphan or substituted audio metadata is rejected before any resolver is returned (199.415749ms)
✔ no-audio declarations cannot disappear, duplicate, point at a different sense, or acquire a fabricated clip (165.955758ms)
✔ range validation rejects negative, zero, nonfinite, beyond-track and same-lesson non-vocabulary clips (75.291847ms)
✔ actual SHA256 verification rejects valid-shaped editorial, clip and original-track metadata drift (314.790275ms)
✔ content snapshots are deeply readonly and stable across caller mutations during asynchronous validation (81.490293ms)
✔ loader fetches the frozen sources and approved display sidecar with AbortSignal, with HTTP failure visible (60.471261ms)
✔ aborted loads and in-flight hashes cannot deliver content to a departed view (12.656221ms)
✔ current textbook examples preserve exact Chinese, pinyin, Vietnamese and lesson sources without copying audio (107.196755ms)
✔ every polysemous sense has a reviewed same-lesson example; homographs never share the wrong use (54.188071ms)
✔ examples reject another baseline and unverified text; asynchronous reads do not expose caller mutations (135.415203ms)
✔ live vocabulary examples share the validated textbook display and preserve all frozen identity, rating and audio data (129.090629ms)
✔ display examples reject unverified source hashes, stale revisions and ambiguous or unreviewed sense anchors (193.162599ms)
✔ asynchronous display snapshots ignore caller mutations and remain deeply readonly (101.244859ms)
✔ an existing rated vocabulary review and schedule restore unchanged with the live display examples (104.467477ms)
✔ construction and reads do not create reviews; rejected empty actions do not schedule saves (71.739183ms)
✔ first route selects its lesson once, review visit never replaces the queue or enables due automatically (98.433128ms)
✔ supported preferences normalize with no-op saves; invalid values cannot corrupt any practice field (76.762438ms)
✔ all lessons expose exactly 344 distinct sense cards and 319 forms while preserving every source (53.604573ms)
✔ same sense merges across selected lessons only and never borrows audio from an unselected source (21.264154ms)
✔ homographs 家 在 天 上 retain separate sense identities and schedules (86.684917ms)
✔ all, unfamiliar, wrong and due use selected senses and latest self-ratings without changing the active queue (56.551504ms)
✔ free movement preserves each card while reveal still gates rating and repeated actions do not duplicate writes (61.201391ms)
✔ skipping preserves existing schedules and all queue options, including due cards with an earlier unrated gap (45.059721ms)
✔ unrated gaps and the exact saved position survive reload and backup import without losing skipped cards (234.493958ms)
✔ out-of-order self-ratings complete only after every card is rated and preserve the true completion time (38.813013ms)
✔ single-card and last-card next calls are no-ops even without revealing or rating (12.139795ms)
✔ again, hard, good and early good exactly preserve the existing simple schedule semantics (32.994589ms)
✔ a rated card stays current in a due round even when current preferences change lesson, direction and filter (56.465543ms)
✔ shuffled order, position, reveal, self-ratings, preferences and source selection resume after actual save and backup import (98.766441ms)
✔ vocabulary edits preserve homework, listening, reading stars and legacy original bytes (30.381891ms)
✔ invalid clock or shuffle source cannot replace an existing round; changed sense identity cannot inherit self-ratings (84.936579ms)
✔ quota failure and cross-tab conflict preserve the self-rating in exportable memory without pretending to save (88.695935ms)
✔ mixed search matches Chinese, Vietnamese and unaccented/spaceless pinyin without merging senses (268.140822ms)
✔ search intersects lesson and rating filters; empty searches cannot replace a saved round (198.425457ms)
✔ searched queues retain exact ordering, saved scope and unrated gaps through reload and backup import (215.07108ms)
✔ saved search never permits foreign, omitted, or substituted queue members (59.701282ms)
ℹ tests 630
ℹ suites 0
ℹ pass 630
ℹ fail 0
ℹ cancelled 0
ℹ skipped 0
ℹ todo 0
ℹ duration_ms 19346.975743
