✔ SYNTHETIC two-host five-width reporter-format fixture passes the strict guard (5.266993ms)
✔ SYNTHETIC merged spec IDs remain unique per actual host project (2.285242ms)
✔ native-format guard rejects collection (2.181489ms)
✔ native-format guard rejects skip (2.110623ms)
✔ native-format guard rejects retry (0.599082ms)
✔ native-format guard rejects twoResults (0.800652ms)
✔ native-format guard rejects expectedFailure (0.630148ms)
✔ native-format guard rejects perCaseError (0.49703ms)
✔ native-format guard rejects globalError (1.161109ms)
✔ native-format guard rejects wrongEngine (0.522708ms)
✔ native-format guard rejects missingHost (0.411362ms)
✔ native-format guard rejects configuredRetries (0.419835ms)
✔ native-format guard rejects configuredRepeat (0.485402ms)
✔ native-format guard rejects foreignFile (0.805039ms)
✔ native-format guard rejects missingCase (0.965828ms)
✔ native-format guard rejects duplicateCase (1.420736ms)
✔ native-format guard rejects unknownWidth (0.430912ms)
✔ native-format guard rejects flaky (2.633601ms)
✔ native-format guard rejects missingActualLayout (0.545953ms)
✔ native-format guard rejects wrongActualViewport (0.44992ms)
✔ native-format guard rejects noActualDuration (0.414167ms)
✔ native-format guard rejects skippedAnnotation (0.382109ms)
✔ native-format guard rejects noFullFontFit (0.376971ms)
✔ SYNTHETIC 90-entry screenshot manifest matches the exact ten cases (1.552292ms)
✔ screenshot set rejects missingPNG (0.75202ms)
✔ screenshot set rejects duplicatePNG (1.286085ms)
✔ screenshot set rejects wrongViewport (0.909314ms)
✔ screenshot set rejects truncatedRaster (1.468066ms)
✔ screenshot set rejects missingByteHash (1.365273ms)
✔ SYNTHETIC real 1x1 PNG byte FORMAT fully inflates with complete CRC chunks (1.288078ms)
✔ PNG full-byte guard rejects truncated (0.347517ms)
✔ PNG full-byte guard rejects trailing (0.276051ms)
✔ PNG full-byte guard rejects badCRC (0.465243ms)
✔ PNG full-byte guard rejects badFilter (0.42991ms)
✔ SYNTHETIC exact 18 fixed command receipts pass (0.806832ms)
✔ command guard rejects missingCommand (0.459273ms)
✔ command guard rejects duplicateLabel (0.164074ms)
✔ command guard rejects wrongCommand (0.666452ms)
✔ command guard rejects wrongCwd (0.45383ms)
✔ command guard rejects failedCommand (0.206948ms)
✔ command guard rejects signal (0.20148ms)
✔ command guard rejects spawnError (0.605302ms)
✔ command guard rejects wrongSource (0.28866ms)
✔ command guard rejects wrongRun (0.274659ms)
✔ command guard rejects changedLog (0.297313ms)
✔ command guard rejects skipped unit output (0.183724ms)
✔ command guard rejects zero-test unit output (0.207639ms)
✔ command guard rejects missingNativeLogger (0.265455ms)
✔ command guard rejects wrongNativeLogger (0.244925ms)
✔ command guard rejects unapprovedEnvironment (0.346576ms)
✔ SYNTHETIC chromium launch FORMAT binds actual selected path, headless args and PIDs (0.504501ms)
✔ SYNTHETIC webkit launch FORMAT binds actual selected path, headless args and PIDs (0.148711ms)
✔ SYNTHETIC launch FORMAT accepts actual ANSI logger prefixes (0.257043ms)
✔ launch guard rejects noLog (0.162933ms)
✔ launch guard rejects wrongActualEntry (0.217994ms)
✔ launch guard rejects noHeadless (0.150545ms)
✔ launch guard rejects wrongTransport (0.137475ms)
✔ launch guard rejects missingPID (0.169343ms)
✔ launch guard rejects duplicatePID (0.129513ms)
✔ launch guard rejects onlyOneHost (0.115282ms)
✔ launch guard rejects wrongLogger (0.148511ms)
✔ launch guard rejects headedSelector (0.111556ms)
✔ launch guard rejects fullChromeSelector (0.117365ms)
✔ launch guard rejects explicitChannel (0.444752ms)
✔ launch guard rejects overrideExecutable (0.203322ms)
✔ launch guard rejects malformedLaunch (0.116744ms)
ℹ tests 66
ℹ suites 0
ℹ pass 66
ℹ fail 0
ℹ cancelled 0
ℹ skipped 0
ℹ todo 0
ℹ duration_ms 188.289219
