Listing tests:
  [chromium] › unified-source.spec.ts:8:42 › unified packaged entry portal loads actual source crops with nonempty legacy state
  [chromium] › unified-source.spec.ts:8:42 › unified packaged entry new-hsk1 loads actual source crops with nonempty legacy state
  [chromium] › unified-source.spec.ts:8:42 › unified packaged entry new-hsk1/hsk1 loads actual source crops with nonempty legacy state
  [chromium] › unified-source.spec.ts:8:42 › unified packaged entry new-hsk2 loads actual source crops with nonempty legacy state
  [chromium] › unified-source.spec.ts:8:42 › unified packaged entry new-hsk2/hsk2 loads actual source crops with nonempty legacy state
  [chromium] › unified-source.spec.ts:8:42 › unified packaged entry new-hsk3 loads actual source crops with nonempty legacy state
  [chromium] › unified-source.spec.ts:8:42 › unified packaged entry new-hsk3/hsk3 loads actual source crops with nonempty legacy state
  [chromium] › unified-source.spec.ts:27:1 › nested HSK1 textbook originals and original audio resolve against shared course engine
  [chromium] › unified-source.spec.ts:39:1 › assembled HTTP bytes match frozen identity and private baseline/source paths are not served
  [webkit] › unified-source.spec.ts:8:42 › unified packaged entry portal loads actual source crops with nonempty legacy state
  [webkit] › unified-source.spec.ts:8:42 › unified packaged entry new-hsk1 loads actual source crops with nonempty legacy state
  [webkit] › unified-source.spec.ts:8:42 › unified packaged entry new-hsk1/hsk1 loads actual source crops with nonempty legacy state
  [webkit] › unified-source.spec.ts:8:42 › unified packaged entry new-hsk2 loads actual source crops with nonempty legacy state
  [webkit] › unified-source.spec.ts:8:42 › unified packaged entry new-hsk2/hsk2 loads actual source crops with nonempty legacy state
  [webkit] › unified-source.spec.ts:8:42 › unified packaged entry new-hsk3 loads actual source crops with nonempty legacy state
  [webkit] › unified-source.spec.ts:8:42 › unified packaged entry new-hsk3/hsk3 loads actual source crops with nonempty legacy state
  [webkit] › unified-source.spec.ts:27:1 › nested HSK1 textbook originals and original audio resolve against shared course engine
  [webkit] › unified-source.spec.ts:39:1 › assembled HTTP bytes match frozen identity and private baseline/source paths are not served
Total: 18 tests in 1 file
