✔ prior fallback records remain separate immutable history with human-readable source context (8.591438ms)
✔ active controls, another lesson and another edition never enter this lesson archive (2.046359ms)
✔ nonempty old records survive actual storage save reload export restore without creating new activity submissions (4.883028ms)
✔ HSK2 homework quota rejection leaves receipts out of the live draft and later ordinary saves (9.474007ms)
✔ HSK2 homework waits without an adopted receipt and confirms exactly one immutable attempt (1.355781ms)
✔ HSK2 homework cancelled lock wait cannot reappear in a later draft save (1.415921ms)
✔ HSK2 homework newer answer during a lock wait wins without a submission (1.065964ms)
✔ HSK2 individual listening quota rejection leaves receipts out of the live draft and later ordinary saves (11.706446ms)
✔ HSK2 individual listening waits without an adopted receipt and confirms exactly one immutable attempt (1.616743ms)
✔ HSK2 individual listening cancelled lock wait cannot reappear in a later draft save (5.703362ms)
✔ HSK2 individual listening newer answer during a lock wait wins without a submission (1.629813ms)
✔ HSK3 homework quota rejection leaves receipts out of the live draft and later ordinary saves (1.490192ms)
✔ HSK3 homework waits without an adopted receipt and confirms exactly one immutable attempt (1.184462ms)
✔ HSK3 homework cancelled lock wait cannot reappear in a later draft save (0.82386ms)
✔ HSK3 homework newer answer during a lock wait wins without a submission (0.875878ms)
✔ HSK3 individual listening quota rejection leaves receipts out of the live draft and later ordinary saves (1.364263ms)
✔ HSK3 individual listening waits without an adopted receipt and confirms exactly one immutable attempt (1.180397ms)
✔ HSK3 individual listening cancelled lock wait cannot reappear in a later draft save (0.833314ms)
✔ HSK3 individual listening newer answer during a lock wait wins without a submission (0.692843ms)
✔ individual listening rejects stale rounds, answers and already submitted questions (1.215499ms)
✔ an unavailable write lock never adopts a homework receipt (0.980986ms)
✔ HSK2: first actual answer freezes the shown questions and later VI edits do not rewrite the draft (12.135611ms)
✔ HSK2: active VI needs explicit legacy draft review without inventing or losing older answers (4.747253ms)
✔ HSK2: inactive old draft stays editable and can repair incomplete out-of-range answers (3.639406ms)
✔ HSK2: changed grading authority cannot be paired with a saved draft (4.613131ms)
✔ HSK2: saved draft round-trips backup/import/recovery and rejects malformed snapshot identities atomically (7.714899ms)
✔ HSK2: listening captures individual shown questions and preserves old text through reload (2.37241ms)
✔ HSK2: older listening choices require review only during active VI; malformed snapshot cannot import (1.849994ms)
✔ HSK2: committing a draft cannot substitute a newer VI question behind the saved answers (9.441597ms)
✔ HSK2: listening commit freezes its draft question and a rejected substitute writes nothing (2.36596ms)
✔ HSK3: first actual answer freezes the shown questions and later VI edits do not rewrite the draft (2.701164ms)
✔ HSK3: active VI needs explicit legacy draft review without inventing or losing older answers (1.913138ms)
✔ HSK3: inactive old draft stays editable and can repair incomplete out-of-range answers (2.35305ms)
✔ HSK3: changed grading authority cannot be paired with a saved draft (3.492706ms)
✔ HSK3: saved draft round-trips backup/import/recovery and rejects malformed snapshot identities atomically (4.321763ms)
✔ HSK3: listening captures individual shown questions and preserves old text through reload (1.51517ms)
✔ HSK3: older listening choices require review only during active VI; malformed snapshot cannot import (1.54159ms)
✔ HSK3: committing a draft cannot substitute a newer VI question behind the saved answers (7.140114ms)
✔ HSK3: listening commit freezes its draft question and a rejected substitute writes nothing (1.997876ms)
✔ edition and level identities reject cross-course data (1.759908ms)
✔ new stores do not read or mutate nonempty legacy and HSK1 records (3.601769ms)
✔ first submission is immutable, latest updates without overwriting draft answer text (2.43263ms)
✔ manual writing never receives automatic points (0.248915ms)
✔ automatic choices and ordering grade exact IDs (0.250437ms)
✔ save failure preserves draft and does not create success (0.574295ms)
✔ competing tabs produce conflict instead of lost updates (0.479001ms)
✔ backup preview, import and reset recovery are edition-isolated (1.082929ms)
✔ stale import preview cannot replace later edits (0.39899ms)
✔ corrupt original storage is protected and exportable (0.51184ms)
✔ invalid imported scores, duplicate queues and legacy lesson numbers fail (0.296215ms)
✔ routing normalizes invalid courses while retaining valid lesson 18 (0.970681ms)
ℹ tests 51
ℹ suites 0
ℹ pass 51
ℹ fail 0
ℹ cancelled 0
ℹ skipped 0
ℹ todo 0
ℹ duration_ms 253.089192
