npm warn Unknown env config "http-proxy". This will stop working in the next major version of npm.

> hsk1-modular-app@0.1.0 build
> npm run index:check && npm run check && vite build

npm warn Unknown env config "http-proxy". This will stop working in the next major version of npm.

> hsk1-modular-app@0.1.0 index:check
> node tools/course-index.mjs

{"courseIndex":"PASS","lessons":15,"mode":"check"}
npm warn Unknown env config "http-proxy". This will stop working in the next major version of npm.

> hsk1-modular-app@0.1.0 check
> tsc --noEmit

vite v8.3.2 building client environment for production...
transforming...
✓ 152 modules transformed.
rendering chunks...
computing gzip size...
dist/index.html                                         0.41 kB │ gzip:   0.29 kB
dist/assets/course-index-BKGnz4SX.json                  4.87 kB │ gzip:   1.18 kB
dist/assets/textbook-display-revisions-DWScioD2.json   26.13 kB │ gzip:   4.78 kB
dist/assets/stage2-bank-DOB9KrMv.json                 269.65 kB │ gzip:  47.51 kB
dist/assets/media-references-DD5E_5K_.json            287.06 kB │ gzip:  57.51 kB
dist/assets/stage3-catalog-CH6Cx7h7.json              384.02 kB │ gzip:  67.91 kB
dist/assets/textbook-ksDEYuz_.json                    741.67 kB │ gzip:  91.65 kB
dist/assets/progress-DgeKDxiU.css                       1.57 kB │ gzip:   0.62 kB
dist/assets/archive-BMfTkVw2.css                        1.93 kB │ gzip:   0.74 kB
dist/assets/data-panel-BgEWndCN.css                     3.56 kB │ gzip:   1.10 kB
dist/assets/source-activities-CUgKkJar.css              4.99 kB │ gzip:   1.38 kB
dist/assets/listening-DTyrhIy_.css                      5.80 kB │ gzip:   1.60 kB
dist/assets/view-BYaiqWuX.css                           6.25 kB │ gzip:   1.79 kB
dist/assets/homework-8E-U9jBU.css                       8.11 kB │ gzip:   2.06 kB
dist/assets/index-MPNZzdK3.css                         10.90 kB │ gzip:   3.07 kB
dist/assets/textbook-C3WDdBPz.css                      12.11 kB │ gzip:   3.12 kB
dist/assets/textbook-BNPI77hK.js                        0.12 kB │ gzip:   0.13 kB │ map:     0.33 kB
dist/assets/official-vi-registry-Bgu-m4P4.js            0.13 kB │ gzip:   0.14 kB │ map:     0.12 kB
dist/assets/review-Cr3VB2Hj.js                          0.13 kB │ gzip:   0.13 kB │ map:     0.54 kB
dist/assets/vocabulary-DLFpIcZf.js                      0.13 kB │ gzip:   0.14 kB │ map:     0.45 kB
dist/assets/stage3-catalog-BDgGKH7A.js                  0.14 kB │ gzip:   0.14 kB │ map:     0.34 kB
dist/assets/media-references-DyNdsQyY.js                0.14 kB │ gzip:   0.14 kB │ map:     0.35 kB
dist/assets/rolldown-runtime-DK3Fl9T5.js                0.15 kB │ gzip:   0.15 kB
dist/assets/textbook-display-revisions-CGs5GDJK.js      0.16 kB │ gzip:   0.15 kB │ map:     0.38 kB
dist/assets/asset-base-DAkFL0yR.js                      0.20 kB │ gzip:   0.18 kB │ map:     0.55 kB
dist/assets/ui-CxaC-oUV.js                              0.38 kB │ gzip:   0.28 kB │ map:     1.62 kB
dist/assets/dom-BJmkQeTk.js                             0.51 kB │ gzip:   0.36 kB │ map:     1.92 kB
dist/assets/content--PZSvQJH.js                         1.07 kB │ gzip:   0.63 kB │ map:     3.45 kB
dist/assets/textbook-restored-targets-BYEde6lT.js       1.63 kB │ gzip:   0.36 kB │ map:     0.13 kB
dist/assets/homework-C7rR7QKa.js                        1.85 kB │ gzip:   1.04 kB │ map:     6.88 kB
dist/assets/session-CvC6e90t.js                         2.33 kB │ gzip:   1.20 kB │ map:     8.34 kB
dist/assets/mixed-state-7Oiw2hir.js                     3.15 kB │ gzip:   1.44 kB │ map:    11.24 kB
dist/assets/progress-BaH6nR7Z.js                        3.23 kB │ gzip:   1.54 kB │ map:     8.64 kB
dist/assets/home-C8oWQLot.js                            4.34 kB │ gzip:   2.04 kB │ map:    13.93 kB
dist/assets/catalogue-C_U9rwbD.js                       4.86 kB │ gzip:   2.08 kB │ map:    17.37 kB
dist/assets/course-index-C5j4sptp.js                    4.95 kB │ gzip:   1.25 kB │ map:     0.10 kB
dist/assets/engine-CBi3sj57.js                          5.94 kB │ gzip:   2.49 kB │ map:    20.78 kB
dist/assets/listening-eX9z5Lmj.js                       6.08 kB │ gzip:   2.61 kB │ map:    21.36 kB
dist/assets/pair-panel-BvyQh6AW.js                      8.42 kB │ gzip:   3.73 kB │ map:    19.36 kB
dist/assets/data-panel-xQlDVfWL.js                      8.99 kB │ gzip:   3.72 kB │ map:    30.01 kB
dist/assets/vi-presentation-state-CHxK4YJf.js           9.82 kB │ gzip:   3.55 kB │ map:    34.98 kB
dist/assets/browser-pair-Bhljojeh.js                   10.83 kB │ gzip:   3.86 kB │ map:    31.47 kB
dist/assets/audio-BmDOWU8n.js                          11.38 kB │ gzip:   3.85 kB │ map:    46.16 kB
dist/assets/engine-BAT6QHsN.js                         16.14 kB │ gzip:   6.07 kB │ map:    51.58 kB
dist/assets/store-C1tSVfl5.js                          16.36 kB │ gzip:   6.16 kB │ map:    55.44 kB
dist/assets/listening-CvyPuXTv.js                      16.52 kB │ gzip:   6.12 kB │ map:    57.22 kB
dist/assets/official-vi-revisions-DC8UIDDK.js          18.06 kB │ gzip:   6.08 kB │ map:    53.03 kB
dist/assets/copy-yY9kyqvF.js                           18.37 kB │ gzip:   6.94 kB │ map:    41.85 kB
dist/assets/listening-BXM9emsG.js                      19.10 kB │ gzip:   7.07 kB │ map:    33.82 kB
dist/assets/progress-MEv4tmiD.js                       20.06 kB │ gzip:   7.63 kB │ map:    51.57 kB
dist/assets/archive-Btf3pPNP.js                        21.23 kB │ gzip:   8.82 kB │ map:    50.37 kB
dist/assets/textbook-C1cnRUDE.js                       21.83 kB │ gzip:   8.73 kB │ map:    56.18 kB
dist/assets/engine-DJNGzNN8.js                         22.19 kB │ gzip:   7.52 kB │ map:    64.24 kB
dist/assets/view-CKF_yzXj.js                           24.26 kB │ gzip:   9.22 kB │ map:    75.44 kB
dist/assets/index-eWRQHDac.js                          25.02 kB │ gzip:  10.07 kB │ map:    64.55 kB
dist/assets/textbook-display-revisions-CnZaZMsm.js     26.23 kB │ gzip:   4.86 kB │ map:     0.13 kB
dist/assets/source-activities-iuZE51CI.js              32.94 kB │ gzip:   9.89 kB │ map:    61.70 kB
dist/assets/homework-CGGIbljX.js                       36.54 kB │ gzip:  11.11 kB │ map:   125.62 kB
dist/assets/compatibility-DzQxIXJK.js                  36.85 kB │ gzip:  13.22 kB │ map:   101.49 kB
dist/assets/textbook-veX6mbKH.js                       88.69 kB │ gzip:  30.82 kB │ map:   229.73 kB
dist/assets/stage2-bank-Bjx02knS.js                   269.73 kB │ gzip:  47.59 kB │ map:     0.10 kB
dist/assets/media-references-Bx99NyHN.js              287.14 kB │ gzip:  57.61 kB │ map:     0.11 kB
dist/assets/legacy-exercises-Bz3UuW2N.js              326.87 kB │ gzip:  82.62 kB │ map:   491.75 kB
dist/assets/stage3-catalog-Bs1Y2M7l.js                384.10 kB │ gzip:  67.99 kB │ map:     0.11 kB
dist/assets/legacy-exercises-BfEaU4Qq.js              446.74 kB │ gzip:  85.02 kB │ map:     0.11 kB
dist/assets/homework30-BVBKAbRf.js                    613.95 kB │ gzip: 135.42 kB │ map:   920.92 kB
dist/assets/textbook-Bkb8B-ul.js                      741.75 kB │ gzip:  91.74 kB │ map:     0.09 kB
dist/assets/content-ChH95uYd.js                       852.85 kB │ gzip: 144.60 kB │ map: 1,691.61 kB
dist/assets/homework30-bank-Bti0xGBV.js               854.30 kB │ gzip: 143.07 kB │ map:     0.11 kB

✓ built in 860ms
[plugin builtin:vite-reporter] 
(!) Some chunks are larger than 500 kB after minification. Consider:
- Using dynamic import() to code-split the application
- Use build.rolldownOptions.output.codeSplitting to improve chunking: https://rolldown.rs/reference/OutputOptions.codeSplitting
- Adjust chunk size limit for this warning via build.chunkSizeWarningLimit.
