✔ SYNTHETIC two-host five-width reporter-format fixture passes the strict guard (3.867559ms)
✔ SYNTHETIC merged spec IDs remain unique per actual host project (1.474626ms)
✔ native-format guard rejects collection (2.354997ms)
✔ native-format guard rejects skip (0.968842ms)
✔ native-format guard rejects retry (0.491502ms)
✔ native-format guard rejects twoResults (0.744199ms)
✔ native-format guard rejects expectedFailure (0.669196ms)
✔ native-format guard rejects perCaseError (0.603198ms)
✔ native-format guard rejects globalError (0.669196ms)
✔ native-format guard rejects wrongEngine (0.538542ms)
✔ native-format guard rejects missingHost (0.481236ms)
✔ native-format guard rejects configuredRetries (0.513014ms)
✔ native-format guard rejects configuredRepeat (0.49714ms)
✔ native-format guard rejects foreignFile (0.425384ms)
✔ native-format guard rejects missingCase (0.87262ms)
✔ native-format guard rejects duplicateCase (1.140208ms)
✔ native-format guard rejects unknownWidth (0.454297ms)
✔ native-format guard rejects flaky (1.911136ms)
✔ native-format guard rejects missingActualLayout (0.353267ms)
✔ native-format guard rejects wrongActualViewport (0.466195ms)
✔ native-format guard rejects noActualDuration (0.53003ms)
✔ native-format guard rejects skippedAnnotation (0.373215ms)
✔ native-format guard rejects noFullFontFit (0.451843ms)
✔ SYNTHETIC 90-entry screenshot manifest matches the exact ten cases (1.520744ms)
✔ screenshot set rejects missingPNG (0.789946ms)
✔ screenshot set rejects duplicatePNG (1.035341ms)
✔ screenshot set rejects wrongViewport (0.94654ms)
✔ screenshot set rejects truncatedRaster (1.229451ms)
✔ screenshot set rejects missingByteHash (1.297853ms)
✔ SYNTHETIC real 1x1 PNG byte FORMAT fully inflates with complete CRC chunks (1.291123ms)
✔ PNG full-byte guard rejects truncated (0.350662ms)
✔ PNG full-byte guard rejects trailing (0.30845ms)
✔ PNG full-byte guard rejects badCRC (0.357853ms)
✔ PNG full-byte guard rejects badFilter (0.433626ms)
✔ SYNTHETIC exact 18 fixed command receipts pass (0.798089ms)
✔ command guard rejects missingCommand (0.219066ms)
✔ command guard rejects duplicateLabel (0.140529ms)
✔ command guard rejects wrongCommand (0.587726ms)
✔ command guard rejects wrongCwd (0.233828ms)
✔ command guard rejects failedCommand (0.153468ms)
✔ command guard rejects signal (0.198736ms)
✔ command guard rejects spawnError (0.151075ms)
✔ command guard rejects wrongSource (0.245816ms)
✔ command guard rejects wrongRun (0.190103ms)
✔ command guard rejects changedLog (0.336691ms)
✔ command guard rejects skipped unit output (0.247769ms)
✔ command guard rejects zero-test unit output (0.295119ms)
ℹ tests 47
ℹ suites 0
ℹ pass 47
ℹ fail 0
ℹ cancelled 0
ℹ skipped 0
ℹ todo 0
ℹ duration_ms 132.177799
