✔ SYNTHETIC two-host five-width reporter-format fixture passes the strict guard (4.13635ms)
✔ SYNTHETIC merged spec IDs remain unique per actual host project (2.078736ms)
✔ native-format guard rejects collection (1.385103ms)
✔ native-format guard rejects skip (1.029794ms)
✔ native-format guard rejects retry (0.550179ms)
✔ native-format guard rejects twoResults (0.513104ms)
✔ native-format guard rejects expectedFailure (0.480896ms)
✔ native-format guard rejects perCaseError (0.553113ms)
✔ native-format guard rejects globalError (0.480796ms)
✔ native-format guard rejects wrongEngine (0.534355ms)
✔ native-format guard rejects missingHost (0.796647ms)
✔ native-format guard rejects configuredRetries (0.475919ms)
✔ native-format guard rejects configuredRepeat (0.694765ms)
✔ native-format guard rejects foreignFile (0.468267ms)
✔ native-format guard rejects missingCase (0.8999ms)
✔ native-format guard rejects duplicateCase (1.127209ms)
✔ native-format guard rejects unknownWidth (0.867171ms)
✔ native-format guard rejects flaky (0.860341ms)
✔ native-format guard rejects missingActualLayout (0.380036ms)
✔ native-format guard rejects wrongActualViewport (0.39634ms)
✔ native-format guard rejects noActualDuration (0.408278ms)
✔ native-format guard rejects skippedAnnotation (0.352235ms)
✔ native-format guard rejects noFullFontFit (0.410982ms)
✔ SYNTHETIC 90-entry screenshot manifest matches the exact ten cases (1.412463ms)
✔ screenshot set rejects missingPNG (0.751519ms)
✔ screenshot set rejects duplicatePNG (1.192817ms)
✔ screenshot set rejects wrongViewport (3.503306ms)
✔ screenshot set rejects truncatedRaster (1.231073ms)
✔ screenshot set rejects missingByteHash (0.833781ms)
✔ SYNTHETIC real 1x1 PNG byte FORMAT fully inflates with complete CRC chunks (1.252685ms)
✔ PNG full-byte guard rejects truncated (0.358004ms)
✔ PNG full-byte guard rejects trailing (0.258515ms)
✔ PNG full-byte guard rejects badCRC (0.337352ms)
✔ PNG full-byte guard rejects badFilter (0.353616ms)
✔ SYNTHETIC exact 18 fixed command receipts pass (0.838809ms)
✔ command guard rejects missingCommand (0.186858ms)
✔ command guard rejects duplicateLabel (0.142502ms)
✔ command guard rejects wrongCommand (0.538492ms)
✔ command guard rejects wrongCwd (0.197755ms)
✔ command guard rejects failedCommand (0.177004ms)
✔ command guard rejects signal (0.151155ms)
✔ command guard rejects spawnError (0.234379ms)
✔ command guard rejects wrongSource (0.207068ms)
✔ command guard rejects wrongRun (0.171695ms)
✔ command guard rejects changedLog (0.287918ms)
✔ command guard rejects skipped unit output (0.209823ms)
✔ command guard rejects zero-test unit output (0.169122ms)
✔ command guard rejects missingNativeLogger (0.252777ms)
✔ command guard rejects wrongNativeLogger (0.287258ms)
✔ command guard rejects unapprovedEnvironment (0.238435ms)
✔ SYNTHETIC chromium launch FORMAT binds actual selected path, headless args and PIDs (0.505022ms)
✔ SYNTHETIC webkit launch FORMAT binds actual selected path, headless args and PIDs (0.100279ms)
✔ SYNTHETIC launch FORMAT accepts actual ANSI logger prefixes (0.133279ms)
✔ launch guard rejects noLog (0.178496ms)
✔ launch guard rejects wrongActualEntry (0.176442ms)
✔ launch guard rejects noHeadless (0.149523ms)
✔ launch guard rejects wrongTransport (0.140029ms)
✔ launch guard rejects missingPID (0.135392ms)
✔ launch guard rejects duplicatePID (0.115963ms)
✔ launch guard rejects onlyOneHost (0.14824ms)
✔ launch guard rejects wrongLogger (0.1275ms)
✔ launch guard rejects headedSelector (0.109703ms)
✔ launch guard rejects fullChromeSelector (0.112899ms)
✔ launch guard rejects explicitChannel (0.135222ms)
✔ launch guard rejects overrideExecutable (0.105027ms)
✔ launch guard rejects malformedLaunch (0.112928ms)
ℹ tests 66
ℹ suites 0
ℹ pass 66
ℹ fail 0
ℹ cancelled 0
ℹ skipped 0
ℹ todo 0
ℹ duration_ms 147.874128
