npm warn Unknown env config "http-proxy". This will stop working in the next major version of npm.

> hsk1-modular-app@0.1.0 test
> node tools/run-checkpoint.mjs unit

✔ next-round disclosures initialize once from saved rounds and keep content first (8.165981ms)
✔ mixed cards use independent reversible native buttons and free group navigation (0.517611ms)
✔ practice enters mixed cards directly while listening remains independently available from courses (0.529218ms)
✔ Hanzi canvas precedes the complete bank and dialogue selectors are responsive alternatives (4.69408ms)
✔ new GUI copy remains bilingual and long contiguous active scopes stay compact (0.770648ms)
✔ assignment interface static copy has explicit Chinese and Vietnamese text (1.741273ms)
✔ save presentation separates queued autosave from confirmed failure without changing storage (0.398994ms)
✔ listening first/latest counts and session scope are separate bilingual facts (5.018203ms)
✔ known controller and audio failures are translated semantically while unknown details survive (0.266797ms)
✔ manual receipt copy states no automatic score and interpolated content remains literal (0.20828ms)
✔ bounded audio waits for usable duration and then validates the complete requested range (7.710172ms)
✔ bounded startup cannot unmute when usable duration disappears during its initial seek (6.737974ms)
✔ initial unmute revalidates a silently refined duration at the settled seek (3.506061ms)
✔ observed WebKit seeked rollback cannot unmute or certify the file head (0.539724ms)
✔ a still-wrong clock is re-seeked silently rather than waiting for a 250ms update (0.321428ms)
✔ a delayed recovery probe rewinds instead of silently dropping the first 250ms (0.616318ms)
✔ stop and request replacement retire the pending position probe (3.628624ms)
✔ a paused startup cannot be revived by its queued position probe (0.374408ms)
✔ an out-of-range high clock stays silent and does not finish a never-started clip (0.217413ms)
✔ a corrective seek exception is a retryable failure, never unmuted playback (0.45701ms)
✔ persistent bad seek acknowledgments stop safely instead of a zero-delay spin (1.068822ms)
✔ the first seeked clock directly 250ms too high also remains silent and rewinds (0.356861ms)
✔ five playback rates retain a genuinely started pause/resume clock without rewinding (1.857346ms)
✔ a retired probe cannot reposition the next track in the same playlist (0.390832ms)
✔ corrective seek with no subsequent native events ends at the existing startup timeout (0.194159ms)
✔ explicit start 0 without end preserves whole-original zero-duration recovery (0.160529ms)
✔ start 0 with a finite end is still bounded and cannot bypass usable metadata (0.270964ms)
✔ explicit start 0 whole original keeps an already advancing clock when positive duration arrives (0.150164ms)
✔ a resolved play promise alone never claims actual playback; metadata sets the real range (4.790354ms)
✔ generation cancellation ignores a late rejection and an old view abort cannot stop the new request (7.828848ms)
✔ segment boundaries stop before the next recording; changing speed reschedules the actual media boundary (0.645791ms)
✔ playlist advances once per range and stops on a real error instead of skipping or claiming success (8.982902ms)
✔ a late play rejection from a preceding playlist item or paused play cannot poison its successor (1.341658ms)
✔ pause during a delayed start remains paused; resume waits for playing and replay resets the range (0.661916ms)
✔ an already started clock at HAVE_CURRENT_DATA can recover after waiting; zero/metadata readiness and seek jumps cannot (0.723658ms)
✔ clock and readiness cannot invent a first playing event; genuinely stalled resumed media times out (5.726578ms)
✔ loading an original track already at zero avoids a redundant initial seek (0.527796ms)
✔ autoplay denial stays an error until an explicit retry really starts playback (6.640318ms)
✔ a stalled media start and a silent synthesis start terminate with a retryable error (0.981421ms)
✔ bad ranges are rejected and range beyond media duration never plays (5.559349ms)
✔ metadata rejects a truncated segment and later duration corrections cannot silently shorten it (0.484431ms)
✔ ended before a playing or speech start event reports error and never advances a playlist (0.528858ms)
✔ speech waits for a Chinese voice and for a start event, with clear TTS source and selected replay speed (0.434668ms)
✔ a device with only foreign voices reports unsupported, then can retry after Chinese voices arrive (0.409139ms)
✔ switching media cancels speech, and a cancelled waiting voice request cannot start after leaving its view (4.910062ms)
✔ disposal cancels pending work, clears timers and listeners, and isolates observers and snapshots (0.334028ms)
✔ a view stopping synchronously on a loading notification cannot resurrect media or leave voice timers (0.213818ms)
✔ a late native resume rejection after the intentional segment boundary cannot replace ended with error (0.344313ms)
✔ a retired native play rejection at a sequence boundary cannot fail the next segment (0.288059ms)
✔ native play plus real advancing ready clock confirms resume when WebKit omits another playing event (0.766882ms)
✔ native play alone cannot invent a first playing event, a stalled resume or a seek jump (0.297753ms)
✔ transient WebKit zero-duration metadata does not reject an original recording or claim playback early (0.229231ms)
✔ zero-duration placeholder never bypasses a later real truncated-segment check (0.288649ms)
✔ playing before positive metadata waits; positive duration then confirms the actual native start (0.493575ms)
✔ canplay or permanent zero duration never substitutes for confirmed usable playback (2.88749ms)
✔ empty/corrupt media ending at zero and metadata seek exceptions remain hard failures (0.588456ms)
✔ persistent zero metadata on a whole recording requires two real native clock advances (0.231836ms)
✔ zero-metadata clock recovery cannot certify bounded clips, paused clocks or seek jumps (0.412995ms)
✔ WebKit silent positive duration on timeupdate confirms playback without restarting the original (0.243753ms)
✔ silent positive duration still rejects truncated segments and does not certify a paused or seeking clock (0.343762ms)
✔ bounded original clips stay silent through WebKit zero duration and until the initial seek settles (0.310683ms)
✔ an original whole track is not accidentally left muted after a cancelled bounded clip (14.327927ms)
✔ wrong and empty passwords cannot grant access or write any session key (15.670697ms)
✔ a v2 session is reused by a new service instance without extra writes (14.513673ms)
✔ every legacy alias and obsolete local key fails to bypass v2 authorization (7.919664ms)
✔ a development hostname does not bypass the session gate (0.197604ms)
✔ storage exceptions do not imply authorization and wrong passwords remain rejected (7.318959ms)
✔ correct password writes the original v2 key and complete session aliases (4.046106ms)
✔ correct password allows only this instance when storage is denied (0.61071ms)
✔ correct password reports a failed persistence read without losing memory access (4.242568ms)
✔ password verification fails closed when WebCrypto is unavailable (1.313036ms)
✔ password verification fails closed when SubtleCrypto is unavailable (0.232516ms)
✔ password verification fails closed when WebCrypto digest throws (0.344693ms)
✔ password verification fails closed when WebCrypto digest rejects (1.968421ms)
✔ student backup summary retains every count and empty-record warning without implementation jargon (50.610067ms)
✔ backup explanations retain uncertainty and preserve-only semantics in Chinese and Vietnamese (0.539483ms)
✔ vocabulary UI dictionaries pair explicit Chinese and Vietnamese without changing curriculum content (6.180694ms)
✔ paired DOM helper preserves language semantics, safe text, and updates rather than duplicating labels (0.237754ms)
✔ the frozen corpus is reproducible, has all required counts and no copied audio payload (57.883128ms)
✔ HTML order includes every mandatory layer and rejects unknown or missing scripts (2.484159ms)
✔ all final textbook corrections survive extraction, including speaker and timing repairs (0.458613ms)
✔ sense mapping preserves polysemy and detects semantic or same-lesson mapping drift (6.515553ms)
✔ media references reject missing originals, orphan clips and unsupported invented word audio (27.965396ms)
✔ clip integrity requires actual bytes, expected SHA256 and strict base64 (1.020559ms)
✔ record and artifact fingerprints bind IDs, sources and exported contents (55.96335ms)
✔ static content extraction handles brackets inside strings and fails on unsupported input (3.245603ms)
✔ check mode fails on stale or absent output and never repairs it implicitly (1.908302ms)
✔ domain rules match pinned bodies except approved navigation, search and listening-size changes (5.206944ms)
✔ real nonempty old records retain reading, first/latest, submitted translations, redo drafts and recovery raw (110.360687ms)
✔ shared records of other HSK levels stay byte-for-byte in raw and never become HSK1 progress (40.859637ms)
✔ stage2 takes precedence; corrupt main does not silently activate stage1, learning or recovery (39.781102ms)
✔ stage1 app missing or explicit migrates only lesson3 and avoids a new nested archive copy (36.283943ms)
✔ legacy compatibility verifies actual original identities rather than trusting same-ID flags (32.789389ms)
✔ a full old L3 group with one changed identity keeps only verified partial drafts and no grade (24.128973ms)
✔ listening and vocabulary state restore real sessions, unsubmitted choices, rating queues and distinct senses (29.821159ms)
✔ new backup import refuses changed grades, boolean results and manual scores instead of trusting them (165.213032ms)
✔ valid old backups recompute modified grades and report the policy explicitly (53.391238ms)
✔ wrong app/schema, unknown IDs, altered fingerprints, incomplete answers and invalid timestamps are rejected (89.873197ms)
✔ importing one legacy domain preserves every unrelated domain and original source string (104.320968ms)
✔ repeated new-format validation and migration round trips add no archive layers or identity changes (101.117606ms)
✔ access gates are excluded from migration and forbidden in new learning backups (21.540688ms)
✔ malformed reading or previous sources produce visible warnings while retaining source bytes (19.532277ms)
✔ clock rollback does not redefine semantic first/latest or reject an otherwise valid old record (15.704967ms)
✔ old self-ratings map to active cards only with an exact unique Hanzi, pinyin and meaning identity (23.105689ms)
✔ known old again rating becomes a validated active again schedule without fabricating test scores (8.713015ms)
✔ pilot source discovery and uploaded backup retain exact bytes and expose unsupported answers without invented grades (7.59461ms)
✔ on-device discovery adds missing old lessons while preserving every existing current answer, draft and active queue (56.534259ms)
✔ full original answer corpus maps 299 original-domain submissions and excludes the corrected task without scoring rewritten homework (36.319236ms)
✔ score-only original history stays in raw and is counted unsupported, never converted into a submission (4.040046ms)
✔ data safety copy covers every state, summary metric and reset module in both languages (8.28621ms)
✔ dynamic copy retains exact source counts, reset scope and comparison evidence (0.623268ms)
✔ controlled diagnostics are paired without translating or discarding unfamiliar raw detail (0.332706ms)
✔ compatibility warnings become bilingual while exact source bytes and source count evidence survive (32.402393ms)
✔ reset title and validation errors preserve Vietnamese contracts and add Chinese scope (10.951369ms)
✔ a retired URL cannot enumerate an untouched bank, even with a remembered position (2.309419ms)
✔ projection is restricted to the exact set, lesson and group and preserves entry/authority identity (1.271633ms)
✔ explicit zero, empty token and empty writing drafts remain drafts without synthetic scores or dates (0.464431ms)
✔ first/latest/all submissions preserve saved order, timestamps, grades, fingerprints and retry drafts (0.69187ms)
✔ archiving never grades against an answer key or changes a stored result (0.878789ms)
✔ manual saved text, empty lines and Unicode remain exact and never acquire an automatic grade (0.363691ms)
✔ shared authority data appears only under an entry in the selected scope (0.231915ms)
✔ original homework receipts are separate from review attempts and never expose untouched aliases (2.553682ms)
✔ capped original homework histories keep first and latest separate without fabricating lost attempts (10.24731ms)
✔ a confirmed reset empties the projected scope while preserving the source and other lessons (0.904487ms)
✔ archive view has no write, retry, grading, audio, or draft-exit owner and leaves maintenance module intact (1.881161ms)
✔ all exercise interface labels have explicit Chinese and Vietnamese copies (12.311914ms)
✔ dynamic labels preserve all counts, source references and typed profile text without translating curriculum (2.948331ms)
✔ pending-save copy never claims a failed write and known failure guidance remains specific (1.274739ms)
✔ submissions retain first/latest order across clock rollback, reject double submit, schedule from answers (4.713619ms)
✔ manual tasks never gain grades, invisible-only strings are incomplete, mistakes/due exclude them (1.006919ms)
✔ wrong/due questions preserve shared authorities, lesson scope and current homework first scores (5.65446ms)
✔ drafts, token domains, retry flags, positions, reset and unsupported data are validated (1.094309ms)
✔ v2 migration uses pinned identity witness, recomputes first/attempt, never score-only history (31.048708ms)
✔ current-homework review uses attempt sequence instead of wall clock and old records remain readable (0.663959ms)
✔ v2 restarted groups keep every previously submitted question open even when new drafts are empty or partial (0.602917ms)
✔ all committed fixtures reproduce byte-for-byte with fixed timestamps and no private or media payload (2.901681ms)
✔ reading, shared and navigation fixtures preserve distinct raw strings and non-HSK1 rows (0.337052ms)
✔ learning_v2 contains real old objective and translation submissions but no invented complete current group (25.555547ms)
✔ stage1 missing and explicit app fixtures migrate L3 and separate submitted translation A from redo B (10.847364ms)
✔ stage2 fixtures are valid nonempty states with both histories, long raw text, distinct drafts and recovery (22.262913ms)
✔ stage3 fixtures retain first/latest, unsubmitted listening selection/count, three schedules and partial review (8.272739ms)
✔ nonempty fixtures support meaningful bad identity, fingerprint and answer mutations without rewriting source (24.050826ms)
✔ view reads and rejected actions do not create or dirty empty lesson groups (79.296532ms)
✔ all 75 choice questions accept only the calibrated option among four choices (604.536647ms)
✔ all 95 frozen accepted sorting variants score correctly and each of 75 wrong orders is rejected (2.788422ms)
✔ 15 complete lessons retain first zero scores, latest full scores and 75 ungraded manual submissions (4307.251012ms)
✔ manual original text and new draft stay separate through redo, save and backup import (42.449075ms)
✔ blank invisible translations fail completion, long limits do not truncate drafts and profile remains bounded (22.10617ms)
✔ sorting orders survive remount, duplicates and partial drafts cannot submit, submitted order remains immutable (27.327771ms)
✔ retained history stays bounded while first attempt and unrelated learning domains remain intact (245.634273ms)
✔ view limits and navigation availability reuse the canonical homework rules (15.432873ms)
✔ collecting untouched empty translations is a no-op while deleting entered text remains a dirty edit (22.350544ms)
✔ unreleased v1 candidate identity is rejected without silently regrading earlier submitted answers (11.646925ms)
✔ a stale unreleased candidate primary remains byte-exact exportable and cannot be overwritten by save (2.266826ms)
✔ all 225 pre-v1 legacy homework submissions remain accepted with their original fingerprints and scores (63.067639ms)
✔ homework v1 has exactly 15 × 30 questions with the approved five-part ratios (2.649516ms)
✔ all identities are version-scoped, globally unique, and have canonical content fingerprints (28.702694ms)
✔ all 300 MC questions have four different options and exactly one keyed correct option (3.105074ms)
✔ manual translation content is prompt-only and cannot leak answers or automatic scoring fields (1.746161ms)
✔ the authoritative mapping exhaustively resolves every question to immutable authority and entry content (32.650743ms)
✔ lesson metadata and source labels preserve known origins without inventing legacy textbook pages (4.999725ms)
✔ all listening audio intervals, transcripts and pinyin are preserved, including the corrected lesson-10 clip (4.032455ms)
✔ lesson-3 authored scenarios have distinct propositions and individual Chinese/Vietnamese distractor checks (2.916793ms)
✔ 450-item inventory and exhaustive evidence track revisions and only three explicit reinforcement exceptions (1068.824279ms)
✔ all 191 reviewed overlays have resolved current-or-earlier scope and exact public content change records (17.327143ms)
✔ new sorting expressions are exact permutations of their own tokens, including all accepted variants (2.032217ms)
✔ duplicate/leak regression checks catch reordered MC options, completed clozes and wrong-option/manual exposure (2869.035228ms)
✔ mapping accounts for every unselected comprehensive and pilot entry and standalone authority (6.764648ms)
✔ comprehensive shared-reference resolver preserves overrides, option order and correct-answer identity (1.954691ms)
✔ all three source banks remain byte-identical and generated artifacts are reproducible (965.910633ms)
✔ check mode rejects drift without repairing it and generation refuses changed source bytes (863.96909ms)
✔ all 450 distinct questions submit with 375 automatic results and 75 genuinely ungraded writing answers (42.902179ms)
✔ read, invalid answers, locked groups and incomplete submissions never dirty or create groups (62.070835ms)
✔ zero-score completed section unlocks next; restart retains immutable first/latest/history and does not relock (50.372905ms)
✔ new homework saves reloads exports imports and resets without relabeling any old submission (51.690516ms)
✔ old modular backup extends with an empty new version and unchanged legacy route/history (1.922373ms)
✔ legacy source imports supplement only old domains and cannot overwrite versioned progress (5.903571ms)
✔ new-state tampering and cross-version answers are rejected rather than accepted as grades (8.523082ms)
✔ twenty retained attempts preserve the real first attempt after the history window moves (1.877205ms)
✔ manual IME-sized drafts preserve exact text and rejected overflow never truncates accepted text (8.190037ms)
✔ new and legacy route identity and totals remain separate; original audio is used unchanged (10.251186ms)
✔ the single exit guard collects a DOM-only tail before checking dirty state and coalesces repeated exit attempts (26.815804ms)
✔ an invalid DOM-only draft warns even when the store is clean without inventing a persisted draft (0.343672ms)
✔ only the current exit collector runs; stale unsubscribe and disposal cannot revive or clear another registration (0.242892ms)
✔ an exit collector failure cannot silently permit abandoning visible input (0.324083ms)
✔ beforeunload protects an unsaved draft while its normal locked flush is pending, and saved state does not prompt (26.203912ms)
✔ failed saves keep exit protection active and an explicit discard reload clears it (9.348302ms)
✔ opening or flushing a clean app does not create a learning record (0.430171ms)
✔ rapid edits keep the latest multiline Chinese in memory and debounce to one confirmed write (4.717154ms)
✔ concurrent flush callers share a pending write and edits while waiting for the lock enter that write (3.676325ms)
✔ an edit published immediately after a commit receives a second write without losing the newer draft (7.629021ms)
✔ quota failure stops automatic retries, preserves exportable memory work, and allows explicit retry (4.803143ms)
✔ dispose cancels its debounce timer and waits for the final lock before closing the shared store (2.680952ms)
✔ external conflict preserves memory and final flushing never overwrites another tab (5.889591ms)
✔ leaving a data view cancels its queued import or restore while the application session remains writable (18.513109ms)
✔ exactly300 original and30pilot entry paths resolve,12current original refs plus3pilot shared cores (1.210943ms)
✔ all300original prompts,contexts,choice domains,token domains and correct targets match source except documented transcript correction (13.138415ms)
✔ pilot contexts/domains remain exact while5writing tasks contain prompt/source only (13.487245ms)
✔ every authored fingerprint is content-exact and every original audio range fits the existing track (9.765122ms)
✔ manual answer leakage,missingpassage,aliasdomains andduplicatedentries are rejected (57.07151ms)
✔ loading gates module fieldsets until ready and preserves individual button rules (6.226172ms)
✔ a new route synchronously aborts and unmounts the old module (0.629928ms)
✔ a late importer cannot mount or replace the current surface (1.181409ms)
✔ a late ready and old surface writes cannot affect the new module (0.833712ms)
✔ late rejected import and ready promises stay observed after cancellation (0.794793ms)
✔ import and ready failures clean up and retry the latest route (0.578121ms)
✔ a throwing unmount blocks the next mount and remains available for retry (0.670318ms)
✔ navigation during a throwing unmount cannot hide the cleanup failure (0.480936ms)
✔ navigation during error cleanup also preserves a throwing unmount (0.58432ms)
✔ dispose aborts pending work, unmounts once, and stays idempotent (2.89421ms)
✔ dispose during import prevents a late mount (0.522558ms)
✔ dispose inside a throwing unmount still reports the cleanup failure (0.295229ms)
✔ ready in-place route updates keep their view, skip remount focus, and retry the latest route (0.294909ms)
✔ in-place updates are never attempted on loading or disposed views (0.622537ms)
✔ listening content preserves the sole catalog, exactly 75 unique original questions and 15 × 5 quotas (79.732757ms)
✔ all 75 audio requests use exact declared original tracks and ranges, never clip duration or base64 media packs (74.77345ms)
✔ missing, duplicated or misplaced questions and malformed choices, feedback or transcript fail the whole load (123.322289ms)
✔ lesson and source provenance rejects duplicate lessons, page offset drift, absent sections and mixed baselines (84.798104ms)
✔ missing, duplicate, orphan or different media identities cannot silently choose substitute audio (78.227775ms)
✔ range validation rejects negative, equal, nonfinite and beyond-track boundaries without clamping (233.916568ms)
✔ actual SHA256 verification detects valid-shaped question, clip and original metadata drift (288.527588ms)
✔ loaded content is deeply readonly, isolates caller mutations and never alters inputs (184.287838ms)
✔ loader fetches only the two established content files with the view signal and reports HTTP failure (68.289625ms)
✔ pre-aborted, late JSON and in-flight fingerprint work never return content for a departed module (22.597262ms)
✔ construction, empty reads and rejected actions do not create a round or schedule writes (18.929329ms)
✔ first route initializes its lesson once; mixed or empty explicit selections survive visits and remounts (20.846314ms)
✔ only supported preferences change, five speeds remain exact and normalized same values do not resave (15.308857ms)
✔ all 75 canonical questions grade each of four original options correctly without trusting display order (783.992029ms)
✔ all 75 wrong-first then correct-redo answers retain first/latest separately and leave other domains intact (6933.824203ms)
✔ selection, queue, shuffled option orders and exact engine fingerprints resume after actual save and refresh (89.965749ms)
✔ submission gates feedback and forward navigation; invalid answers and repeated submissions leave saved draft unchanged (15.361835ms)
✔ successful playback tokens count once, repeated and slow listens do not change score, stale callbacks never write (19.238539ms)
✔ wrong-only filter uses latest records in selected lessons, starting a fresh round preserves earlier records (552.955781ms)
✔ backup validation recalculates scores and rejects same IDs with changed question fingerprints (26.316699ms)
✔ invalid random source and invalid clock fail before dirtying global data or overwriting a resumable round (8.2601ms)
✔ 5/10/all listening round sizes preserve fingerprints, exact saved queue and unrelated scores (32.081483ms)
✔ mixed reads are pure, route scope starts at current lesson and draft scope never writes (92.034806ms)
✔ mixed all-course pool has 344 senses/319 forms and only start shuffles once (476.251063ms)
✔ existing non-card preferences cannot replace the first route scope or affect browsing options (91.249988ms)
✔ empty draft cannot replace a round and invalid anchors never write (52.72724ms)
✔ shared senses merge only selected sources and never borrow outside-scope audio (33.307902ms)
✔ compatible legacy all/zh-vi queue resumes its exact order/anchor without altering original data (187.308536ms)
✔ reverse, due, unfamiliar, and search-scoped legacy queues stay untouched and require a new round (265.651898ms)
✔ saved order, anchor, scope and original practice roundtrip through reload/export/import (217.175442ms)
✔ malformed mixed state, order, pool, anchor and fingerprints are rejected before replacing valid state (272.684035ms)
✔ scoped resets preserve retained mixed order and anchor; unrelated reset leaves mixed state unchanged (127.415915ms)
✔ shared-sense scoped reset recalculates source fingerprint without removing retained sense (20.121113ms)
✔ reset preview cancellation, failed write and restoration preserve mixed round atomically (97.085187ms)
✔ failed persistence keeps actual mixed memory round exportable and never writes legacy state (94.524253ms)
✔ progress resumes new mixed anchor before legacy position without changing historical rating summary (40.502586ms)
✔ progress only claims compatible old rounds and never resurrects old position after explicit mixed reset (101.522961ms)
✔ four presentation groups retain every existing route exactly once (1.212887ms)
✔ inactive registry preserves object identity and has no synthetic accepted revision (2.774612ms)
✔ canonical proposal removes every exact independentReview key, preserves array order and hashes UTF-8 (26.083333ms)
✔ accepted synthetic projection clones language only and preserves exact raw grading identity (13.339044ms)
✔ whole registry rejects stale baseline, byte tampering, parent drift, duplicate field, self-review and foreign consumer before projection (69.570403ms)
✔ wordSenses and mixed cards project Vietnamese while catalog/sourceRecords/fingerprints remain raw (489.992516ms)
✔ registered HSK1 source mapper uses actual original pointers, parent display leaves and unique semantic owners (380.774516ms)
✔ original option index guards reject frozen Chinese labels and ambiguous Vietnamese display options (3.943212ms)
✔ course overview title uses its exact owner while Chinese and all original count fields stay unchanged (1.442548ms)
✔ both inactive and active config roots require the exact supported schema before asset loading (0.663638ms)
✔ empty progress retains independent 225 homework / 150 objective / 75 translation / 75 listening / 344 sense denominators (14.364781ms)
✔ nonempty cross-domain progress preserves first/latest scores, translation submission and a separate redo draft (49.240963ms)
✔ partial homework completion reports full denominators and low-score redo does not replace the first score (42.701621ms)
✔ reading marks, stars and vocabulary ratings never become homework completion or objective scores (35.272431ms)
✔ due counts separate new cards from rated cards and include the exact due-time boundary (37.614985ms)
✔ same written forms keep their different sense schedules and never reduce the 344 denominator to 319 (34.949196ms)
✔ continuation preserves textbook sections and homework parts, while practice resolves the actual saved item (103.817783ms)
✔ a saved module with no active round continues its selected route without inventing a position (0.358474ms)
✔ validated backup export and restore reproduce the same progress and continuation without changing the schema (46.889206ms)
✔ opening five textbook sections records visited sections and exact continuation, never completion or homework scores (32.788724ms)
✔ same route visited again does not schedule another write or duplicate shared sections (5.047497ms)
✔ lesson completion is an explicit independent mark and can be removed without resetting visits or submitted work (9.32036ms)
✔ mastered word keys remain compatible and restore across a validated backup; unknown words are rejected (16.985004ms)
✔ lesson reset touches only selected active lesson and preserves profile, settings, raw and unrelated domains (83.805501ms)
✔ module and all-course reset clear active progress and keep safety copies and unrelated settings (34.665103ms)
✔ shared-sense lesson reset retains other lessons schedule and announces the exception (13.240708ms)
✔ preview, cancellation, stale confirmation, failed write and recovery never discard current data (97.8254ms)
✔ old backups default exercises to blank and scoped exercise resets preserve other lessons and original homework (57.033853ms)
✔ single-lesson reset removes only that lesson from mixed sessions and preserves other lesson drafts and revealed cards (50.069162ms)
✔ 5/10 sized mixed listening reset preserves exact outside-scope answers through repeated reset and import (38.367766ms)
✔ homework reset and replacement import rebase retained review witnesses without deleting exercise answers (17.68049ms)
✔ canonical hashes have highest priority and round-trip every route feature (2.419974ms)
✔ legacy mode, lesson pages, stages and integrated homework hashes are preserved (0.574856ms)
✔ invalid route fields normalize safely and fields stay feature-specific (0.455097ms)
✔ initial canonicalization replaces one entry only when the URL differs (0.599994ms)
✔ 500 equivalent navigations make zero writes; a changed route makes exactly one (10.941383ms)
✔ popstate/hashchange dedupe while back and forward restore the address route (0.681064ms)
✔ unsubscribe and dispose release listeners and stop notifications/history writes (0.338033ms)
✔ disposing during a notification stops remaining subscribers (0.190684ms)
✔ navigation inside a subscriber does not deliver an obsolete route afterward (0.339135ms)
✔ original/pilot/homework-review routes roundtrip with bounded groups and independent filters (0.381067ms)
✔ L4 source sidecar locks original cardinality, answers, pinyin, source pages and ungraded tasks (2.150863ms)
✔ numeric tables preserve all original sparse grid positions, six large numbers and 二/两 (0.216692ms)
✔ ten original schematic SVGs have explicit source-cell mappings and no external or active payloads (0.960941ms)
✔ all five frozen HSK1 source banks are byte-identical (2.677067ms)
✔ source save/export/reload/history/reset/restore preserve nonempty primary and legacy exact bytes and old tabs still write (29.484788ms)
✔ older activity versions survive catalogue changes as inert context and independent histories (1.067059ms)
✔ source validation rejects malformed domains, duplicate history, unknown fields and wrong edition (0.755354ms)
✔ source quota failure retains exportable draft, confirms no saved reference and leaves old primary intact (2.295819ms)
✔ source write-then-throw needs exact readback; a newer third value is never overwritten (4.382436ms)
✔ source missing locks, unreadable storage and unresolved pair journal fail closed (1.040189ms)
✔ source stale preview, close while waiting, source tab conflict and ordinary old import never clear source (9.385587ms)
✔ failed direct submission never enters history through later ordinary draft flush (1.281849ms)
✔ same-version answer assessment input or reference change cannot silently rewrite historical meaning (0.6645ms)
✔ source timestamps are valid JavaScript dates, never merely safe integers (0.653984ms)
✔ single-domain submission candidate rejects edits and raw changes while waiting, preserves existing recovery (1.684909ms)
✔ independent editorial corrections preserve six-person source, neutral image metadata, printed tones and non-aligned Vietnamese glosses (0.420316ms)
✔ IME start during a locked source submission cancels history while retaining old submissions and draft (1.788614ms)
✔ unchanged pilot snapshots retain their exact historical JSON shape and key order (3.390449ms)
✔ real source-v2 receipts retain their schematic context after original-crop revision and new submission (4.782763ms)
✔ table topology, source spans, optional fields and crop digests survive round trips and freeze with their version (2.825979ms)
✔ table validation rejects broken topology, duplicate inputs, foreign field references and malformed provenance (1.616327ms)
✔ optional blank input saves alongside required text while missing required input cannot submit (1.125906ms)
✔ read-only source support accepts a blank field list but never produces a submission or storage write (0.593815ms)
✔ each lesson shows only its own superseded historical records with saved answers untouched (0.619242ms)
✔ crop assets resolve only within the fixed public source directory (0.342891ms)
✔ printed empty table headers round trip without allowing missing lesson or field copy (1.065196ms)
✔ printed field pinyin is revisioned and older receipts keep their original shape (1.173758ms)
✔ source spans may start before the anchor page and only read-only tables may omit a redundant prompt (0.974712ms)
✔ table renderer preserves row/column shape, empty cells and each embedded field exactly once (0.760322ms)
✔ printed blank header stays visibly empty and headerless layouts have no invented header row (0.566364ms)
✔ L4 additions preserve every original source-v2 activity and its historical meaning (1.564119ms)
✔ L4 source omissions retain original examples and two distinct ungraded reading responses (1.795534ms)
✔ fixed two-domain confirm export restore and explicit empty source keep independent recovery and legacy bytes (108.332986ms)
✔ old primary-only backup never mutates nonempty source and primary tab still writes old AppData (21.997659ms)
✔ all complete domains validate before preview; duplicate/null/wrong edition/schema rejected (13.406865ms)
✔ prepared previews are scoped, one-use and reject local edits, other-tab raw, disposal and composition (69.250621ms)
✔ pending journal and missing safe locks export explicit rescue instead of a complete snapshot (8.461651ms)
✔ pair durable fault journal/before, prior source nonempty (16.650016ms)
✔ pair durable fault journal/after-throw, prior source nonempty (22.128408ms)
✔ pair durable fault journal/readback-throw, prior source nonempty (28.513101ms)
✔ pair durable fault journal/readback-mismatch, prior source nonempty (23.24117ms)
✔ pair durable fault primary/before, prior source nonempty (12.97321ms)
✔ pair durable fault primary/after-throw, prior source nonempty (15.219384ms)
✔ pair durable fault primary/readback-throw, prior source nonempty (12.130124ms)
✔ pair durable fault primary/readback-mismatch, prior source nonempty (16.756804ms)
✔ pair durable fault source/before, prior source nonempty (14.106156ms)
✔ pair durable fault source/after-throw, prior source nonempty (26.239215ms)
✔ pair durable fault source/readback-throw, prior source nonempty (16.490958ms)
✔ pair durable fault source/readback-mismatch, prior source nonempty (21.444224ms)
✔ pair durable fault recovery/before, prior source nonempty (17.981037ms)
✔ pair durable fault recovery/after-throw, prior source nonempty (26.194469ms)
✔ pair durable fault recovery/readback-throw, prior source nonempty (15.452341ms)
✔ pair durable fault recovery/readback-mismatch, prior source nonempty (15.016963ms)
✔ pair durable fault remove/before, prior source nonempty (12.502608ms)
✔ pair durable fault remove/after-throw, prior source nonempty (50.173508ms)
✔ pair durable fault remove/readback-throw, prior source nonempty (20.948175ms)
✔ pair durable fault remove/readback-mismatch, prior source nonempty (25.487946ms)
✔ pair durable fault journal/before, prior source absent (11.99281ms)
✔ pair durable fault journal/after-throw, prior source absent (14.581845ms)
✔ pair durable fault journal/readback-throw, prior source absent (17.949019ms)
✔ pair durable fault journal/readback-mismatch, prior source absent (18.56023ms)
✔ pair durable fault primary/before, prior source absent (11.518703ms)
✔ pair durable fault primary/after-throw, prior source absent (19.051817ms)
✔ pair durable fault primary/readback-throw, prior source absent (11.049655ms)
✔ pair durable fault primary/readback-mismatch, prior source absent (11.811148ms)
✔ pair durable fault source/before, prior source absent (11.152168ms)
✔ pair durable fault source/after-throw, prior source absent (16.398501ms)
✔ pair durable fault source/readback-throw, prior source absent (13.849554ms)
✔ pair durable fault source/readback-mismatch, prior source absent (12.571ms)
✔ pair durable fault recovery/before, prior source absent (13.956984ms)
✔ pair durable fault recovery/after-throw, prior source absent (23.300127ms)
✔ pair durable fault recovery/readback-throw, prior source absent (21.696681ms)
✔ pair durable fault recovery/readback-mismatch, prior source absent (18.516685ms)
✔ pair durable fault remove/before, prior source absent (18.0503ms)
✔ pair durable fault remove/after-throw, prior source absent (27.712769ms)
✔ pair durable fault remove/readback-throw, prior source absent (17.764485ms)
✔ pair durable fault remove/readback-mismatch, prior source absent (18.049078ms)
✔ pair durable fault journal/before, prior source nonempty, primary absent (8.760716ms)
✔ pair durable fault journal/after-throw, prior source nonempty, primary absent (9.211859ms)
✔ pair durable fault journal/readback-throw, prior source nonempty, primary absent (13.214568ms)
✔ pair durable fault journal/readback-mismatch, prior source nonempty, primary absent (11.815916ms)
✔ pair durable fault primary/before, prior source nonempty, primary absent (8.497163ms)
✔ pair durable fault primary/after-throw, prior source nonempty, primary absent (9.277026ms)
✔ pair durable fault primary/readback-throw, prior source nonempty, primary absent (7.171901ms)
✔ pair durable fault primary/readback-mismatch, prior source nonempty, primary absent (8.249555ms)
✔ pair durable fault source/before, prior source nonempty, primary absent (7.163958ms)
✔ pair durable fault source/after-throw, prior source nonempty, primary absent (9.9655ms)
✔ pair durable fault source/readback-throw, prior source nonempty, primary absent (8.173261ms)
✔ pair durable fault source/readback-mismatch, prior source nonempty, primary absent (7.119582ms)
✔ pair durable fault recovery/before, prior source nonempty, primary absent (7.634669ms)
✔ pair durable fault recovery/after-throw, prior source nonempty, primary absent (9.895456ms)
✔ pair durable fault recovery/readback-throw, prior source nonempty, primary absent (7.254003ms)
✔ pair durable fault recovery/readback-mismatch, prior source nonempty, primary absent (8.133392ms)
✔ pair durable fault remove/before, prior source nonempty, primary absent (7.291969ms)
✔ pair durable fault remove/after-throw, prior source nonempty, primary absent (9.056157ms)
✔ pair durable fault remove/readback-throw, prior source nonempty, primary absent (8.145971ms)
✔ pair durable fault remove/readback-mismatch, prior source nonempty, primary absent (7.825313ms)
✔ pair durable fault journal/before, prior source absent, primary absent (7.455553ms)
✔ pair durable fault journal/after-throw, prior source absent, primary absent (10.878791ms)
✔ pair durable fault journal/readback-throw, prior source absent, primary absent (10.709238ms)
✔ pair durable fault journal/readback-mismatch, prior source absent, primary absent (11.469681ms)
✔ pair durable fault primary/before, prior source absent, primary absent (7.431386ms)
✔ pair durable fault primary/after-throw, prior source absent, primary absent (9.068915ms)
✔ pair durable fault primary/readback-throw, prior source absent, primary absent (8.660086ms)
✔ pair durable fault primary/readback-mismatch, prior source absent, primary absent (7.116588ms)
✔ pair durable fault source/before, prior source absent, primary absent (6.915509ms)
✔ pair durable fault source/after-throw, prior source absent, primary absent (10.373889ms)
✔ pair durable fault source/readback-throw, prior source absent, primary absent (7.538906ms)
✔ pair durable fault source/readback-mismatch, prior source absent, primary absent (7.912834ms)
✔ pair durable fault recovery/before, prior source absent, primary absent (7.697153ms)
✔ pair durable fault recovery/after-throw, prior source absent, primary absent (8.933363ms)
✔ pair durable fault recovery/readback-throw, prior source absent, primary absent (6.879695ms)
✔ pair durable fault recovery/readback-mismatch, prior source absent, primary absent (8.149877ms)
✔ pair durable fault remove/before, prior source absent, primary absent (7.289976ms)
✔ pair durable fault remove/after-throw, prior source absent, primary absent (8.860265ms)
✔ pair durable fault remove/readback-throw, prior source absent, primary absent (9.049076ms)
✔ pair durable fault remove/readback-mismatch, prior source absent, primary absent (6.977741ms)
✔ startup crash recovery after journal, source nonempty (16.961188ms)
✔ startup crash recovery after primary, source nonempty (21.496632ms)
✔ startup crash recovery after source, source nonempty (20.083498ms)
✔ startup crash recovery after recovery, source nonempty (21.137678ms)
✔ startup crash recovery after remove, source nonempty (15.597898ms)
✔ startup crash recovery after journal, source absent (16.707891ms)
✔ startup crash recovery after primary, source absent (16.461705ms)
✔ startup crash recovery after source, source absent (19.146342ms)
✔ startup crash recovery after recovery, source absent (17.779657ms)
✔ startup crash recovery after remove, source absent (12.018158ms)
✔ startup crash recovery after journal, source nonempty, primary absent (11.996845ms)
✔ startup crash recovery after primary, source nonempty, primary absent (14.688444ms)
✔ startup crash recovery after source, source nonempty, primary absent (16.601843ms)
✔ startup crash recovery after recovery, source nonempty, primary absent (15.284582ms)
✔ startup crash recovery after remove, source nonempty, primary absent (12.961702ms)
✔ startup crash recovery after journal, source absent, primary absent (10.930398ms)
✔ startup crash recovery after primary, source absent, primary absent (12.555617ms)
✔ startup crash recovery after source, source absent, primary absent (14.663827ms)
✔ startup crash recovery after recovery, source absent, primary absent (15.462596ms)
✔ startup crash recovery after remove, source absent, primary absent (9.051359ms)
✔ conditional rollback fault primary/before, source nonempty (18.571145ms)
✔ conditional rollback fault primary/after-throw, source nonempty (15.462436ms)
✔ conditional rollback fault primary/readback-throw, source nonempty (16.125094ms)
✔ conditional rollback fault primary/crash, source nonempty (16.577567ms)
✔ conditional rollback fault source/before, source nonempty (17.218952ms)
✔ conditional rollback fault source/after-throw, source nonempty (10.827174ms)
✔ conditional rollback fault source/readback-throw, source nonempty (17.382285ms)
✔ conditional rollback fault source/crash, source nonempty (20.210127ms)
✔ conditional rollback fault recovery/before, source nonempty (37.647643ms)
✔ conditional rollback fault recovery/after-throw, source nonempty (28.906146ms)
✔ conditional rollback fault recovery/readback-throw, source nonempty (38.111996ms)
✔ conditional rollback fault recovery/crash, source nonempty (38.870916ms)
✔ conditional rollback fault journal/before, source nonempty (15.767591ms)
✔ conditional rollback fault journal/after-throw, source nonempty (10.701677ms)
✔ conditional rollback fault journal/readback-throw, source nonempty (10.691172ms)
✔ conditional rollback fault journal/crash, source nonempty (55.428172ms)
✔ conditional rollback fault primary/before, source absent (18.082749ms)
✔ conditional rollback fault primary/after-throw, source absent (10.830539ms)
✔ conditional rollback fault primary/readback-throw, source absent (19.211128ms)
✔ conditional rollback fault primary/crash, source absent (19.268514ms)
✔ conditional rollback fault source/before, source absent (20.4946ms)
✔ conditional rollback fault source/after-throw, source absent (11.665272ms)
✔ conditional rollback fault source/readback-throw, source absent (17.470107ms)
✔ conditional rollback fault source/crash, source absent (17.186774ms)
✔ conditional rollback fault recovery/before, source absent (39.729684ms)
✔ conditional rollback fault recovery/after-throw, source absent (36.112549ms)
✔ conditional rollback fault recovery/readback-throw, source absent (66.951962ms)
✔ conditional rollback fault recovery/crash, source absent (44.047015ms)
✔ conditional rollback fault journal/before, source absent (19.741178ms)
✔ conditional rollback fault journal/after-throw, source absent (11.108382ms)
✔ conditional rollback fault journal/readback-throw, source absent (12.219788ms)
✔ conditional rollback fault journal/crash, source absent (11.845299ms)
✔ conditional rollback fault primary/before, source nonempty, primary absent (17.568954ms)
✔ conditional rollback fault primary/after-throw, source nonempty, primary absent (8.305658ms)
✔ conditional rollback fault primary/readback-throw, source nonempty, primary absent (12.443591ms)
✔ conditional rollback fault primary/crash, source nonempty, primary absent (16.037793ms)
✔ conditional rollback fault source/before, source nonempty, primary absent (16.757655ms)
✔ conditional rollback fault source/after-throw, source nonempty, primary absent (7.610994ms)
✔ conditional rollback fault source/readback-throw, source nonempty, primary absent (12.1346ms)
✔ conditional rollback fault source/crash, source nonempty, primary absent (13.37655ms)
✔ conditional rollback fault recovery/before, source nonempty, primary absent (41.829939ms)
✔ conditional rollback fault recovery/after-throw, source nonempty, primary absent (26.387604ms)
✔ conditional rollback fault recovery/readback-throw, source nonempty, primary absent (39.776155ms)
✔ conditional rollback fault recovery/crash, source nonempty, primary absent (35.022643ms)
✔ conditional rollback fault journal/before, source nonempty, primary absent (11.144215ms)
✔ conditional rollback fault journal/after-throw, source nonempty, primary absent (7.223647ms)
✔ conditional rollback fault journal/readback-throw, source nonempty, primary absent (8.120353ms)
✔ conditional rollback fault journal/crash, source nonempty, primary absent (7.150217ms)
✔ conditional rollback fault primary/before, source absent, primary absent (14.227567ms)
✔ conditional rollback fault primary/after-throw, source absent, primary absent (7.036087ms)
✔ conditional rollback fault primary/readback-throw, source absent, primary absent (10.656709ms)
✔ conditional rollback fault primary/crash, source absent, primary absent (11.896305ms)
✔ conditional rollback fault source/before, source absent, primary absent (12.325233ms)
✔ conditional rollback fault source/after-throw, source absent, primary absent (7.31285ms)
✔ conditional rollback fault source/readback-throw, source absent, primary absent (10.702687ms)
✔ conditional rollback fault source/crash, source absent, primary absent (11.723888ms)
✔ conditional rollback fault recovery/before, source absent, primary absent (33.600095ms)
✔ conditional rollback fault recovery/after-throw, source absent, primary absent (25.012076ms)
✔ conditional rollback fault recovery/readback-throw, source absent, primary absent (34.764448ms)
✔ conditional rollback fault recovery/crash, source absent, primary absent (32.269653ms)
✔ conditional rollback fault journal/before, source absent, primary absent (10.862776ms)
✔ conditional rollback fault journal/after-throw, source absent, primary absent (8.62913ms)
✔ conditional rollback fault journal/readback-throw, source absent, primary absent (7.632305ms)
✔ conditional rollback fault journal/crash, source absent, primary absent (7.292549ms)
✔ startup covers exact before-before state (16.875209ms)
✔ startup covers exact after-before state (17.023951ms)
✔ startup covers exact before-after state (15.424899ms)
✔ startup covers exact after-after state (17.327051ms)
✔ startup recovery durable fault primary-rollback/before (22.999269ms)
✔ startup recovery durable fault primary-rollback/after-throw (18.510123ms)
✔ startup recovery durable fault primary-rollback/readback-throw (22.06715ms)
✔ startup recovery durable fault primary-rollback/crash (20.23345ms)
✔ startup recovery durable fault source-rollback/before (21.478884ms)
✔ startup recovery durable fault source-rollback/after-throw (16.679037ms)
✔ startup recovery durable fault source-rollback/readback-throw (20.568078ms)
✔ startup recovery durable fault source-rollback/crash (22.140049ms)
✔ startup recovery durable fault recovery-finalize/before (23.031837ms)
✔ startup recovery durable fault recovery-finalize/after-throw (21.795276ms)
✔ startup recovery durable fault recovery-finalize/readback-throw (22.707404ms)
✔ startup recovery durable fault recovery-finalize/crash (24.48512ms)
✔ startup recovery durable fault journal-remove/before (22.626854ms)
✔ startup recovery durable fault journal-remove/after-throw (20.38804ms)
✔ startup recovery durable fault journal-remove/readback-throw (17.579889ms)
✔ startup recovery durable fault journal-remove/crash (16.538718ms)
✔ startup third values and arbitrary journal targets preserve every live byte and rescue evidence (91.00758ms)
✔ third value arriving during rollback is never replaced (16.448864ms)
✔ old cooperating writer waits on the existing primary lock and cannot overwrite a completed pair (11.945658ms)
✔ observers see both adopted domains and cannot convert success to failure (9.685723ms)
✔ stale clean in-memory export is rescue, never silently substitutes an old domain (6.675721ms)
✔ pre-write read denial for ran_hsk1_modular_v1 creates no mutation (4.323819ms)
✔ pre-write read denial for ran_hsk1_textbook_source_v1 creates no mutation (7.192981ms)
✔ pre-write read denial for ran_hsk1_source_pair_journal_v1 creates no mutation (4.246884ms)
✔ pre-write read denial for ran_hsk1_source_pair_recovery_v1 creates no mutation (4.229037ms)
✔ invalid nested source recovery and primary grades in journal remain inert (29.725095ms)
✔ a newer value discovered after final journal removal is preserved and journal evidence is re-established (17.200893ms)
✔ opaque store participants reject copied cross-scope consumed and not-readback-verified tokens (6.25238ms)
✔ dirty state is transient, survives a queued write, and clears only after confirmed save or explicit reload (3.297019ms)
✔ a clean external conflict is not dirty, but a conflicting local edit remains dirty after failed save (2.059947ms)
✔ replacement and recovery commit in one write, never nest, and restore submitted A with draft B (2.073448ms)
✔ quota leaves original raw intact and exports the actual unsaved multiline draft (0.546533ms)
✔ a denied import changes neither current data nor original raw, while its candidate remains exportable (0.406796ms)
✔ read access denial and missing Web Locks prevent writes but allow exporting memory work (0.529128ms)
✔ two cooperating tabs sharing a lock keep the first commit and reject the second without losing its draft (0.534156ms)
✔ a preview expires after a local edit, including an edit while confirmation waits for the lock (0.473034ms)
✔ same revision with different raw is a conflict for preview confirmation and ordinary save (0.682396ms)
✔ a preview held by the service is immune to mutation or fabrication by its caller (0.560975ms)
✔ corrupt current JSON, app, schema, or recovery stays byte-for-byte exportable and cannot be overwritten (2.046137ms)
✔ invalid backup identity and learning schema reject before any write; backup excludes unrelated auth keys (0.594305ms)
✔ queued save and confirmation cannot write or publish after disposal (0.571902ms)
✔ a write that takes effect and then throws is accepted only after exact read-back confirmation (0.326466ms)
✔ read-back denial never reports saved even when the attempted write may have reached storage (0.325425ms)
✔ an unexpected third-party value is never rolled back after a failed write (0.304314ms)
✔ frozen textbook keeps 15 lessons, 342 rows, 45 scenes and 40 grammar plus 3 phonetics (5.329246ms)
✔ all 344 declared senses resolve exact catalog audio and provenance without merging 342 rows (8.759404ms)
✔ 14 unsupported lesson 4 words stay unavailable with accurate original-audio explanation (10.669369ms)
✔ multi-sense 天 and 上 retain separate declared clips while same-form 在 stays in its lesson (0.671189ms)
✔ all 45 whole scenes and every line use frozen original tracks and unmodified segment ranges (1.550579ms)
✔ all lesson vocabulary playlists preserve three whole tracks and only lessons 1–3 have tongue tracks (0.754594ms)
✔ foreign lesson IDs, scene/line IDs and unknown words never resolve arbitrary clips (0.253147ms)
✔ validation rejects missing or duplicate content, wrong phonetics placement and mixed baselines (31.472999ms)
✔ invalid boundaries, source paths, swapped scenes and undeclared foreign audio fail instead of clamping (65.464228ms)
✔ wrong catalog identity, missing declaration and off-by-one word timing reject the complete load (32.662029ms)
✔ immutable loaded content is isolated from caller mutations and does not alter frozen inputs (29.520561ms)
✔ approved source corrections appear in the display with provenance while the frozen input stays unchanged (43.172481ms)
✔ display repairs preserve every stable identity, catalog sense, scene and line audio boundary (23.017447ms)
✔ stale baselines, mistaken targets, forbidden fields and incomplete provenance reject the whole display revision (216.164568ms)
✔ frozen book validation runs before display correction, so overlays cannot hide invalid source data (10.424384ms)
✔ later approved Vietnamese copy can use the same narrow display mechanism without changing histories or audio (13.271614ms)
✔ every textbook section and player/save state has explicit Chinese and Vietnamese copy (1.98091ms)
✔ known failures translate exactly and unknown diagnostics remain available without a guessed translation (0.19439ms)
✔ dynamic Hanzi and practice labels keep counts and characters in both languages (0.309501ms)
✔ practice instructions add no answer material and do not alter the question bank (4.903542ms)
✔ the existing 150 corrected textbook questions remain unchanged while explicit legacy targets are added (19.803891ms)
✔ textbook review grades all 160 retained and restored questions separately and permits unselected submissions (3.158604ms)
✔ review generation and grading do not mutate the frozen lesson or caller selections; invalid indexes count as unselected (2.082882ms)
✔ the bundled Hanzi Writer 3.7.3 body is byte-identical to the frozen source; only the lifecycle adapter is added (2.572661ms)
✔ the Hanzi lifecycle adapter removes every pointer listener and cancels active quiz/render work on disposal (1.657458ms)
✔ all ten audited legacy word targets use current corrected text and no replaced source sentence returns (0.934882ms)
✔ listen-only and hide-original survive tabs, picker, arrows and history-equivalent route updates (8.842188ms)
✔ hidden line controls keep neutral labels, stop old scene media, and remain playable (1.097645ms)
✔ all 45 frozen scenes bind 48 reviewed crops without inferring from scene names (12.567606ms)
✔ scene crops reject changed source hashes, page bindings and paths (1.745409ms)
✔ family 1: inactive read/profile/no-op answer does not create presentation or alter raw grading (23.239728ms)
✔ family 2: first real answer captures displayed revision; reload/continued answers retain it while profile and reads are inert (55.902604ms)
✔ family 3: legacy unbound draft and old submission remain baseline despite a new active display revision (16.932986ms)
✔ family 4: same-clock same-answer submissions get distinct binding IDs and exact first/current/latest/history display (38.837095ms)
✔ family 5: history cap20 keeps first binding/payload and collects only unreferenced revisions (698.888824ms)
✔ family 6: restart clears current/draft only, preserves first/latest/history; next fresh answer may bind new revision (16.416447ms)
✔ family 7: listening round is fixed across reload; randomized option indices and raw answers/fingerprints stay authoritative (31.391202ms)
✔ family 8: full backup/import/recovery round-trips display and raw authority together without applying current revision (33.003268ms)
✔ family 9: strict import rejects wrong raw authority, foreign owner, sealed Chinese field, orphan payload, duplicate history binding and unknown key atomically (49.585348ms)
✔ family 10: scoped lesson/version/module reset prunes matching presentation and preserves unrelated homework/listening data (67.571761ms)
✔ family 11: explicit legacy replacement clears only its replaced display domain; discovery preserves valid existing bindings (42.864157ms)
✔ family 12: quota/held-lock retain H1 live-unsaved submission+display export; retry writes the same binding once (33.345498ms)
✔ archive projection preserves distinct same-clock logical slots while raw answer/grade and raw task stay explicit (28.768802ms)
✔ UTF-8 budget is enforced on actual multilingual bytes, with no truncation of saved Vietnamese (15.818877ms)
✔ paired backup/import/restore carries nonempty presentation and independent source data atomically (136.371646ms)
✔ partial listening reset retains other lesson display/response bindings and trims round payload by actual kept IDs (62.674533ms)
✔ baseline unbound listening round after an old revision updates latest as baseline without retagging it (18.379981ms)
✔ cap20 import cannot merge the real first logical submission with later same-clock binding (513.658733ms)
✔ exhaustive browser batches cover every frozen sense once, all 330 audio records, and all 14 missing-audio records (3.832037ms)
✔ vocabulary exposes exactly the frozen 344 sense records / 319 forms with all editorial source and category fields intact (91.968187ms)
✔ all 330 audio requests resolve exact same-lesson original word ranges with no answer-bearing label or synthetic clip (112.776519ms)
✔ all 14 no-audio records remain explicit null, correspond to the L4 numeric table, and never borrow another lesson clip (73.539799ms)
✔ record shape, stable identity, counts, sense separation and complete source provenance are validated (288.631449ms)
✔ missing, duplicated, orphan or substituted audio metadata is rejected before any resolver is returned (192.426218ms)
✔ no-audio declarations cannot disappear, duplicate, point at a different sense, or acquire a fabricated clip (199.879205ms)
✔ range validation rejects negative, zero, nonfinite, beyond-track and same-lesson non-vocabulary clips (82.466718ms)
✔ actual SHA256 verification rejects valid-shaped editorial, clip and original-track metadata drift (441.586822ms)
✔ content snapshots are deeply readonly and stable across caller mutations during asynchronous validation (89.882651ms)
✔ loader fetches the frozen sources and approved display sidecar with AbortSignal, with HTTP failure visible (70.357714ms)
✔ aborted loads and in-flight hashes cannot deliver content to a departed view (26.073414ms)
✔ current textbook examples preserve exact Chinese, pinyin, Vietnamese and lesson sources without copying audio (130.732463ms)
✔ every polysemous sense has a reviewed same-lesson example; homographs never share the wrong use (56.630531ms)
✔ examples reject another baseline and unverified text; asynchronous reads do not expose caller mutations (125.244844ms)
✔ live vocabulary examples share the validated textbook display and preserve all frozen identity, rating and audio data (115.876573ms)
✔ display examples reject unverified source hashes, stale revisions and ambiguous or unreviewed sense anchors (171.229389ms)
✔ asynchronous display snapshots ignore caller mutations and remain deeply readonly (82.243129ms)
✔ an existing rated vocabulary review and schedule restore unchanged with the live display examples (99.642228ms)
✔ construction and reads do not create reviews; rejected empty actions do not schedule saves (56.074304ms)
✔ first route selects its lesson once, review visit never replaces the queue or enables due automatically (110.278965ms)
✔ supported preferences normalize with no-op saves; invalid values cannot corrupt any practice field (45.950779ms)
✔ all lessons expose exactly 344 distinct sense cards and 319 forms while preserving every source (31.442002ms)
✔ same sense merges across selected lessons only and never borrows audio from an unselected source (18.324298ms)
✔ homographs 家 在 天 上 retain separate sense identities and schedules (57.366019ms)
✔ all, unfamiliar, wrong and due use selected senses and latest self-ratings without changing the active queue (46.392437ms)
✔ free movement preserves each card while reveal still gates rating and repeated actions do not duplicate writes (47.447568ms)
✔ skipping preserves existing schedules and all queue options, including due cards with an earlier unrated gap (46.652113ms)
✔ unrated gaps and the exact saved position survive reload and backup import without losing skipped cards (245.994689ms)
✔ out-of-order self-ratings complete only after every card is rated and preserve the true completion time (41.195357ms)
✔ single-card and last-card next calls are no-ops even without revealing or rating (10.588388ms)
✔ again, hard, good and early good exactly preserve the existing simple schedule semantics (28.869371ms)
✔ a rated card stays current in a due round even when current preferences change lesson, direction and filter (62.807452ms)
✔ shuffled order, position, reveal, self-ratings, preferences and source selection resume after actual save and backup import (119.004088ms)
✔ vocabulary edits preserve homework, listening, reading stars and legacy original bytes (35.597531ms)
✔ invalid clock or shuffle source cannot replace an existing round; changed sense identity cannot inherit self-ratings (77.372291ms)
✔ quota failure and cross-tab conflict preserve the self-rating in exportable memory without pretending to save (104.454942ms)
✔ mixed search matches Chinese, Vietnamese and unaccented/spaceless pinyin without merging senses (258.956087ms)
✔ search intersects lesson and rating filters; empty searches cannot replace a saved round (208.043386ms)
✔ searched queues retain exact ordering, saved scope and unrated gaps through reload and backup import (192.312694ms)
✔ saved search never permits foreign, omitted, or substituted queue members (46.613694ms)
ℹ tests 630
ℹ suites 0
ℹ pass 630
ℹ fail 0
ℹ cancelled 0
ℹ skipped 0
ℹ todo 0
ℹ duration_ms 10652.519317
