✔ inactive registry preserves object identity and has no synthetic accepted revision (1.213377ms)
✔ canonical proposal removes every exact independentReview key, preserves array order and hashes UTF-8 (6.155756ms)
✔ accepted synthetic projection clones language only and preserves exact raw grading identity (4.60033ms)
✔ whole registry rejects stale baseline, byte tampering, parent drift, duplicate field, self-review and foreign consumer before projection (8.313698ms)
✔ wordSenses and mixed cards project Vietnamese while catalog/sourceRecords/fingerprints remain raw (129.684147ms)
✔ registered HSK1 source mapper uses actual original pointers, parent display leaves and unique semantic owners (41.205744ms)
✔ original option index guards reject frozen Chinese labels and ambiguous Vietnamese display options (2.580713ms)
✔ course overview title uses its exact owner while Chinese and all original count fields stay unchanged (1.110944ms)
✔ both inactive and active config roots require the exact supported schema before asset loading (0.363771ms)
✔ family 1: inactive read/profile/no-op answer does not create presentation or alter raw grading (22.453793ms)
✔ family 2: first real answer captures displayed revision; reload/continued answers retain it while profile and reads are inert (33.52986ms)
✔ family 3: legacy unbound draft and old submission remain baseline despite a new active display revision (19.022994ms)
✔ family 4: same-clock same-answer submissions get distinct binding IDs and exact first/current/latest/history display (36.94157ms)
✔ family 5: history cap20 keeps first binding/payload and collects only unreferenced revisions (689.135844ms)
✔ family 6: restart clears current/draft only, preserves first/latest/history; next fresh answer may bind new revision (17.208633ms)
✔ family 7: listening round is fixed across reload; randomized option indices and raw answers/fingerprints stay authoritative (30.074821ms)
✔ family 8: full backup/import/recovery round-trips display and raw authority together without applying current revision (31.447976ms)
✔ family 9: strict import rejects wrong raw authority, foreign owner, sealed Chinese field, orphan payload, duplicate history binding and unknown key atomically (41.057573ms)
✔ family 10: scoped lesson/version/module reset prunes matching presentation and preserves unrelated homework/listening data (44.951825ms)
✔ family 11: explicit legacy replacement clears only its replaced display domain; discovery preserves valid existing bindings (30.722629ms)
✔ family 12: quota/held-lock retain H1 live-unsaved submission+display export; retry writes the same binding once (32.747665ms)
✔ archive projection preserves distinct same-clock logical slots while raw answer/grade and raw task stay explicit (27.621211ms)
✔ UTF-8 budget is enforced on actual multilingual bytes, with no truncation of saved Vietnamese (15.431209ms)
✔ paired backup/import/restore carries nonempty presentation and independent source data atomically (86.282864ms)
✔ partial listening reset retains other lesson display/response bindings and trims round payload by actual kept IDs (51.003901ms)
✔ baseline unbound listening round after an old revision updates latest as baseline without retagging it (17.562403ms)
✔ cap20 import cannot merge the real first logical submission with later same-clock binding (466.354568ms)
ℹ tests 27
ℹ suites 0
ℹ pass 27
ℹ fail 0
ℹ cancelled 0
ℹ skipped 0
ℹ todo 0
ℹ duration_ms 1960.122329
