[WebServer] (node:27) Warning: The 'NO_COLOR' env is ignored due to the 'FORCE_COLOR' env being set.
[WebServer] (Use `node --trace-warnings ...` to show where the warning was created)

Running 9 tests using 1 worker

(node:39) Warning: The 'NO_COLOR' env is ignored due to the 'FORCE_COLOR' env being set.
(Use `node --trace-warnings ...` to show where the warning was created)
  ✘  1 [chromium] › tests/packaged/unified-source.spec.ts:8:42 › unified packaged entry portal loads actual source crops with nonempty legacy state (5.5s)
(node:105) Warning: The 'NO_COLOR' env is ignored due to the 'FORCE_COLOR' env being set.
(Use `node --trace-warnings ...` to show where the warning was created)
  ✘  2 [chromium] › tests/packaged/unified-source.spec.ts:8:42 › unified packaged entry new-hsk1 loads actual source crops with nonempty legacy state (5.5s)
(node:173) Warning: The 'NO_COLOR' env is ignored due to the 'FORCE_COLOR' env being set.
(Use `node --trace-warnings ...` to show where the warning was created)
  ✘  3 [chromium] › tests/packaged/unified-source.spec.ts:8:42 › unified packaged entry new-hsk1/hsk1 loads actual source crops with nonempty legacy state (5.4s)
(node:238) Warning: The 'NO_COLOR' env is ignored due to the 'FORCE_COLOR' env being set.
(Use `node --trace-warnings ...` to show where the warning was created)
  ✘  4 [chromium] › tests/packaged/unified-source.spec.ts:8:42 › unified packaged entry new-hsk2 loads actual source crops with nonempty legacy state (5.5s)
(node:304) Warning: The 'NO_COLOR' env is ignored due to the 'FORCE_COLOR' env being set.
(Use `node --trace-warnings ...` to show where the warning was created)
  ✘  5 [chromium] › tests/packaged/unified-source.spec.ts:8:42 › unified packaged entry new-hsk2/hsk2 loads actual source crops with nonempty legacy state (5.5s)
(node:371) Warning: The 'NO_COLOR' env is ignored due to the 'FORCE_COLOR' env being set.
(Use `node --trace-warnings ...` to show where the warning was created)
  ✘  6 [chromium] › tests/packaged/unified-source.spec.ts:8:42 › unified packaged entry new-hsk3 loads actual source crops with nonempty legacy state (5.5s)
(node:437) Warning: The 'NO_COLOR' env is ignored due to the 'FORCE_COLOR' env being set.
(Use `node --trace-warnings ...` to show where the warning was created)
  ✘  7 [chromium] › tests/packaged/unified-source.spec.ts:8:42 › unified packaged entry new-hsk3/hsk3 loads actual source crops with nonempty legacy state (5.5s)
(node:501) Warning: The 'NO_COLOR' env is ignored due to the 'FORCE_COLOR' env being set.
(Use `node --trace-warnings ...` to show where the warning was created)
  ✘  8 [chromium] › tests/packaged/unified-source.spec.ts:27:1 › nested HSK1 textbook originals and original audio resolve against shared course engine (5.1s)
(node:567) Warning: The 'NO_COLOR' env is ignored due to the 'FORCE_COLOR' env being set.
(Use `node --trace-warnings ...` to show where the warning was created)
  ✓  9 [chromium] › tests/packaged/unified-source.spec.ts:39:1 › assembled HTTP bytes match frozen identity and private baseline/source paths are not served (351ms)


  1) [chromium] › tests/packaged/unified-source.spec.ts:8:42 › unified packaged entry portal loads actual source crops with nonempty legacy state 

    Error: expect(received).toBe(expected) // Object.is equality

    Expected: true
    Received: false

    Call Log:
    - Timeout 5000ms exceeded while waiting on the predicate

      14 |   const host=page.locator('[data-hsk1-source-pilot="4"]');await expect(host).toBeVisible();await expect(host.locator('.activity-card')).toHaveCount(current.activities.length);
      15 |   const pictures=host.locator('img');expect(await pictures.count()).toBeGreaterThan(0);
    > 16 |   await expect.poll(()=>pictures.evaluateAll(images=>images.every(i=>(i as HTMLImageElement).complete&&(i as HTMLImageElement).naturalWidth>0))).toBe(true);
         |                                                                                                                                                  ^
      17 |   const urls=await pictures.evaluateAll(images=>images.map(i=>(i as HTMLImageElement).src));
      18 |   for(const url of new Set<string>(urls)){
      19 |     const filename=new URL(url).pathname.split('/').pop()!,figure=current.figures.find(f=>f.file.endsWith('/'+filename));expect(figure,filename).toBeTruthy();
        at /workspace/scratch/28b55072841a/hsk-hub-resume/course-app/tests/packaged/unified-source.spec.ts:16:146

    Error Context: test-results-package-closure/unified-source-unified-pac-2e1dd--with-nonempty-legacy-state-chromium/error-context.md

  2) [chromium] › tests/packaged/unified-source.spec.ts:8:42 › unified packaged entry new-hsk1 loads actual source crops with nonempty legacy state 

    Error: expect(received).toBe(expected) // Object.is equality

    Expected: true
    Received: false

    Call Log:
    - Timeout 5000ms exceeded while waiting on the predicate

      14 |   const host=page.locator('[data-hsk1-source-pilot="4"]');await expect(host).toBeVisible();await expect(host.locator('.activity-card')).toHaveCount(current.activities.length);
      15 |   const pictures=host.locator('img');expect(await pictures.count()).toBeGreaterThan(0);
    > 16 |   await expect.poll(()=>pictures.evaluateAll(images=>images.every(i=>(i as HTMLImageElement).complete&&(i as HTMLImageElement).naturalWidth>0))).toBe(true);
         |                                                                                                                                                  ^
      17 |   const urls=await pictures.evaluateAll(images=>images.map(i=>(i as HTMLImageElement).src));
      18 |   for(const url of new Set<string>(urls)){
      19 |     const filename=new URL(url).pathname.split('/').pop()!,figure=current.figures.find(f=>f.file.endsWith('/'+filename));expect(figure,filename).toBeTruthy();
        at /workspace/scratch/28b55072841a/hsk-hub-resume/course-app/tests/packaged/unified-source.spec.ts:16:146

    Error Context: test-results-package-closure/unified-source-unified-pac-c9c85--with-nonempty-legacy-state-chromium/error-context.md

  3) [chromium] › tests/packaged/unified-source.spec.ts:8:42 › unified packaged entry new-hsk1/hsk1 loads actual source crops with nonempty legacy state 

    Error: expect(received).toBe(expected) // Object.is equality

    Expected: true
    Received: false

    Call Log:
    - Timeout 5000ms exceeded while waiting on the predicate

      14 |   const host=page.locator('[data-hsk1-source-pilot="4"]');await expect(host).toBeVisible();await expect(host.locator('.activity-card')).toHaveCount(current.activities.length);
      15 |   const pictures=host.locator('img');expect(await pictures.count()).toBeGreaterThan(0);
    > 16 |   await expect.poll(()=>pictures.evaluateAll(images=>images.every(i=>(i as HTMLImageElement).complete&&(i as HTMLImageElement).naturalWidth>0))).toBe(true);
         |                                                                                                                                                  ^
      17 |   const urls=await pictures.evaluateAll(images=>images.map(i=>(i as HTMLImageElement).src));
      18 |   for(const url of new Set<string>(urls)){
      19 |     const filename=new URL(url).pathname.split('/').pop()!,figure=current.figures.find(f=>f.file.endsWith('/'+filename));expect(figure,filename).toBeTruthy();
        at /workspace/scratch/28b55072841a/hsk-hub-resume/course-app/tests/packaged/unified-source.spec.ts:16:146

    Error Context: test-results-package-closure/unified-source-unified-pac-7a75c--with-nonempty-legacy-state-chromium/error-context.md

  4) [chromium] › tests/packaged/unified-source.spec.ts:8:42 › unified packaged entry new-hsk2 loads actual source crops with nonempty legacy state 

    Error: expect(received).toBe(expected) // Object.is equality

    Expected: true
    Received: false

    Call Log:
    - Timeout 5000ms exceeded while waiting on the predicate

      14 |   const host=page.locator('[data-hsk1-source-pilot="4"]');await expect(host).toBeVisible();await expect(host.locator('.activity-card')).toHaveCount(current.activities.length);
      15 |   const pictures=host.locator('img');expect(await pictures.count()).toBeGreaterThan(0);
    > 16 |   await expect.poll(()=>pictures.evaluateAll(images=>images.every(i=>(i as HTMLImageElement).complete&&(i as HTMLImageElement).naturalWidth>0))).toBe(true);
         |                                                                                                                                                  ^
      17 |   const urls=await pictures.evaluateAll(images=>images.map(i=>(i as HTMLImageElement).src));
      18 |   for(const url of new Set<string>(urls)){
      19 |     const filename=new URL(url).pathname.split('/').pop()!,figure=current.figures.find(f=>f.file.endsWith('/'+filename));expect(figure,filename).toBeTruthy();
        at /workspace/scratch/28b55072841a/hsk-hub-resume/course-app/tests/packaged/unified-source.spec.ts:16:146

    Error Context: test-results-package-closure/unified-source-unified-pac-1a4b0--with-nonempty-legacy-state-chromium/error-context.md

  5) [chromium] › tests/packaged/unified-source.spec.ts:8:42 › unified packaged entry new-hsk2/hsk2 loads actual source crops with nonempty legacy state 

    Error: expect(received).toBe(expected) // Object.is equality

    Expected: true
    Received: false

    Call Log:
    - Timeout 5000ms exceeded while waiting on the predicate

      14 |   const host=page.locator('[data-hsk1-source-pilot="4"]');await expect(host).toBeVisible();await expect(host.locator('.activity-card')).toHaveCount(current.activities.length);
      15 |   const pictures=host.locator('img');expect(await pictures.count()).toBeGreaterThan(0);
    > 16 |   await expect.poll(()=>pictures.evaluateAll(images=>images.every(i=>(i as HTMLImageElement).complete&&(i as HTMLImageElement).naturalWidth>0))).toBe(true);
         |                                                                                                                                                  ^
      17 |   const urls=await pictures.evaluateAll(images=>images.map(i=>(i as HTMLImageElement).src));
      18 |   for(const url of new Set<string>(urls)){
      19 |     const filename=new URL(url).pathname.split('/').pop()!,figure=current.figures.find(f=>f.file.endsWith('/'+filename));expect(figure,filename).toBeTruthy();
        at /workspace/scratch/28b55072841a/hsk-hub-resume/course-app/tests/packaged/unified-source.spec.ts:16:146

    Error Context: test-results-package-closure/unified-source-unified-pac-bd006--with-nonempty-legacy-state-chromium/error-context.md

  6) [chromium] › tests/packaged/unified-source.spec.ts:8:42 › unified packaged entry new-hsk3 loads actual source crops with nonempty legacy state 

    Error: expect(received).toBe(expected) // Object.is equality

    Expected: true
    Received: false

    Call Log:
    - Timeout 5000ms exceeded while waiting on the predicate

      14 |   const host=page.locator('[data-hsk1-source-pilot="4"]');await expect(host).toBeVisible();await expect(host.locator('.activity-card')).toHaveCount(current.activities.length);
      15 |   const pictures=host.locator('img');expect(await pictures.count()).toBeGreaterThan(0);
    > 16 |   await expect.poll(()=>pictures.evaluateAll(images=>images.every(i=>(i as HTMLImageElement).complete&&(i as HTMLImageElement).naturalWidth>0))).toBe(true);
         |                                                                                                                                                  ^
      17 |   const urls=await pictures.evaluateAll(images=>images.map(i=>(i as HTMLImageElement).src));
      18 |   for(const url of new Set<string>(urls)){
      19 |     const filename=new URL(url).pathname.split('/').pop()!,figure=current.figures.find(f=>f.file.endsWith('/'+filename));expect(figure,filename).toBeTruthy();
        at /workspace/scratch/28b55072841a/hsk-hub-resume/course-app/tests/packaged/unified-source.spec.ts:16:146

    Error Context: test-results-package-closure/unified-source-unified-pac-464e6--with-nonempty-legacy-state-chromium/error-context.md

  7) [chromium] › tests/packaged/unified-source.spec.ts:8:42 › unified packaged entry new-hsk3/hsk3 loads actual source crops with nonempty legacy state 

    Error: expect(received).toBe(expected) // Object.is equality

    Expected: true
    Received: false

    Call Log:
    - Timeout 5000ms exceeded while waiting on the predicate

      14 |   const host=page.locator('[data-hsk1-source-pilot="4"]');await expect(host).toBeVisible();await expect(host.locator('.activity-card')).toHaveCount(current.activities.length);
      15 |   const pictures=host.locator('img');expect(await pictures.count()).toBeGreaterThan(0);
    > 16 |   await expect.poll(()=>pictures.evaluateAll(images=>images.every(i=>(i as HTMLImageElement).complete&&(i as HTMLImageElement).naturalWidth>0))).toBe(true);
         |                                                                                                                                                  ^
      17 |   const urls=await pictures.evaluateAll(images=>images.map(i=>(i as HTMLImageElement).src));
      18 |   for(const url of new Set<string>(urls)){
      19 |     const filename=new URL(url).pathname.split('/').pop()!,figure=current.figures.find(f=>f.file.endsWith('/'+filename));expect(figure,filename).toBeTruthy();
        at /workspace/scratch/28b55072841a/hsk-hub-resume/course-app/tests/packaged/unified-source.spec.ts:16:146

    Error Context: test-results-package-closure/unified-source-unified-pac-f0df4--with-nonempty-legacy-state-chromium/error-context.md

  8) [chromium] › tests/packaged/unified-source.spec.ts:27:1 › nested HSK1 textbook originals and original audio resolve against shared course engine 

    Error: expect(locator).toHaveCount(expected) failed

    Locator:  locator('.textbook-source-gallery img')
    Expected: 1
    Received: 0
    Timeout:  5000ms

    Call log:
      - Expect "toHaveCount" with timeout 5000ms
      - waiting for locator('.textbook-source-gallery img')
        14 × locator resolved to 0 elements
           - unexpected value "0"


      29 |   await page.addInitScript(()=>{const native=HTMLMediaElement.prototype.play;HTMLMediaElement.prototype.play=function(){(window as any).__packagedAudio=this;return native.call(this)};});
      30 |   await page.goto('./new-hsk1/hsk1/index.html#view=lesson&level=1&lesson=1&section=text');
    > 31 |   const images=page.locator('.textbook-source-gallery img');await expect(images).toHaveCount(1);await expect.poll(()=>images.first().evaluate(i=>(i as HTMLImageElement).naturalWidth)).toBeGreaterThan(0);
         |                                                                                  ^
      32 |   expect(await images.first().getAttribute('src')).toContain('/course-engine/source-activities/figures/');
      33 |   await page.locator('[data-scene-audio]').first().click();await expect(page.locator('#audio-player')).toHaveAttribute('data-state','playing');
      34 |   const audio=await page.evaluate(()=>{const a=(window as any).__packagedAudio as HTMLMediaElement;return {src:a.currentSrc,time:a.currentTime,duration:a.duration};});
        at /workspace/scratch/28b55072841a/hsk-hub-resume/course-app/tests/packaged/unified-source.spec.ts:31:82

    Error Context: test-results-package-closure/unified-source-nested-HSK1-e4c2d-gainst-shared-course-engine-chromium/error-context.md

  8 failed
    [chromium] › tests/packaged/unified-source.spec.ts:8:42 › unified packaged entry portal loads actual source crops with nonempty legacy state 
    [chromium] › tests/packaged/unified-source.spec.ts:8:42 › unified packaged entry new-hsk1 loads actual source crops with nonempty legacy state 
    [chromium] › tests/packaged/unified-source.spec.ts:8:42 › unified packaged entry new-hsk1/hsk1 loads actual source crops with nonempty legacy state 
    [chromium] › tests/packaged/unified-source.spec.ts:8:42 › unified packaged entry new-hsk2 loads actual source crops with nonempty legacy state 
    [chromium] › tests/packaged/unified-source.spec.ts:8:42 › unified packaged entry new-hsk2/hsk2 loads actual source crops with nonempty legacy state 
    [chromium] › tests/packaged/unified-source.spec.ts:8:42 › unified packaged entry new-hsk3 loads actual source crops with nonempty legacy state 
    [chromium] › tests/packaged/unified-source.spec.ts:8:42 › unified packaged entry new-hsk3/hsk3 loads actual source crops with nonempty legacy state 
    [chromium] › tests/packaged/unified-source.spec.ts:27:1 › nested HSK1 textbook originals and original audio resolve against shared course engine 
  1 passed (48.1s)
