✔ assembly preserves1140 baseline files and rejects changed baseline/frozen bytes (371.130322ms)
✔ all seven routeable entries resolve activity crops and shared textbook/audio against real packaged paths (285.167424ms)
✔ unknown source images, PDF, changed accepted crops/audio/strokes and symlinks fail before freezing (185.9917ms)
✔ source or frozen-input drift fails before output; dirty or prebuilt data cannot be labeled release (79.258682ms)
✔ release gate still requires exact commit, 48 lessons, 33 textbook lessons, 579 pages, sixteen stages and both engines (0.714245ms)
✔ actual current crop registry uses lesson 4 current version and rejects path traversal/private sources (60.05591ms)
✔ production assembly anchors the actual 1446-file 2da tree and explicitly separates developer-only files (13.978496ms)
✔ entry and build-configuration edits are dirty even when runtime src/content are untouched (153.530754ms)
✔ two locked course entries share identical frozen assets with nested relative media paths (1.125105ms)
✔ portal updates only2/3 course cards and retains exact HSK1 and both HSK4 cards (0.717558ms)
✔ package manifest binds every scoped output byte to the frozen source input without copying raw sources (151.772078ms)
✔ missing audio, unknown raw PDF, symlinks and wrong identity fail before release creation (178.726205ms)
✔ output and public-input allowlists reject legacy overwrites and source package paths (0.233689ms)
✔ small frozen-code transfer restores all exact tested bytes from264 hash-bound originals without rebuilding (87.438676ms)
✔ frozen transfer fails before output on changed audio, code, extra raw source or wrong source commit (210.523141ms)
ℹ tests 15
ℹ suites 0
ℹ pass 15
ℹ fail 0
ℹ cancelled 0
ℹ skipped 0
ℹ todo 0
ℹ duration_ms 863.800182
