
> hsk-shared-course-app@1.0.0 test
> node --experimental-strip-types --test tests/*.test.mjs

✔ existing pilot activities and a separately bound self-assessment matrix are structurally sound (3.555557ms)
✔ matrix cannot drop, repeat, misorder dimensions or bind non-checkbox answers (3.979822ms)
✔ editorial references never acquire automatic grading answers or unrelated picture IDs (1.352226ms)
✔ source surveys retain text/select/checkbox matrix bindings and reject mismatched context columns (3.2978ms)
✔ cross-page activities reject unrelated or inconsistent per-field source pages (2.944972ms)
✔ every approved instructional illustration exists with its reviewed bytes and no external source (85.146903ms)
✔ source survey headers bind editable names independently from all body responses (1.672386ms)
✔ editable survey headers cannot hide, duplicate, omit, mismatch or auto-grade a name (10.663946ms)
✔ field-level question provenance cannot point outside actual source questions (6.624144ms)
✔ frequency matrix permits only an explicit bilingual blank corner and retains caption context (1.218055ms)
✔ matrix corner rejects one-sided empty, missing language, non-string and whitespace-only headings (11.588011ms)
✔ explicit optional fields are boolean ungraded text only and do not infer from prompt language (19.930268ms)
✔ optional illustration label requires nonempty bilingual text and absent legacy label remains valid (15.665997ms)
✔ HSK2 failed candidate never enters draft and later ordinary save cannot invent submission (5.909723ms)
✔ HSK2 waiting candidate stays unsubmitted and confirmed reload preserves old record (0.68776ms)
✔ HSK2 lock-wait edit invalidates candidate without losing newer draft (0.454861ms)
✔ HSK2 composition and cancelled pending view never commit a marker (0.571746ms)
✔ HSK3 failed candidate never enters draft and later ordinary save cannot invent submission (0.484276ms)
✔ HSK3 waiting candidate stays unsubmitted and confirmed reload preserves old record (0.495562ms)
✔ HSK3 lock-wait edit invalidates candidate without losing newer draft (0.361732ms)
✔ HSK3 composition and cancelled pending view never commit a marker (0.499589ms)
✔ stale values and unsafe unavailable lock fail closed without adopting submissions (0.804065ms)
✔ prior fallback records remain separate immutable history with human-readable source context (8.226124ms)
✔ active controls, another lesson and another edition never enter this lesson archive (2.713646ms)
✔ nonempty old records survive actual storage save reload export restore without creating new activity submissions (3.478692ms)
✔ one source page keeps the group citation without duplicate field notes (1.485655ms)
✔ cross-page fields and differing group page always retain field-level citations (0.218029ms)
✔ row citation combines only matching effective provenance and never changes source objects (0.284483ms)
✔ assembly preserves1140 baseline files and rejects changed baseline/frozen bytes (551.421352ms)
✔ HSK2 homework quota rejection leaves receipts out of the live draft and later ordinary saves (7.777148ms)
✔ HSK2 homework waits without an adopted receipt and confirms exactly one immutable attempt (1.24213ms)
✔ HSK2 homework cancelled lock wait cannot reappear in a later draft save (1.103964ms)
✔ HSK2 homework newer answer during a lock wait wins without a submission (1.805008ms)
✔ HSK2 individual listening quota rejection leaves receipts out of the live draft and later ordinary saves (1.751321ms)
✔ HSK2 individual listening waits without an adopted receipt and confirms exactly one immutable attempt (1.930695ms)
✔ HSK2 individual listening cancelled lock wait cannot reappear in a later draft save (1.652541ms)
✔ HSK2 individual listening newer answer during a lock wait wins without a submission (2.001345ms)
✔ HSK3 homework quota rejection leaves receipts out of the live draft and later ordinary saves (1.303667ms)
✔ HSK3 homework waits without an adopted receipt and confirms exactly one immutable attempt (1.179962ms)
✔ HSK3 homework cancelled lock wait cannot reappear in a later draft save (0.786113ms)
✔ HSK3 homework newer answer during a lock wait wins without a submission (0.834412ms)
✔ HSK3 individual listening quota rejection leaves receipts out of the live draft and later ordinary saves (1.172491ms)
✔ HSK3 individual listening waits without an adopted receipt and confirms exactly one immutable attempt (1.485715ms)
✔ HSK3 individual listening cancelled lock wait cannot reappear in a later draft save (1.913731ms)
✔ HSK3 individual listening newer answer during a lock wait wins without a submission (0.710696ms)
✔ individual listening rejects stale rounds, answers and already submitted questions (1.449493ms)
✔ an unavailable write lock never adopts a homework receipt (0.88941ms)
✔ frozen independent review authorizes exactly two source-frame sentences and retains low probability observations (7.0588ms)
✔ subset source pinyin, actual lesson bytes, parent and ordinal match unchanged Chinese metadata (4.860956ms)
✔ wrong ranges, missing gates, source substitutions and invented precision are rejected (15.173166ms)
✔ joint overlay and authority tampering cannot create a new independent-review acceptance (13.40471ms)
✔ legacy manifest bytes and all 61 words, 13 holds, 78 lines and 33 children remain unchanged (14.863917ms)
✔ partial child keeps original ordinal 2 without a precise parent, sibling or color word; legacy children retain sequence (2.826234ms)
(node:2286) ExperimentalWarning: stripTypeScriptTypes is an experimental feature and might change at any time
(Use `node --trace-warnings ...` to show where the warning was created)
Reviewed sentence overlay rejected; previously reviewed segments and original tracks remain available.
Reviewed sentence overlay rejected; previously reviewed segments and original tracks remain available.
✔ concurrent callers await the same delayed actual crypto gate before overlay-ready (18.021ms)
✔ concurrent rejection retains baseline and resolves only after rejection, with no phantom subset (5.750207ms)
✔ invalid legacy input rejects every concurrent caller and cannot cache false readiness (6.873308ms)
✔ optional new overlay chunk load failure preserves completed legacy registry (6.281268ms)
✔ verified pilot clip ranges carry exact original identities and source text (5.867262ms)
✔ unverified, foreign, out-of-track and source-hash substitutions are rejected (4.32046ms)
✔ multi-sentence source fragments cannot be swapped or replaced (1.895395ms)
✔ source text, pinyin, per-entry hash, scope and reviewed timing cannot be forged (6.212031ms)
✔ word partitions and actual sentence coverage reject losses, orphans and relabeled whole paragraphs (2.375675ms)
✔ no source authority or duplicate merged IDs can silently expose segments (0.717797ms)
✔ pending bounds, inflated decoded duration, claimed certification and forged transcript are rejected (4.027505ms)
✔ reviewed HSK2 lessons 2–3 retain exact 25 verified and seven pending words after runtime merge (7.081332ms)
✔ grammar group metadata cannot omit duplicate reorder or replace baseline examples or lose bilingual sources (20.613302ms)
✔ actual grouped grammar retains full baseline summary and interleaves every original bilingual pinyin example once (5.700205ms)
✔ both supplemental picture-description labels retain full bilingual text after the source activity (8.722717ms)
✔ cross-page grammar examples retain their own visible source beside the unchanged explanation page (2.581157ms)
✔ source grammar explanations are additive, bilingual and tied to one real source grammar (17.577011ms)
✔ unmapped supplemental picture paragraphs collapse without hiding textbook text tasks or safety notes (5.016106ms)
✔ HSK3 glossary has all22 starred heads and23 stable word-sense records (29.775893ms)
✔ HSK3 star patch does not alter any existing lesson values (85.938181ms)
✔ all18 additional official-source registries and523 word anchors retain every complete old word and source (24.100763ms)
✔ HSK3 L10 reviewed source fields keys and figures stay complete (6.117807ms)
✔ HSK3 L11 reviewed source fields keys and figures stay complete (3.799192ms)
✔ HSK3 L10 education source task retains optional read-aloud marker, source retelling and ungraded personal comparison (3.892154ms)
✔ HSK3 L11 split listening answer pages and no invented culture/review survive integration (1.416446ms)
✔ all25 independently reviewed Vietnamese corrections remain in their exact new-layer locations (27.900176ms)
✔ source explanation groups preserve every original example once (4.103223ms)
✔ HSK3 L12 reviewed source activities preserve field counts official keys and source-specific shapes (9.55724ms)
✔ HSK3 L13 reviewed source activities preserve field counts official keys and source-specific shapes (1.752693ms)
✔ HSK3 L12 and13 source and answer page continuations stay attached to individual fields (2.644476ms)
✔ HSK3 L12 review binds eleven rows to twenty-two distinct checks across both source pages (1.50322ms)
✔ HSK3 L13 first grammar source frames preserve 1+2+2 independent non-unique blanks (2.090973ms)
✔ optional empty omitted and nonempty records preserve values and submission through real save reload export restore (4.548153ms)
✔ L12 least-liked season and L13 prepared refreshments translations retain the source meanings (2.583169ms)
✔ HSK3 L14 reviewed source counts and exact official keys remain complete (5.670233ms)
✔ HSK3 L15 reviewed source counts and exact official keys remain complete (4.860626ms)
✔ HSK3 L15 ambiguous Nanjing age choice cannot become a unique automatic answer (2.265029ms)
✔ every L14 and15 manifest identity has a real renderer binding including all four L15 cities (9.760628ms)
✔ HSK3 L14 repaired borrowing option and four blank story rows preserve source roles (2.621684ms)
✔ HSK3 L15 source review keeps ten pairs and four full unsplit explanations (1.259524ms)
✔ HSK3 L16 final-unit source counts keys blanks and figure bindings survive integration (5.708867ms)
✔ HSK3 L17 final-unit source counts keys blanks and figure bindings survive integration (3.857014ms)
✔ HSK3 L18 final-unit source counts keys blanks and figure bindings survive integration (2.487934ms)
✔ L16 animal discussion retains three original required IDs and a separate optional fourth extension (2.039489ms)
✔ L17 repaired reference agrees with preserved teacher wording and emotions panel has an explicit activity binding (1.430086ms)
✔ L18 approximation tasks and 刚才/刚刚 exercises are editorial and preserve both real source groups (1.89158ms)
✔ feedback note is a separate bilingual display-only copy with invalid shapes rejected (17.443061ms)
✔ HSK3 L8 original source interaction inventory and immutable learning corpus (6.221394ms)
✔ HSK3 L8 official word-bank order and cross-page citations (3.304742ms)
✔ HSK3 L9 original source interaction inventory and immutable learning corpus (2.342169ms)
✔ HSK3 L9 official word-bank order and cross-page citations (2.137968ms)
✔ HSK3 L9 review is open self-tracking, not a correctness score (1.483462ms)
✔ HSK3 L9 exact source corrections and L8 scene provenance remain in primary data (5.316792ms)
✔ every printed POS/sense maps once with exact pages, audio and translation (18.971277ms)
✔ same-spelling different meanings and POS remain separate canonical cards (4.929383ms)
✔ the complete catalogue count is actual POS/sense records, not syllabus targets (3.94605ms)
✔ release validation rejects pending review, stale translations and missing homograph evidence (5.376426ms)
✔ wrong course, duplicate mapping, missing source and unreviewed merge fail closed (17.464241ms)
✔ an explicitly reviewed repeated sense uses selected-lesson provenance, never an unselected audio group (0.382021ms)
✔ reviewed HSK2 appendix binds every stable sense with source POS distinct from editorial labels (2.625029ms)
✔ editable source-table names stay in headers and remain independent through save/remount/reset (22.529227ms)
✔ cross-page review cites each identical row once while mixed provenance stays beside separate cells (8.174261ms)
✔ shared proposal canonicalization removes exact review keys and preserves array order (1.812708ms)
✔ inactive lesson, canonical lexicon and course-index are private clones with identical content (17.344451ms)
✔ a trusted accepted batch patches only VI; source, IDs, ZH, pinyin, answer and order remain exact (45.245894ms)
✔ canonical sense and summary pointers bind their real IDs, original source indices and full raw SHA (24.722144ms)
✔ an accepted terminology-derived or editorial change keeps its distinct source branch (56.475774ms)
✔ edited activity option translations cannot become ambiguous while index answers stay sealed (15.203254ms)
✔ derived/editorial anchors cannot counterfeit an official quotation or evade their source conditions (20.843414ms)
✔ editorial anchors cannot attach an alleged printed book page or Chinese book quotation (17.652479ms)
✔ atomic guard rejects stale effective value (9.414ms)
✔ atomic guard rejects wrong engine (7.284981ms)
✔ atomic guard rejects wrong course (10.17349ms)
✔ atomic guard rejects wrong parent (9.526507ms)
✔ atomic guard rejects wrong baseline SHA (8.505728ms)
✔ atomic guard rejects foreign source file (9.456403ms)
✔ atomic guard rejects foreign owner (8.351097ms)
✔ atomic guard rejects wrong original pointer index (9.261142ms)
✔ atomic guard rejects sealed answer (8.430996ms)
✔ atomic guard rejects sealed ZH (9.306589ms)
✔ atomic guard rejects sealed options/order (8.183839ms)
✔ atomic guard rejects unsafe pointer (10.585793ms)
✔ atomic guard rejects wrong lesson (8.374672ms)
✔ atomic guard rejects wrong actual Chinese anchor (10.853291ms)
✔ atomic guard rejects wrong book SHA (10.512153ms)
✔ atomic guard rejects out of bounds official page (15.236985ms)
✔ atomic guard rejects official text mismatch (10.596599ms)
✔ atomic guard rejects unresolved not active (11.479944ms)
✔ atomic guard rejects match not active (12.048129ms)
✔ atomic guard rejects pending author (18.387453ms)
✔ atomic guard rejects self-only independent acceptance (5.044797ms)
✔ atomic guard rejects missing accepted change (8.678416ms)
✔ atomic guard rejects foreign accepted consumer (15.442531ms)
✔ atomic guard rejects missing declared consumer (17.143602ms)
✔ atomic guard rejects unknown source evidence (10.008244ms)
✔ atomic guard rejects pending owner cannot be accepted (8.549002ms)
✔ atomic guard rejects duplicate target (8.349265ms)
✔ registered manifest/review exact bytes and independent accepted proposal are all required (10.642648ms)
✔ a known consumer cannot be declared accepted without its own accepted VI projection (8.922818ms)
✔ changed raw whitespace is still a different pinned source; empty acceptance cannot activate (10.510731ms)
✔ new graded copy changes contentRevision while actual old first/questions/answers/score remain frozen (14.687943ms)
✔ saved listening question is never reprojected; missing legacy snapshot cannot fall back to current q (0.538591ms)
✔ online verification binds full release identity and checks new/protected bytes (17.44965ms)
✔ online verifier rejects a stale manifest and never accepts changed protected bytes (7.889227ms)
✔ online verifier refuses another origin, pilot release and unscoped paths (8.524156ms)
✔ all seven routeable entries resolve activity crops and shared textbook/audio against real packaged paths (188.815343ms)
✔ unknown source images, PDF, changed accepted crops/audio/strokes and symlinks fail before freezing (438.639429ms)
✔ source or frozen-input drift fails before output; dirty or prebuilt data cannot be labeled release (154.626047ms)
✔ legacy all-sixteen-passed gates cannot label a package as ready for publication (23.125074ms)
✔ release freeze matches every native-tested build input byte and path while publication stays pending (469.691433ms)
✔ actual current crop registry uses lesson 4 current version and rejects path traversal/private sources (51.37292ms)
✔ production assembly anchors the actual 1446-file 2da tree and explicitly separates developer-only files (9.941495ms)
✔ entry, build configuration and retained source assets are included in the clean build snapshot (130.838492ms)
✔ two locked course entries share identical frozen assets with nested relative media paths (1.261858ms)
✔ portal updates only2/3 course cards and retains exact HSK1 and both HSK4 cards (2.141708ms)
✔ package manifest binds every scoped output byte to the frozen source input without copying raw sources (834.480045ms)
✔ missing audio, unknown raw PDF, symlinks and wrong identity fail before release creation (260.334699ms)
✔ output and public-input allowlists reject legacy overwrites and source package paths (0.236351ms)
✔ small frozen-code transfer restores all exact tested bytes from264 hash-bound originals without rebuilding (189.071679ms)
✔ frozen transfer fails before output on changed audio, code, extra raw source or wrong source commit (439.817431ms)
✔ question editorial note survives fallback rendering without leaking before submit (7.896046ms)
✔ question editorial note survives mapped rendering without leaking before submit (3.368272ms)
✔ a docs-only committed gate advances HEAD while the actual tested runtime remains accepted (631.881242ms)
✔ clean committed runtime/tool/raw input drift fails even when both gate snapshot fields are forged to agree (361.238609ms)
✔ actual tested commit existence, complete paths, modes and clean worktree are verified (417.13419ms)
✔ stage identity and pre-publication status do not permit duplicate IDs or fabricated publication completion (95.835908ms)
✔ official source bytes and every exact page identity/review must be present (381.545799ms)
✔ 48 semantic lessons require exact identities and all actual scoped consumer IDs (327.839351ms)
✔ cross-site scopes and final native certificates cannot be replaced by course counts or browser booleans (801.355847ms)
✔ native-tested build vectors reject unsafe, duplicate, empty and stale identities (382.513559ms)
✔ asset metadata accepts its complete actual identity ledger independently of the 412 SVG desc count (109.308934ms)
✔ reviewed-source guards reject a subject/negation substitution, relocated blank and wrong page (1.194818ms)
✔ source menu accepts exact exclusive slots and rejects dropped duplicated foreign or malformed fields (29.30443ms)
✔ actual menu renderer retains source quadrants bilingual fixed foods and every saved answer without early feedback (9.785602ms)
✔ activity support gallery excludes field-bound pictures and places each original image once (5.98411ms)
✔ production-store delayed submit cannot restore feedback after edit newer submit dispose or failed write (13.583044ms)
✔ edition and level identities reject cross-course data (2.594591ms)
✔ new stores do not read or mutate nonempty legacy and HSK1 records (1.219064ms)
✔ first submission is immutable, latest updates without overwriting draft answer text (3.765894ms)
✔ manual writing never receives automatic points (0.19504ms)
✔ automatic choices and ordering grade exact IDs (0.219878ms)
✔ save failure preserves draft and does not create success (0.361678ms)
✔ competing tabs produce conflict instead of lost updates (0.415919ms)
✔ backup preview, import and reset recovery are edition-isolated (0.60482ms)
✔ stale import preview cannot replace later edits (0.299556ms)
✔ corrupt original storage is protected and exportable (0.535296ms)
✔ invalid imported scores, duplicate queues and legacy lesson numbers fail (0.336872ms)
✔ routing normalizes invalid courses while retaining valid lesson 18 (0.424652ms)
✔ historical question snapshots survive source edits and reorder without rescoring (4.740865ms)
✔ legacy nonempty stores receive optional learning fields without overwriting submissions (0.226968ms)
✔ routes preserve per-level lesson bounds and native HSK1 historical contracts (0.789926ms)
✔ textbook activity and reading records reject foreign identities (0.430621ms)
✔ independent listening round retains immutable per-question submissions and validates queue (0.429589ms)
✔ backup snapshots validate their own historical answers without current-bank reinterpretation (0.793992ms)
ℹ tests 207
ℹ suites 0
ℹ pass 207
ℹ fail 0
ℹ cancelled 0
ℹ skipped 0
ℹ todo 0
ℹ duration_ms 5265.053016
