
> hsk1-modular-app@0.1.0 test
> node tools/run-checkpoint.mjs unit

✔ next-round disclosures initialize once from saved rounds and keep content first (1.422117ms)
✔ mixed cards use independent reversible native buttons and free group navigation (1.559211ms)
✔ practice enters mixed cards directly while listening remains independently available from courses (0.299025ms)
✔ Hanzi canvas precedes the complete bank and dialogue selectors are responsive alternatives (0.407476ms)
✔ new GUI copy remains bilingual and long contiguous active scopes stay compact (0.800641ms)
✔ assignment interface static copy has explicit Chinese and Vietnamese text (1.323129ms)
✔ save presentation separates queued autosave from confirmed failure without changing storage (0.249772ms)
✔ listening first/latest counts and session scope are separate bilingual facts (0.590088ms)
✔ known controller and audio failures are translated semantically while unknown details survive (0.258135ms)
✔ manual receipt copy states no automatic score and interpolated content remains literal (0.161651ms)
✔ bounded audio waits for usable duration and then validates the complete requested range (5.552283ms)
✔ bounded startup cannot unmute when usable duration disappears during its initial seek (0.43021ms)
✔ initial unmute revalidates a silently refined duration at the settled seek (0.487906ms)
✔ observed WebKit seeked rollback cannot unmute or certify the file head (0.489658ms)
✔ a still-wrong clock is re-seeked silently rather than waiting for a 250ms update (0.31591ms)
✔ a delayed recovery probe rewinds instead of silently dropping the first 250ms (0.21499ms)
✔ stop and request replacement retire the pending position probe (0.390872ms)
✔ a paused startup cannot be revived by its queued position probe (0.301719ms)
✔ an out-of-range high clock stays silent and does not finish a never-started clip (0.206707ms)
✔ a corrective seek exception is a retryable failure, never unmuted playback (0.451702ms)
✔ persistent bad seek acknowledgments stop safely instead of a zero-delay spin (0.293918ms)
✔ the first seeked clock directly 250ms too high also remains silent and rewinds (0.220157ms)
✔ five playback rates retain a genuinely started pause/resume clock without rewinding (0.812699ms)
✔ a retired probe cannot reposition the next track in the same playlist (0.373926ms)
✔ corrective seek with no subsequent native events ends at the existing startup timeout (0.175692ms)
✔ explicit start 0 without end preserves whole-original zero-duration recovery (0.18145ms)
✔ start 0 with a finite end is still bounded and cannot bypass usable metadata (0.12722ms)
✔ explicit start 0 whole original keeps an already advancing clock when positive duration arrives (0.087269ms)
✔ a resolved play promise alone never claims actual playback; metadata sets the real range (3.515532ms)
✔ generation cancellation ignores a late rejection and an old view abort cannot stop the new request (0.887591ms)
✔ segment boundaries stop before the next recording; changing speed reschedules the actual media boundary (0.568386ms)
✔ playlist advances once per range and stops on a real error instead of skipping or claiming success (0.680593ms)
✔ a late play rejection from a preceding playlist item or paused play cannot poison its successor (0.573614ms)
✔ pause during a delayed start remains paused; resume waits for playing and replay resets the range (6.401145ms)
✔ an already started clock at HAVE_CURRENT_DATA can recover after waiting; zero/metadata readiness and seek jumps cannot (0.581305ms)
✔ clock and readiness cannot invent a first playing event; genuinely stalled resumed media times out (0.414186ms)
✔ loading an original track already at zero avoids a redundant initial seek (2.619528ms)
✔ autoplay denial stays an error until an explicit retry really starts playback (0.657368ms)
✔ a stalled media start and a silent synthesis start terminate with a retryable error (0.737087ms)
✔ bad ranges are rejected and range beyond media duration never plays (2.35213ms)
✔ metadata rejects a truncated segment and later duration corrections cannot silently shorten it (0.358554ms)
✔ ended before a playing or speech start event reports error and never advances a playlist (1.050132ms)
✔ speech waits for a Chinese voice and for a start event, with clear TTS source and selected replay speed (0.413435ms)
✔ a device with only foreign voices reports unsupported, then can retry after Chinese voices arrive (0.308769ms)
✔ switching media cancels speech, and a cancelled waiting voice request cannot start after leaving its view (0.407076ms)
✔ disposal cancels pending work, clears timers and listeners, and isolates observers and snapshots (0.261058ms)
✔ a view stopping synchronously on a loading notification cannot resurrect media or leave voice timers (0.172777ms)
✔ a late native resume rejection after the intentional segment boundary cannot replace ended with error (0.245275ms)
✔ a retired native play rejection at a sequence boundary cannot fail the next segment (0.270372ms)
✔ native play plus real advancing ready clock confirms resume when WebKit omits another playing event (0.242501ms)
✔ native play alone cannot invent a first playing event, a stalled resume or a seek jump (0.199357ms)
✔ transient WebKit zero-duration metadata does not reject an original recording or claim playback early (0.173699ms)
✔ zero-duration placeholder never bypasses a later real truncated-segment check (0.184004ms)
✔ playing before positive metadata waits; positive duration then confirms the actual native start (0.398533ms)
✔ canplay or permanent zero duration never substitutes for confirmed usable playback (0.17436ms)
✔ empty/corrupt media ending at zero and metadata seek exceptions remain hard failures (0.43668ms)
✔ persistent zero metadata on a whole recording requires two real native clock advances (1.164693ms)
✔ zero-metadata clock recovery cannot certify bounded clips, paused clocks or seek jumps (0.444452ms)
✔ WebKit silent positive duration on timeupdate confirms playback without restarting the original (0.186708ms)
✔ silent positive duration still rejects truncated segments and does not certify a paused or seeking clock (0.389269ms)
✔ bounded original clips stay silent through WebKit zero duration and until the initial seek settles (0.745299ms)
✔ an original whole track is not accidentally left muted after a cancelled bounded clip (1.409708ms)
✔ wrong and empty passwords cannot grant access or write any session key (12.787095ms)
✔ a v2 session is reused by a new service instance without extra writes (0.883355ms)
✔ every legacy alias and obsolete local key fails to bypass v2 authorization (0.313586ms)
✔ a development hostname does not bypass the session gate (0.16828ms)
✔ storage exceptions do not imply authorization and wrong passwords remain rejected (2.215687ms)
✔ correct password writes the original v2 key and complete session aliases (0.8808ms)
✔ correct password allows only this instance when storage is denied (1.463839ms)
✔ correct password reports a failed persistence read without losing memory access (0.498552ms)
✔ password verification fails closed when WebCrypto is unavailable (0.821332ms)
✔ password verification fails closed when SubtleCrypto is unavailable (0.200759ms)
✔ password verification fails closed when WebCrypto digest throws (0.170784ms)
✔ password verification fails closed when WebCrypto digest rejects (0.396831ms)
✔ student backup summary retains every count and empty-record warning without implementation jargon (9.428481ms)
✔ backup explanations retain uncertainty and preserve-only semantics in Chinese and Vietnamese (0.607324ms)
✔ vocabulary UI dictionaries pair explicit Chinese and Vietnamese without changing curriculum content (1.906447ms)
✔ paired DOM helper preserves language semantics, safe text, and updates rather than duplicating labels (0.262201ms)
✔ the frozen corpus is reproducible, has all required counts and no copied audio payload (29.490726ms)
✔ HTML order includes every mandatory layer and rejects unknown or missing scripts (1.983211ms)
✔ all final textbook corrections survive extraction, including speaker and timing repairs (0.334347ms)
✔ sense mapping preserves polysemy and detects semantic or same-lesson mapping drift (6.547783ms)
✔ media references reject missing originals, orphan clips and unsupported invented word audio (22.708424ms)
✔ clip integrity requires actual bytes, expected SHA256 and strict base64 (0.636717ms)
✔ record and artifact fingerprints bind IDs, sources and exported contents (27.554796ms)
✔ static content extraction handles brackets inside strings and fails on unsupported input (1.489857ms)
✔ check mode fails on stale or absent output and never repairs it implicitly (1.484879ms)
✔ domain rules match pinned bodies except approved navigation, search and listening-size changes (3.75602ms)
✔ real nonempty old records retain reading, first/latest, submitted translations, redo drafts and recovery raw (53.4356ms)
✔ shared records of other HSK levels stay byte-for-byte in raw and never become HSK1 progress (22.50448ms)
✔ stage2 takes precedence; corrupt main does not silently activate stage1, learning or recovery (38.781693ms)
✔ stage1 app missing or explicit migrates only lesson3 and avoids a new nested archive copy (12.962029ms)
✔ legacy compatibility verifies actual original identities rather than trusting same-ID flags (12.09551ms)
✔ a full old L3 group with one changed identity keeps only verified partial drafts and no grade (13.847508ms)
✔ listening and vocabulary state restore real sessions, unsubmitted choices, rating queues and distinct senses (21.131466ms)
✔ new backup import refuses changed grades, boolean results and manual scores instead of trusting them (98.871786ms)
✔ valid old backups recompute modified grades and report the policy explicitly (18.857433ms)
✔ wrong app/schema, unknown IDs, altered fingerprints, incomplete answers and invalid timestamps are rejected (46.284709ms)
✔ importing one legacy domain preserves every unrelated domain and original source string (52.987033ms)
✔ repeated new-format validation and migration round trips add no archive layers or identity changes (49.93439ms)
✔ access gates are excluded from migration and forbidden in new learning backups (17.946447ms)
✔ malformed reading or previous sources produce visible warnings while retaining source bytes (15.412396ms)
✔ clock rollback does not redefine semantic first/latest or reject an otherwise valid old record (20.596661ms)
✔ old self-ratings map to active cards only with an exact unique Hanzi, pinyin and meaning identity (38.977784ms)
✔ known old again rating becomes a validated active again schedule without fabricating test scores (17.675314ms)
✔ pilot source discovery and uploaded backup retain exact bytes and expose unsupported answers without invented grades (4.976857ms)
✔ on-device discovery adds missing old lessons while preserving every existing current answer, draft and active queue (29.76523ms)
✔ full original answer corpus maps 299 original-domain submissions and excludes the corrected task without scoring rewritten homework (37.522635ms)
✔ score-only original history stays in raw and is counted unsupported, never converted into a submission (3.462032ms)
✔ data safety copy covers every state, summary metric and reset module in both languages (3.235865ms)
✔ dynamic copy retains exact source counts, reset scope and comparison evidence (0.290652ms)
✔ controlled diagnostics are paired without translating or discarding unfamiliar raw detail (0.182882ms)
✔ compatibility warnings become bilingual while exact source bytes and source count evidence survive (22.029824ms)
✔ reset title and validation errors preserve Vietnamese contracts and add Chinese scope (6.908731ms)
✔ a retired URL cannot enumerate an untouched bank, even with a remembered position (2.053005ms)
✔ projection is restricted to the exact set, lesson and group and preserves entry/authority identity (1.087849ms)
✔ explicit zero, empty token and empty writing drafts remain drafts without synthetic scores or dates (0.764578ms)
✔ first/latest/all submissions preserve saved order, timestamps, grades, fingerprints and retry drafts (0.641434ms)
✔ archiving never grades against an answer key or changes a stored result (0.377492ms)
✔ manual saved text, empty lines and Unicode remain exact and never acquire an automatic grade (0.398844ms)
✔ shared authority data appears only under an entry in the selected scope (0.226547ms)
✔ original homework receipts are separate from review attempts and never expose untouched aliases (1.82093ms)
✔ capped original homework histories keep first and latest separate without fabricating lost attempts (7.414264ms)
✔ a confirmed reset empties the projected scope while preserving the source and other lessons (1.089381ms)
✔ archive view has no write, retry, grading, audio, or draft-exit owner and leaves maintenance module intact (0.610008ms)
✔ all exercise interface labels have explicit Chinese and Vietnamese copies (1.889101ms)
✔ dynamic labels preserve all counts, source references and typed profile text without translating curriculum (0.452333ms)
✔ pending-save copy never claims a failed write and known failure guidance remains specific (0.23506ms)
✔ submissions retain first/latest order across clock rollback, reject double submit, schedule from answers (2.241857ms)
✔ manual tasks never gain grades, invisible-only strings are incomplete, mistakes/due exclude them (0.696857ms)
✔ wrong/due questions preserve shared authorities, lesson scope and current homework first scores (0.872338ms)
✔ drafts, token domains, retry flags, positions, reset and unsupported data are validated (0.885638ms)
✔ v2 migration uses pinned identity witness, recomputes first/attempt, never score-only history (16.816936ms)
✔ current-homework review uses attempt sequence instead of wall clock and old records remain readable (0.897776ms)
✔ v2 restarted groups keep every previously submitted question open even when new drafts are empty or partial (1.153837ms)
✔ all committed fixtures reproduce byte-for-byte with fixed timestamps and no private or media payload (2.270455ms)
✔ reading, shared and navigation fixtures preserve distinct raw strings and non-HSK1 rows (0.307607ms)
✔ learning_v2 contains real old objective and translation submissions but no invented complete current group (10.059985ms)
✔ stage1 missing and explicit app fixtures migrate L3 and separate submitted translation A from redo B (8.079494ms)
✔ stage2 fixtures are valid nonempty states with both histories, long raw text, distinct drafts and recovery (6.682644ms)
✔ stage3 fixtures retain first/latest, unsubmitted listening selection/count, three schedules and partial review (16.500685ms)
✔ nonempty fixtures support meaningful bad identity, fingerprint and answer mutations without rewriting source (15.951739ms)
✔ view reads and rejected actions do not create or dirty empty lesson groups (39.200777ms)
✔ all 75 choice questions accept only the calibrated option among four choices (427.003132ms)
✔ all 95 frozen accepted sorting variants score correctly and each of 75 wrong orders is rejected (1.405742ms)
✔ 15 complete lessons retain first zero scores, latest full scores and 75 ungraded manual submissions (3476.503934ms)
✔ manual original text and new draft stay separate through redo, save and backup import (29.241792ms)
✔ blank invisible translations fail completion, long limits do not truncate drafts and profile remains bounded (16.052027ms)
✔ sorting orders survive remount, duplicates and partial drafts cannot submit, submitted order remains immutable (16.4781ms)
✔ retained history stays bounded while first attempt and unrelated learning domains remain intact (165.353101ms)
✔ view limits and navigation availability reuse the canonical homework rules (9.141961ms)
✔ collecting untouched empty translations is a no-op while deleting entered text remains a dirty edit (18.04634ms)
✔ unreleased v1 candidate identity is rejected without silently regrading earlier submitted answers (8.929088ms)
✔ a stale unreleased candidate primary remains byte-exact exportable and cannot be overwritten by save (2.731756ms)
✔ all 225 pre-v1 legacy homework submissions remain accepted with their original fingerprints and scores (29.301215ms)
✔ homework v1 has exactly 15 × 30 questions with the approved five-part ratios (2.337949ms)
✔ all identities are version-scoped, globally unique, and have canonical content fingerprints (17.549056ms)
✔ all 300 MC questions have four different options and exactly one keyed correct option (2.799977ms)
✔ manual translation content is prompt-only and cannot leak answers or automatic scoring fields (1.063933ms)
✔ the authoritative mapping exhaustively resolves every question to immutable authority and entry content (26.28068ms)
✔ lesson metadata and source labels preserve known origins without inventing legacy textbook pages (5.732511ms)
✔ all listening audio intervals, transcripts and pinyin are preserved, including the corrected lesson-10 clip (5.177555ms)
✔ lesson-3 authored scenarios have distinct propositions and individual Chinese/Vietnamese distractor checks (3.376695ms)
✔ 450-item inventory and exhaustive evidence track revisions and only three explicit reinforcement exceptions (873.516408ms)
✔ all 191 reviewed overlays have resolved current-or-earlier scope and exact public content change records (10.433147ms)
✔ new sorting expressions are exact permutations of their own tokens, including all accepted variants (1.354476ms)
✔ duplicate/leak regression checks catch reordered MC options, completed clozes and wrong-option/manual exposure (2271.245893ms)
✔ mapping accounts for every unselected comprehensive and pilot entry and standalone authority (4.155453ms)
✔ comprehensive shared-reference resolver preserves overrides, option order and correct-answer identity (1.69587ms)
✔ all three source banks remain byte-identical and generated artifacts are reproducible (993.350101ms)
✔ check mode rejects drift without repairing it and generation refuses changed source bytes (941.98373ms)
✔ all 450 distinct questions submit with 375 automatic results and 75 genuinely ungraded writing answers (25.475762ms)
✔ read, invalid answers, locked groups and incomplete submissions never dirty or create groups (13.165402ms)
✔ zero-score completed section unlocks next; restart retains immutable first/latest/history and does not relock (42.605313ms)
✔ new homework saves reloads exports imports and resets without relabeling any old submission (39.469126ms)
✔ old modular backup extends with an empty new version and unchanged legacy route/history (2.142668ms)
✔ legacy source imports supplement only old domains and cannot overwrite versioned progress (6.240858ms)
✔ new-state tampering and cross-version answers are rejected rather than accepted as grades (5.04646ms)
✔ twenty retained attempts preserve the real first attempt after the history window moves (1.427915ms)
✔ manual IME-sized drafts preserve exact text and rejected overflow never truncates accepted text (4.135374ms)
✔ new and legacy route identity and totals remain separate; original audio is used unchanged (6.518711ms)
✔ the single exit guard collects a DOM-only tail before checking dirty state and coalesces repeated exit attempts (13.590205ms)
✔ an invalid DOM-only draft warns even when the store is clean without inventing a persisted draft (0.416209ms)
✔ only the current exit collector runs; stale unsubscribe and disposal cannot revive or clear another registration (0.261649ms)
✔ an exit collector failure cannot silently permit abandoning visible input (0.432284ms)
✔ beforeunload protects an unsaved draft while its normal locked flush is pending, and saved state does not prompt (8.542332ms)
✔ failed saves keep exit protection active and an explicit discard reload clears it (8.311599ms)
✔ opening or flushing a clean app does not create a learning record (0.30228ms)
✔ rapid edits keep the latest multiline Chinese in memory and debounce to one confirmed write (8.587049ms)
✔ concurrent flush callers share a pending write and edits while waiting for the lock enter that write (3.915647ms)
✔ an edit published immediately after a commit receives a second write without losing the newer draft (5.448498ms)
✔ quota failure stops automatic retries, preserves exportable memory work, and allows explicit retry (5.339366ms)
✔ dispose cancels its debounce timer and waits for the final lock before closing the shared store (3.38727ms)
✔ external conflict preserves memory and final flushing never overwrites another tab (5.730217ms)
✔ leaving a data view cancels its queued import or restore while the application session remains writable (16.142693ms)
✔ exactly300 original and30pilot entry paths resolve,12current original refs plus3pilot shared cores (0.963674ms)
✔ all300original prompts,contexts,choice domains,token domains and correct targets match source except documented transcript correction (10.38836ms)
✔ pilot contexts/domains remain exact while5writing tasks contain prompt/source only (11.444722ms)
✔ every authored fingerprint is content-exact and every original audio range fits the existing track (4.277476ms)
✔ manual answer leakage,missingpassage,aliasdomains andduplicatedentries are rejected (34.487392ms)
✔ loading gates module fieldsets until ready and preserves individual button rules (7.374896ms)
✔ a new route synchronously aborts and unmounts the old module (0.956891ms)
✔ a late importer cannot mount or replace the current surface (2.074322ms)
✔ a late ready and old surface writes cannot affect the new module (1.389905ms)
✔ late rejected import and ready promises stay observed after cancellation (1.234153ms)
✔ import and ready failures clean up and retry the latest route (0.644568ms)
✔ a throwing unmount blocks the next mount and remains available for retry (0.389258ms)
✔ navigation during a throwing unmount cannot hide the cleanup failure (0.311964ms)
✔ navigation during error cleanup also preserves a throwing unmount (0.929911ms)
✔ dispose aborts pending work, unmounts once, and stays idempotent (2.395148ms)
✔ dispose during import prevents a late mount (0.835131ms)
✔ dispose inside a throwing unmount still reports the cleanup failure (0.373585ms)
✔ ready in-place route updates keep their view, skip remount focus, and retry the latest route (0.312384ms)
✔ in-place updates are never attempted on loading or disposed views (1.288013ms)
✔ listening content preserves the sole catalog, exactly 75 unique original questions and 15 × 5 quotas (53.05572ms)
✔ all 75 audio requests use exact declared original tracks and ranges, never clip duration or base64 media packs (20.310914ms)
✔ missing, duplicated or misplaced questions and malformed choices, feedback or transcript fail the whole load (123.513313ms)
✔ lesson and source provenance rejects duplicate lessons, page offset drift, absent sections and mixed baselines (49.71044ms)
✔ missing, duplicate, orphan or different media identities cannot silently choose substitute audio (55.587111ms)
✔ range validation rejects negative, equal, nonfinite and beyond-track boundaries without clamping (35.714217ms)
✔ actual SHA256 verification detects valid-shaped question, clip and original metadata drift (127.412064ms)
✔ loaded content is deeply readonly, isolates caller mutations and never alters inputs (30.592429ms)
✔ loader fetches only the two established content files with the view signal and reports HTTP failure (13.542409ms)
✔ pre-aborted, late JSON and in-flight fingerprint work never return content for a departed module (14.611147ms)
✔ construction, empty reads and rejected actions do not create a round or schedule writes (8.254573ms)
✔ first route initializes its lesson once; mixed or empty explicit selections survive visits and remounts (24.181089ms)
✔ only supported preferences change, five speeds remain exact and normalized same values do not resave (11.157556ms)
✔ all 75 canonical questions grade each of four original options correctly without trusting display order (303.030345ms)
✔ all 75 wrong-first then correct-redo answers retain first/latest separately and leave other domains intact (7288.864327ms)
✔ selection, queue, shuffled option orders and exact engine fingerprints resume after actual save and refresh (104.35108ms)
✔ submission gates feedback and forward navigation; invalid answers and repeated submissions leave saved draft unchanged (17.517125ms)
✔ successful playback tokens count once, repeated and slow listens do not change score, stale callbacks never write (22.671054ms)
✔ wrong-only filter uses latest records in selected lessons, starting a fresh round preserves earlier records (627.437193ms)
✔ backup validation recalculates scores and rejects same IDs with changed question fingerprints (24.696878ms)
✔ invalid random source and invalid clock fail before dirtying global data or overwriting a resumable round (6.117052ms)
✔ 5/10/all listening round sizes preserve fingerprints, exact saved queue and unrelated scores (32.597674ms)
✔ mixed reads are pure, route scope starts at current lesson and draft scope never writes (72.366603ms)
✔ mixed all-course pool has 344 senses/319 forms and only start shuffles once (275.667675ms)
✔ existing non-card preferences cannot replace the first route scope or affect browsing options (18.419735ms)
✔ empty draft cannot replace a round and invalid anchors never write (21.199965ms)
✔ shared senses merge only selected sources and never borrow outside-scope audio (12.742831ms)
✔ compatible legacy all/zh-vi queue resumes its exact order/anchor without altering original data (57.860888ms)
✔ reverse, due, unfamiliar, and search-scoped legacy queues stay untouched and require a new round (106.947372ms)
✔ saved order, anchor, scope and original practice roundtrip through reload/export/import (75.609907ms)
✔ malformed mixed state, order, pool, anchor and fingerprints are rejected before replacing valid state (100.384773ms)
✔ scoped resets preserve retained mixed order and anchor; unrelated reset leaves mixed state unchanged (57.563016ms)
✔ shared-sense scoped reset recalculates source fingerprint without removing retained sense (10.733866ms)
✔ reset preview cancellation, failed write and restoration preserve mixed round atomically (44.208647ms)
✔ failed persistence keeps actual mixed memory round exportable and never writes legacy state (50.633602ms)
✔ progress resumes new mixed anchor before legacy position without changing historical rating summary (29.197176ms)
✔ progress only claims compatible old rounds and never resurrects old position after explicit mixed reset (79.163882ms)
✔ four presentation groups retain every existing route exactly once (1.37309ms)
✔ inactive registry preserves object identity and has no synthetic accepted revision (1.00966ms)
✔ canonical proposal removes every exact independentReview key, preserves array order and hashes UTF-8 (5.898313ms)
✔ accepted synthetic projection clones language only and preserves exact raw grading identity (4.821353ms)
✔ whole registry rejects stale baseline, byte tampering, parent drift, duplicate field, self-review and foreign consumer before projection (13.516289ms)
✔ wordSenses and mixed cards project Vietnamese while catalog/sourceRecords/fingerprints remain raw (154.180071ms)
✔ registered HSK1 source mapper uses actual original pointers, parent display leaves and unique semantic owners (49.465551ms)
✔ original option index guards reject frozen Chinese labels and ambiguous Vietnamese display options (4.511433ms)
✔ course overview title uses its exact owner while Chinese and all original count fields stay unchanged (1.086514ms)
✔ both inactive and active config roots require the exact supported schema before asset loading (0.719789ms)
✔ empty progress retains independent 225 homework / 150 objective / 75 translation / 75 listening / 344 sense denominators (7.52565ms)
✔ nonempty cross-domain progress preserves first/latest scores, translation submission and a separate redo draft (14.915498ms)
✔ partial homework completion reports full denominators and low-score redo does not replace the first score (7.318493ms)
✔ reading marks, stars and vocabulary ratings never become homework completion or objective scores (10.138021ms)
✔ due counts separate new cards from rated cards and include the exact due-time boundary (15.606215ms)
✔ same written forms keep their different sense schedules and never reduce the 344 denominator to 319 (10.90507ms)
✔ continuation preserves textbook sections and homework parts, while practice resolves the actual saved item (36.13318ms)
✔ a saved module with no active round continues its selected route without inventing a position (0.232355ms)
✔ validated backup export and restore reproduce the same progress and continuation without changing the schema (32.197062ms)
✔ opening five textbook sections records visited sections and exact continuation, never completion or homework scores (23.859265ms)
✔ same route visited again does not schedule another write or duplicate shared sections (22.634486ms)
✔ lesson completion is an explicit independent mark and can be removed without resetting visits or submitted work (7.428255ms)
✔ mastered word keys remain compatible and restore across a validated backup; unknown words are rejected (9.304708ms)
✔ lesson reset touches only selected active lesson and preserves profile, settings, raw and unrelated domains (69.17665ms)
✔ module and all-course reset clear active progress and keep safety copies and unrelated settings (40.610661ms)
✔ shared-sense lesson reset retains other lessons schedule and announces the exception (8.682128ms)
✔ preview, cancellation, stale confirmation, failed write and recovery never discard current data (73.737325ms)
✔ old backups default exercises to blank and scoped exercise resets preserve other lessons and original homework (61.580725ms)
✔ single-lesson reset removes only that lesson from mixed sessions and preserves other lesson drafts and revealed cards (46.524297ms)
✔ 5/10 sized mixed listening reset preserves exact outside-scope answers through repeated reset and import (40.207924ms)
✔ homework reset and replacement import rebase retained review witnesses without deleting exercise answers (16.335869ms)
✔ canonical hashes have highest priority and round-trip every route feature (2.296161ms)
✔ legacy mode, lesson pages, stages and integrated homework hashes are preserved (0.630116ms)
✔ invalid route fields normalize safely and fields stay feature-specific (0.750044ms)
✔ initial canonicalization replaces one entry only when the URL differs (1.826073ms)
✔ 500 equivalent navigations make zero writes; a changed route makes exactly one (10.784491ms)
✔ popstate/hashchange dedupe while back and forward restore the address route (0.918034ms)
✔ unsubscribe and dispose release listeners and stop notifications/history writes (0.28216ms)
✔ disposing during a notification stops remaining subscribers (0.17494ms)
✔ navigation inside a subscriber does not deliver an obsolete route afterward (2.471031ms)
✔ original/pilot/homework-review routes roundtrip with bounded groups and independent filters (0.584599ms)
✔ L4 source sidecar locks original cardinality, answers, pinyin, source pages and ungraded tasks (2.225076ms)
✔ numeric tables preserve all original sparse grid positions, six large numbers and 二/两 (0.383149ms)
✔ ten original schematic SVGs have explicit source-cell mappings and no external or active payloads (1.248145ms)
✔ all five frozen HSK1 source banks are byte-identical (1.897269ms)
✔ source save/export/reload/history/reset/restore preserve nonempty primary and legacy exact bytes and old tabs still write (28.028995ms)
✔ older activity versions survive catalogue changes as inert context and independent histories (0.970071ms)
✔ source validation rejects malformed domains, duplicate history, unknown fields and wrong edition (0.737176ms)
✔ source quota failure retains exportable draft, confirms no saved reference and leaves old primary intact (2.307688ms)
✔ source write-then-throw needs exact readback; a newer third value is never overwritten (1.502782ms)
✔ source missing locks, unreadable storage and unresolved pair journal fail closed (0.983922ms)
✔ source stale preview, close while waiting, source tab conflict and ordinary old import never clear source (14.023649ms)
✔ failed direct submission never enters history through later ordinary draft flush (1.665905ms)
✔ same-version answer assessment input or reference change cannot silently rewrite historical meaning (0.806698ms)
✔ source timestamps are valid JavaScript dates, never merely safe integers (0.575105ms)
✔ single-domain submission candidate rejects edits and raw changes while waiting, preserves existing recovery (1.825331ms)
✔ independent editorial corrections preserve six-person source, neutral image metadata, printed tones and non-aligned Vietnamese glosses (0.475637ms)
✔ IME start during a locked source submission cancels history while retaining old submissions and draft (1.85101ms)
✔ unchanged pilot snapshots retain their exact historical JSON shape and key order (8.754355ms)
✔ real source-v2 receipts retain their schematic context after original-crop revision and new submission (9.582868ms)
✔ table topology, source spans, optional fields and crop digests survive round trips and freeze with their version (1.921289ms)
✔ table validation rejects broken topology, duplicate inputs, foreign field references and malformed provenance (1.240786ms)
✔ optional blank input saves alongside required text while missing required input cannot submit (4.37964ms)
✔ read-only source support accepts a blank field list but never produces a submission or storage write (0.458152ms)
✔ each lesson shows only its own superseded historical records with saved answers untouched (2.734348ms)
✔ crop assets resolve only within the fixed public source directory (0.337632ms)
✔ printed empty table headers round trip without allowing missing lesson or field copy (0.752159ms)
✔ printed field pinyin is revisioned and older receipts keep their original shape (0.867781ms)
✔ source spans may start before the anchor page and only read-only tables may omit a redundant prompt (4.364123ms)
✔ table renderer preserves row/column shape, empty cells and each embedded field exactly once (0.874682ms)
✔ printed blank header stays visibly empty and headerless layouts have no invented header row (0.350572ms)
✔ L4 additions preserve every original source-v2 activity and its historical meaning (1.783363ms)
✔ L4 source omissions retain original examples and two distinct ungraded reading responses (2.383796ms)
✔ fixed two-domain confirm export restore and explicit empty source keep independent recovery and legacy bytes (100.061109ms)
✔ old primary-only backup never mutates nonempty source and primary tab still writes old AppData (10.389197ms)
✔ all complete domains validate before preview; duplicate/null/wrong edition/schema rejected (11.649832ms)
✔ prepared previews are scoped, one-use and reject local edits, other-tab raw, disposal and composition (41.050335ms)
✔ pending journal and missing safe locks export explicit rescue instead of a complete snapshot (6.417127ms)
✔ pair durable fault journal/before, prior source nonempty (12.926712ms)
✔ pair durable fault journal/after-throw, prior source nonempty (18.35587ms)
✔ pair durable fault journal/readback-throw, prior source nonempty (16.983939ms)
✔ pair durable fault journal/readback-mismatch, prior source nonempty (20.435624ms)
✔ pair durable fault primary/before, prior source nonempty (10.303409ms)
✔ pair durable fault primary/after-throw, prior source nonempty (14.247537ms)
✔ pair durable fault primary/readback-throw, prior source nonempty (14.392824ms)
✔ pair durable fault primary/readback-mismatch, prior source nonempty (16.852813ms)
✔ pair durable fault source/before, prior source nonempty (13.438804ms)
✔ pair durable fault source/after-throw, prior source nonempty (13.384533ms)
✔ pair durable fault source/readback-throw, prior source nonempty (19.776483ms)
✔ pair durable fault source/readback-mismatch, prior source nonempty (14.391382ms)
✔ pair durable fault recovery/before, prior source nonempty (14.152707ms)
✔ pair durable fault recovery/after-throw, prior source nonempty (15.140916ms)
✔ pair durable fault recovery/readback-throw, prior source nonempty (17.749767ms)
✔ pair durable fault recovery/readback-mismatch, prior source nonempty (13.96753ms)
✔ pair durable fault remove/before, prior source nonempty (13.057287ms)
✔ pair durable fault remove/after-throw, prior source nonempty (13.320748ms)
✔ pair durable fault remove/readback-throw, prior source nonempty (13.112078ms)
✔ pair durable fault remove/readback-mismatch, prior source nonempty (12.288152ms)
✔ pair durable fault journal/before, prior source absent (11.719757ms)
✔ pair durable fault journal/after-throw, prior source absent (13.940991ms)
✔ pair durable fault journal/readback-throw, prior source absent (18.487289ms)
✔ pair durable fault journal/readback-mismatch, prior source absent (17.317574ms)
✔ pair durable fault primary/before, prior source absent (12.422331ms)
✔ pair durable fault primary/after-throw, prior source absent (13.130776ms)
✔ pair durable fault primary/readback-throw, prior source absent (12.39418ms)
✔ pair durable fault primary/readback-mismatch, prior source absent (13.562788ms)
✔ pair durable fault source/before, prior source absent (12.525105ms)
✔ pair durable fault source/after-throw, prior source absent (12.953642ms)
✔ pair durable fault source/readback-throw, prior source absent (13.772671ms)
✔ pair durable fault source/readback-mismatch, prior source absent (11.625807ms)
✔ pair durable fault recovery/before, prior source absent (12.38068ms)
✔ pair durable fault recovery/after-throw, prior source absent (12.866983ms)
✔ pair durable fault recovery/readback-throw, prior source absent (12.341732ms)
✔ pair durable fault recovery/readback-mismatch, prior source absent (11.783151ms)
✔ pair durable fault remove/before, prior source absent (13.145398ms)
✔ pair durable fault remove/after-throw, prior source absent (13.579493ms)
✔ pair durable fault remove/readback-throw, prior source absent (13.983624ms)
✔ pair durable fault remove/readback-mismatch, prior source absent (11.711714ms)
✔ pair durable fault journal/before, prior source nonempty, primary absent (8.106501ms)
✔ pair durable fault journal/after-throw, prior source nonempty, primary absent (11.644775ms)
✔ pair durable fault journal/readback-throw, prior source nonempty, primary absent (12.258568ms)
✔ pair durable fault journal/readback-mismatch, prior source nonempty, primary absent (12.744081ms)
✔ pair durable fault primary/before, prior source nonempty, primary absent (8.826392ms)
✔ pair durable fault primary/after-throw, prior source nonempty, primary absent (11.433751ms)
✔ pair durable fault primary/readback-throw, prior source nonempty, primary absent (8.185528ms)
✔ pair durable fault primary/readback-mismatch, prior source nonempty, primary absent (8.255973ms)
✔ pair durable fault source/before, prior source nonempty, primary absent (10.678558ms)
✔ pair durable fault source/after-throw, prior source nonempty, primary absent (10.91539ms)
✔ pair durable fault source/readback-throw, prior source nonempty, primary absent (8.506386ms)
✔ pair durable fault source/readback-mismatch, prior source nonempty, primary absent (9.680923ms)
✔ pair durable fault recovery/before, prior source nonempty, primary absent (8.530682ms)
✔ pair durable fault recovery/after-throw, prior source nonempty, primary absent (10.628563ms)
✔ pair durable fault recovery/readback-throw, prior source nonempty, primary absent (14.739715ms)
✔ pair durable fault recovery/readback-mismatch, prior source nonempty, primary absent (8.913001ms)
✔ pair durable fault remove/before, prior source nonempty, primary absent (8.242674ms)
✔ pair durable fault remove/after-throw, prior source nonempty, primary absent (16.310686ms)
✔ pair durable fault remove/readback-throw, prior source nonempty, primary absent (8.181643ms)
✔ pair durable fault remove/readback-mismatch, prior source nonempty, primary absent (7.996977ms)
✔ pair durable fault journal/before, prior source absent, primary absent (9.924846ms)
✔ pair durable fault journal/after-throw, prior source absent, primary absent (10.311953ms)
✔ pair durable fault journal/readback-throw, prior source absent, primary absent (14.007079ms)
✔ pair durable fault journal/readback-mismatch, prior source absent, primary absent (16.149287ms)
✔ pair durable fault primary/before, prior source absent, primary absent (8.293729ms)
✔ pair durable fault primary/after-throw, prior source absent, primary absent (10.720661ms)
✔ pair durable fault primary/readback-throw, prior source absent, primary absent (7.704863ms)
✔ pair durable fault primary/readback-mismatch, prior source absent, primary absent (9.4503ms)
✔ pair durable fault source/before, prior source absent, primary absent (9.581816ms)
✔ pair durable fault source/after-throw, prior source absent, primary absent (16.543964ms)
✔ pair durable fault source/readback-throw, prior source absent, primary absent (8.356613ms)
✔ pair durable fault source/readback-mismatch, prior source absent, primary absent (9.69944ms)
✔ pair durable fault recovery/before, prior source absent, primary absent (8.302011ms)
✔ pair durable fault recovery/after-throw, prior source absent, primary absent (11.560179ms)
✔ pair durable fault recovery/readback-throw, prior source absent, primary absent (9.245445ms)
✔ pair durable fault recovery/readback-mismatch, prior source absent, primary absent (8.337684ms)
✔ pair durable fault remove/before, prior source absent, primary absent (9.407706ms)
✔ pair durable fault remove/after-throw, prior source absent, primary absent (11.233223ms)
✔ pair durable fault remove/readback-throw, prior source absent, primary absent (8.260069ms)
✔ pair durable fault remove/readback-mismatch, prior source absent, primary absent (8.660024ms)
✔ startup crash recovery after journal, source nonempty (20.156859ms)
✔ startup crash recovery after primary, source nonempty (21.534719ms)
✔ startup crash recovery after source, source nonempty (20.639517ms)
✔ startup crash recovery after recovery, source nonempty (25.912312ms)
✔ startup crash recovery after remove, source nonempty (15.511037ms)
✔ startup crash recovery after journal, source absent (17.400388ms)
✔ startup crash recovery after primary, source absent (22.834913ms)
✔ startup crash recovery after source, source absent (21.964439ms)
✔ startup crash recovery after recovery, source absent (19.665748ms)
✔ startup crash recovery after remove, source absent (12.955866ms)
✔ startup crash recovery after journal, source nonempty, primary absent (13.398705ms)
✔ startup crash recovery after primary, source nonempty, primary absent (14.416017ms)
✔ startup crash recovery after source, source nonempty, primary absent (16.419729ms)
✔ startup crash recovery after recovery, source nonempty, primary absent (17.654136ms)
✔ startup crash recovery after remove, source nonempty, primary absent (10.348867ms)
✔ startup crash recovery after journal, source absent, primary absent (12.15878ms)
✔ startup crash recovery after primary, source absent, primary absent (14.513943ms)
✔ startup crash recovery after source, source absent, primary absent (18.421017ms)
✔ startup crash recovery after recovery, source absent, primary absent (16.061967ms)
✔ startup crash recovery after remove, source absent, primary absent (10.797705ms)
✔ conditional rollback fault primary/before, source nonempty (23.99574ms)
✔ conditional rollback fault primary/after-throw, source nonempty (12.362934ms)
✔ conditional rollback fault primary/readback-throw, source nonempty (18.017236ms)
✔ conditional rollback fault primary/crash, source nonempty (17.914834ms)
✔ conditional rollback fault source/before, source nonempty (19.174958ms)
✔ conditional rollback fault source/after-throw, source nonempty (12.268173ms)
✔ conditional rollback fault source/readback-throw, source nonempty (17.915094ms)
✔ conditional rollback fault source/crash, source nonempty (18.858247ms)
✔ conditional rollback fault recovery/before, source nonempty (43.185591ms)
✔ conditional rollback fault recovery/after-throw, source nonempty (30.795687ms)
✔ conditional rollback fault recovery/readback-throw, source nonempty (43.399109ms)
✔ conditional rollback fault recovery/crash, source nonempty (42.986114ms)
✔ conditional rollback fault journal/before, source nonempty (17.867834ms)
✔ conditional rollback fault journal/after-throw, source nonempty (12.170767ms)
✔ conditional rollback fault journal/readback-throw, source nonempty (13.565372ms)
✔ conditional rollback fault journal/crash, source nonempty (12.114614ms)
✔ conditional rollback fault primary/before, source absent (19.72031ms)
✔ conditional rollback fault primary/after-throw, source absent (12.821425ms)
✔ conditional rollback fault primary/readback-throw, source absent (17.761075ms)
✔ conditional rollback fault primary/crash, source absent (14.542116ms)
✔ conditional rollback fault source/before, source absent (15.009411ms)
✔ conditional rollback fault source/after-throw, source absent (11.881327ms)
✔ conditional rollback fault source/readback-throw, source absent (17.35458ms)
✔ conditional rollback fault source/crash, source absent (18.155ms)
✔ conditional rollback fault recovery/before, source absent (40.911438ms)
✔ conditional rollback fault recovery/after-throw, source absent (30.242754ms)
✔ conditional rollback fault recovery/readback-throw, source absent (43.117469ms)
✔ conditional rollback fault recovery/crash, source absent (41.698238ms)
✔ conditional rollback fault journal/before, source absent (17.427268ms)
✔ conditional rollback fault journal/after-throw, source absent (11.580399ms)
✔ conditional rollback fault journal/readback-throw, source absent (11.551876ms)
✔ conditional rollback fault journal/crash, source absent (12.283566ms)
✔ conditional rollback fault primary/before, source nonempty, primary absent (16.562321ms)
✔ conditional rollback fault primary/after-throw, source nonempty, primary absent (8.234912ms)
✔ conditional rollback fault primary/readback-throw, source nonempty, primary absent (12.423614ms)
✔ conditional rollback fault primary/crash, source nonempty, primary absent (13.365005ms)
✔ conditional rollback fault source/before, source nonempty, primary absent (12.643771ms)
✔ conditional rollback fault source/after-throw, source nonempty, primary absent (8.224376ms)
✔ conditional rollback fault source/readback-throw, source nonempty, primary absent (12.704522ms)
✔ conditional rollback fault source/crash, source nonempty, primary absent (12.898291ms)
✔ conditional rollback fault recovery/before, source nonempty, primary absent (37.942116ms)
✔ conditional rollback fault recovery/after-throw, source nonempty, primary absent (27.024982ms)
✔ conditional rollback fault recovery/readback-throw, source nonempty, primary absent (37.165661ms)
✔ conditional rollback fault recovery/crash, source nonempty, primary absent (37.862498ms)
✔ conditional rollback fault journal/before, source nonempty, primary absent (12.36586ms)
✔ conditional rollback fault journal/after-throw, source nonempty, primary absent (8.99213ms)
✔ conditional rollback fault journal/readback-throw, source nonempty, primary absent (8.063338ms)
✔ conditional rollback fault journal/crash, source nonempty, primary absent (8.054865ms)
✔ conditional rollback fault primary/before, source absent, primary absent (16.076361ms)
✔ conditional rollback fault primary/after-throw, source absent, primary absent (7.840907ms)
✔ conditional rollback fault primary/readback-throw, source absent, primary absent (12.921747ms)
✔ conditional rollback fault primary/crash, source absent, primary absent (13.068456ms)
✔ conditional rollback fault source/before, source absent, primary absent (12.067096ms)
✔ conditional rollback fault source/after-throw, source absent, primary absent (7.802419ms)
✔ conditional rollback fault source/readback-throw, source absent, primary absent (13.391887ms)
✔ conditional rollback fault source/crash, source absent, primary absent (12.488993ms)
✔ conditional rollback fault recovery/before, source absent, primary absent (37.846314ms)
✔ conditional rollback fault recovery/after-throw, source absent, primary absent (27.302846ms)
✔ conditional rollback fault recovery/readback-throw, source absent, primary absent (38.265127ms)
✔ conditional rollback fault recovery/crash, source absent, primary absent (47.156677ms)
✔ conditional rollback fault journal/before, source absent, primary absent (21.937241ms)
✔ conditional rollback fault journal/after-throw, source absent, primary absent (7.50667ms)
✔ conditional rollback fault journal/readback-throw, source absent, primary absent (7.710554ms)
✔ conditional rollback fault journal/crash, source absent, primary absent (7.622412ms)
✔ startup covers exact before-before state (13.188975ms)
✔ startup covers exact after-before state (15.768392ms)
✔ startup covers exact before-after state (15.148911ms)
✔ startup covers exact after-after state (13.917488ms)
✔ startup recovery durable fault primary-rollback/before (19.573956ms)
✔ startup recovery durable fault primary-rollback/after-throw (18.17933ms)
✔ startup recovery durable fault primary-rollback/readback-throw (19.271225ms)
✔ startup recovery durable fault primary-rollback/crash (16.811135ms)
✔ startup recovery durable fault source-rollback/before (21.378821ms)
✔ startup recovery durable fault source-rollback/after-throw (11.673209ms)
✔ startup recovery durable fault source-rollback/readback-throw (14.429551ms)
✔ startup recovery durable fault source-rollback/crash (14.423152ms)
✔ startup recovery durable fault recovery-finalize/before (23.820344ms)
✔ startup recovery durable fault recovery-finalize/after-throw (17.395434ms)
✔ startup recovery durable fault recovery-finalize/readback-throw (18.93216ms)
✔ startup recovery durable fault recovery-finalize/crash (19.841364ms)
✔ startup recovery durable fault journal-remove/before (19.685411ms)
✔ startup recovery durable fault journal-remove/after-throw (18.06451ms)
✔ startup recovery durable fault journal-remove/readback-throw (13.987673ms)
✔ startup recovery durable fault journal-remove/crash (13.3536ms)
✔ startup third values and arbitrary journal targets preserve every live byte and rescue evidence (68.959169ms)
✔ third value arriving during rollback is never replaced (12.522222ms)
✔ old cooperating writer waits on the existing primary lock and cannot overwrite a completed pair (10.65875ms)
✔ observers see both adopted domains and cannot convert success to failure (6.986606ms)
✔ stale clean in-memory export is rescue, never silently substitutes an old domain (6.55928ms)
✔ pre-write read denial for ran_hsk1_modular_v1 creates no mutation (7.059324ms)
✔ pre-write read denial for ran_hsk1_textbook_source_v1 creates no mutation (4.402541ms)
✔ pre-write read denial for ran_hsk1_source_pair_journal_v1 creates no mutation (3.079252ms)
✔ pre-write read denial for ran_hsk1_source_pair_recovery_v1 creates no mutation (2.946154ms)
✔ invalid nested source recovery and primary grades in journal remain inert (27.266822ms)
✔ a newer value discovered after final journal removal is preserved and journal evidence is re-established (13.811561ms)
✔ opaque store participants reject copied cross-scope consumed and not-readback-verified tokens (4.591913ms)
✔ dirty state is transient, survives a queued write, and clears only after confirmed save or explicit reload (4.74556ms)
✔ a clean external conflict is not dirty, but a conflicting local edit remains dirty after failed save (0.494936ms)
✔ replacement and recovery commit in one write, never nest, and restore submitted A with draft B (0.990464ms)
✔ quota leaves original raw intact and exports the actual unsaved multiline draft (0.847911ms)
✔ a denied import changes neither current data nor original raw, while its candidate remains exportable (0.438092ms)
✔ read access denial and missing Web Locks prevent writes but allow exporting memory work (0.627364ms)
✔ two cooperating tabs sharing a lock keep the first commit and reject the second without losing its draft (0.501737ms)
✔ a preview expires after a local edit, including an edit while confirmation waits for the lock (0.995271ms)
✔ same revision with different raw is a conflict for preview confirmation and ordinary save (0.818498ms)
✔ a preview held by the service is immune to mutation or fabrication by its caller (1.144913ms)
✔ corrupt current JSON, app, schema, or recovery stays byte-for-byte exportable and cannot be overwritten (0.657549ms)
✔ invalid backup identity and learning schema reject before any write; backup excludes unrelated auth keys (0.695264ms)
✔ queued save and confirmation cannot write or publish after disposal (0.554836ms)
✔ a write that takes effect and then throws is accepted only after exact read-back confirmation (0.386275ms)
✔ read-back denial never reports saved even when the attempted write may have reached storage (0.371914ms)
✔ an unexpected third-party value is never rolled back after a failed write (0.473704ms)
✔ frozen textbook keeps 15 lessons, 342 rows, 45 scenes and 40 grammar plus 3 phonetics (7.860304ms)
✔ all 344 declared senses resolve exact catalog audio and provenance without merging 342 rows (10.747049ms)
✔ 14 unsupported lesson 4 words stay unavailable with accurate original-audio explanation (10.381455ms)
✔ multi-sense 天 and 上 retain separate declared clips while same-form 在 stays in its lesson (0.714192ms)
✔ all 45 whole scenes and every line use frozen original tracks and unmodified segment ranges (1.816262ms)
✔ all lesson vocabulary playlists preserve three whole tracks and only lessons 1–3 have tongue tracks (0.791548ms)
✔ foreign lesson IDs, scene/line IDs and unknown words never resolve arbitrary clips (0.189733ms)
✔ validation rejects missing or duplicate content, wrong phonetics placement and mixed baselines (33.141477ms)
✔ invalid boundaries, source paths, swapped scenes and undeclared foreign audio fail instead of clamping (52.314573ms)
✔ wrong catalog identity, missing declaration and off-by-one word timing reject the complete load (33.849801ms)
✔ immutable loaded content is isolated from caller mutations and does not alter frozen inputs (37.595154ms)
✔ approved source corrections appear in the display with provenance while the frozen input stays unchanged (18.32259ms)
✔ display repairs preserve every stable identity, catalog sense, scene and line audio boundary (16.699646ms)
✔ stale baselines, mistaken targets, forbidden fields and incomplete provenance reject the whole display revision (112.25353ms)
✔ frozen book validation runs before display correction, so overlays cannot hide invalid source data (8.812331ms)
✔ later approved Vietnamese copy can use the same narrow display mechanism without changing histories or audio (9.071747ms)
✔ every textbook section and player/save state has explicit Chinese and Vietnamese copy (2.25132ms)
✔ known failures translate exactly and unknown diagnostics remain available without a guessed translation (0.224294ms)
✔ dynamic Hanzi and practice labels keep counts and characters in both languages (0.320567ms)
✔ practice instructions add no answer material and do not alter the question bank (6.752847ms)
✔ the existing 150 corrected textbook questions remain unchanged while explicit legacy targets are added (26.617872ms)
✔ textbook review grades all 160 retained and restored questions separately and permits unselected submissions (3.126882ms)
✔ review generation and grading do not mutate the frozen lesson or caller selections; invalid indexes count as unselected (1.22294ms)
✔ the bundled Hanzi Writer 3.7.3 body is byte-identical to the frozen source; only the lifecycle adapter is added (0.882423ms)
✔ the Hanzi lifecycle adapter removes every pointer listener and cancels active quiz/render work on disposal (1.738266ms)
✔ all ten audited legacy word targets use current corrected text and no replaced source sentence returns (1.823142ms)
✔ listen-only and hide-original survive tabs, picker, arrows and history-equivalent route updates (7.976157ms)
✔ hidden line controls keep neutral labels, stop old scene media, and remain playable (1.905055ms)
✔ all 45 frozen scenes bind 48 reviewed crops without inferring from scene names (13.213219ms)
✔ scene crops reject changed source hashes, page bindings and paths (2.875498ms)
✔ family 1: inactive read/profile/no-op answer does not create presentation or alter raw grading (19.282458ms)
✔ family 2: first real answer captures displayed revision; reload/continued answers retain it while profile and reads are inert (26.499266ms)
✔ family 3: legacy unbound draft and old submission remain baseline despite a new active display revision (12.031721ms)
✔ family 4: same-clock same-answer submissions get distinct binding IDs and exact first/current/latest/history display (32.906147ms)
✔ family 5: history cap20 keeps first binding/payload and collects only unreferenced revisions (495.479438ms)
✔ family 6: restart clears current/draft only, preserves first/latest/history; next fresh answer may bind new revision (13.088453ms)
✔ family 7: listening round is fixed across reload; randomized option indices and raw answers/fingerprints stay authoritative (23.829463ms)
✔ family 8: full backup/import/recovery round-trips display and raw authority together without applying current revision (21.409142ms)
✔ family 9: strict import rejects wrong raw authority, foreign owner, sealed Chinese field, orphan payload, duplicate history binding and unknown key atomically (39.665053ms)
✔ family 10: scoped lesson/version/module reset prunes matching presentation and preserves unrelated homework/listening data (35.795806ms)
✔ family 11: explicit legacy replacement clears only its replaced display domain; discovery preserves valid existing bindings (24.726778ms)
✔ family 12: quota/held-lock retain H1 live-unsaved submission+display export; retry writes the same binding once (24.300685ms)
✔ archive projection preserves distinct same-clock logical slots while raw answer/grade and raw task stay explicit (23.01393ms)
✔ UTF-8 budget is enforced on actual multilingual bytes, with no truncation of saved Vietnamese (11.852324ms)
✔ paired backup/import/restore carries nonempty presentation and independent source data atomically (63.145697ms)
✔ partial listening reset retains other lesson display/response bindings and trims round payload by actual kept IDs (37.786528ms)
✔ baseline unbound listening round after an old revision updates latest as baseline without retagging it (12.955535ms)
✔ cap20 import cannot merge the real first logical submission with later same-clock binding (329.440845ms)
✔ exhaustive browser batches cover every frozen sense once, all 330 audio records, and all 14 missing-audio records (1.752999ms)
✔ vocabulary exposes exactly the frozen 344 sense records / 319 forms with all editorial source and category fields intact (103.806991ms)
✔ all 330 audio requests resolve exact same-lesson original word ranges with no answer-bearing label or synthetic clip (62.959341ms)
✔ all 14 no-audio records remain explicit null, correspond to the L4 numeric table, and never borrow another lesson clip (38.733314ms)
✔ record shape, stable identity, counts, sense separation and complete source provenance are validated (272.759517ms)
✔ missing, duplicated, orphan or substituted audio metadata is rejected before any resolver is returned (201.289962ms)
✔ no-audio declarations cannot disappear, duplicate, point at a different sense, or acquire a fabricated clip (204.786004ms)
✔ range validation rejects negative, zero, nonfinite, beyond-track and same-lesson non-vocabulary clips (98.561716ms)
✔ actual SHA256 verification rejects valid-shaped editorial, clip and original-track metadata drift (276.542294ms)
✔ content snapshots are deeply readonly and stable across caller mutations during asynchronous validation (66.890792ms)
✔ loader fetches the frozen sources and approved display sidecar with AbortSignal, with HTTP failure visible (49.654094ms)
✔ aborted loads and in-flight hashes cannot deliver content to a departed view (9.780574ms)
✔ current textbook examples preserve exact Chinese, pinyin, Vietnamese and lesson sources without copying audio (82.847323ms)
✔ every polysemous sense has a reviewed same-lesson example; homographs never share the wrong use (34.410301ms)
✔ examples reject another baseline and unverified text; asynchronous reads do not expose caller mutations (102.819721ms)
✔ live vocabulary examples share the validated textbook display and preserve all frozen identity, rating and audio data (93.089218ms)
✔ display examples reject unverified source hashes, stale revisions and ambiguous or unreviewed sense anchors (147.436235ms)
✔ asynchronous display snapshots ignore caller mutations and remain deeply readonly (90.906786ms)
✔ an existing rated vocabulary review and schedule restore unchanged with the live display examples (108.144295ms)
✔ construction and reads do not create reviews; rejected empty actions do not schedule saves (42.535572ms)
✔ first route selects its lesson once, review visit never replaces the queue or enables due automatically (85.614722ms)
✔ supported preferences normalize with no-op saves; invalid values cannot corrupt any practice field (36.293693ms)
✔ all lessons expose exactly 344 distinct sense cards and 319 forms while preserving every source (32.334773ms)
✔ same sense merges across selected lessons only and never borrows audio from an unselected source (20.506052ms)
✔ homographs 家 在 天 上 retain separate sense identities and schedules (50.881895ms)
✔ all, unfamiliar, wrong and due use selected senses and latest self-ratings without changing the active queue (29.329101ms)
✔ free movement preserves each card while reveal still gates rating and repeated actions do not duplicate writes (35.456524ms)
✔ skipping preserves existing schedules and all queue options, including due cards with an earlier unrated gap (28.65721ms)
✔ unrated gaps and the exact saved position survive reload and backup import without losing skipped cards (157.778158ms)
✔ out-of-order self-ratings complete only after every card is rated and preserve the true completion time (30.796594ms)
✔ single-card and last-card next calls are no-ops even without revealing or rating (9.638942ms)
✔ again, hard, good and early good exactly preserve the existing simple schedule semantics (21.501463ms)
✔ a rated card stays current in a due round even when current preferences change lesson, direction and filter (45.326875ms)
✔ shuffled order, position, reveal, self-ratings, preferences and source selection resume after actual save and backup import (76.42653ms)
✔ vocabulary edits preserve homework, listening, reading stars and legacy original bytes (23.587337ms)
✔ invalid clock or shuffle source cannot replace an existing round; changed sense identity cannot inherit self-ratings (60.69037ms)
✔ quota failure and cross-tab conflict preserve the self-rating in exportable memory without pretending to save (72.268919ms)
✔ mixed search matches Chinese, Vietnamese and unaccented/spaceless pinyin without merging senses (212.127398ms)
✔ search intersects lesson and rating filters; empty searches cannot replace a saved round (165.266781ms)
✔ searched queues retain exact ordering, saved scope and unrated gaps through reload and backup import (167.999928ms)
✔ saved search never permits foreign, omitted, or substituted queue members (33.655358ms)
ℹ tests 630
ℹ suites 0
ℹ pass 630
ℹ fail 0
ℹ cancelled 0
ℹ skipped 0
ℹ todo 0
ℹ duration_ms 13531.29561
