✔ SYNTHETIC two-host five-width reporter-format fixture passes the strict guard (5.632108ms)
✔ SYNTHETIC merged spec IDs remain unique per actual host project (1.182931ms)
✔ native-format guard rejects collection (3.122871ms)
✔ native-format guard rejects skip (0.862785ms)
✔ native-format guard rejects retry (0.47ms)
✔ native-format guard rejects twoResults (1.031796ms)
✔ native-format guard rejects expectedFailure (1.248525ms)
✔ native-format guard rejects perCaseError (1.078316ms)
✔ native-format guard rejects globalError (6.989309ms)
✔ native-format guard rejects wrongEngine (0.820051ms)
✔ native-format guard rejects missingHost (1.586213ms)
✔ native-format guard rejects configuredRetries (0.807462ms)
✔ native-format guard rejects configuredRepeat (1.377151ms)
✔ native-format guard rejects foreignFile (2.151424ms)
✔ native-format guard rejects missingCase (1.464521ms)
✔ native-format guard rejects duplicateCase (3.506182ms)
✔ native-format guard rejects unknownWidth (0.614385ms)
✔ native-format guard rejects flaky (2.929944ms)
✔ native-format guard rejects missingActualLayout (0.593244ms)
✔ native-format guard rejects wrongActualViewport (0.958919ms)
✔ native-format guard rejects noActualDuration (0.897637ms)
✔ native-format guard rejects skippedAnnotation (0.61082ms)
✔ native-format guard rejects noFullFontFit (0.642346ms)
✔ SYNTHETIC 90-entry screenshot manifest matches the exact ten cases (3.707331ms)
✔ screenshot set rejects missingPNG (1.81286ms)
✔ screenshot set rejects duplicatePNG (0.840231ms)
✔ screenshot set rejects wrongViewport (0.896405ms)
✔ screenshot set rejects truncatedRaster (1.761363ms)
✔ screenshot set rejects missingByteHash (1.541286ms)
✔ SYNTHETIC real 1x1 PNG byte FORMAT fully inflates with complete CRC chunks (1.823716ms)
✔ PNG full-byte guard rejects truncated (0.459124ms)
✔ PNG full-byte guard rejects trailing (0.467006ms)
✔ PNG full-byte guard rejects badCRC (0.599563ms)
✔ PNG full-byte guard rejects badFilter (0.807863ms)
✔ SYNTHETIC exact 18 fixed command receipts pass (1.558331ms)
✔ command guard rejects missingCommand (0.550289ms)
✔ command guard rejects duplicateLabel (0.271324ms)
✔ command guard rejects wrongCommand (0.804859ms)
✔ command guard rejects wrongCwd (0.312265ms)
✔ command guard rejects failedCommand (0.249692ms)
✔ command guard rejects signal (0.280358ms)
✔ command guard rejects spawnError (0.30231ms)
✔ command guard rejects wrongSource (0.303823ms)
✔ command guard rejects wrongRun (0.271955ms)
✔ command guard rejects changedLog (0.66459ms)
✔ command guard rejects skipped unit output (0.344143ms)
✔ command guard rejects zero-test unit output (0.353336ms)
ℹ tests 47
ℹ suites 0
ℹ pass 47
ℹ fail 0
ℹ cancelled 0
ℹ skipped 0
ℹ todo 0
ℹ duration_ms 207.801036
