{
  "scope": "Actual runtime mapper self-check; registered learning leaves only, not all website VI or official language acceptance",
  "registeredFields": 5519,
  "uniqueTargets": 5519,
  "actualPointerMatches": 5519,
  "byComponent": {
    "textbook": 841,
    "course-index": 15,
    "listening": 995,
    "vocabulary": 344,
    "homework": 774,
    "homework30": 2550
  },
  "bySource": {
    "content/textbook.json": 811,
    "content/textbook-display-revisions.json": 30,
    "content/course-index.json": 15,
    "content/stage3-catalog.json": 1339,
    "content/stage2-bank.json": 774,
    "content/homework30-bank.json": 2550
  },
  "optionLeaves": 700,
  "checkedOriginalArrays": 700,
  "targetSetSHA256": "e9815ffcd606eab61be3984942423c21997ce707e4236a05861369e3c365ff05",
  "authorProofSHA256": "eb529c392f14afc57b09637a06f6f653b6fdc4d2345c342a1b90b794f4cb855d",
  "authorDescriptorMatches": 5519,
  "heldPOSAndSourceLabel": true,
  "officialAccepted": 0
}
