✔ inactive registry preserves object identity and has no synthetic accepted revision (0.865469ms)
✔ canonical proposal removes every exact independentReview key, preserves array order and hashes UTF-8 (4.063043ms)
✔ accepted synthetic projection clones language only and preserves exact raw grading identity (3.508217ms)
✔ whole registry rejects stale baseline, byte tampering, parent drift, duplicate field, self-review and foreign consumer before projection (14.610426ms)
✔ wordSenses and mixed cards project Vietnamese while catalog/sourceRecords/fingerprints remain raw (121.635126ms)
✔ registered HSK1 source mapper uses actual original pointers, parent display leaves and unique semantic owners (42.044065ms)
✔ original option index guards reject frozen Chinese labels and ambiguous Vietnamese display options (2.487055ms)
✔ course overview title uses its exact owner while Chinese and all original count fields stay unchanged (1.121541ms)
✔ both inactive and active config roots require the exact supported schema before asset loading (0.371213ms)
✔ family 1: inactive read/profile/no-op answer does not create presentation or alter raw grading (31.908775ms)
✔ family 2: first real answer captures displayed revision; reload/continued answers retain it while profile and reads are inert (35.380508ms)
✔ family 3: legacy unbound draft and old submission remain baseline despite a new active display revision (16.507251ms)
✔ family 4: same-clock same-answer submissions get distinct binding IDs and exact first/current/latest/history display (38.062068ms)
✔ family 5: history cap20 keeps first binding/payload and collects only unreferenced revisions (670.815408ms)
✔ family 6: restart clears current/draft only, preserves first/latest/history; next fresh answer may bind new revision (16.578807ms)
✔ family 7: listening round is fixed across reload; randomized option indices and raw answers/fingerprints stay authoritative (26.711263ms)
✔ family 8: full backup/import/recovery round-trips display and raw authority together without applying current revision (27.058229ms)
✔ family 9: strict import rejects wrong raw authority, foreign owner, sealed Chinese field, orphan payload, duplicate history binding and unknown key atomically (47.240246ms)
✔ family 10: scoped lesson/version/module reset prunes matching presentation and preserves unrelated homework/listening data (43.706942ms)
✔ family 11: explicit legacy replacement clears only its replaced display domain; discovery preserves valid existing bindings (31.163816ms)
✔ family 12: quota/held-lock retain H1 live-unsaved submission+display export; retry writes the same binding once (33.216554ms)
✔ archive projection preserves distinct same-clock logical slots while raw answer/grade and raw task stay explicit (27.077949ms)
✔ UTF-8 budget is enforced on actual multilingual bytes, with no truncation of saved Vietnamese (16.830073ms)
✔ paired backup/import/restore carries nonempty presentation and independent source data atomically (81.77939ms)
✔ partial listening reset retains other lesson display/response bindings and trims round payload by actual kept IDs (50.352272ms)
✔ baseline unbound listening round after an old revision updates latest as baseline without retagging it (18.077011ms)
✔ cap20 import cannot merge the real first logical submission with later same-clock binding (474.078256ms)
ℹ tests 27
ℹ suites 0
ℹ pass 27
ℹ fail 0
ℹ cancelled 0
ℹ skipped 0
ℹ todo 0
ℹ duration_ms 1935.202215
