
> hsk-shared-course-app@1.0.0 test
> node --experimental-strip-types --test tests/*.test.mjs

✔ existing pilot activities and a separately bound self-assessment matrix are structurally sound (10.165689ms)
✔ matrix cannot drop, repeat, misorder dimensions or bind non-checkbox answers (11.824754ms)
✔ editorial references never acquire automatic grading answers or unrelated picture IDs (4.068724ms)
✔ source surveys retain text/select/checkbox matrix bindings and reject mismatched context columns (7.652014ms)
✔ cross-page activities reject unrelated or inconsistent per-field source pages (4.573435ms)
✔ every approved instructional illustration exists with its reviewed bytes and no external source (124.850078ms)
✔ source survey headers bind editable names independently from all body responses (2.591401ms)
✔ editable survey headers cannot hide, duplicate, omit, mismatch or auto-grade a name (22.182706ms)
✔ field-level question provenance cannot point outside actual source questions (10.575611ms)
✔ frequency matrix permits only an explicit bilingual blank corner and retains caption context (2.85596ms)
✔ matrix corner rejects one-sided empty, missing language, non-string and whitespace-only headings (27.219522ms)
✔ explicit optional fields are boolean ungraded text only and do not infer from prompt language (42.010985ms)
✔ optional illustration label requires nonempty bilingual text and absent legacy label remains valid (31.497411ms)
✔ HSK2 failed candidate never enters draft and later ordinary save cannot invent submission (18.455975ms)
✔ HSK2 waiting candidate stays unsubmitted and confirmed reload preserves old record (1.270543ms)
✔ HSK2 lock-wait edit invalidates candidate without losing newer draft (2.668406ms)
✔ HSK2 composition and cancelled pending view never commit a marker (0.682786ms)
✔ HSK3 failed candidate never enters draft and later ordinary save cannot invent submission (0.724174ms)
✔ HSK3 waiting candidate stays unsubmitted and confirmed reload preserves old record (1.073522ms)
✔ HSK3 lock-wait edit invalidates candidate without losing newer draft (1.273369ms)
✔ HSK3 composition and cancelled pending view never commit a marker (0.521772ms)
✔ stale values and unsafe unavailable lock fail closed without adopting submissions (0.79094ms)
✔ prior fallback records remain separate immutable history with human-readable source context (17.513109ms)
✔ active controls, another lesson and another edition never enter this lesson archive (3.696864ms)
✔ nonempty old records survive actual storage save reload export restore without creating new activity submissions (5.217328ms)
✔ one source page keeps the group citation without duplicate field notes (1.255534ms)
✔ cross-page fields and differing group page always retain field-level citations (0.294214ms)
✔ row citation combines only matching effective provenance and never changes source objects (0.464605ms)
✔ assembly preserves1140 baseline files and rejects changed baseline/frozen bytes (633.487451ms)
✔ HSK2 homework quota rejection leaves receipts out of the live draft and later ordinary saves (14.72136ms)
✔ HSK2 homework waits without an adopted receipt and confirms exactly one immutable attempt (2.475092ms)
✔ HSK2 homework cancelled lock wait cannot reappear in a later draft save (2.193312ms)
✔ HSK2 homework newer answer during a lock wait wins without a submission (2.986094ms)
✔ HSK2 individual listening quota rejection leaves receipts out of the live draft and later ordinary saves (3.646288ms)
✔ HSK2 individual listening waits without an adopted receipt and confirms exactly one immutable attempt (3.474705ms)
✔ HSK2 individual listening cancelled lock wait cannot reappear in a later draft save (3.409672ms)
✔ HSK2 individual listening newer answer during a lock wait wins without a submission (2.936772ms)
✔ HSK3 homework quota rejection leaves receipts out of the live draft and later ordinary saves (2.456537ms)
✔ HSK3 homework waits without an adopted receipt and confirms exactly one immutable attempt (2.078646ms)
✔ HSK3 homework cancelled lock wait cannot reappear in a later draft save (1.663574ms)
✔ HSK3 homework newer answer during a lock wait wins without a submission (1.644988ms)
✔ HSK3 individual listening quota rejection leaves receipts out of the live draft and later ordinary saves (2.435738ms)
✔ HSK3 individual listening waits without an adopted receipt and confirms exactly one immutable attempt (2.768305ms)
✔ HSK3 individual listening cancelled lock wait cannot reappear in a later draft save (3.033554ms)
✔ HSK3 individual listening newer answer during a lock wait wins without a submission (1.43881ms)
✔ individual listening rejects stale rounds, answers and already submitted questions (2.529304ms)
✔ an unavailable write lock never adopts a homework receipt (1.506678ms)
✔ frozen independent review authorizes exactly two source-frame sentences and retains low probability observations (11.735995ms)
✔ subset source pinyin, actual lesson bytes, parent and ordinal match unchanged Chinese metadata (7.519775ms)
✔ wrong ranges, missing gates, source substitutions and invented precision are rejected (15.428422ms)
✔ joint overlay and authority tampering cannot create a new independent-review acceptance (16.305394ms)
✔ legacy manifest bytes and all 61 words, 13 holds, 78 lines and 33 children remain unchanged (10.888811ms)
✔ partial child keeps original ordinal 2 without a precise parent, sibling or color word; legacy children retain sequence (5.750302ms)
(node:2560) ExperimentalWarning: stripTypeScriptTypes is an experimental feature and might change at any time
(Use `node --trace-warnings ...` to show where the warning was created)
Reviewed sentence overlay rejected; previously reviewed segments and original tracks remain available.
Reviewed sentence overlay rejected; previously reviewed segments and original tracks remain available.
✔ concurrent callers await the same delayed actual crypto gate before overlay-ready (30.042493ms)
✔ concurrent rejection retains baseline and resolves only after rejection, with no phantom subset (9.070466ms)
✔ invalid legacy input rejects every concurrent caller and cannot cache false readiness (6.023764ms)
✔ optional new overlay chunk load failure preserves completed legacy registry (7.123599ms)
✔ verified pilot clip ranges carry exact original identities and source text (8.309913ms)
✔ unverified, foreign, out-of-track and source-hash substitutions are rejected (7.116025ms)
✔ multi-sentence source fragments cannot be swapped or replaced (3.305607ms)
✔ source text, pinyin, per-entry hash, scope and reviewed timing cannot be forged (9.769065ms)
✔ word partitions and actual sentence coverage reject losses, orphans and relabeled whole paragraphs (6.82143ms)
✔ no source authority or duplicate merged IDs can silently expose segments (1.434802ms)
✔ pending bounds, inflated decoded duration, claimed certification and forged transcript are rejected (5.517212ms)
✔ reviewed HSK2 lessons 2–3 retain exact 25 verified and seven pending words after runtime merge (11.37125ms)
✔ grammar group metadata cannot omit duplicate reorder or replace baseline examples or lose bilingual sources (43.167766ms)
✔ actual grouped grammar retains full baseline summary and interleaves every original bilingual pinyin example once (13.541419ms)
✔ both supplemental picture-description labels retain full bilingual text after the source activity (25.232397ms)
✔ cross-page grammar examples retain their own visible source beside the unchanged explanation page (7.367208ms)
✔ source grammar explanations are additive, bilingual and tied to one real source grammar (30.229118ms)
✔ unmapped supplemental picture paragraphs collapse without hiding textbook text tasks or safety notes (7.484408ms)
✔ HSK3 glossary has all22 starred heads and23 stable word-sense records (47.454498ms)
✔ HSK3 star patch does not alter any existing lesson values (138.596383ms)
✔ all18 additional official-source registries and523 word anchors retain every complete old word and source (60.333609ms)
✔ HSK3 L10 reviewed source fields keys and figures stay complete (13.639733ms)
✔ HSK3 L11 reviewed source fields keys and figures stay complete (5.870291ms)
✔ HSK3 L10 education source task retains optional read-aloud marker, source retelling and ungraded personal comparison (6.566006ms)
✔ HSK3 L11 split listening answer pages and no invented culture/review survive integration (3.260646ms)
✔ all25 independently reviewed Vietnamese corrections remain in their exact new-layer locations (65.980113ms)
✔ source explanation groups preserve every original example once (10.111428ms)
✔ HSK3 L12 reviewed source activities preserve field counts official keys and source-specific shapes (8.89357ms)
✔ HSK3 L13 reviewed source activities preserve field counts official keys and source-specific shapes (2.510649ms)
✔ HSK3 L12 and13 source and answer page continuations stay attached to individual fields (4.780957ms)
✔ HSK3 L12 review binds eleven rows to twenty-two distinct checks across both source pages (3.507279ms)
✔ HSK3 L13 first grammar source frames preserve 1+2+2 independent non-unique blanks (3.158975ms)
✔ optional empty omitted and nonempty records preserve values and submission through real save reload export restore (7.728536ms)
✔ L12 least-liked season and L13 prepared refreshments translations retain the source meanings (4.182605ms)
✔ HSK3 L14 reviewed source counts and exact official keys remain complete (10.885748ms)
✔ HSK3 L15 reviewed source counts and exact official keys remain complete (6.466649ms)
✔ HSK3 L15 ambiguous Nanjing age choice cannot become a unique automatic answer (3.154697ms)
✔ every L14 and15 manifest identity has a real renderer binding including all four L15 cities (9.414658ms)
✔ HSK3 L14 repaired borrowing option and four blank story rows preserve source roles (3.893072ms)
✔ HSK3 L15 source review keeps ten pairs and four full unsplit explanations (2.564971ms)
✔ HSK3 L16 final-unit source counts keys blanks and figure bindings survive integration (9.185819ms)
✔ HSK3 L17 final-unit source counts keys blanks and figure bindings survive integration (5.156114ms)
✔ HSK3 L18 final-unit source counts keys blanks and figure bindings survive integration (3.955188ms)
✔ L16 animal discussion retains three original required IDs and a separate optional fourth extension (2.721725ms)
✔ L17 repaired reference agrees with preserved teacher wording and emotions panel has an explicit activity binding (2.30312ms)
✔ L18 approximation tasks and 刚才/刚刚 exercises are editorial and preserve both real source groups (3.301202ms)
✔ feedback note is a separate bilingual display-only copy with invalid shapes rejected (38.181301ms)
✔ HSK3 L8 original source interaction inventory and immutable learning corpus (6.956658ms)
✔ HSK3 L8 official word-bank order and cross-page citations (3.246679ms)
✔ HSK3 L9 original source interaction inventory and immutable learning corpus (2.893427ms)
✔ HSK3 L9 official word-bank order and cross-page citations (3.546122ms)
✔ HSK3 L9 review is open self-tracking, not a correctness score (3.495887ms)
✔ HSK3 L9 exact source corrections and L8 scene provenance remain in primary data (9.453682ms)
✔ every printed POS/sense maps once with exact pages, audio and translation (14.914634ms)
✔ same-spelling different meanings and POS remain separate canonical cards (2.781157ms)
✔ the complete catalogue count is actual POS/sense records, not syllabus targets (11.136328ms)
✔ release validation rejects pending review, stale translations and missing homograph evidence (14.607801ms)
✔ wrong course, duplicate mapping, missing source and unreviewed merge fail closed (14.787145ms)
✔ an explicitly reviewed repeated sense uses selected-lesson provenance, never an unselected audio group (0.569899ms)
✔ reviewed HSK2 appendix binds every stable sense with source POS distinct from editorial labels (7.37869ms)
✔ editable source-table names stay in headers and remain independent through save/remount/reset (27.725004ms)
✔ cross-page review cites each identical row once while mixed provenance stays beside separate cells (11.877307ms)
✔ shared proposal canonicalization removes exact review keys and preserves array order (2.293352ms)
✔ inactive lesson, canonical lexicon and course-index are private clones with identical content (22.148722ms)
✔ a trusted accepted batch patches only VI; source, IDs, ZH, pinyin, answer and order remain exact (84.513545ms)
✔ canonical sense and summary pointers bind their real IDs, original source indices and full raw SHA (52.844947ms)
✔ an accepted terminology-derived or editorial change keeps its distinct source branch (75.237988ms)
✔ edited activity option translations cannot become ambiguous while index answers stay sealed (34.232807ms)
✔ derived/editorial anchors cannot counterfeit an official quotation or evade their source conditions (50.436048ms)
✔ editorial anchors cannot attach an alleged printed book page or Chinese book quotation (33.695981ms)
✔ atomic guard rejects stale effective value (22.962168ms)
✔ atomic guard rejects wrong engine (17.269361ms)
✔ atomic guard rejects wrong course (16.130926ms)
✔ atomic guard rejects wrong parent (14.626012ms)
✔ atomic guard rejects wrong baseline SHA (27.945457ms)
✔ atomic guard rejects foreign source file (20.523374ms)
✔ atomic guard rejects foreign owner (18.551876ms)
✔ atomic guard rejects wrong original pointer index (20.123734ms)
✔ atomic guard rejects sealed answer (21.229215ms)
✔ atomic guard rejects sealed ZH (16.09623ms)
✔ atomic guard rejects sealed options/order (21.339996ms)
✔ atomic guard rejects unsafe pointer (45.582645ms)
✔ atomic guard rejects wrong lesson (35.779118ms)
✔ atomic guard rejects wrong actual Chinese anchor (36.37723ms)
✔ atomic guard rejects wrong book SHA (34.168156ms)
✔ atomic guard rejects out of bounds official page (27.927181ms)
✔ atomic guard rejects official text mismatch (30.026519ms)
✔ atomic guard rejects unresolved not active (28.750374ms)
✔ atomic guard rejects match not active (20.904652ms)
✔ atomic guard rejects pending author (21.319397ms)
✔ atomic guard rejects self-only independent acceptance (10.12046ms)
✔ atomic guard rejects missing accepted change (11.463191ms)
✔ atomic guard rejects foreign accepted consumer (16.74109ms)
✔ atomic guard rejects missing declared consumer (17.964133ms)
✔ atomic guard rejects unknown source evidence (19.908702ms)
✔ atomic guard rejects pending owner cannot be accepted (17.79558ms)
✔ atomic guard rejects duplicate target (16.343494ms)
✔ registered manifest/review exact bytes and independent accepted proposal are all required (28.067474ms)
✔ a known consumer cannot be declared accepted without its own accepted VI projection (18.606365ms)
✔ changed raw whitespace is still a different pinned source; empty acceptance cannot activate (22.029969ms)
✔ new graded copy changes contentRevision while actual old first/questions/answers/score remain frozen (23.463588ms)
✔ saved listening question is never reprojected; missing legacy snapshot cannot fall back to current q (0.912492ms)
✔ online verification binds full release identity and checks new/protected bytes (28.78009ms)
✔ online verifier rejects a stale manifest and never accepts changed protected bytes (12.431797ms)
✔ online verifier refuses another origin, pilot release and unscoped paths (15.820093ms)
✔ all seven routeable entries resolve activity crops and shared textbook/audio against real packaged paths (326.997893ms)
✔ unknown source images, PDF, changed accepted crops/audio/strokes and symlinks fail before freezing (451.57938ms)
✔ source or frozen-input drift fails before output; dirty or prebuilt data cannot be labeled release (193.641317ms)
✔ legacy all-sixteen-passed gates cannot label a package as ready for publication (38.709484ms)
✔ release freeze matches every native-tested build input byte and path while publication stays pending (655.685052ms)
✔ actual current crop registry uses lesson 4 current version and rejects path traversal/private sources (124.076069ms)
✔ production assembly anchors the actual 1446-file 2da tree and explicitly separates developer-only files (20.130608ms)
✔ entry, build configuration and retained source assets are included in the clean build snapshot (214.295116ms)
✔ two locked course entries share identical frozen assets with nested relative media paths (2.104727ms)
✔ portal updates only2/3 course cards and retains exact HSK1 and both HSK4 cards (3.107609ms)
✔ package manifest binds every scoped output byte to the frozen source input without copying raw sources (183.619588ms)
✔ missing audio, unknown raw PDF, symlinks and wrong identity fail before release creation (208.648086ms)
✔ output and public-input allowlists reject legacy overwrites and source package paths (0.373851ms)
✔ small frozen-code transfer restores all exact tested bytes from264 hash-bound originals without rebuilding (228.637002ms)
✔ frozen transfer fails before output on changed audio, code, extra raw source or wrong source commit (507.324089ms)
✔ question editorial note survives fallback rendering without leaking before submit (19.895937ms)
✔ question editorial note survives mapped rendering without leaking before submit (8.998808ms)
✔ a docs-only committed gate advances HEAD while the actual tested runtime remains accepted (408.346091ms)
✔ clean committed runtime/tool/raw input drift fails even when both gate snapshot fields are forged to agree (528.439381ms)
✔ actual tested commit existence, complete paths, modes and clean worktree are verified (383.699032ms)
✔ stage identity and pre-publication status do not permit duplicate IDs or fabricated publication completion (143.498777ms)
✔ official source bytes and every exact page identity/review must be present (530.354955ms)
✔ 48 semantic lessons require exact identities and all actual scoped consumer IDs (434.310097ms)
✔ cross-site scopes and final native certificates cannot be replaced by course counts or browser booleans (1007.915634ms)
✔ native-tested build vectors reject unsafe, duplicate, empty and stale identities (523.999647ms)
✔ asset metadata accepts its complete actual identity ledger independently of the 412 SVG desc count (153.168654ms)
✔ reviewed-source guards reject a subject/negation substitution, relocated blank and wrong page (2.003709ms)
✔ source menu accepts exact exclusive slots and rejects dropped duplicated foreign or malformed fields (40.876318ms)
✔ actual menu renderer retains source quadrants bilingual fixed foods and every saved answer without early feedback (18.459774ms)
✔ activity support gallery excludes field-bound pictures and places each original image once (4.900973ms)
✔ production-store delayed submit cannot restore feedback after edit newer submit dispose or failed write (43.075704ms)
✔ edition and level identities reject cross-course data (7.140413ms)
✔ new stores do not read or mutate nonempty legacy and HSK1 records (3.121465ms)
✔ first submission is immutable, latest updates without overwriting draft answer text (6.203475ms)
✔ manual writing never receives automatic points (0.271629ms)
✔ automatic choices and ordering grade exact IDs (0.499587ms)
✔ save failure preserves draft and does not create success (0.643327ms)
✔ competing tabs produce conflict instead of lost updates (2.059632ms)
✔ backup preview, import and reset recovery are edition-isolated (3.260515ms)
✔ stale import preview cannot replace later edits (0.635102ms)
✔ corrupt original storage is protected and exportable (1.848807ms)
✔ invalid imported scores, duplicate queues and legacy lesson numbers fail (0.363061ms)
✔ routing normalizes invalid courses while retaining valid lesson 18 (0.642585ms)
✔ historical question snapshots survive source edits and reorder without rescoring (10.30065ms)
✔ legacy nonempty stores receive optional learning fields without overwriting submissions (0.28798ms)
✔ routes preserve per-level lesson bounds and native HSK1 historical contracts (1.376651ms)
✔ textbook activity and reading records reject foreign identities (0.604524ms)
✔ independent listening round retains immutable per-question submissions and validates queue (0.77814ms)
✔ backup snapshots validate their own historical answers without current-bank reinterpretation (1.28991ms)
ℹ tests 207
ℹ suites 0
ℹ pass 207
ℹ fail 0
ℹ cancelled 0
ℹ skipped 0
ℹ todo 0
ℹ duration_ms 7232.165045
