
> hsk1-modular-app@0.1.0 test
> node tools/run-checkpoint.mjs unit

✔ next-round disclosures initialize once from saved rounds and keep content first (2.622186ms)
✔ mixed cards use independent reversible native buttons and free group navigation (2.394709ms)
✔ practice enters mixed cards directly while listening remains independently available from courses (0.582684ms)
✔ Hanzi canvas precedes the complete bank and dialogue selectors are responsive alternatives (0.613853ms)
✔ new GUI copy remains bilingual and long contiguous active scopes stay compact (1.446678ms)
✔ assignment interface static copy has explicit Chinese and Vietnamese text (1.982845ms)
✔ save presentation separates queued autosave from confirmed failure without changing storage (0.474551ms)
✔ listening first/latest counts and session scope are separate bilingual facts (0.562427ms)
✔ known controller and audio failures are translated semantically while unknown details survive (0.386175ms)
✔ manual receipt copy states no automatic score and interpolated content remains literal (0.265299ms)
✔ bounded audio waits for usable duration and then validates the complete requested range (9.449551ms)
✔ bounded startup cannot unmute when usable duration disappears during its initial seek (0.554712ms)
✔ initial unmute revalidates a silently refined duration at the settled seek (1.078186ms)
✔ observed WebKit seeked rollback cannot unmute or certify the file head (1.125244ms)
✔ a still-wrong clock is re-seeked silently rather than waiting for a 250ms update (0.465395ms)
✔ a delayed recovery probe rewinds instead of silently dropping the first 250ms (0.352412ms)
✔ stop and request replacement retire the pending position probe (0.647797ms)
✔ a paused startup cannot be revived by its queued position probe (0.48444ms)
✔ an out-of-range high clock stays silent and does not finish a never-started clip (1.040415ms)
✔ a corrective seek exception is a retryable failure, never unmuted playback (0.815051ms)
✔ persistent bad seek acknowledgments stop safely instead of a zero-delay spin (0.538601ms)
✔ the first seeked clock directly 250ms too high also remains silent and rewinds (0.529515ms)
✔ five playback rates retain a genuinely started pause/resume clock without rewinding (1.425468ms)
✔ a retired probe cannot reposition the next track in the same playlist (0.693052ms)
✔ corrective seek with no subsequent native events ends at the existing startup timeout (0.321304ms)
✔ explicit start 0 without end preserves whole-original zero-duration recovery (0.283262ms)
✔ start 0 with a finite end is still bounded and cannot bypass usable metadata (0.45791ms)
✔ explicit start 0 whole original keeps an already advancing clock when positive duration arrives (0.343155ms)
✔ a resolved play promise alone never claims actual playback; metadata sets the real range (5.96208ms)
✔ generation cancellation ignores a late rejection and an old view abort cannot stop the new request (1.364754ms)
✔ segment boundaries stop before the next recording; changing speed reschedules the actual media boundary (1.227877ms)
✔ playlist advances once per range and stops on a real error instead of skipping or claiming success (1.97465ms)
✔ a late play rejection from a preceding playlist item or paused play cannot poison its successor (1.004588ms)
✔ pause during a delayed start remains paused; resume waits for playing and replay resets the range (1.195165ms)
✔ an already started clock at HAVE_CURRENT_DATA can recover after waiting; zero/metadata readiness and seek jumps cannot (0.863792ms)
✔ clock and readiness cannot invent a first playing event; genuinely stalled resumed media times out (0.678054ms)
✔ loading an original track already at zero avoids a redundant initial seek (0.418807ms)
✔ autoplay denial stays an error until an explicit retry really starts playback (2.364191ms)
✔ a stalled media start and a silent synthesis start terminate with a retryable error (1.183733ms)
✔ bad ranges are rejected and range beyond media duration never plays (0.774004ms)
✔ metadata rejects a truncated segment and later duration corrections cannot silently shorten it (0.632528ms)
✔ ended before a playing or speech start event reports error and never advances a playlist (0.718861ms)
✔ speech waits for a Chinese voice and for a start event, with clear TTS source and selected replay speed (0.659489ms)
✔ a device with only foreign voices reports unsupported, then can retry after Chinese voices arrive (0.560513ms)
✔ switching media cancels speech, and a cancelled waiting voice request cannot start after leaving its view (0.713881ms)
✔ disposal cancels pending work, clears timers and listeners, and isolates observers and snapshots (0.515548ms)
✔ a view stopping synchronously on a loading notification cannot resurrect media or leave voice timers (0.35149ms)
✔ a late native resume rejection after the intentional segment boundary cannot replace ended with error (0.69774ms)
✔ a retired native play rejection at a sequence boundary cannot fail the next segment (0.531609ms)
✔ native play plus real advancing ready clock confirms resume when WebKit omits another playing event (0.462529ms)
✔ native play alone cannot invent a first playing event, a stalled resume or a seek jump (0.460445ms)
✔ transient WebKit zero-duration metadata does not reject an original recording or claim playback early (0.369825ms)
✔ zero-duration placeholder never bypasses a later real truncated-segment check (0.515478ms)
✔ playing before positive metadata waits; positive duration then confirms the actual native start (0.51628ms)
✔ canplay or permanent zero duration never substitutes for confirmed usable playback (0.518303ms)
✔ empty/corrupt media ending at zero and metadata seek exceptions remain hard failures (0.785996ms)
✔ persistent zero metadata on a whole recording requires two real native clock advances (1.517411ms)
✔ zero-metadata clock recovery cannot certify bounded clips, paused clocks or seek jumps (0.857882ms)
✔ WebKit silent positive duration on timeupdate confirms playback without restarting the original (0.279415ms)
✔ silent positive duration still rejects truncated segments and does not certify a paused or seeking clock (0.581152ms)
✔ bounded original clips stay silent through WebKit zero duration and until the initial seek settles (0.338065ms)
✔ an original whole track is not accidentally left muted after a cancelled bounded clip (0.321163ms)
✔ wrong and empty passwords cannot grant access or write any session key (18.773897ms)
✔ a v2 session is reused by a new service instance without extra writes (1.249998ms)
✔ every legacy alias and obsolete local key fails to bypass v2 authorization (0.695316ms)
✔ a development hostname does not bypass the session gate (0.358603ms)
✔ storage exceptions do not imply authorization and wrong passwords remain rejected (4.71066ms)
✔ correct password writes the original v2 key and complete session aliases (1.89524ms)
✔ correct password allows only this instance when storage is denied (1.095988ms)
✔ correct password reports a failed persistence read without losing memory access (1.483887ms)
✔ password verification fails closed when WebCrypto is unavailable (1.739247ms)
✔ password verification fails closed when SubtleCrypto is unavailable (0.818819ms)
✔ password verification fails closed when WebCrypto digest throws (0.70287ms)
✔ password verification fails closed when WebCrypto digest rejects (0.584709ms)
✔ student backup summary retains every count and empty-record warning without implementation jargon (19.861272ms)
✔ backup explanations retain uncertainty and preserve-only semantics in Chinese and Vietnamese (0.897325ms)
✔ vocabulary UI dictionaries pair explicit Chinese and Vietnamese without changing curriculum content (3.285562ms)
✔ paired DOM helper preserves language semantics, safe text, and updates rather than duplicating labels (0.453652ms)
✔ the frozen corpus is reproducible, has all required counts and no copied audio payload (56.981733ms)
✔ HTML order includes every mandatory layer and rejects unknown or missing scripts (2.744125ms)
✔ all final textbook corrections survive extraction, including speaker and timing repairs (0.417133ms)
✔ sense mapping preserves polysemy and detects semantic or same-lesson mapping drift (8.711605ms)
✔ media references reject missing originals, orphan clips and unsupported invented word audio (47.459435ms)
✔ clip integrity requires actual bytes, expected SHA256 and strict base64 (0.858693ms)
✔ record and artifact fingerprints bind IDs, sources and exported contents (62.503182ms)
✔ static content extraction handles brackets inside strings and fails on unsupported input (2.811375ms)
✔ check mode fails on stale or absent output and never repairs it implicitly (1.736893ms)
✔ domain rules match pinned bodies except approved navigation, search and listening-size changes (5.80777ms)
✔ real nonempty old records retain reading, first/latest, submitted translations, redo drafts and recovery raw (60.142177ms)
✔ shared records of other HSK levels stay byte-for-byte in raw and never become HSK1 progress (42.419579ms)
✔ stage2 takes precedence; corrupt main does not silently activate stage1, learning or recovery (75.891896ms)
✔ stage1 app missing or explicit migrates only lesson3 and avoids a new nested archive copy (25.194269ms)
✔ legacy compatibility verifies actual original identities rather than trusting same-ID flags (31.175665ms)
✔ a full old L3 group with one changed identity keeps only verified partial drafts and no grade (24.590173ms)
✔ listening and vocabulary state restore real sessions, unsubmitted choices, rating queues and distinct senses (17.162901ms)
✔ new backup import refuses changed grades, boolean results and manual scores instead of trusting them (167.981067ms)
✔ valid old backups recompute modified grades and report the policy explicitly (36.010327ms)
✔ wrong app/schema, unknown IDs, altered fingerprints, incomplete answers and invalid timestamps are rejected (85.927671ms)
✔ importing one legacy domain preserves every unrelated domain and original source string (103.181431ms)
✔ repeated new-format validation and migration round trips add no archive layers or identity changes (87.974984ms)
✔ access gates are excluded from migration and forbidden in new learning backups (41.710976ms)
✔ malformed reading or previous sources produce visible warnings while retaining source bytes (26.266723ms)
✔ clock rollback does not redefine semantic first/latest or reject an otherwise valid old record (35.364902ms)
✔ old self-ratings map to active cards only with an exact unique Hanzi, pinyin and meaning identity (55.6655ms)
✔ known old again rating becomes a validated active again schedule without fabricating test scores (16.474438ms)
✔ pilot source discovery and uploaded backup retain exact bytes and expose unsupported answers without invented grades (6.876097ms)
✔ on-device discovery adds missing old lessons while preserving every existing current answer, draft and active queue (40.753798ms)
✔ full original answer corpus maps 299 original-domain submissions and excludes the corrected task without scoring rewritten homework (53.628985ms)
✔ score-only original history stays in raw and is counted unsupported, never converted into a submission (7.397456ms)
✔ data safety copy covers every state, summary metric and reset module in both languages (6.864165ms)
✔ dynamic copy retains exact source counts, reset scope and comparison evidence (0.422413ms)
✔ controlled diagnostics are paired without translating or discarding unfamiliar raw detail (0.500099ms)
✔ compatibility warnings become bilingual while exact source bytes and source count evidence survive (34.407476ms)
✔ reset title and validation errors preserve Vietnamese contracts and add Chinese scope (15.396162ms)
✔ a retired URL cannot enumerate an untouched bank, even with a remembered position (4.102718ms)
✔ projection is restricted to the exact set, lesson and group and preserves entry/authority identity (1.61835ms)
✔ explicit zero, empty token and empty writing drafts remain drafts without synthetic scores or dates (1.222457ms)
✔ first/latest/all submissions preserve saved order, timestamps, grades, fingerprints and retry drafts (1.115235ms)
✔ archiving never grades against an answer key or changes a stored result (0.678835ms)
✔ manual saved text, empty lines and Unicode remain exact and never acquire an automatic grade (0.667104ms)
✔ shared authority data appears only under an entry in the selected scope (0.588565ms)
✔ original homework receipts are separate from review attempts and never expose untouched aliases (3.282416ms)
✔ capped original homework histories keep first and latest separate without fabricating lost attempts (8.876555ms)
✔ a confirmed reset empties the projected scope while preserving the source and other lessons (1.0544ms)
✔ archive view has no write, retry, grading, audio, or draft-exit owner and leaves maintenance module intact (1.327193ms)
✔ all exercise interface labels have explicit Chinese and Vietnamese copies (3.150559ms)
✔ dynamic labels preserve all counts, source references and typed profile text without translating curriculum (0.937991ms)
✔ pending-save copy never claims a failed write and known failure guidance remains specific (0.379413ms)
✔ submissions retain first/latest order across clock rollback, reject double submit, schedule from answers (3.301903ms)
✔ manual tasks never gain grades, invisible-only strings are incomplete, mistakes/due exclude them (1.267992ms)
✔ wrong/due questions preserve shared authorities, lesson scope and current homework first scores (1.179035ms)
✔ drafts, token domains, retry flags, positions, reset and unsupported data are validated (1.498194ms)
✔ v2 migration uses pinned identity witness, recomputes first/attempt, never score-only history (24.788776ms)
✔ current-homework review uses attempt sequence instead of wall clock and old records remain readable (1.290424ms)
✔ v2 restarted groups keep every previously submitted question open even when new drafts are empty or partial (2.167253ms)
✔ all committed fixtures reproduce byte-for-byte with fixed timestamps and no private or media payload (3.349762ms)
✔ reading, shared and navigation fixtures preserve distinct raw strings and non-HSK1 rows (0.412975ms)
✔ learning_v2 contains real old objective and translation submissions but no invented complete current group (10.895157ms)
✔ stage1 missing and explicit app fixtures migrate L3 and separate submitted translation A from redo B (10.215087ms)
✔ stage2 fixtures are valid nonempty states with both histories, long raw text, distinct drafts and recovery (7.517202ms)
✔ stage3 fixtures retain first/latest, unsubmitted listening selection/count, three schedules and partial review (12.435872ms)
✔ nonempty fixtures support meaningful bad identity, fingerprint and answer mutations without rewriting source (13.805935ms)
✔ view reads and rejected actions do not create or dirty empty lesson groups (62.961723ms)
✔ all 75 choice questions accept only the calibrated option among four choices (749.961234ms)
✔ all 95 frozen accepted sorting variants score correctly and each of 75 wrong orders is rejected (1.657323ms)
✔ 15 complete lessons retain first zero scores, latest full scores and 75 ungraded manual submissions (7603.054765ms)
✔ manual original text and new draft stay separate through redo, save and backup import (86.429257ms)
✔ blank invisible translations fail completion, long limits do not truncate drafts and profile remains bounded (50.791889ms)
✔ sorting orders survive remount, duplicates and partial drafts cannot submit, submitted order remains immutable (53.476407ms)
✔ retained history stays bounded while first attempt and unrelated learning domains remain intact (515.984808ms)
✔ view limits and navigation availability reuse the canonical homework rules (29.703183ms)
✔ collecting untouched empty translations is a no-op while deleting entered text remains a dirty edit (49.059207ms)
✔ unreleased v1 candidate identity is rejected without silently regrading earlier submitted answers (15.39478ms)
✔ a stale unreleased candidate primary remains byte-exact exportable and cannot be overwritten by save (5.893863ms)
✔ all 225 pre-v1 legacy homework submissions remain accepted with their original fingerprints and scores (50.838682ms)
✔ homework v1 has exactly 15 × 30 questions with the approved five-part ratios (3.032436ms)
✔ all identities are version-scoped, globally unique, and have canonical content fingerprints (22.798992ms)
✔ all 300 MC questions have four different options and exactly one keyed correct option (4.10993ms)
✔ manual translation content is prompt-only and cannot leak answers or automatic scoring fields (1.805572ms)
✔ the authoritative mapping exhaustively resolves every question to immutable authority and entry content (32.431945ms)
✔ lesson metadata and source labels preserve known origins without inventing legacy textbook pages (4.823802ms)
✔ all listening audio intervals, transcripts and pinyin are preserved, including the corrected lesson-10 clip (6.357142ms)
✔ lesson-3 authored scenarios have distinct propositions and individual Chinese/Vietnamese distractor checks (5.733568ms)
✔ 450-item inventory and exhaustive evidence track revisions and only three explicit reinforcement exceptions (1470.415038ms)
✔ all 191 reviewed overlays have resolved current-or-earlier scope and exact public content change records (20.684056ms)
✔ new sorting expressions are exact permutations of their own tokens, including all accepted variants (2.486ms)
✔ duplicate/leak regression checks catch reordered MC options, completed clozes and wrong-option/manual exposure (4357.35609ms)
✔ mapping accounts for every unselected comprehensive and pilot entry and standalone authority (5.533915ms)
✔ comprehensive shared-reference resolver preserves overrides, option order and correct-answer identity (2.790897ms)
✔ all three source banks remain byte-identical and generated artifacts are reproducible (1785.195145ms)
✔ check mode rejects drift without repairing it and generation refuses changed source bytes (1838.676973ms)
✔ all 450 distinct questions submit with 375 automatic results and 75 genuinely ungraded writing answers (40.112463ms)
✔ read, invalid answers, locked groups and incomplete submissions never dirty or create groups (16.121104ms)
✔ zero-score completed section unlocks next; restart retains immutable first/latest/history and does not relock (67.675782ms)
✔ new homework saves reloads exports imports and resets without relabeling any old submission (66.906447ms)
✔ old modular backup extends with an empty new version and unchanged legacy route/history (3.051924ms)
✔ legacy source imports supplement only old domains and cannot overwrite versioned progress (10.847547ms)
✔ new-state tampering and cross-version answers are rejected rather than accepted as grades (9.998102ms)
✔ twenty retained attempts preserve the real first attempt after the history window moves (2.618539ms)
✔ manual IME-sized drafts preserve exact text and rejected overflow never truncates accepted text (7.490792ms)
✔ new and legacy route identity and totals remain separate; original audio is used unchanged (11.167158ms)
✔ the single exit guard collects a DOM-only tail before checking dirty state and coalesces repeated exit attempts (17.533718ms)
✔ an invalid DOM-only draft warns even when the store is clean without inventing a persisted draft (0.539403ms)
✔ only the current exit collector runs; stale unsubscribe and disposal cannot revive or clear another registration (0.336583ms)
✔ an exit collector failure cannot silently permit abandoning visible input (0.535516ms)
✔ beforeunload protects an unsaved draft while its normal locked flush is pending, and saved state does not prompt (18.015613ms)
✔ failed saves keep exit protection active and an explicit discard reload clears it (8.544191ms)
✔ opening or flushing a clean app does not create a learning record (0.46833ms)
✔ rapid edits keep the latest multiline Chinese in memory and debounce to one confirmed write (6.016663ms)
✔ concurrent flush callers share a pending write and edits while waiting for the lock enter that write (5.138783ms)
✔ an edit published immediately after a commit receives a second write without losing the newer draft (6.896645ms)
✔ quota failure stops automatic retries, preserves exportable memory work, and allows explicit retry (5.550727ms)
✔ dispose cancels its debounce timer and waits for the final lock before closing the shared store (4.401208ms)
✔ external conflict preserves memory and final flushing never overwrites another tab (5.884174ms)
✔ leaving a data view cancels its queued import or restore while the application session remains writable (17.200271ms)
✔ exactly300 original and30pilot entry paths resolve,12current original refs plus3pilot shared cores (3.908282ms)
✔ all300original prompts,contexts,choice domains,token domains and correct targets match source except documented transcript correction (38.225318ms)
✔ pilot contexts/domains remain exact while5writing tasks contain prompt/source only (30.106644ms)
✔ every authored fingerprint is content-exact and every original audio range fits the existing track (9.887284ms)
✔ manual answer leakage,missingpassage,aliasdomains andduplicatedentries are rejected (62.750179ms)
✔ loading gates module fieldsets until ready and preserves individual button rules (14.563649ms)
✔ a new route synchronously aborts and unmounts the old module (1.553168ms)
✔ a late importer cannot mount or replace the current surface (3.224328ms)
✔ a late ready and old surface writes cannot affect the new module (1.758644ms)
✔ late rejected import and ready promises stay observed after cancellation (2.313346ms)
✔ import and ready failures clean up and retry the latest route (1.041837ms)
✔ a throwing unmount blocks the next mount and remains available for retry (0.743377ms)
✔ navigation during a throwing unmount cannot hide the cleanup failure (0.74513ms)
✔ navigation during error cleanup also preserves a throwing unmount (1.536577ms)
✔ dispose aborts pending work, unmounts once, and stays idempotent (4.494092ms)
✔ dispose during import prevents a late mount (1.327824ms)
✔ dispose inside a throwing unmount still reports the cleanup failure (0.671702ms)
✔ ready in-place route updates keep their view, skip remount focus, and retry the latest route (0.675399ms)
✔ in-place updates are never attempted on loading or disposed views (3.352918ms)
✔ listening content preserves the sole catalog, exactly 75 unique original questions and 15 × 5 quotas (73.924151ms)
✔ all 75 audio requests use exact declared original tracks and ranges, never clip duration or base64 media packs (32.511455ms)
✔ missing, duplicated or misplaced questions and malformed choices, feedback or transcript fail the whole load (117.38865ms)
✔ lesson and source provenance rejects duplicate lessons, page offset drift, absent sections and mixed baselines (54.846319ms)
✔ missing, duplicate, orphan or different media identities cannot silently choose substitute audio (57.696077ms)
✔ range validation rejects negative, equal, nonfinite and beyond-track boundaries without clamping (35.53807ms)
✔ actual SHA256 verification detects valid-shaped question, clip and original metadata drift (182.183536ms)
✔ loaded content is deeply readonly, isolates caller mutations and never alters inputs (63.368661ms)
✔ loader fetches only the two established content files with the view signal and reports HTTP failure (19.680781ms)
✔ pre-aborted, late JSON and in-flight fingerprint work never return content for a departed module (16.32978ms)
✔ construction, empty reads and rejected actions do not create a round or schedule writes (13.316478ms)
✔ first route initializes its lesson once; mixed or empty explicit selections survive visits and remounts (34.061055ms)
✔ only supported preferences change, five speeds remain exact and normalized same values do not resave (17.101691ms)
✔ all 75 canonical questions grade each of four original options correctly without trusting display order (489.229786ms)
✔ all 75 wrong-first then correct-redo answers retain first/latest separately and leave other domains intact (12843.322085ms)
✔ selection, queue, shuffled option orders and exact engine fingerprints resume after actual save and refresh (205.333547ms)
✔ submission gates feedback and forward navigation; invalid answers and repeated submissions leave saved draft unchanged (34.10875ms)
✔ successful playback tokens count once, repeated and slow listens do not change score, stale callbacks never write (44.735142ms)
✔ wrong-only filter uses latest records in selected lessons, starting a fresh round preserves earlier records (1262.735517ms)
✔ backup validation recalculates scores and rejects same IDs with changed question fingerprints (63.259614ms)
✔ invalid random source and invalid clock fail before dirtying global data or overwriting a resumable round (17.514262ms)
✔ 5/10/all listening round sizes preserve fingerprints, exact saved queue and unrelated scores (72.817302ms)
✔ mixed reads are pure, route scope starts at current lesson and draft scope never writes (119.773323ms)
✔ mixed all-course pool has 344 senses/319 forms and only start shuffles once (789.370589ms)
✔ existing non-card preferences cannot replace the first route scope or affect browsing options (51.565741ms)
✔ empty draft cannot replace a round and invalid anchors never write (63.983214ms)
✔ shared senses merge only selected sources and never borrow outside-scope audio (40.71596ms)
✔ compatible legacy all/zh-vi queue resumes its exact order/anchor without altering original data (175.515011ms)
✔ reverse, due, unfamiliar, and search-scoped legacy queues stay untouched and require a new round (346.676793ms)
✔ saved order, anchor, scope and original practice roundtrip through reload/export/import (151.895125ms)
✔ malformed mixed state, order, pool, anchor and fingerprints are rejected before replacing valid state (213.788597ms)
✔ scoped resets preserve retained mixed order and anchor; unrelated reset leaves mixed state unchanged (150.298636ms)
✔ shared-sense scoped reset recalculates source fingerprint without removing retained sense (43.166108ms)
✔ reset preview cancellation, failed write and restoration preserve mixed round atomically (123.083769ms)
✔ failed persistence keeps actual mixed memory round exportable and never writes legacy state (150.627636ms)
✔ progress resumes new mixed anchor before legacy position without changing historical rating summary (101.173127ms)
✔ progress only claims compatible old rounds and never resurrects old position after explicit mixed reset (209.978737ms)
✔ four presentation groups retain every existing route exactly once (5.390446ms)
✔ inactive registry preserves object identity and has no synthetic accepted revision (1.94467ms)
✔ canonical proposal removes every exact independentReview key, preserves array order and hashes UTF-8 (9.265327ms)
✔ accepted synthetic projection clones language only and preserves exact raw grading identity (6.866045ms)
✔ whole registry rejects stale baseline, byte tampering, parent drift, duplicate field, self-review and foreign consumer before projection (15.616033ms)
✔ wordSenses and mixed cards project Vietnamese while catalog/sourceRecords/fingerprints remain raw (254.118823ms)
✔ registered HSK1 source mapper uses actual original pointers, parent display leaves and unique semantic owners (100.04368ms)
✔ original option index guards reject frozen Chinese labels and ambiguous Vietnamese display options (8.817535ms)
✔ course overview title uses its exact owner while Chinese and all original count fields stay unchanged (1.666958ms)
✔ both inactive and active config roots require the exact supported schema before asset loading (0.561424ms)
✔ empty progress retains independent 225 homework / 150 objective / 75 translation / 75 listening / 344 sense denominators (13.856704ms)
✔ nonempty cross-domain progress preserves first/latest scores, translation submission and a separate redo draft (30.443783ms)
✔ partial homework completion reports full denominators and low-score redo does not replace the first score (10.873837ms)
✔ reading marks, stars and vocabulary ratings never become homework completion or objective scores (20.801657ms)
✔ due counts separate new cards from rated cards and include the exact due-time boundary (26.908018ms)
✔ same written forms keep their different sense schedules and never reduce the 344 denominator to 319 (19.893062ms)
✔ continuation preserves textbook sections and homework parts, while practice resolves the actual saved item (80.23363ms)
✔ a saved module with no active round continues its selected route without inventing a position (0.503715ms)
✔ validated backup export and restore reproduce the same progress and continuation without changing the schema (69.983114ms)
✔ opening five textbook sections records visited sections and exact continuation, never completion or homework scores (28.748801ms)
✔ same route visited again does not schedule another write or duplicate shared sections (4.873115ms)
✔ lesson completion is an explicit independent mark and can be removed without resetting visits or submitted work (6.352442ms)
✔ mastered word keys remain compatible and restore across a validated backup; unknown words are rejected (11.859113ms)
✔ lesson reset touches only selected active lesson and preserves profile, settings, raw and unrelated domains (80.711581ms)
✔ module and all-course reset clear active progress and keep safety copies and unrelated settings (38.020729ms)
✔ shared-sense lesson reset retains other lessons schedule and announces the exception (15.807505ms)
✔ preview, cancellation, stale confirmation, failed write and recovery never discard current data (81.537388ms)
✔ old backups default exercises to blank and scoped exercise resets preserve other lessons and original homework (91.210824ms)
✔ single-lesson reset removes only that lesson from mixed sessions and preserves other lesson drafts and revealed cards (69.014786ms)
✔ 5/10 sized mixed listening reset preserves exact outside-scope answers through repeated reset and import (61.588862ms)
✔ homework reset and replacement import rebase retained review witnesses without deleting exercise answers (35.994049ms)
✔ canonical hashes have highest priority and round-trip every route feature (4.94481ms)
✔ legacy mode, lesson pages, stages and integrated homework hashes are preserved (1.233856ms)
✔ invalid route fields normalize safely and fields stay feature-specific (0.918234ms)
✔ initial canonicalization replaces one entry only when the URL differs (3.107572ms)
✔ 500 equivalent navigations make zero writes; a changed route makes exactly one (20.891937ms)
✔ popstate/hashchange dedupe while back and forward restore the address route (1.69981ms)
✔ unsubscribe and dispose release listeners and stop notifications/history writes (1.264593ms)
✔ disposing during a notification stops remaining subscribers (0.470654ms)
✔ navigation inside a subscriber does not deliver an obsolete route afterward (0.967045ms)
✔ original/pilot/homework-review routes roundtrip with bounded groups and independent filters (0.714341ms)
✔ L4 source sidecar locks original cardinality, answers, pinyin, source pages and ungraded tasks (14.348879ms)
✔ numeric tables preserve all original sparse grid positions, six large numbers and 二/两 (0.503996ms)
✔ ten original schematic SVGs have explicit source-cell mappings and no external or active payloads (4.877415ms)
✔ all five frozen HSK1 source banks are byte-identical (5.278777ms)
✔ source save/export/reload/history/reset/restore preserve nonempty primary and legacy exact bytes and old tabs still write (68.021915ms)
✔ older activity versions survive catalogue changes as inert context and independent histories (1.654836ms)
✔ source validation rejects malformed domains, duplicate history, unknown fields and wrong edition (1.263932ms)
✔ source quota failure retains exportable draft, confirms no saved reference and leaves old primary intact (4.453299ms)
✔ source write-then-throw needs exact readback; a newer third value is never overwritten (1.800869ms)
✔ source missing locks, unreadable storage and unresolved pair journal fail closed (2.248059ms)
✔ source stale preview, close while waiting, source tab conflict and ordinary old import never clear source (20.976081ms)
✔ failed direct submission never enters history through later ordinary draft flush (1.76345ms)
✔ same-version answer assessment input or reference change cannot silently rewrite historical meaning (1.11886ms)
✔ source timestamps are valid JavaScript dates, never merely safe integers (0.790825ms)
✔ single-domain submission candidate rejects edits and raw changes while waiting, preserves existing recovery (3.015239ms)
✔ independent editorial corrections preserve six-person source, neutral image metadata, printed tones and non-aligned Vietnamese glosses (0.538401ms)
✔ IME start during a locked source submission cancels history while retaining old submissions and draft (2.56262ms)
✔ unchanged pilot snapshots retain their exact historical JSON shape and key order (7.139229ms)
✔ real source-v2 receipts retain their schematic context after original-crop revision and new submission (6.077598ms)
✔ table topology, source spans, optional fields and crop digests survive round trips and freeze with their version (3.0743ms)
✔ table validation rejects broken topology, duplicate inputs, foreign field references and malformed provenance (2.228583ms)
✔ optional blank input saves alongside required text while missing required input cannot submit (1.511988ms)
✔ read-only source support accepts a blank field list but never produces a submission or storage write (0.702699ms)
✔ each lesson shows only its own superseded historical records with saved answers untouched (0.741953ms)
✔ crop assets resolve only within the fixed public source directory (0.450114ms)
✔ printed empty table headers round trip without allowing missing lesson or field copy (1.259965ms)
✔ printed field pinyin is revisioned and older receipts keep their original shape (1.789028ms)
✔ source spans may start before the anchor page and only read-only tables may omit a redundant prompt (1.45979ms)
✔ table renderer preserves row/column shape, empty cells and each embedded field exactly once (1.172351ms)
✔ printed blank header stays visibly empty and headerless layouts have no invented header row (0.685817ms)
✔ L4 additions preserve every original source-v2 activity and its historical meaning (5.611282ms)
✔ L4 source omissions retain original examples and two distinct ungraded reading responses (4.06538ms)
✔ fixed two-domain confirm export restore and explicit empty source keep independent recovery and legacy bytes (139.222949ms)
✔ old primary-only backup never mutates nonempty source and primary tab still writes old AppData (27.549779ms)
✔ all complete domains validate before preview; duplicate/null/wrong edition/schema rejected (28.667066ms)
✔ prepared previews are scoped, one-use and reject local edits, other-tab raw, disposal and composition (101.090001ms)
✔ pending journal and missing safe locks export explicit rescue instead of a complete snapshot (24.140918ms)
✔ pair durable fault journal/before, prior source nonempty (28.428608ms)
✔ pair durable fault journal/after-throw, prior source nonempty (23.029014ms)
✔ pair durable fault journal/readback-throw, prior source nonempty (27.025264ms)
✔ pair durable fault journal/readback-mismatch, prior source nonempty (26.838134ms)
✔ pair durable fault primary/before, prior source nonempty (15.037474ms)
✔ pair durable fault primary/after-throw, prior source nonempty (19.877168ms)
✔ pair durable fault primary/readback-throw, prior source nonempty (23.709471ms)
✔ pair durable fault primary/readback-mismatch, prior source nonempty (18.16777ms)
✔ pair durable fault source/before, prior source nonempty (19.197201ms)
✔ pair durable fault source/after-throw, prior source nonempty (15.7064ms)
✔ pair durable fault source/readback-throw, prior source nonempty (14.921877ms)
✔ pair durable fault source/readback-mismatch, prior source nonempty (14.352368ms)
✔ pair durable fault recovery/before, prior source nonempty (19.349708ms)
✔ pair durable fault recovery/after-throw, prior source nonempty (18.274369ms)
✔ pair durable fault recovery/readback-throw, prior source nonempty (17.092831ms)
✔ pair durable fault recovery/readback-mismatch, prior source nonempty (16.740771ms)
✔ pair durable fault remove/before, prior source nonempty (14.804557ms)
✔ pair durable fault remove/after-throw, prior source nonempty (17.533189ms)
✔ pair durable fault remove/readback-throw, prior source nonempty (23.697098ms)
✔ pair durable fault remove/readback-mismatch, prior source nonempty (24.927707ms)
✔ pair durable fault journal/before, prior source absent (31.63504ms)
✔ pair durable fault journal/after-throw, prior source absent (24.835885ms)
✔ pair durable fault journal/readback-throw, prior source absent (33.717322ms)
✔ pair durable fault journal/readback-mismatch, prior source absent (33.551303ms)
✔ pair durable fault primary/before, prior source absent (20.471904ms)
✔ pair durable fault primary/after-throw, prior source absent (24.427959ms)
✔ pair durable fault primary/readback-throw, prior source absent (14.783929ms)
✔ pair durable fault primary/readback-mismatch, prior source absent (14.336068ms)
✔ pair durable fault source/before, prior source absent (15.03924ms)
✔ pair durable fault source/after-throw, prior source absent (26.34064ms)
✔ pair durable fault source/readback-throw, prior source absent (22.790857ms)
✔ pair durable fault source/readback-mismatch, prior source absent (23.582242ms)
✔ pair durable fault recovery/before, prior source absent (22.973961ms)
✔ pair durable fault recovery/after-throw, prior source absent (25.820123ms)
✔ pair durable fault recovery/readback-throw, prior source absent (23.043511ms)
✔ pair durable fault recovery/readback-mismatch, prior source absent (23.542477ms)
✔ pair durable fault remove/before, prior source absent (22.976255ms)
✔ pair durable fault remove/after-throw, prior source absent (26.44215ms)
✔ pair durable fault remove/readback-throw, prior source absent (22.958071ms)
✔ pair durable fault remove/readback-mismatch, prior source absent (23.73068ms)
✔ pair durable fault journal/before, prior source nonempty, primary absent (15.436744ms)
✔ pair durable fault journal/after-throw, prior source nonempty, primary absent (19.715515ms)
✔ pair durable fault journal/readback-throw, prior source nonempty, primary absent (25.034418ms)
✔ pair durable fault journal/readback-mismatch, prior source nonempty, primary absent (24.838059ms)
✔ pair durable fault primary/before, prior source nonempty, primary absent (18.616903ms)
✔ pair durable fault primary/after-throw, prior source nonempty, primary absent (19.676572ms)
✔ pair durable fault primary/readback-throw, prior source nonempty, primary absent (16.212439ms)
✔ pair durable fault primary/readback-mismatch, prior source nonempty, primary absent (16.965753ms)
✔ pair durable fault source/before, prior source nonempty, primary absent (14.609611ms)
✔ pair durable fault source/after-throw, prior source nonempty, primary absent (19.637428ms)
✔ pair durable fault source/readback-throw, prior source nonempty, primary absent (17.545051ms)
✔ pair durable fault source/readback-mismatch, prior source nonempty, primary absent (15.899753ms)
✔ pair durable fault recovery/before, prior source nonempty, primary absent (16.110328ms)
✔ pair durable fault recovery/after-throw, prior source nonempty, primary absent (23.254287ms)
✔ pair durable fault recovery/readback-throw, prior source nonempty, primary absent (18.244584ms)
✔ pair durable fault recovery/readback-mismatch, prior source nonempty, primary absent (17.306991ms)
✔ pair durable fault remove/before, prior source nonempty, primary absent (18.616672ms)
✔ pair durable fault remove/after-throw, prior source nonempty, primary absent (23.418986ms)
✔ pair durable fault remove/readback-throw, prior source nonempty, primary absent (18.035101ms)
✔ pair durable fault remove/readback-mismatch, prior source nonempty, primary absent (16.971174ms)
✔ pair durable fault journal/before, prior source absent, primary absent (16.541698ms)
✔ pair durable fault journal/after-throw, prior source absent, primary absent (22.576315ms)
✔ pair durable fault journal/readback-throw, prior source absent, primary absent (25.20053ms)
✔ pair durable fault journal/readback-mismatch, prior source absent, primary absent (26.789762ms)
✔ pair durable fault primary/before, prior source absent, primary absent (16.694104ms)
✔ pair durable fault primary/after-throw, prior source absent, primary absent (20.370735ms)
✔ pair durable fault primary/readback-throw, prior source absent, primary absent (16.678214ms)
✔ pair durable fault primary/readback-mismatch, prior source absent, primary absent (16.663006ms)
✔ pair durable fault source/before, prior source absent, primary absent (18.692294ms)
✔ pair durable fault source/after-throw, prior source absent, primary absent (22.442272ms)
✔ pair durable fault source/readback-throw, prior source absent, primary absent (15.007208ms)
✔ pair durable fault source/readback-mismatch, prior source absent, primary absent (15.165986ms)
✔ pair durable fault recovery/before, prior source absent, primary absent (17.6514ms)
✔ pair durable fault recovery/after-throw, prior source absent, primary absent (20.925228ms)
✔ pair durable fault recovery/readback-throw, prior source absent, primary absent (15.667126ms)
✔ pair durable fault recovery/readback-mismatch, prior source absent, primary absent (16.31915ms)
✔ pair durable fault remove/before, prior source absent, primary absent (16.695165ms)
✔ pair durable fault remove/after-throw, prior source absent, primary absent (21.984483ms)
✔ pair durable fault remove/readback-throw, prior source absent, primary absent (18.953424ms)
✔ pair durable fault remove/readback-mismatch, prior source absent, primary absent (16.646554ms)
✔ startup crash recovery after journal, source nonempty (37.231331ms)
✔ startup crash recovery after primary, source nonempty (47.853939ms)
✔ startup crash recovery after source, source nonempty (51.019006ms)
✔ startup crash recovery after recovery, source nonempty (49.474079ms)
✔ startup crash recovery after remove, source nonempty (33.556113ms)
✔ startup crash recovery after journal, source absent (41.135428ms)
✔ startup crash recovery after primary, source absent (39.23946ms)
✔ startup crash recovery after source, source absent (39.933131ms)
✔ startup crash recovery after recovery, source absent (30.863281ms)
✔ startup crash recovery after remove, source absent (18.660061ms)
✔ startup crash recovery after journal, source nonempty, primary absent (16.821142ms)
✔ startup crash recovery after primary, source nonempty, primary absent (16.959421ms)
✔ startup crash recovery after source, source nonempty, primary absent (26.26063ms)
✔ startup crash recovery after recovery, source nonempty, primary absent (23.377729ms)
✔ startup crash recovery after remove, source nonempty, primary absent (16.075263ms)
✔ startup crash recovery after journal, source absent, primary absent (14.678961ms)
✔ startup crash recovery after primary, source absent, primary absent (16.47352ms)
✔ startup crash recovery after source, source absent, primary absent (21.320257ms)
✔ startup crash recovery after recovery, source absent, primary absent (19.908978ms)
✔ startup crash recovery after remove, source absent, primary absent (11.553816ms)
✔ conditional rollback fault primary/before, source nonempty (27.689431ms)
✔ conditional rollback fault primary/after-throw, source nonempty (16.71341ms)
✔ conditional rollback fault primary/readback-throw, source nonempty (20.182601ms)
✔ conditional rollback fault primary/crash, source nonempty (20.212978ms)
✔ conditional rollback fault source/before, source nonempty (26.206177ms)
✔ conditional rollback fault source/after-throw, source nonempty (18.252379ms)
✔ conditional rollback fault source/readback-throw, source nonempty (20.509935ms)
✔ conditional rollback fault source/crash, source nonempty (22.341374ms)
✔ conditional rollback fault recovery/before, source nonempty (60.825916ms)
✔ conditional rollback fault recovery/after-throw, source nonempty (38.070044ms)
✔ conditional rollback fault recovery/readback-throw, source nonempty (60.037839ms)
✔ conditional rollback fault recovery/crash, source nonempty (50.02852ms)
✔ conditional rollback fault journal/before, source nonempty (23.394119ms)
✔ conditional rollback fault journal/after-throw, source nonempty (14.532507ms)
✔ conditional rollback fault journal/readback-throw, source nonempty (14.454399ms)
✔ conditional rollback fault journal/crash, source nonempty (18.060436ms)
✔ conditional rollback fault primary/before, source absent (25.58283ms)
✔ conditional rollback fault primary/after-throw, source absent (13.702169ms)
✔ conditional rollback fault primary/readback-throw, source absent (20.696904ms)
✔ conditional rollback fault primary/crash, source absent (19.417395ms)
✔ conditional rollback fault source/before, source absent (18.992999ms)
✔ conditional rollback fault source/after-throw, source absent (15.456641ms)
✔ conditional rollback fault source/readback-throw, source absent (19.640336ms)
✔ conditional rollback fault source/crash, source absent (26.156091ms)
✔ conditional rollback fault recovery/before, source absent (50.603693ms)
✔ conditional rollback fault recovery/after-throw, source absent (37.815827ms)
✔ conditional rollback fault recovery/readback-throw, source absent (70.372804ms)
✔ conditional rollback fault recovery/crash, source absent (81.511882ms)
✔ conditional rollback fault journal/before, source absent (33.175506ms)
✔ conditional rollback fault journal/after-throw, source absent (22.289977ms)
✔ conditional rollback fault journal/readback-throw, source absent (22.205177ms)
✔ conditional rollback fault journal/crash, source absent (23.088365ms)
✔ conditional rollback fault primary/before, source nonempty, primary absent (33.232607ms)
✔ conditional rollback fault primary/after-throw, source nonempty, primary absent (15.726448ms)
✔ conditional rollback fault primary/readback-throw, source nonempty, primary absent (24.051402ms)
✔ conditional rollback fault primary/crash, source nonempty, primary absent (24.048176ms)
✔ conditional rollback fault source/before, source nonempty, primary absent (25.398862ms)
✔ conditional rollback fault source/after-throw, source nonempty, primary absent (15.747236ms)
✔ conditional rollback fault source/readback-throw, source nonempty, primary absent (24.490496ms)
✔ conditional rollback fault source/crash, source nonempty, primary absent (23.883087ms)
✔ conditional rollback fault recovery/before, source nonempty, primary absent (79.589461ms)
✔ conditional rollback fault recovery/after-throw, source nonempty, primary absent (50.92408ms)
✔ conditional rollback fault recovery/readback-throw, source nonempty, primary absent (67.125049ms)
✔ conditional rollback fault recovery/crash, source nonempty, primary absent (57.666047ms)
✔ conditional rollback fault journal/before, source nonempty, primary absent (22.595079ms)
✔ conditional rollback fault journal/after-throw, source nonempty, primary absent (14.099945ms)
✔ conditional rollback fault journal/readback-throw, source nonempty, primary absent (13.351359ms)
✔ conditional rollback fault journal/crash, source nonempty, primary absent (14.989331ms)
✔ conditional rollback fault primary/before, source absent, primary absent (27.70468ms)
✔ conditional rollback fault primary/after-throw, source absent, primary absent (13.651383ms)
✔ conditional rollback fault primary/readback-throw, source absent, primary absent (18.994772ms)
✔ conditional rollback fault primary/crash, source absent, primary absent (26.449594ms)
✔ conditional rollback fault source/before, source absent, primary absent (17.496169ms)
✔ conditional rollback fault source/after-throw, source absent, primary absent (12.238712ms)
✔ conditional rollback fault source/readback-throw, source absent, primary absent (22.478791ms)
✔ conditional rollback fault source/crash, source absent, primary absent (21.546701ms)
✔ conditional rollback fault recovery/before, source absent, primary absent (61.889482ms)
✔ conditional rollback fault recovery/after-throw, source absent, primary absent (31.654152ms)
✔ conditional rollback fault recovery/readback-throw, source absent, primary absent (56.150811ms)
✔ conditional rollback fault recovery/crash, source absent, primary absent (65.019858ms)
✔ conditional rollback fault journal/before, source absent, primary absent (19.824389ms)
✔ conditional rollback fault journal/after-throw, source absent, primary absent (11.656147ms)
✔ conditional rollback fault journal/readback-throw, source absent, primary absent (8.739936ms)
✔ conditional rollback fault journal/crash, source absent, primary absent (8.708115ms)
✔ startup covers exact before-before state (32.370264ms)
✔ startup covers exact after-before state (21.32194ms)
✔ startup covers exact before-after state (19.173177ms)
✔ startup covers exact after-after state (21.818041ms)
✔ startup recovery durable fault primary-rollback/before (29.732929ms)
✔ startup recovery durable fault primary-rollback/after-throw (22.187111ms)
✔ startup recovery durable fault primary-rollback/readback-throw (28.21101ms)
✔ startup recovery durable fault primary-rollback/crash (27.708119ms)
✔ startup recovery durable fault source-rollback/before (25.296951ms)
✔ startup recovery durable fault source-rollback/after-throw (20.414887ms)
✔ startup recovery durable fault source-rollback/readback-throw (29.477315ms)
✔ startup recovery durable fault source-rollback/crash (30.930054ms)
✔ startup recovery durable fault recovery-finalize/before (48.713241ms)
✔ startup recovery durable fault recovery-finalize/after-throw (45.19097ms)
✔ startup recovery durable fault recovery-finalize/readback-throw (50.737342ms)
✔ startup recovery durable fault recovery-finalize/crash (33.847129ms)
✔ startup recovery durable fault journal-remove/before (39.917493ms)
✔ startup recovery durable fault journal-remove/after-throw (43.785062ms)
✔ startup recovery durable fault journal-remove/readback-throw (34.198148ms)
✔ startup recovery durable fault journal-remove/crash (35.622ms)
✔ startup third values and arbitrary journal targets preserve every live byte and rescue evidence (187.747035ms)
✔ third value arriving during rollback is never replaced (25.541329ms)
✔ old cooperating writer waits on the existing primary lock and cannot overwrite a completed pair (19.105479ms)
✔ observers see both adopted domains and cannot convert success to failure (21.189541ms)
✔ stale clean in-memory export is rescue, never silently substitutes an old domain (14.34761ms)
✔ pre-write read denial for ran_hsk1_modular_v1 creates no mutation (9.288053ms)
✔ pre-write read denial for ran_hsk1_textbook_source_v1 creates no mutation (12.957411ms)
✔ pre-write read denial for ran_hsk1_source_pair_journal_v1 creates no mutation (10.255802ms)
✔ pre-write read denial for ran_hsk1_source_pair_recovery_v1 creates no mutation (9.322228ms)
✔ invalid nested source recovery and primary grades in journal remain inert (63.569094ms)
✔ a newer value discovered after final journal removal is preserved and journal evidence is re-established (33.408936ms)
✔ opaque store participants reject copied cross-scope consumed and not-readback-verified tokens (13.151184ms)
✔ dirty state is transient, survives a queued write, and clears only after confirmed save or explicit reload (6.836282ms)
✔ a clean external conflict is not dirty, but a conflicting local edit remains dirty after failed save (0.77269ms)
✔ replacement and recovery commit in one write, never nest, and restore submitted A with draft B (1.594923ms)
✔ quota leaves original raw intact and exports the actual unsaved multiline draft (0.81533ms)
✔ a denied import changes neither current data nor original raw, while its candidate remains exportable (0.620174ms)
✔ read access denial and missing Web Locks prevent writes but allow exporting memory work (0.937771ms)
✔ two cooperating tabs sharing a lock keep the first commit and reject the second without losing its draft (0.876494ms)
✔ a preview expires after a local edit, including an edit while confirmation waits for the lock (0.627378ms)
✔ same revision with different raw is a conflict for preview confirmation and ordinary save (0.755218ms)
✔ a preview held by the service is immune to mutation or fabrication by its caller (0.952127ms)
✔ corrupt current JSON, app, schema, or recovery stays byte-for-byte exportable and cannot be overwritten (1.308657ms)
✔ invalid backup identity and learning schema reject before any write; backup excludes unrelated auth keys (1.111717ms)
✔ queued save and confirmation cannot write or publish after disposal (0.744006ms)
✔ a write that takes effect and then throws is accepted only after exact read-back confirmation (0.564439ms)
✔ read-back denial never reports saved even when the attempted write may have reached storage (0.619092ms)
✔ an unexpected third-party value is never rolled back after a failed write (0.542659ms)
✔ frozen textbook keeps 15 lessons, 342 rows, 45 scenes and 40 grammar plus 3 phonetics (11.989531ms)
✔ all 344 declared senses resolve exact catalog audio and provenance without merging 342 rows (15.39722ms)
✔ 14 unsupported lesson 4 words stay unavailable with accurate original-audio explanation (15.05643ms)
✔ multi-sense 天 and 上 retain separate declared clips while same-form 在 stays in its lesson (0.805592ms)
✔ all 45 whole scenes and every line use frozen original tracks and unmodified segment ranges (2.720166ms)
✔ all lesson vocabulary playlists preserve three whole tracks and only lessons 1–3 have tongue tracks (1.161079ms)
✔ foreign lesson IDs, scene/line IDs and unknown words never resolve arbitrary clips (0.253786ms)
✔ validation rejects missing or duplicate content, wrong phonetics placement and mixed baselines (67.082691ms)
✔ invalid boundaries, source paths, swapped scenes and undeclared foreign audio fail instead of clamping (99.669119ms)
✔ wrong catalog identity, missing declaration and off-by-one word timing reject the complete load (69.414286ms)
✔ immutable loaded content is isolated from caller mutations and does not alter frozen inputs (58.735883ms)
✔ approved source corrections appear in the display with provenance while the frozen input stays unchanged (68.532491ms)
✔ display repairs preserve every stable identity, catalog sense, scene and line audio boundary (23.294189ms)
✔ stale baselines, mistaken targets, forbidden fields and incomplete provenance reject the whole display revision (327.630929ms)
✔ frozen book validation runs before display correction, so overlays cannot hide invalid source data (21.991126ms)
✔ later approved Vietnamese copy can use the same narrow display mechanism without changing histories or audio (26.137638ms)
✔ every textbook section and player/save state has explicit Chinese and Vietnamese copy (3.246924ms)
✔ known failures translate exactly and unknown diagnostics remain available without a guessed translation (0.325832ms)
✔ dynamic Hanzi and practice labels keep counts and characters in both languages (0.544031ms)
✔ practice instructions add no answer material and do not alter the question bank (12.021914ms)
✔ the existing 150 corrected textbook questions remain unchanged while explicit legacy targets are added (35.885004ms)
✔ textbook review grades all 160 retained and restored questions separately and permits unselected submissions (3.979709ms)
✔ review generation and grading do not mutate the frozen lesson or caller selections; invalid indexes count as unselected (1.504744ms)
✔ the bundled Hanzi Writer 3.7.3 body is byte-identical to the frozen source; only the lifecycle adapter is added (1.421047ms)
✔ the Hanzi lifecycle adapter removes every pointer listener and cancels active quiz/render work on disposal (3.902736ms)
✔ all ten audited legacy word targets use current corrected text and no replaced source sentence returns (1.96564ms)
✔ listen-only and hide-original survive tabs, picker, arrows and history-equivalent route updates (11.023591ms)
✔ hidden line controls keep neutral labels, stop old scene media, and remain playable (2.206982ms)
✔ all 45 frozen scenes bind 48 reviewed crops without inferring from scene names (18.233853ms)
✔ scene crops reject changed source hashes, page bindings and paths (4.06521ms)
✔ family 1: inactive read/profile/no-op answer does not create presentation or alter raw grading (40.333283ms)
✔ family 2: first real answer captures displayed revision; reload/continued answers retain it while profile and reads are inert (59.914495ms)
✔ family 3: legacy unbound draft and old submission remain baseline despite a new active display revision (32.216658ms)
✔ family 4: same-clock same-answer submissions get distinct binding IDs and exact first/current/latest/history display (79.795701ms)
✔ family 5: history cap20 keeps first binding/payload and collects only unreferenced revisions (1084.558187ms)
✔ family 6: restart clears current/draft only, preserves first/latest/history; next fresh answer may bind new revision (22.026502ms)
✔ family 7: listening round is fixed across reload; randomized option indices and raw answers/fingerprints stay authoritative (38.206932ms)
✔ family 8: full backup/import/recovery round-trips display and raw authority together without applying current revision (36.765135ms)
✔ family 9: strict import rejects wrong raw authority, foreign owner, sealed Chinese field, orphan payload, duplicate history binding and unknown key atomically (66.214871ms)
✔ family 10: scoped lesson/version/module reset prunes matching presentation and preserves unrelated homework/listening data (87.842854ms)
✔ family 11: explicit legacy replacement clears only its replaced display domain; discovery preserves valid existing bindings (64.036502ms)
✔ family 12: quota/held-lock retain H1 live-unsaved submission+display export; retry writes the same binding once (70.176215ms)
✔ archive projection preserves distinct same-clock logical slots while raw answer/grade and raw task stay explicit (60.104672ms)
✔ UTF-8 budget is enforced on actual multilingual bytes, with no truncation of saved Vietnamese (34.640638ms)
✔ paired backup/import/restore carries nonempty presentation and independent source data atomically (180.603058ms)
✔ partial listening reset retains other lesson display/response bindings and trims round payload by actual kept IDs (106.956269ms)
✔ baseline unbound listening round after an old revision updates latest as baseline without retagging it (35.900001ms)
✔ cap20 import cannot merge the real first logical submission with later same-clock binding (1109.6215ms)
✔ exhaustive browser batches cover every frozen sense once, all 330 audio records, and all 14 missing-audio records (2.576926ms)
✔ vocabulary exposes exactly the frozen 344 sense records / 319 forms with all editorial source and category fields intact (178.545228ms)
✔ all 330 audio requests resolve exact same-lesson original word ranges with no answer-bearing label or synthetic clip (88.911523ms)
✔ all 14 no-audio records remain explicit null, correspond to the L4 numeric table, and never borrow another lesson clip (57.967481ms)
✔ record shape, stable identity, counts, sense separation and complete source provenance are validated (457.203124ms)
✔ missing, duplicated, orphan or substituted audio metadata is rejected before any resolver is returned (288.712946ms)
✔ no-audio declarations cannot disappear, duplicate, point at a different sense, or acquire a fabricated clip (203.746898ms)
✔ range validation rejects negative, zero, nonfinite, beyond-track and same-lesson non-vocabulary clips (111.685005ms)
✔ actual SHA256 verification rejects valid-shaped editorial, clip and original-track metadata drift (467.528264ms)
✔ content snapshots are deeply readonly and stable across caller mutations during asynchronous validation (118.441799ms)
✔ loader fetches the frozen sources and approved display sidecar with AbortSignal, with HTTP failure visible (78.406744ms)
✔ aborted loads and in-flight hashes cannot deliver content to a departed view (20.18677ms)
✔ current textbook examples preserve exact Chinese, pinyin, Vietnamese and lesson sources without copying audio (140.830208ms)
✔ every polysemous sense has a reviewed same-lesson example; homographs never share the wrong use (87.438947ms)
✔ examples reject another baseline and unverified text; asynchronous reads do not expose caller mutations (182.742235ms)
✔ live vocabulary examples share the validated textbook display and preserve all frozen identity, rating and audio data (171.664473ms)
✔ display examples reject unverified source hashes, stale revisions and ambiguous or unreviewed sense anchors (262.259052ms)
✔ asynchronous display snapshots ignore caller mutations and remain deeply readonly (142.497284ms)
✔ an existing rated vocabulary review and schedule restore unchanged with the live display examples (143.772258ms)
✔ construction and reads do not create reviews; rejected empty actions do not schedule saves (90.674941ms)
✔ first route selects its lesson once, review visit never replaces the queue or enables due automatically (111.280406ms)
✔ supported preferences normalize with no-op saves; invalid values cannot corrupt any practice field (81.097965ms)
✔ all lessons expose exactly 344 distinct sense cards and 319 forms while preserving every source (38.684758ms)
✔ same sense merges across selected lessons only and never borrows audio from an unselected source (24.718274ms)
✔ homographs 家 在 天 上 retain separate sense identities and schedules (78.377018ms)
✔ all, unfamiliar, wrong and due use selected senses and latest self-ratings without changing the active queue (58.405243ms)
✔ free movement preserves each card while reveal still gates rating and repeated actions do not duplicate writes (52.104726ms)
✔ skipping preserves existing schedules and all queue options, including due cards with an earlier unrated gap (41.245304ms)
✔ unrated gaps and the exact saved position survive reload and backup import without losing skipped cards (281.223664ms)
✔ out-of-order self-ratings complete only after every card is rated and preserve the true completion time (53.371454ms)
✔ single-card and last-card next calls are no-ops even without revealing or rating (13.928623ms)
✔ again, hard, good and early good exactly preserve the existing simple schedule semantics (37.450672ms)
✔ a rated card stays current in a due round even when current preferences change lesson, direction and filter (65.486393ms)
✔ shuffled order, position, reveal, self-ratings, preferences and source selection resume after actual save and backup import (112.441698ms)
✔ vocabulary edits preserve homework, listening, reading stars and legacy original bytes (40.720229ms)
✔ invalid clock or shuffle source cannot replace an existing round; changed sense identity cannot inherit self-ratings (104.1824ms)
✔ quota failure and cross-tab conflict preserve the self-rating in exportable memory without pretending to save (114.826531ms)
✔ mixed search matches Chinese, Vietnamese and unaccented/spaceless pinyin without merging senses (296.810358ms)
✔ search intersects lesson and rating filters; empty searches cannot replace a saved round (231.332554ms)
✔ searched queues retain exact ordering, saved scope and unrated gaps through reload and backup import (267.914034ms)
✔ saved search never permits foreign, omitted, or substituted queue members (65.594962ms)
ℹ tests 630
ℹ suites 0
ℹ pass 630
ℹ fail 0
ℹ cancelled 0
ℹ skipped 0
ℹ todo 0
ℹ duration_ms 24145.187589
