✔ verified pilot clip ranges carry exact original identities and source text (6.682088ms)
✔ unverified, foreign, out-of-track and source-hash substitutions are rejected (3.105885ms)
✔ multi-sentence source fragments cannot be swapped or replaced (1.250011ms)
✔ source text, pinyin, per-entry hash, scope and reviewed timing cannot be forged (4.812115ms)
✔ word partitions and actual sentence coverage reject losses, orphans and relabeled whole paragraphs (2.355407ms)
✔ no source authority or duplicate merged IDs can silently expose segments (0.627134ms)
✔ pending bounds, inflated decoded duration, claimed certification and forged transcript are rejected (2.762082ms)
✔ reviewed HSK2 lessons 2–3 retain exact 25 verified and seven pending words after runtime merge (5.806385ms)
✔ bounded audio waits for usable duration and then validates the complete requested range (4.052594ms)
✔ bounded startup cannot unmute when usable duration disappears during its initial seek (0.24837ms)
✔ initial unmute revalidates a silently refined duration at the settled seek (0.3489ms)
✔ observed WebKit seeked rollback cannot unmute or certify the file head (0.642888ms)
✔ a still-wrong clock is re-seeked silently rather than waiting for a 250ms update (0.363401ms)
✔ a delayed recovery probe rewinds instead of silently dropping the first 250ms (0.212056ms)
✔ stop and request replacement retire the pending position probe (0.414407ms)
✔ a paused startup cannot be revived by its queued position probe (0.356611ms)
✔ an out-of-range high clock stays silent and does not finish a never-started clip (0.258014ms)
✔ a corrective seek exception is a retryable failure, never unmuted playback (0.425133ms)
✔ persistent bad seek acknowledgments stop safely instead of a zero-delay spin (0.32904ms)
✔ the first seeked clock directly 250ms too high also remains silent and rewinds (0.244644ms)
✔ five playback rates retain a genuinely started pause/resume clock without rewinding (0.764639ms)
✔ a retired probe cannot reposition the next track in the same playlist (0.412584ms)
✔ corrective seek with no subsequent native events ends at the existing startup timeout (0.156513ms)
✔ explicit start 0 without end preserves whole-original zero-duration recovery (0.151656ms)
✔ start 0 with a finite end is still bounded and cannot bypass usable metadata (0.178255ms)
✔ explicit start 0 whole original keeps an already advancing clock when positive duration arrives (0.207258ms)
✔ a resolved play promise alone never claims actual playback; metadata sets the real range (7.612519ms)
✔ generation cancellation ignores a late rejection and an old view abort cannot stop the new request (0.974551ms)
✔ segment boundaries stop before the next recording; changing speed reschedules the actual media boundary (0.773632ms)
✔ playlist advances once per range and stops on a real error instead of skipping or claiming success (0.874442ms)
✔ a late play rejection from a preceding playlist item or paused play cannot poison its successor (0.834633ms)
✔ pause during a delayed start remains paused; resume waits for playing and replay resets the range (0.643518ms)
✔ an already started clock at HAVE_CURRENT_DATA can recover after waiting; zero/metadata readiness and seek jumps cannot (1.076062ms)
✔ clock and readiness cannot invent a first playing event; genuinely stalled resumed media times out (0.482549ms)
✔ loading an original track already at zero avoids a redundant initial seek (0.266146ms)
✔ autoplay denial stays an error until an explicit retry really starts playback (0.589949ms)
✔ a stalled media start and a silent synthesis start terminate with a retryable error (0.638641ms)
✔ bad ranges are rejected and range beyond media duration never plays (0.34291ms)
✔ metadata rejects a truncated segment and later duration corrections cannot silently shorten it (0.288479ms)
✔ ended before a playing or speech start event reports error and never advances a playlist (0.398864ms)
✔ speech waits for a Chinese voice and for a start event, with clear TTS source and selected replay speed (1.325163ms)
✔ a device with only foreign voices reports unsupported, then can retry after Chinese voices arrive (0.262401ms)
✔ switching media cancels speech, and a cancelled waiting voice request cannot start after leaving its view (0.308339ms)
✔ disposal cancels pending work, clears timers and listeners, and isolates observers and snapshots (0.24885ms)
✔ a view stopping synchronously on a loading notification cannot resurrect media or leave voice timers (0.143884ms)
✔ a late native resume rejection after the intentional segment boundary cannot replace ended with error (0.226417ms)
✔ a retired native play rejection at a sequence boundary cannot fail the next segment (0.193518ms)
✔ native play plus real advancing ready clock confirms resume when WebKit omits another playing event (0.233778ms)
✔ native play alone cannot invent a first playing event, a stalled resume or a seek jump (0.168661ms)
✔ transient WebKit zero-duration metadata does not reject an original recording or claim playback early (0.150003ms)
✔ zero-duration placeholder never bypasses a later real truncated-segment check (0.254019ms)
✔ playing before positive metadata waits; positive duration then confirms the actual native start (0.205076ms)
✔ canplay or permanent zero duration never substitutes for confirmed usable playback (0.153218ms)
✔ empty/corrupt media ending at zero and metadata seek exceptions remain hard failures (0.49736ms)
✔ persistent zero metadata on a whole recording requires two real native clock advances (0.150424ms)
✔ zero-metadata clock recovery cannot certify bounded clips, paused clocks or seek jumps (0.393776ms)
✔ WebKit silent positive duration on timeupdate confirms playback without restarting the original (0.16815ms)
✔ silent positive duration still rejects truncated segments and does not certify a paused or seeking clock (0.214469ms)
✔ bounded original clips stay silent through WebKit zero duration and until the initial seek settles (0.195802ms)
✔ an original whole track is not accidentally left muted after a cancelled bounded clip (0.367968ms)
ℹ tests 60
ℹ suites 0
ℹ pass 60
ℹ fail 0
ℹ cancelled 0
ℹ skipped 0
ℹ todo 0
ℹ duration_ms 151.524873
