✔ verified pilot clip ranges carry exact original identities and source text (5.82947ms)
✔ unverified, foreign, out-of-track and source-hash substitutions are rejected (4.039394ms)
✔ multi-sentence source fragments cannot be swapped or replaced (2.034059ms)
✔ source text, pinyin, per-entry hash, scope and reviewed timing cannot be forged (8.749617ms)
✔ word partitions and actual sentence coverage reject losses, orphans and relabeled whole paragraphs (3.87563ms)
✔ no source authority or duplicate merged IDs can silently expose segments (0.811639ms)
✔ pending bounds, inflated decoded duration, claimed certification and forged transcript are rejected (4.369836ms)
✔ reviewed HSK2 lessons 2–3 retain exact 25 verified and seven pending words after runtime merge (7.924178ms)
✔ bounded audio waits for usable duration and then validates the complete requested range (5.257789ms)
✔ bounded startup cannot unmute when usable duration disappears during its initial seek (0.276572ms)
✔ observed WebKit seeked rollback cannot unmute or certify the file head (0.462308ms)
✔ a still-wrong clock is re-seeked silently rather than waiting for a 250ms update (0.304604ms)
✔ a delayed recovery probe rewinds instead of silently dropping the first 250ms (0.24878ms)
✔ stop and request replacement retire the pending position probe (0.452704ms)
✔ a paused startup cannot be revived by its queued position probe (0.44328ms)
✔ an out-of-range high clock stays silent and does not finish a never-started clip (0.296352ms)
✔ a corrective seek exception is a retryable failure, never unmuted playback (0.557049ms)
✔ persistent bad seek acknowledgments stop safely instead of a zero-delay spin (0.432454ms)
✔ the first seeked clock directly 250ms too high also remains silent and rewinds (0.346125ms)
✔ five playback rates retain a genuinely started pause/resume clock without rewinding (1.26919ms)
✔ a retired probe cannot reposition the next track in the same playlist (0.444381ms)
✔ corrective seek with no subsequent native events ends at the existing startup timeout (0.240808ms)
✔ explicit start 0 without end preserves whole-original zero-duration recovery (0.192356ms)
✔ start 0 with a finite end is still bounded and cannot bypass usable metadata (0.145366ms)
✔ explicit start 0 whole original keeps an already advancing clock when positive duration arrives (0.123654ms)
✔ a resolved play promise alone never claims actual playback; metadata sets the real range (5.284748ms)
✔ generation cancellation ignores a late rejection and an old view abort cannot stop the new request (0.851147ms)
✔ segment boundaries stop before the next recording; changing speed reschedules the actual media boundary (0.814493ms)
✔ playlist advances once per range and stops on a real error instead of skipping or claiming success (0.920911ms)
✔ a late play rejection from a preceding playlist item or paused play cannot poison its successor (1.552972ms)
✔ pause during a delayed start remains paused; resume waits for playing and replay resets the range (0.678119ms)
✔ an already started clock at HAVE_CURRENT_DATA can recover after waiting; zero/metadata readiness and seek jumps cannot (0.800242ms)
✔ clock and readiness cannot invent a first playing event; genuinely stalled resumed media times out (0.500034ms)
✔ loading an original track already at zero avoids a redundant initial seek (0.398053ms)
✔ autoplay denial stays an error until an explicit retry really starts playback (0.612002ms)
✔ a stalled media start and a silent synthesis start terminate with a retryable error (0.826431ms)
✔ bad ranges are rejected and range beyond media duration never plays (0.368579ms)
✔ metadata rejects a truncated segment and later duration corrections cannot silently shorten it (0.431803ms)
✔ ended before a playing or speech start event reports error and never advances a playlist (0.459624ms)
✔ speech waits for a Chinese voice and for a start event, with clear TTS source and selected replay speed (0.415508ms)
✔ a device with only foreign voices reports unsupported, then can retry after Chinese voices arrive (1.556287ms)
✔ switching media cancels speech, and a cancelled waiting voice request cannot start after leaving its view (0.464051ms)
✔ disposal cancels pending work, clears timers and listeners, and isolates observers and snapshots (0.299646ms)
✔ a view stopping synchronously on a loading notification cannot resurrect media or leave voice timers (0.240849ms)
✔ a late native resume rejection after the intentional segment boundary cannot replace ended with error (0.308199ms)
✔ a retired native play rejection at a sequence boundary cannot fail the next segment (0.343391ms)
✔ native play plus real advancing ready clock confirms resume when WebKit omits another playing event (0.321168ms)
✔ native play alone cannot invent a first playing event, a stalled resume or a seek jump (0.25537ms)
✔ transient WebKit zero-duration metadata does not reject an original recording or claim playback early (0.210974ms)
✔ zero-duration placeholder never bypasses a later real truncated-segment check (0.253728ms)
✔ playing before positive metadata waits; positive duration then confirms the actual native start (0.246917ms)
✔ canplay or permanent zero duration never substitutes for confirmed usable playback (0.239596ms)
✔ empty/corrupt media ending at zero and metadata seek exceptions remain hard failures (0.490059ms)
✔ persistent zero metadata on a whole recording requires two real native clock advances (0.204004ms)
✔ zero-metadata clock recovery cannot certify bounded clips, paused clocks or seek jumps (0.424251ms)
✔ WebKit silent positive duration on timeupdate confirms playback without restarting the original (0.236563ms)
✔ silent positive duration still rejects truncated segments and does not certify a paused or seeking clock (0.375869ms)
✔ bounded original clips stay silent through WebKit zero duration and until the initial seek settles (0.365435ms)
✔ an original whole track is not accidentally left muted after a cancelled bounded clip (0.501837ms)
ℹ tests 59
ℹ suites 0
ℹ pass 59
ℹ fail 0
ℹ cancelled 0
ℹ skipped 0
ℹ todo 0
ℹ duration_ms 178.321911
