npm warn Unknown env config "http-proxy". This will stop working in the next major version of npm.

> hsk-shared-course-app@1.0.0 test
> node --experimental-strip-types --test tests/*.test.mjs

✔ existing pilot activities and a separately bound self-assessment matrix are structurally sound (4.647612ms)
✔ matrix cannot drop, repeat, misorder dimensions or bind non-checkbox answers (14.298043ms)
✔ editorial references never acquire automatic grading answers or unrelated picture IDs (1.784919ms)
✔ source surveys retain text/select/checkbox matrix bindings and reject mismatched context columns (3.789884ms)
✔ cross-page activities reject unrelated or inconsistent per-field source pages (2.179425ms)
✔ every approved instructional illustration exists with its reviewed bytes and no external source (64.719752ms)
✔ source survey headers bind editable names independently from all body responses (1.272515ms)
✔ editable survey headers cannot hide, duplicate, omit, mismatch or auto-grade a name (10.322533ms)
✔ field-level question provenance cannot point outside actual source questions (3.750205ms)
✔ frequency matrix permits only an explicit bilingual blank corner and retains caption context (1.116493ms)
✔ matrix corner rejects one-sided empty, missing language, non-string and whitespace-only headings (15.045326ms)
✔ explicit optional fields are boolean ungraded text only and do not infer from prompt language (16.750815ms)
✔ optional illustration label requires nonempty bilingual text and absent legacy label remains valid (11.812391ms)
✔ HSK2 failed candidate never enters draft and later ordinary save cannot invent submission (4.149349ms)
✔ HSK2 waiting candidate stays unsubmitted and confirmed reload preserves old record (2.698819ms)
✔ HSK2 lock-wait edit invalidates candidate without losing newer draft (0.662356ms)
✔ HSK2 composition and cancelled pending view never commit a marker (0.672211ms)
✔ HSK3 failed candidate never enters draft and later ordinary save cannot invent submission (0.582607ms)
✔ HSK3 waiting candidate stays unsubmitted and confirmed reload preserves old record (0.59035ms)
✔ HSK3 lock-wait edit invalidates candidate without losing newer draft (0.512593ms)
✔ HSK3 composition and cancelled pending view never commit a marker (0.515959ms)
✔ stale values and unsafe unavailable lock fail closed without adopting submissions (0.782996ms)
✔ prior fallback records remain separate immutable history with human-readable source context (19.657084ms)
✔ active controls, another lesson and another edition never enter this lesson archive (1.926058ms)
✔ nonempty old records survive actual storage save reload export restore without creating new activity submissions (4.135248ms)
✔ one source page keeps the group citation without duplicate field notes (0.890656ms)
✔ cross-page fields and differing group page always retain field-level citations (0.203804ms)
✔ row citation combines only matching effective provenance and never changes source objects (0.223733ms)
✔ assembly preserves1140 baseline files and rejects changed baseline/frozen bytes (499.691436ms)
✔ HSK2 homework quota rejection leaves receipts out of the live draft and later ordinary saves (10.537623ms)
✔ HSK2 homework waits without an adopted receipt and confirms exactly one immutable attempt (1.525121ms)
✔ HSK2 homework cancelled lock wait cannot reappear in a later draft save (1.936874ms)
✔ HSK2 homework newer answer during a lock wait wins without a submission (1.360746ms)
✔ HSK2 individual listening quota rejection leaves receipts out of the live draft and later ordinary saves (2.395358ms)
✔ HSK2 individual listening waits without an adopted receipt and confirms exactly one immutable attempt (1.199086ms)
✔ HSK2 individual listening cancelled lock wait cannot reappear in a later draft save (0.795405ms)
✔ HSK2 individual listening newer answer during a lock wait wins without a submission (1.021711ms)
✔ HSK3 homework quota rejection leaves receipts out of the live draft and later ordinary saves (1.177934ms)
✔ HSK3 homework waits without an adopted receipt and confirms exactly one immutable attempt (1.239616ms)
✔ HSK3 homework cancelled lock wait cannot reappear in a later draft save (0.527095ms)
✔ HSK3 homework newer answer during a lock wait wins without a submission (0.572853ms)
✔ HSK3 individual listening quota rejection leaves receipts out of the live draft and later ordinary saves (0.826581ms)
✔ HSK3 individual listening waits without an adopted receipt and confirms exactly one immutable attempt (0.834743ms)
✔ HSK3 individual listening cancelled lock wait cannot reappear in a later draft save (0.69218ms)
✔ HSK3 individual listening newer answer during a lock wait wins without a submission (0.722767ms)
✔ individual listening rejects stale rounds, answers and already submitted questions (1.286977ms)
✔ an unavailable write lock never adopts a homework receipt (1.179887ms)
✔ frozen independent review authorizes exactly two source-frame sentences and retains low probability observations (8.358197ms)
✔ subset source pinyin, actual lesson bytes, parent and ordinal match unchanged Chinese metadata (2.682345ms)
✔ wrong ranges, missing gates, source substitutions and invented precision are rejected (27.196917ms)
✔ joint overlay and authority tampering cannot create a new independent-review acceptance (3.268367ms)
✔ legacy manifest bytes and all 61 words, 13 holds, 78 lines and 33 children remain unchanged (7.595091ms)
✔ partial child keeps original ordinal 2 without a precise parent, sibling or color word; legacy children retain sequence (4.58016ms)
(node:104) ExperimentalWarning: stripTypeScriptTypes is an experimental feature and might change at any time
(Use `node --trace-warnings ...` to show where the warning was created)
Reviewed sentence overlay rejected; previously reviewed segments and original tracks remain available.
Reviewed sentence overlay rejected; previously reviewed segments and original tracks remain available.
✔ concurrent callers await the same delayed actual crypto gate before overlay-ready (25.967301ms)
✔ concurrent rejection retains baseline and resolves only after rejection, with no phantom subset (36.145118ms)
✔ invalid legacy input rejects every concurrent caller and cannot cache false readiness (2.985035ms)
✔ optional new overlay chunk load failure preserves completed legacy registry (7.636933ms)
✔ verified pilot clip ranges carry exact original identities and source text (5.721981ms)
✔ unverified, foreign, out-of-track and source-hash substitutions are rejected (4.898174ms)
✔ multi-sentence source fragments cannot be swapped or replaced (2.152826ms)
✔ source text, pinyin, per-entry hash, scope and reviewed timing cannot be forged (23.294901ms)
✔ word partitions and actual sentence coverage reject losses, orphans and relabeled whole paragraphs (4.063872ms)
✔ no source authority or duplicate merged IDs can silently expose segments (1.375088ms)
✔ pending bounds, inflated decoded duration, claimed certification and forged transcript are rejected (36.273774ms)
✔ reviewed HSK2 lessons 2–3 retain exact 25 verified and seven pending words after runtime merge (7.662791ms)
✔ grammar group metadata cannot omit duplicate reorder or replace baseline examples or lose bilingual sources (27.306175ms)
✔ actual grouped grammar retains full baseline summary and interleaves every original bilingual pinyin example once (5.501203ms)
✔ both supplemental picture-description labels retain full bilingual text after the source activity (10.184567ms)
✔ cross-page grammar examples retain their own visible source beside the unchanged explanation page (10.188163ms)
✔ source grammar explanations are additive, bilingual and tied to one real source grammar (29.00265ms)
✔ unmapped supplemental picture paragraphs collapse without hiding textbook text tasks or safety notes (8.943379ms)
✔ HSK3 glossary has all22 starred heads and23 stable word-sense records (104.828492ms)
✔ HSK3 star patch does not alter any existing lesson values (89.47697ms)
✔ all18 additional official-source registries and523 word anchors retain every complete old word and source (31.205828ms)
✔ HSK3 L10 reviewed source fields keys and figures stay complete (5.15683ms)
✔ HSK3 L11 reviewed source fields keys and figures stay complete (3.758037ms)
✔ HSK3 L10 education source task retains optional read-aloud marker, source retelling and ungraded personal comparison (2.916183ms)
✔ HSK3 L11 split listening answer pages and no invented culture/review survive integration (3.175699ms)
✔ all25 independently reviewed Vietnamese corrections remain in their exact new-layer locations (76.496579ms)
✔ source explanation groups preserve every original example once (5.917042ms)
✔ HSK3 L12 reviewed source activities preserve field counts official keys and source-specific shapes (7.132933ms)
✔ HSK3 L13 reviewed source activities preserve field counts official keys and source-specific shapes (2.264172ms)
✔ HSK3 L12 and13 source and answer page continuations stay attached to individual fields (4.919025ms)
✔ HSK3 L12 review binds eleven rows to twenty-two distinct checks across both source pages (1.758308ms)
✔ HSK3 L13 first grammar source frames preserve 1+2+2 independent non-unique blanks (1.476649ms)
✔ optional empty omitted and nonempty records preserve values and submission through real save reload export restore (6.128527ms)
✔ L12 least-liked season and L13 prepared refreshments translations retain the source meanings (2.60529ms)
✔ HSK3 L14 reviewed source counts and exact official keys remain complete (6.008057ms)
✔ HSK3 L15 reviewed source counts and exact official keys remain complete (8.184945ms)
✔ HSK3 L15 ambiguous Nanjing age choice cannot become a unique automatic answer (1.780612ms)
✔ every L14 and15 manifest identity has a real renderer binding including all four L15 cities (7.597264ms)
✔ HSK3 L14 repaired borrowing option and four blank story rows preserve source roles (1.244873ms)
✔ HSK3 L15 source review keeps ten pairs and four full unsplit explanations (1.408818ms)
✔ HSK3 L16 final-unit source counts keys blanks and figure bindings survive integration (6.442044ms)
✔ HSK3 L17 final-unit source counts keys blanks and figure bindings survive integration (3.222769ms)
✔ HSK3 L18 final-unit source counts keys blanks and figure bindings survive integration (2.458311ms)
✔ L16 animal discussion retains three original required IDs and a separate optional fourth extension (1.482868ms)
✔ L17 repaired reference agrees with preserved teacher wording and emotions panel has an explicit activity binding (2.509748ms)
✔ L18 approximation tasks and 刚才/刚刚 exercises are editorial and preserve both real source groups (1.548376ms)
✔ feedback note is a separate bilingual display-only copy with invalid shapes rejected (13.247558ms)
✔ HSK3 L8 original source interaction inventory and immutable learning corpus (4.476687ms)
✔ HSK3 L8 official word-bank order and cross-page citations (8.258159ms)
✔ HSK3 L9 original source interaction inventory and immutable learning corpus (1.975822ms)
✔ HSK3 L9 official word-bank order and cross-page citations (1.610418ms)
✔ HSK3 L9 review is open self-tracking, not a correctness score (5.088538ms)
✔ HSK3 L9 exact source corrections and L8 scene provenance remain in primary data (6.901849ms)
✔ every printed POS/sense maps once with exact pages, audio and translation (14.5716ms)
✔ same-spelling different meanings and POS remain separate canonical cards (1.557279ms)
✔ the complete catalogue count is actual POS/sense records, not syllabus targets (5.972554ms)
✔ release validation rejects pending review, stale translations and missing homograph evidence (25.750218ms)
✔ wrong course, duplicate mapping, missing source and unreviewed merge fail closed (4.449236ms)
✔ an explicitly reviewed repeated sense uses selected-lesson provenance, never an unselected audio group (0.360707ms)
✔ reviewed HSK2 appendix binds every stable sense with source POS distinct from editorial labels (1.568666ms)
✔ editable source-table names stay in headers and remain independent through save/remount/reset (18.16381ms)
✔ cross-page review cites each identical row once while mixed provenance stays beside separate cells (11.515309ms)
✔ shared proposal canonicalization removes exact review keys and preserves array order (1.704328ms)
✔ inactive lesson, canonical lexicon and course-index are private clones with identical content (12.149653ms)
✔ a trusted accepted batch patches only VI; source, IDs, ZH, pinyin, answer and order remain exact (104.343399ms)
✔ canonical sense and summary pointers bind their real IDs, original source indices and full raw SHA (46.721058ms)
✔ an accepted terminology-derived or editorial change keeps its distinct source branch (52.28943ms)
✔ edited activity option translations cannot become ambiguous while index answers stay sealed (27.008321ms)
✔ derived/editorial anchors cannot counterfeit an official quotation or evade their source conditions (22.3875ms)
✔ editorial anchors cannot attach an alleged printed book page or Chinese book quotation (27.697878ms)
✔ atomic guard rejects stale effective value (14.778868ms)
✔ atomic guard rejects wrong engine (14.536909ms)
✔ atomic guard rejects wrong course (6.807578ms)
✔ atomic guard rejects wrong parent (6.368594ms)
✔ atomic guard rejects wrong baseline SHA (15.166567ms)
✔ atomic guard rejects foreign source file (11.49603ms)
✔ atomic guard rejects foreign owner (12.666242ms)
✔ atomic guard rejects wrong original pointer index (11.154781ms)
✔ atomic guard rejects sealed answer (15.4377ms)
✔ atomic guard rejects sealed ZH (11.606605ms)
✔ atomic guard rejects sealed options/order (12.949825ms)
✔ atomic guard rejects unsafe pointer (20.437906ms)
✔ atomic guard rejects wrong lesson (12.942995ms)
✔ atomic guard rejects wrong actual Chinese anchor (11.615027ms)
✔ atomic guard rejects wrong book SHA (18.709633ms)
✔ atomic guard rejects out of bounds official page (18.600079ms)
✔ atomic guard rejects official text mismatch (16.749314ms)
✔ atomic guard rejects unresolved not active (14.589757ms)
✔ atomic guard rejects match not active (23.42814ms)
✔ atomic guard rejects pending author (14.223702ms)
✔ atomic guard rejects self-only independent acceptance (8.284727ms)
✔ atomic guard rejects missing accepted change (6.999103ms)
✔ atomic guard rejects foreign accepted consumer (14.199716ms)
✔ atomic guard rejects missing declared consumer (19.683333ms)
✔ atomic guard rejects unknown source evidence (18.352201ms)
✔ atomic guard rejects pending owner cannot be accepted (13.723507ms)
✔ atomic guard rejects duplicate target (12.974983ms)
✔ registered manifest/review exact bytes and independent accepted proposal are all required (16.085355ms)
✔ a known consumer cannot be declared accepted without its own accepted VI projection (20.699726ms)
✔ changed raw whitespace is still a different pinned source; empty acceptance cannot activate (15.199295ms)
✔ new graded copy changes contentRevision while actual old first/questions/answers/score remain frozen (14.939448ms)
✔ saved listening question is never reprojected; missing legacy snapshot cannot fall back to current q (0.639652ms)
✔ online verification binds full release identity and checks new/protected bytes (31.973285ms)
✔ online verifier rejects a stale manifest and never accepts changed protected bytes (11.628988ms)
✔ online verifier refuses another origin, pilot release and unscoped paths (10.319438ms)
✔ all seven routeable entries resolve activity crops and shared textbook/audio against real packaged paths (403.724895ms)
✔ unknown source images, PDF, changed accepted crops/audio/strokes and symlinks fail before freezing (539.168405ms)
✔ source or frozen-input drift fails before output; dirty or prebuilt data cannot be labeled release (163.891228ms)
✔ legacy all-sixteen-passed gates cannot label a package as ready for publication (41.113447ms)
✔ release freeze matches every native-tested build input byte and path while publication stays pending (501.182046ms)
✔ actual current crop registry uses lesson 4 current version and rejects path traversal/private sources (53.923633ms)
✔ production assembly anchors the actual 1446-file 2da tree and explicitly separates developer-only files (11.664872ms)
✔ entry, build configuration and retained source assets are included in the clean build snapshot (104.344401ms)
✔ two locked course entries share identical frozen assets with nested relative media paths (1.223412ms)
✔ portal updates only2/3 course cards and retains exact HSK1 and both HSK4 cards (0.700052ms)
✔ package manifest binds every scoped output byte to the frozen source input without copying raw sources (128.320792ms)
✔ missing audio, unknown raw PDF, symlinks and wrong identity fail before release creation (279.492588ms)
✔ output and public-input allowlists reject legacy overwrites and source package paths (0.392685ms)
✔ small frozen-code transfer restores all exact tested bytes from264 hash-bound originals without rebuilding (171.01044ms)
✔ frozen transfer fails before output on changed audio, code, extra raw source or wrong source commit (401.265669ms)
✔ question editorial note survives fallback rendering without leaking before submit (23.573155ms)
✔ question editorial note survives mapped rendering without leaking before submit (8.991149ms)
✔ a docs-only committed gate advances HEAD while the actual tested runtime remains accepted (302.667185ms)
✔ clean committed runtime/tool/raw input drift fails even when both gate snapshot fields are forged to agree (501.914616ms)
✔ actual tested commit existence, complete paths, modes and clean worktree are verified (446.751241ms)
✔ stage identity and pre-publication status do not permit duplicate IDs or fabricated publication completion (154.483509ms)
✔ official source bytes and every exact page identity/review must be present (505.515018ms)
✔ 48 semantic lessons require exact identities and all actual scoped consumer IDs (363.492126ms)
✔ cross-site scopes and final native certificates cannot be replaced by course counts or browser booleans (766.860021ms)
✔ native-tested build vectors reject unsafe, duplicate, empty and stale identities (383.507158ms)
✔ reviewed-source guards reject a subject/negation substitution, relocated blank and wrong page (1.792169ms)
✔ source menu accepts exact exclusive slots and rejects dropped duplicated foreign or malformed fields (26.319064ms)
✔ actual menu renderer retains source quadrants bilingual fixed foods and every saved answer without early feedback (12.148442ms)
✔ activity support gallery excludes field-bound pictures and places each original image once (2.38377ms)
✔ production-store delayed submit cannot restore feedback after edit newer submit dispose or failed write (20.733447ms)
✔ edition and level identities reject cross-course data (1.984445ms)
✔ new stores do not read or mutate nonempty legacy and HSK1 records (1.450451ms)
✔ first submission is immutable, latest updates without overwriting draft answer text (3.197251ms)
✔ manual writing never receives automatic points (0.189973ms)
✔ automatic choices and ordering grade exact IDs (0.294749ms)
✔ save failure preserves draft and does not create success (0.378914ms)
✔ competing tabs produce conflict instead of lost updates (0.453545ms)
✔ backup preview, import and reset recovery are edition-isolated (1.098366ms)
✔ stale import preview cannot replace later edits (0.372655ms)
✔ corrupt original storage is protected and exportable (3.991624ms)
✔ invalid imported scores, duplicate queues and legacy lesson numbers fail (0.997125ms)
✔ routing normalizes invalid courses while retaining valid lesson 18 (0.614665ms)
✔ historical question snapshots survive source edits and reorder without rescoring (5.851955ms)
✔ legacy nonempty stores receive optional learning fields without overwriting submissions (0.319876ms)
✔ routes preserve per-level lesson bounds and native HSK1 historical contracts (1.241199ms)
✔ textbook activity and reading records reject foreign identities (0.556529ms)
✔ independent listening round retains immutable per-question submissions and validates queue (0.622347ms)
✔ backup snapshots validate their own historical answers without current-bank reinterpretation (1.13515ms)
ℹ tests 206
ℹ suites 0
ℹ pass 206
ℹ fail 0
ℹ cancelled 0
ℹ skipped 0
ℹ todo 0
ℹ duration_ms 4216.596363
