✔ inactive registry preserves object identity and has no synthetic accepted revision (1.054341ms)
✔ canonical proposal removes every exact independentReview key, preserves array order and hashes UTF-8 (5.184182ms)
✔ accepted synthetic projection clones language only and preserves exact raw grading identity (6.844195ms)
✔ whole registry rejects stale baseline, byte tampering, parent drift, duplicate field, self-review and foreign consumer before projection (8.109579ms)
✔ wordSenses and mixed cards project Vietnamese while catalog/sourceRecords/fingerprints remain raw (119.821668ms)
✔ registered HSK1 source mapper uses actual original pointers, parent display leaves and unique semantic owners (46.653019ms)
✔ original option index guards reject frozen Chinese labels and ambiguous Vietnamese display options (4.14873ms)
✔ family 1: inactive read/profile/no-op answer does not create presentation or alter raw grading (23.020739ms)
✔ family 2: first real answer captures displayed revision; reload/continued answers retain it while profile and reads are inert (31.858724ms)
✔ family 3: legacy unbound draft and old submission remain baseline despite a new active display revision (16.950137ms)
✔ family 4: same-clock same-answer submissions get distinct binding IDs and exact first/current/latest/history display (35.50209ms)
✔ family 5: history cap20 keeps first binding/payload and collects only unreferenced revisions (714.438515ms)
✔ family 6: restart clears current/draft only, preserves first/latest/history; next fresh answer may bind new revision (16.510833ms)
✔ family 7: listening round is fixed across reload; randomized option indices and raw answers/fingerprints stay authoritative (28.15689ms)
✔ family 8: full backup/import/recovery round-trips display and raw authority together without applying current revision (29.136549ms)
✔ family 9: strict import rejects wrong raw authority, foreign owner, sealed Chinese field, orphan payload, duplicate history binding and unknown key atomically (43.213636ms)
✔ family 10: scoped lesson/version/module reset prunes matching presentation and preserves unrelated homework/listening data (47.146725ms)
✔ family 11: explicit legacy replacement clears only its replaced display domain; discovery preserves valid existing bindings (34.739754ms)
✔ family 12: quota/held-lock retain H1 live-unsaved submission+display export; retry writes the same binding once (35.151798ms)
✔ archive projection preserves distinct same-clock logical slots while raw answer/grade and raw task stay explicit (31.229236ms)
✔ UTF-8 budget is enforced on actual multilingual bytes, with no truncation of saved Vietnamese (16.87132ms)
✔ paired backup/import/restore carries nonempty presentation and independent source data atomically (86.705377ms)
✔ partial listening reset retains other lesson display/response bindings and trims round payload by actual kept IDs (51.238219ms)
✔ baseline unbound listening round after an old revision updates latest as baseline without retagging it (18.125578ms)
✔ cap20 import cannot merge the real first logical submission with later same-clock binding (461.72439ms)
ℹ tests 25
ℹ suites 0
ℹ pass 25
ℹ fail 0
ℹ cancelled 0
ℹ skipped 0
ℹ todo 0
ℹ duration_ms 1962.114971
