✔ inactive registry preserves object identity and has no synthetic accepted revision (0.837097ms)
✔ canonical proposal removes every exact independentReview key, preserves array order and hashes UTF-8 (8.527007ms)
✔ accepted synthetic projection clones language only and preserves exact raw grading identity (7.646867ms)
✔ whole registry rejects stale baseline, byte tampering, parent drift, duplicate field, self-review and foreign consumer before projection (10.501317ms)
✔ wordSenses and mixed cards project Vietnamese while catalog/sourceRecords/fingerprints remain raw (117.539904ms)
✔ registered HSK1 source mapper uses actual original pointers, parent display leaves and unique semantic owners (48.794208ms)
✔ original option index guards reject frozen Chinese labels and ambiguous Vietnamese display options (2.475516ms)
✔ course overview title uses its exact owner while Chinese and all original count fields stay unchanged (1.089262ms)
✔ both inactive and active config roots require the exact supported schema before asset loading (0.410251ms)
✔ family 1: inactive read/profile/no-op answer does not create presentation or alter raw grading (25.127266ms)
✔ family 2: first real answer captures displayed revision; reload/continued answers retain it while profile and reads are inert (38.282614ms)
✔ family 3: legacy unbound draft and old submission remain baseline despite a new active display revision (16.166173ms)
✔ family 4: same-clock same-answer submissions get distinct binding IDs and exact first/current/latest/history display (46.491599ms)
✔ family 5: history cap20 keeps first binding/payload and collects only unreferenced revisions (646.472824ms)
✔ family 6: restart clears current/draft only, preserves first/latest/history; next fresh answer may bind new revision (15.829591ms)
✔ family 7: listening round is fixed across reload; randomized option indices and raw answers/fingerprints stay authoritative (27.015437ms)
✔ family 8: full backup/import/recovery round-trips display and raw authority together without applying current revision (26.4331ms)
✔ family 9: strict import rejects wrong raw authority, foreign owner, sealed Chinese field, orphan payload, duplicate history binding and unknown key atomically (39.811622ms)
✔ family 10: scoped lesson/version/module reset prunes matching presentation and preserves unrelated homework/listening data (43.250522ms)
✔ family 11: explicit legacy replacement clears only its replaced display domain; discovery preserves valid existing bindings (30.210776ms)
✔ family 12: quota/held-lock retain H1 live-unsaved submission+display export; retry writes the same binding once (32.258795ms)
✔ archive projection preserves distinct same-clock logical slots while raw answer/grade and raw task stay explicit (28.264177ms)
✔ UTF-8 budget is enforced on actual multilingual bytes, with no truncation of saved Vietnamese (15.100936ms)
✔ paired backup/import/restore carries nonempty presentation and independent source data atomically (88.178918ms)
✔ partial listening reset retains other lesson display/response bindings and trims round payload by actual kept IDs (55.005045ms)
✔ baseline unbound listening round after an old revision updates latest as baseline without retagging it (17.448743ms)
✔ cap20 import cannot merge the real first logical submission with later same-clock binding (472.654073ms)
ℹ tests 27
ℹ suites 0
ℹ pass 27
ℹ fail 0
ℹ cancelled 0
ℹ skipped 0
ℹ todo 0
ℹ duration_ms 1945.135384
