[WebServer] (node:18) Warning: The 'NO_COLOR' env is ignored due to the 'FORCE_COLOR' env being set.
[WebServer] (Use `node --trace-warnings ...` to show where the warning was created)

Running 52 tests using 1 worker

(node:30) Warning: The 'NO_COLOR' env is ignored due to the 'FORCE_COLOR' env being set.
(Use `node --trace-warnings ...` to show where the warning was created)
  ✓   1 [chromium] › docs/resume-20261004/flow-compat-review/homework-all-lessons.candidate.spec.ts:21:157 › actual unified HSK1 lesson 1 all five homework parts persist exact isolated receipts (5.8s)
  ✓   2 [chromium] › docs/resume-20261004/flow-compat-review/homework-all-lessons.candidate.spec.ts:21:157 › actual unified HSK1 lesson 2 all five homework parts persist exact isolated receipts (4.7s)
  ✓   3 [chromium] › docs/resume-20261004/flow-compat-review/homework-all-lessons.candidate.spec.ts:21:157 › actual unified HSK1 lesson 3 all five homework parts persist exact isolated receipts (5.8s)
  ✓   4 [chromium] › docs/resume-20261004/flow-compat-review/homework-all-lessons.candidate.spec.ts:21:157 › actual unified HSK1 lesson 4 all five homework parts persist exact isolated receipts (5.4s)
  ✓   5 [chromium] › docs/resume-20261004/flow-compat-review/homework-all-lessons.candidate.spec.ts:21:157 › actual unified HSK1 lesson 5 all five homework parts persist exact isolated receipts (5.7s)
  ✓   6 [chromium] › docs/resume-20261004/flow-compat-review/homework-all-lessons.candidate.spec.ts:21:157 › actual unified HSK1 lesson 6 all five homework parts persist exact isolated receipts (5.8s)
  ✓   7 [chromium] › docs/resume-20261004/flow-compat-review/homework-all-lessons.candidate.spec.ts:21:157 › actual unified HSK1 lesson 7 all five homework parts persist exact isolated receipts (5.8s)
  ✓   8 [chromium] › docs/resume-20261004/flow-compat-review/homework-all-lessons.candidate.spec.ts:21:157 › actual unified HSK1 lesson 8 all five homework parts persist exact isolated receipts (5.3s)
  ✓   9 [chromium] › docs/resume-20261004/flow-compat-review/homework-all-lessons.candidate.spec.ts:21:157 › actual unified HSK1 lesson 9 all five homework parts persist exact isolated receipts (5.3s)
  ✓  10 [chromium] › docs/resume-20261004/flow-compat-review/homework-all-lessons.candidate.spec.ts:21:157 › actual unified HSK1 lesson 10 all five homework parts persist exact isolated receipts (6.2s)
  ✓  11 [chromium] › docs/resume-20261004/flow-compat-review/homework-all-lessons.candidate.spec.ts:21:157 › actual unified HSK1 lesson 11 all five homework parts persist exact isolated receipts (4.9s)
  ✓  12 [chromium] › docs/resume-20261004/flow-compat-review/homework-all-lessons.candidate.spec.ts:21:157 › actual unified HSK1 lesson 12 all five homework parts persist exact isolated receipts (5.4s)
  ✓  13 [chromium] › docs/resume-20261004/flow-compat-review/homework-all-lessons.candidate.spec.ts:21:157 › actual unified HSK1 lesson 13 all five homework parts persist exact isolated receipts (5.4s)
  ✓  14 [chromium] › docs/resume-20261004/flow-compat-review/homework-all-lessons.candidate.spec.ts:21:157 › actual unified HSK1 lesson 14 all five homework parts persist exact isolated receipts (5.7s)
  ✓  15 [chromium] › docs/resume-20261004/flow-compat-review/homework-all-lessons.candidate.spec.ts:21:157 › actual unified HSK1 lesson 15 all five homework parts persist exact isolated receipts (5.8s)
  ✓  16 [chromium] › docs/resume-20261004/flow-compat-review/homework-all-lessons.candidate.spec.ts:21:157 › actual unified HSK2 lesson 1 all five homework parts persist exact isolated receipts (2.2s)
  ✓  17 [chromium] › docs/resume-20261004/flow-compat-review/homework-all-lessons.candidate.spec.ts:21:157 › actual unified HSK2 lesson 2 all five homework parts persist exact isolated receipts (2.2s)
  ✓  18 [chromium] › docs/resume-20261004/flow-compat-review/homework-all-lessons.candidate.spec.ts:21:157 › actual unified HSK2 lesson 3 all five homework parts persist exact isolated receipts (2.3s)
  ✓  19 [chromium] › docs/resume-20261004/flow-compat-review/homework-all-lessons.candidate.spec.ts:21:157 › actual unified HSK2 lesson 4 all five homework parts persist exact isolated receipts (2.3s)
  ✓  20 [chromium] › docs/resume-20261004/flow-compat-review/homework-all-lessons.candidate.spec.ts:21:157 › actual unified HSK2 lesson 5 all five homework parts persist exact isolated receipts (2.3s)
  ✓  21 [chromium] › docs/resume-20261004/flow-compat-review/homework-all-lessons.candidate.spec.ts:21:157 › actual unified HSK2 lesson 6 all five homework parts persist exact isolated receipts (2.3s)
  ✓  22 [chromium] › docs/resume-20261004/flow-compat-review/homework-all-lessons.candidate.spec.ts:21:157 › actual unified HSK2 lesson 7 all five homework parts persist exact isolated receipts (2.3s)
  ✓  23 [chromium] › docs/resume-20261004/flow-compat-review/homework-all-lessons.candidate.spec.ts:21:157 › actual unified HSK2 lesson 8 all five homework parts persist exact isolated receipts (2.4s)
  ✓  24 [chromium] › docs/resume-20261004/flow-compat-review/homework-all-lessons.candidate.spec.ts:21:157 › actual unified HSK2 lesson 9 all five homework parts persist exact isolated receipts (2.3s)
  ✓  25 [chromium] › docs/resume-20261004/flow-compat-review/homework-all-lessons.candidate.spec.ts:21:157 › actual unified HSK2 lesson 10 all five homework parts persist exact isolated receipts (2.3s)
  ✓  26 [chromium] › docs/resume-20261004/flow-compat-review/homework-all-lessons.candidate.spec.ts:21:157 › actual unified HSK2 lesson 11 all five homework parts persist exact isolated receipts (2.3s)
  ✓  27 [chromium] › docs/resume-20261004/flow-compat-review/homework-all-lessons.candidate.spec.ts:21:157 › actual unified HSK2 lesson 12 all five homework parts persist exact isolated receipts (2.2s)
  ✓  28 [chromium] › docs/resume-20261004/flow-compat-review/homework-all-lessons.candidate.spec.ts:21:157 › actual unified HSK2 lesson 13 all five homework parts persist exact isolated receipts (2.2s)
  ✓  29 [chromium] › docs/resume-20261004/flow-compat-review/homework-all-lessons.candidate.spec.ts:21:157 › actual unified HSK2 lesson 14 all five homework parts persist exact isolated receipts (2.4s)
  ✓  30 [chromium] › docs/resume-20261004/flow-compat-review/homework-all-lessons.candidate.spec.ts:21:157 › actual unified HSK2 lesson 15 all five homework parts persist exact isolated receipts (2.3s)
  ✓  31 [chromium] › docs/resume-20261004/flow-compat-review/homework-all-lessons.candidate.spec.ts:21:157 › actual unified HSK3 lesson 1 all five homework parts persist exact isolated receipts (2.3s)
  ✓  32 [chromium] › docs/resume-20261004/flow-compat-review/homework-all-lessons.candidate.spec.ts:21:157 › actual unified HSK3 lesson 2 all five homework parts persist exact isolated receipts (2.5s)
  ✓  33 [chromium] › docs/resume-20261004/flow-compat-review/homework-all-lessons.candidate.spec.ts:21:157 › actual unified HSK3 lesson 3 all five homework parts persist exact isolated receipts (2.3s)
  ✓  34 [chromium] › docs/resume-20261004/flow-compat-review/homework-all-lessons.candidate.spec.ts:21:157 › actual unified HSK3 lesson 4 all five homework parts persist exact isolated receipts (2.2s)
  ✓  35 [chromium] › docs/resume-20261004/flow-compat-review/homework-all-lessons.candidate.spec.ts:21:157 › actual unified HSK3 lesson 5 all five homework parts persist exact isolated receipts (2.2s)
  ✓  36 [chromium] › docs/resume-20261004/flow-compat-review/homework-all-lessons.candidate.spec.ts:21:157 › actual unified HSK3 lesson 6 all five homework parts persist exact isolated receipts (2.2s)
  ✓  37 [chromium] › docs/resume-20261004/flow-compat-review/homework-all-lessons.candidate.spec.ts:21:157 › actual unified HSK3 lesson 7 all five homework parts persist exact isolated receipts (2.2s)
  ✓  38 [chromium] › docs/resume-20261004/flow-compat-review/homework-all-lessons.candidate.spec.ts:21:157 › actual unified HSK3 lesson 8 all five homework parts persist exact isolated receipts (2.2s)
  ✓  39 [chromium] › docs/resume-20261004/flow-compat-review/homework-all-lessons.candidate.spec.ts:21:157 › actual unified HSK3 lesson 9 all five homework parts persist exact isolated receipts (2.2s)
  ✓  40 [chromium] › docs/resume-20261004/flow-compat-review/homework-all-lessons.candidate.spec.ts:21:157 › actual unified HSK3 lesson 10 all five homework parts persist exact isolated receipts (2.2s)
  ✓  41 [chromium] › docs/resume-20261004/flow-compat-review/homework-all-lessons.candidate.spec.ts:21:157 › actual unified HSK3 lesson 11 all five homework parts persist exact isolated receipts (2.2s)
  ✓  42 [chromium] › docs/resume-20261004/flow-compat-review/homework-all-lessons.candidate.spec.ts:21:157 › actual unified HSK3 lesson 12 all five homework parts persist exact isolated receipts (2.2s)
  ✓  43 [chromium] › docs/resume-20261004/flow-compat-review/homework-all-lessons.candidate.spec.ts:21:157 › actual unified HSK3 lesson 13 all five homework parts persist exact isolated receipts (2.1s)
  ✓  44 [chromium] › docs/resume-20261004/flow-compat-review/homework-all-lessons.candidate.spec.ts:21:157 › actual unified HSK3 lesson 14 all five homework parts persist exact isolated receipts (2.2s)
  ✓  45 [chromium] › docs/resume-20261004/flow-compat-review/homework-all-lessons.candidate.spec.ts:21:157 › actual unified HSK3 lesson 15 all five homework parts persist exact isolated receipts (2.2s)
  ✓  46 [chromium] › docs/resume-20261004/flow-compat-review/homework-all-lessons.candidate.spec.ts:21:157 › actual unified HSK3 lesson 16 all five homework parts persist exact isolated receipts (2.2s)
  ✓  47 [chromium] › docs/resume-20261004/flow-compat-review/homework-all-lessons.candidate.spec.ts:21:157 › actual unified HSK3 lesson 17 all five homework parts persist exact isolated receipts (2.2s)
  ✓  48 [chromium] › docs/resume-20261004/flow-compat-review/homework-all-lessons.candidate.spec.ts:21:157 › actual unified HSK3 lesson 18 all five homework parts persist exact isolated receipts (2.1s)
  ✓  49 [chromium] › docs/resume-20261004/flow-compat-review/shared-practice-listening.candidate.spec.ts:7:2 › actual HSK2 all independent listening questions preserve immutable first latest and wrong retry (12.0s)
  ✘  50 [chromium] › docs/resume-20261004/flow-compat-review/shared-practice-listening.candidate.spec.ts:43:2 › actual HSK2 complete canonical mixed queue renders all senses exact backs and survives responsive reload (265ms)
(node:806) Warning: The 'NO_COLOR' env is ignored due to the 'FORCE_COLOR' env being set.
(Use `node --trace-warnings ...` to show where the warning was created)
  ✓  51 [chromium] › docs/resume-20261004/flow-compat-review/shared-practice-listening.candidate.spec.ts:7:2 › actual HSK3 all independent listening questions preserve immutable first latest and wrong retry (15.0s)
  ✘  52 [chromium] › docs/resume-20261004/flow-compat-review/shared-practice-listening.candidate.spec.ts:43:2 › actual HSK3 complete canonical mixed queue renders all senses exact backs and survives responsive reload (268ms)


  1) [chromium] › docs/resume-20261004/flow-compat-review/shared-practice-listening.candidate.spec.ts:43:2 › actual HSK2 complete canonical mixed queue renders all senses exact backs and survives responsive reload 

    Error: page.evaluate: TypeError: Cannot read properties of null (reading 'data')
        at eval (eval at evaluate (:311:30), <anonymous>:1:41)
        at UtilityScript.evaluate (<anonymous>:313:16)
        at UtilityScript.<anonymous> (<anonymous>:1:44)
        at eval (eval at evaluate (:311:30), <anonymous>:1:41)
        at UtilityScript.evaluate (<anonymous>:313:16)
        at UtilityScript.<anonymous> (<anonymous>:1:44)
        at read (/workspace/scratch/28b55072841a/hsk-hub-resume/course-app/docs/resume-20261004/flow-compat-review/shared-practice-listening.candidate.spec.ts:46:23)
        at /workspace/scratch/28b55072841a/hsk-hub-resume/course-app/docs/resume-20261004/flow-compat-review/shared-practice-listening.candidate.spec.ts:46:107

    Error Context: docs/resume-20261004/flow-compat-review/native-output/shared-practice-listening.-b36b3--survives-responsive-reload-chromium/error-context.md

  2) [chromium] › docs/resume-20261004/flow-compat-review/shared-practice-listening.candidate.spec.ts:43:2 › actual HSK3 complete canonical mixed queue renders all senses exact backs and survives responsive reload 

    Error: page.evaluate: TypeError: Cannot read properties of null (reading 'data')
        at eval (eval at evaluate (:311:30), <anonymous>:1:41)
        at UtilityScript.evaluate (<anonymous>:313:16)
        at UtilityScript.<anonymous> (<anonymous>:1:44)
        at eval (eval at evaluate (:311:30), <anonymous>:1:41)
        at UtilityScript.evaluate (<anonymous>:313:16)
        at UtilityScript.<anonymous> (<anonymous>:1:44)
        at read (/workspace/scratch/28b55072841a/hsk-hub-resume/course-app/docs/resume-20261004/flow-compat-review/shared-practice-listening.candidate.spec.ts:46:23)
        at /workspace/scratch/28b55072841a/hsk-hub-resume/course-app/docs/resume-20261004/flow-compat-review/shared-practice-listening.candidate.spec.ts:46:107

    Error Context: docs/resume-20261004/flow-compat-review/native-output/shared-practice-listening.-37a7d--survives-responsive-reload-chromium/error-context.md

  2 failed
    [chromium] › docs/resume-20261004/flow-compat-review/shared-practice-listening.candidate.spec.ts:43:2 › actual HSK2 complete canonical mixed queue renders all senses exact backs and survives responsive reload 
    [chromium] › docs/resume-20261004/flow-compat-review/shared-practice-listening.candidate.spec.ts:43:2 › actual HSK3 complete canonical mixed queue renders all senses exact backs and survives responsive reload 
  50 passed (3.1m)
