Listing tests:
  [chromium] › durable-attempts.candidate.spec.ts:12:134 › durable HSK2 homework quota rejects unconfirmed receipt across remount ordinary save and explicit retry
  [chromium] › durable-attempts.candidate.spec.ts:12:134 › durable HSK2 homework waiting rejects unconfirmed receipt across remount ordinary save and explicit retry
  [chromium] › durable-attempts.candidate.spec.ts:12:134 › durable HSK2 listening quota rejects unconfirmed receipt across remount ordinary save and explicit retry
  [chromium] › durable-attempts.candidate.spec.ts:12:134 › durable HSK2 listening waiting rejects unconfirmed receipt across remount ordinary save and explicit retry
  [chromium] › durable-attempts.candidate.spec.ts:12:134 › durable HSK3 homework quota rejects unconfirmed receipt across remount ordinary save and explicit retry
  [chromium] › durable-attempts.candidate.spec.ts:12:134 › durable HSK3 homework waiting rejects unconfirmed receipt across remount ordinary save and explicit retry
  [chromium] › durable-attempts.candidate.spec.ts:12:134 › durable HSK3 listening quota rejects unconfirmed receipt across remount ordinary save and explicit retry
  [chromium] › durable-attempts.candidate.spec.ts:12:134 › durable HSK3 listening waiting rejects unconfirmed receipt across remount ordinary save and explicit retry
  [chromium] › homework-all-lessons.candidate.spec.ts:21:157 › actual unified HSK1 lesson 1 all five homework parts persist exact isolated receipts
  [chromium] › homework-all-lessons.candidate.spec.ts:21:157 › actual unified HSK1 lesson 2 all five homework parts persist exact isolated receipts
  [chromium] › homework-all-lessons.candidate.spec.ts:21:157 › actual unified HSK1 lesson 3 all five homework parts persist exact isolated receipts
  [chromium] › homework-all-lessons.candidate.spec.ts:21:157 › actual unified HSK1 lesson 4 all five homework parts persist exact isolated receipts
  [chromium] › homework-all-lessons.candidate.spec.ts:21:157 › actual unified HSK1 lesson 5 all five homework parts persist exact isolated receipts
  [chromium] › homework-all-lessons.candidate.spec.ts:21:157 › actual unified HSK1 lesson 6 all five homework parts persist exact isolated receipts
  [chromium] › homework-all-lessons.candidate.spec.ts:21:157 › actual unified HSK1 lesson 7 all five homework parts persist exact isolated receipts
  [chromium] › homework-all-lessons.candidate.spec.ts:21:157 › actual unified HSK1 lesson 8 all five homework parts persist exact isolated receipts
  [chromium] › homework-all-lessons.candidate.spec.ts:21:157 › actual unified HSK1 lesson 9 all five homework parts persist exact isolated receipts
  [chromium] › homework-all-lessons.candidate.spec.ts:21:157 › actual unified HSK1 lesson 10 all five homework parts persist exact isolated receipts
  [chromium] › homework-all-lessons.candidate.spec.ts:21:157 › actual unified HSK1 lesson 11 all five homework parts persist exact isolated receipts
  [chromium] › homework-all-lessons.candidate.spec.ts:21:157 › actual unified HSK1 lesson 12 all five homework parts persist exact isolated receipts
  [chromium] › homework-all-lessons.candidate.spec.ts:21:157 › actual unified HSK1 lesson 13 all five homework parts persist exact isolated receipts
  [chromium] › homework-all-lessons.candidate.spec.ts:21:157 › actual unified HSK1 lesson 14 all five homework parts persist exact isolated receipts
  [chromium] › homework-all-lessons.candidate.spec.ts:21:157 › actual unified HSK1 lesson 15 all five homework parts persist exact isolated receipts
  [chromium] › homework-all-lessons.candidate.spec.ts:21:157 › actual unified HSK2 lesson 1 all five homework parts persist exact isolated receipts
  [chromium] › homework-all-lessons.candidate.spec.ts:21:157 › actual unified HSK2 lesson 2 all five homework parts persist exact isolated receipts
  [chromium] › homework-all-lessons.candidate.spec.ts:21:157 › actual unified HSK2 lesson 3 all five homework parts persist exact isolated receipts
  [chromium] › homework-all-lessons.candidate.spec.ts:21:157 › actual unified HSK2 lesson 4 all five homework parts persist exact isolated receipts
  [chromium] › homework-all-lessons.candidate.spec.ts:21:157 › actual unified HSK2 lesson 5 all five homework parts persist exact isolated receipts
  [chromium] › homework-all-lessons.candidate.spec.ts:21:157 › actual unified HSK2 lesson 6 all five homework parts persist exact isolated receipts
  [chromium] › homework-all-lessons.candidate.spec.ts:21:157 › actual unified HSK2 lesson 7 all five homework parts persist exact isolated receipts
  [chromium] › homework-all-lessons.candidate.spec.ts:21:157 › actual unified HSK2 lesson 8 all five homework parts persist exact isolated receipts
  [chromium] › homework-all-lessons.candidate.spec.ts:21:157 › actual unified HSK2 lesson 9 all five homework parts persist exact isolated receipts
  [chromium] › homework-all-lessons.candidate.spec.ts:21:157 › actual unified HSK2 lesson 10 all five homework parts persist exact isolated receipts
  [chromium] › homework-all-lessons.candidate.spec.ts:21:157 › actual unified HSK2 lesson 11 all five homework parts persist exact isolated receipts
  [chromium] › homework-all-lessons.candidate.spec.ts:21:157 › actual unified HSK2 lesson 12 all five homework parts persist exact isolated receipts
  [chromium] › homework-all-lessons.candidate.spec.ts:21:157 › actual unified HSK2 lesson 13 all five homework parts persist exact isolated receipts
  [chromium] › homework-all-lessons.candidate.spec.ts:21:157 › actual unified HSK2 lesson 14 all five homework parts persist exact isolated receipts
  [chromium] › homework-all-lessons.candidate.spec.ts:21:157 › actual unified HSK2 lesson 15 all five homework parts persist exact isolated receipts
  [chromium] › homework-all-lessons.candidate.spec.ts:21:157 › actual unified HSK3 lesson 1 all five homework parts persist exact isolated receipts
  [chromium] › homework-all-lessons.candidate.spec.ts:21:157 › actual unified HSK3 lesson 2 all five homework parts persist exact isolated receipts
  [chromium] › homework-all-lessons.candidate.spec.ts:21:157 › actual unified HSK3 lesson 3 all five homework parts persist exact isolated receipts
  [chromium] › homework-all-lessons.candidate.spec.ts:21:157 › actual unified HSK3 lesson 4 all five homework parts persist exact isolated receipts
  [chromium] › homework-all-lessons.candidate.spec.ts:21:157 › actual unified HSK3 lesson 5 all five homework parts persist exact isolated receipts
  [chromium] › homework-all-lessons.candidate.spec.ts:21:157 › actual unified HSK3 lesson 6 all five homework parts persist exact isolated receipts
  [chromium] › homework-all-lessons.candidate.spec.ts:21:157 › actual unified HSK3 lesson 7 all five homework parts persist exact isolated receipts
  [chromium] › homework-all-lessons.candidate.spec.ts:21:157 › actual unified HSK3 lesson 8 all five homework parts persist exact isolated receipts
  [chromium] › homework-all-lessons.candidate.spec.ts:21:157 › actual unified HSK3 lesson 9 all five homework parts persist exact isolated receipts
  [chromium] › homework-all-lessons.candidate.spec.ts:21:157 › actual unified HSK3 lesson 10 all five homework parts persist exact isolated receipts
  [chromium] › homework-all-lessons.candidate.spec.ts:21:157 › actual unified HSK3 lesson 11 all five homework parts persist exact isolated receipts
  [chromium] › homework-all-lessons.candidate.spec.ts:21:157 › actual unified HSK3 lesson 12 all five homework parts persist exact isolated receipts
  [chromium] › homework-all-lessons.candidate.spec.ts:21:157 › actual unified HSK3 lesson 13 all five homework parts persist exact isolated receipts
  [chromium] › homework-all-lessons.candidate.spec.ts:21:157 › actual unified HSK3 lesson 14 all five homework parts persist exact isolated receipts
  [chromium] › homework-all-lessons.candidate.spec.ts:21:157 › actual unified HSK3 lesson 15 all five homework parts persist exact isolated receipts
  [chromium] › homework-all-lessons.candidate.spec.ts:21:157 › actual unified HSK3 lesson 16 all five homework parts persist exact isolated receipts
  [chromium] › homework-all-lessons.candidate.spec.ts:21:157 › actual unified HSK3 lesson 17 all five homework parts persist exact isolated receipts
  [chromium] › homework-all-lessons.candidate.spec.ts:21:157 › actual unified HSK3 lesson 18 all five homework parts persist exact isolated receipts
  [chromium] › input-abort.candidate.spec.ts:3:34 › HSK2 final lesson invalid old radio IME abort and redo preserve confirmed history
  [chromium] › input-abort.candidate.spec.ts:3:34 › HSK3 final lesson invalid old radio IME abort and redo preserve confirmed history
  [chromium] › mobile-boundaries.candidate.spec.ts:2:34 › HSK2 longest mixed backs and independent listening preserve exact saved content at 320
  [chromium] › mobile-boundaries.candidate.spec.ts:2:34 › HSK3 longest mixed backs and independent listening preserve exact saved content at 320
  [chromium] › shared-practice-listening.candidate.spec.ts:7:2 › actual HSK2 all independent listening questions preserve immutable first latest and wrong retry
  [chromium] › shared-practice-listening.candidate.spec.ts:43:2 › actual HSK2 complete canonical mixed queue renders all senses exact backs and survives responsive reload
  [chromium] › shared-practice-listening.candidate.spec.ts:7:2 › actual HSK3 all independent listening questions preserve immutable first latest and wrong retry
  [chromium] › shared-practice-listening.candidate.spec.ts:43:2 › actual HSK3 complete canonical mixed queue renders all senses exact backs and survives responsive reload
Total: 64 tests in 5 files
