[WebServer] (node:18) Warning: The 'NO_COLOR' env is ignored due to the 'FORCE_COLOR' env being set.
[WebServer] (Use `node --trace-warnings ...` to show where the warning was created)

Running 35 tests using 1 worker

(node:30) Warning: The 'NO_COLOR' env is ignored due to the 'FORCE_COLOR' env being set.
(Use `node --trace-warnings ...` to show where the warning was created)
  ✓   1 [chromium] › ../../../../hsk1-app/tests/browser/listening.spec.ts:149:3 › complete independent listening course › all 75 real questions map four shuffled options, hide transcripts before submission and show exact feedback afterward (11.5s)
  ✓   2 [chromium] › ../../../../hsk1-app/tests/browser/listening.spec.ts:199:1 › mixed lessons preserve first and latest scores while wrong-only redoing hides feedback again and removes corrected mistakes (5.9s)
  ✓   3 [chromium] › ../../../../hsk1-app/tests/browser/listening.spec.ts:237:1 › single, mixed and all lessons create exact queues; empty selection and an empty wrong filter preserve the saved round (5.1s)
  ✓   4 [chromium] › ../../../../hsk1-app/tests/browser/listening.spec.ts:262:1 › reload retains queue, option orders, selected answer, listen count, rate and position without modifying homework, reading or cards (1.5s)
  ✓   5 [chromium] › ../../../../hsk1-app/tests/browser/listening.spec.ts:297:1 › loading controls reject early activation, HTTP 503 retries the same route and retired media-map requests cannot mount or save late (744ms)
  ✓   6 [chromium] › ../../../../hsk1-app/tests/browser/listening.spec.ts:329:1 › native original MP3 segments in lessons 1, 10 and 15 advance, stop within their frozen boundaries and stop when changing questions (8.7s)
  ✓   7 [chromium] › ../../../../hsk1-app/tests/browser/listening.spec.ts:355:1 › pausing a held real MP3 before first playing then resuming counts once; five speeds, ordinary resume and replay keep exact counts (3.1s)
  ✓   8 [chromium] › ../../../../hsk1-app/tests/browser/listening.spec.ts:410:1 › an MP3 HTTP failure can retry; a superseded delayed response cannot count, start or stop the current native track (2.2s)
  ✓   9 [chromium] › ../../../../hsk1-app/tests/browser/listening.spec.ts:449:1 › quota failure preserves submitted listening in memory, exports it after navigation and recovers with a normal retry (2.3s)
  ✓  10 [chromium] › ../../../../hsk1-app/tests/browser/listening.spec.ts:487:1 › listening settings, native controls and submitted feedback fit four viewport widths with readable Chinese and Vietnamese (934ms)
  ✓  11 [chromium] › ../../../../hsk1-app/tests/browser/mixed-cards.spec.ts:84:44 › mixed-card preview: direct review and responsive layout at 320px (1.5s)
  ✓  12 [chromium] › ../../../../hsk1-app/tests/browser/mixed-cards.spec.ts:84:44 › mixed-card preview: direct review and responsive layout at 390px (1.5s)
  ✓  13 [chromium] › ../../../../hsk1-app/tests/browser/mixed-cards.spec.ts:84:44 › mixed-card preview: direct review and responsive layout at 768px (1.6s)
  ✓  14 [chromium] › ../../../../hsk1-app/tests/browser/mixed-cards.spec.ts:84:44 › mixed-card preview: direct review and responsive layout at 1440px (1.7s)
  ✓  15 [chromium] › ../../../../hsk1-app/tests/browser/mixed-cards.spec.ts:112:1 › all lessons show 344 sense cards and 319 written forms, deduplicate selection, and apply lesson drafts only on start (2.4s)
  ✓  16 [chromium] › ../../../../hsk1-app/tests/browser/mixed-cards.spec.ts:144:1 › a card flips repeatedly with Enter and Space, retains focus and exposes no hidden answer on its front (1.4s)
  ✓  17 [chromium] › ../../../../hsk1-app/tests/browser/mixed-cards.spec.ts:171:1 › desktop cards flip independently and their separate audio controls do not flip or advance another card (1.5s)
  ✓  18 [chromium] › ../../../../hsk1-app/tests/browser/mixed-cards.spec.ts:197:1 › mobile previous and next skip freely, return to fronts and never write mastery or legacy review data (2.8s)
  ✓  19 [chromium] › ../../../../hsk1-app/tests/browser/mixed-cards.spec.ts:220:1 › resize preserves the exact anchor and shuffled order, resets fronts and uses the new page size on next (3.1s)
  ✓  20 [chromium] › ../../../../hsk1-app/tests/browser/mixed-cards.spec.ts:250:1 › reload, route aliases and browser back/forward keep order and anchor while discarding flips and unstarted lesson drafts (2.6s)
  ✓  21 [chromium] › ../../../../hsk1-app/tests/browser/mixed-cards.spec.ts:285:1 › explicit reshuffle restarts the applied scope without applying a different lesson draft (2.3s)
  ✓  22 [chromium] › ../../../../hsk1-app/tests/browser/mixed-cards.spec.ts:301:38 › a legacy all/reverse round stays historical and is never masqueraded as a new mixed round (1.9s)
  ✓  23 [chromium] › ../../../../hsk1-app/tests/browser/mixed-cards.spec.ts:301:38 › a legacy due/reverse round stays historical and is never masqueraded as a new mixed round (1.9s)
  ✓  24 [chromium] › ../../../../hsk1-app/tests/browser/mixed-cards.spec.ts:326:1 › a failed save keeps the active in-memory page usable and retries without losing the saved queue (1.9s)
  ✓  25 [chromium] › ../../../../hsk1-app/tests/browser/mixed-cards.spec.ts:355:1 › all 344 shuffled senses remain reachable once with exact Hanzi fronts and pinyin/Vietnamese backs (20.3s)
  ✓  26 [chromium] › ../../../../hsk1-app/tests/browser/storage.spec.ts:104:1 › nonempty multi-key migration keeps submitted versions, drafts and exact old strings, and excludes authentication (587ms)
  ✘  27 [chromium] › ../../../../hsk1-app/tests/browser/storage.spec.ts:144:1 › a downloaded nonempty backup restores identical data in a new context and one import-before recovery (693ms)
(node:550) Warning: The 'NO_COLOR' env is ignored due to the 'FORCE_COLOR' env being set.
(Use `node --trace-warnings ...` to show where the warning was created)
  ✓  28 [chromium] › ../../../../hsk1-app/tests/browser/storage.spec.ts:174:1 › broken JSON, wrong schema, unknown IDs, forged fingerprints and scores cannot change saved data (950ms)
  ✓  29 [chromium] › ../../../../hsk1-app/tests/browser/storage.spec.ts:203:1 › two real tabs serialize competing imports and reject a preview after equal-revision raw changes (1.5s)
  ✓  30 [chromium] › ../../../../hsk1-app/tests/browser/storage.spec.ts:247:1 › quota and denied-write browser exceptions preserve old data and export the unsaved nonempty candidate (1.2s)
  ✓  31 [chromium] › ../../../../hsk1-app/tests/browser/storage.spec.ts:274:1 › leaving the manager while a real write lock is held cancels the queued import and all late UI writes (542ms)
  ✓  32 [chromium] › ../../../../hsk1-app/tests/browser/storage.spec.ts:296:1 › legacy source preview names every discovered source including unsupported pilot data and cancel writes nothing (450ms)
  ✓  33 [chromium] › ../../../../hsk1-app/tests/browser/storage.spec.ts:310:1 › scoped reset requires preview confirmation, cancellation preserves data, and recovery restores the exact prior state (966ms)
  ✓  34 [chromium] › ../../../../hsk1-app/tests/browser/storage.spec.ts:352:1 › failed reset preserves current state and previous recovery, and leaving aborts a queued reset (887ms)
  ✓  35 [chromium] › ../../../../hsk1-app/tests/browser/storage.spec.ts:385:1 › discovering old sources with nonempty current progress adds only missing lessons after explicit confirmation (976ms)


  1) [chromium] › ../../../../hsk1-app/tests/browser/storage.spec.ts:144:1 › a downloaded nonempty backup restores identical data in a new context and one import-before recovery 

    Error: expect(received).toBeTruthy()

    Received: undefined

      153 |     await expect(fresh.locator('#auth-gate')).toBeVisible();
      154 |     expect(await fresh.evaluate(key => sessionStorage.getItem(key), sessionKey)).toBeNull();
    > 155 |     expect(process.env.HSK_TEST_PASSWORD).toBeTruthy();
          |                                           ^
      156 |     await fresh.locator('#class-password').fill(process.env.HSK_TEST_PASSWORD!);
      157 |     await fresh.locator('#class-password').press('Enter');
      158 |     await openManager(fresh, false);
        at /workspace/scratch/28b55072841a/hsk-hub-resume/hsk1-app/tests/browser/storage.spec.ts:155:43

    Error Context: hsk1-retained-output/hsk1-preserved.retained.ts-971af--one-import-before-recovery-chromium/error-context.md

  1 failed
    [chromium] › ../../../../hsk1-app/tests/browser/storage.spec.ts:144:1 › a downloaded nonempty backup restores identical data in a new context and one import-before recovery 
  34 passed (1.7m)
