
Error: Requiring @playwright/test second time, 
First:
Error: 
    at Object.<anonymous> (/workspace/scratch/28b55072841a/hsk-hub-resume/course-app/node_modules/playwright/lib/index.js:68:33)
    at Module._compile (node:internal/modules/cjs/loader:1872:14)
    at Object.<anonymous> (node:internal/modules/cjs/loader:2003:10)
    at Module.load (node:internal/modules/cjs/loader:1594:32)
    at Module._load (node:internal/modules/cjs/loader:1396:12)
    at wrapModuleLoad (node:internal/modules/cjs/loader:255:19)
    at Module.require (node:internal/modules/cjs/loader:1617:12)
    at require (node:internal/modules/helpers:153:16)
    at Object.<anonymous> (/workspace/scratch/28b55072841a/hsk-hub-resume/course-app/node_modules/playwright/test.js:17:13)
    at Module._compile (node:internal/modules/cjs/loader:1872:14)
    at Object.<anonymous> (node:internal/modules/cjs/loader:2003:10)
    at Module.load (node:internal/modules/cjs/loader:1594:32)
    at Module._load (node:internal/modules/cjs/loader:1396:12)
    at wrapModuleLoad (node:internal/modules/cjs/loader:255:19)
    at loadCJSModuleWithModuleLoad (node:internal/modules/esm/translators:372:15)
    at ModuleWrap.<anonymous> (node:internal/modules/esm/translators:244:9)
    at ModuleJob.run (node:internal/modules/esm/module_job:439:25)
    at processTicksAndRejections (node:internal/process/task_queues:104:5)
    at node:internal/modules/esm/loader:643:26
    at requireOrImport (/workspace/scratch/28b55072841a/hsk-hub-resume/course-app/node_modules/playwright/lib/common/index.js:1136:12)
    at loadUserConfig (/workspace/scratch/28b55072841a/hsk-hub-resume/course-app/node_modules/playwright/lib/common/index.js:1323:46)
    at loadConfig (/workspace/scratch/28b55072841a/hsk-hub-resume/course-app/node_modules/playwright/lib/common/index.js:1330:22)
    at Object.loadConfigFromFile (/workspace/scratch/28b55072841a/hsk-hub-resume/course-app/node_modules/playwright/lib/common/index.js:1546:10)
    at runTests (/workspace/scratch/28b55072841a/hsk-hub-resume/course-app/node_modules/playwright/lib/cli/testActions.js:46:18)
    at _Command.<anonymous> (/workspace/scratch/28b55072841a/hsk-hub-resume/course-app/node_modules/playwright/lib/program.js:55:7)

Second: 
    at Object.<anonymous> (/workspace/scratch/28b55072841a/hsk-hub-resume/hsk1-app/node_modules/playwright/lib/index.js:63:11)
    at Object.<anonymous> (/workspace/scratch/28b55072841a/hsk-hub-resume/hsk1-app/node_modules/playwright/test.js:17:13)

Error: No tests found
Listing tests:
Total: 0 tests in 0 files
