npm warn Unknown env config "http-proxy". This will stop working in the next major version of npm.

> hsk1-modular-app@0.1.0 test
> node tools/run-checkpoint.mjs unit

✔ next-round disclosures initialize once from saved rounds and keep content first (1.775073ms)
✔ mixed cards use independent reversible native buttons and free group navigation (0.417078ms)
✔ practice enters mixed cards directly while listening remains independently available from courses (0.243787ms)
✔ Hanzi canvas precedes the complete bank and dialogue selectors are responsive alternatives (1.204503ms)
✔ new GUI copy remains bilingual and long contiguous active scopes stay compact (0.709579ms)
✔ assignment interface static copy has explicit Chinese and Vietnamese text (3.369603ms)
✔ save presentation separates queued autosave from confirmed failure without changing storage (0.303417ms)
✔ listening first/latest counts and session scope are separate bilingual facts (0.482987ms)
✔ known controller and audio failures are translated semantically while unknown details survive (0.277198ms)
✔ manual receipt copy states no automatic score and interpolated content remains literal (0.198739ms)
✔ a resolved play promise alone never claims actual playback; metadata sets the real range (4.796692ms)
✔ generation cancellation ignores a late rejection and an old view abort cannot stop the new request (0.680605ms)
✔ segment boundaries stop before the next recording; changing speed reschedules the actual media boundary (0.907517ms)
✔ playlist advances once per range and stops on a real error instead of skipping or claiming success (0.673665ms)
✔ a late play rejection from a preceding playlist item or paused play cannot poison its successor (0.774016ms)
✔ pause during a delayed start remains paused; resume waits for playing and replay resets the range (4.192583ms)
✔ an already started clock at HAVE_CURRENT_DATA can recover after waiting; zero/metadata readiness and seek jumps cannot (0.853254ms)
✔ clock and readiness cannot invent a first playing event; genuinely stalled resumed media times out (0.337798ms)
✔ loading an original track already at zero avoids a redundant initial seek (1.843996ms)
✔ autoplay denial stays an error until an explicit retry really starts playback (0.514234ms)
✔ a stalled media start and a silent synthesis start terminate with a retryable error (0.766274ms)
✔ bad ranges are rejected and range beyond media duration never plays (0.246161ms)
✔ metadata rejects a truncated segment and later duration corrections cannot silently shorten it (0.661015ms)
✔ ended before a playing or speech start event reports error and never advances a playlist (0.307623ms)
✔ speech waits for a Chinese voice and for a start event, with clear TTS source and selected replay speed (0.281093ms)
✔ a device with only foreign voices reports unsupported, then can retry after Chinese voices arrive (0.302486ms)
✔ switching media cancels speech, and a cancelled waiting voice request cannot start after leaving its view (0.33172ms)
✔ disposal cancels pending work, clears timers and listeners, and isolates observers and snapshots (2.15826ms)
✔ a view stopping synchronously on a loading notification cannot resurrect media or leave voice timers (0.166291ms)
✔ a late native resume rejection after the intentional segment boundary cannot replace ended with error (0.250287ms)
✔ a retired native play rejection at a sequence boundary cannot fail the next segment (0.194864ms)
✔ native play plus real advancing ready clock confirms resume when WebKit omits another playing event (0.198529ms)
✔ native play alone cannot invent a first playing event, a stalled resume or a seek jump (0.164728ms)
✔ transient WebKit zero-duration metadata does not reject an original recording or claim playback early (0.177868ms)
✔ zero-duration placeholder never bypasses a later real truncated-segment check (0.141283ms)
✔ playing before positive metadata waits; positive duration then confirms the actual native start (0.414705ms)
✔ canplay or permanent zero duration never substitutes for confirmed usable playback (0.39121ms)
✔ empty/corrupt media ending at zero and metadata seek exceptions remain hard failures (0.382546ms)
✔ persistent zero metadata on a whole recording requires two real native clock advances (0.143066ms)
✔ zero-metadata clock recovery cannot certify bounded clips, paused clocks or seek jumps (0.226541ms)
✔ WebKit silent positive duration on timeupdate confirms playback without restarting the original (0.182285ms)
✔ silent positive duration still rejects truncated segments and does not certify a paused or seeking clock (0.197688ms)
✔ wrong and empty passwords cannot grant access or write any session key (7.933295ms)
✔ a v2 session is reused by a new service instance without extra writes (0.918493ms)
✔ every legacy alias and obsolete local key fails to bypass v2 authorization (0.372491ms)
✔ a development hostname does not bypass the session gate (0.215986ms)
✔ storage exceptions do not imply authorization and wrong passwords remain rejected (1.309432ms)
✔ correct password writes the original v2 key and complete session aliases (0.462666ms)
✔ correct password allows only this instance when storage is denied (5.236735ms)
✔ correct password reports a failed persistence read without losing memory access (0.603539ms)
✔ password verification fails closed when WebCrypto is unavailable (1.139637ms)
✔ password verification fails closed when SubtleCrypto is unavailable (0.245409ms)
✔ password verification fails closed when WebCrypto digest throws (0.280573ms)
✔ password verification fails closed when WebCrypto digest rejects (0.332992ms)
✔ vocabulary UI dictionaries pair explicit Chinese and Vietnamese without changing curriculum content (1.947082ms)
✔ paired DOM helper preserves language semantics, safe text, and updates rather than duplicating labels (0.268725ms)
✔ the frozen corpus is reproducible, has all required counts and no copied audio payload (31.386205ms)
✔ HTML order includes every mandatory layer and rejects unknown or missing scripts (2.075054ms)
✔ all final textbook corrections survive extraction, including speaker and timing repairs (0.463908ms)
✔ sense mapping preserves polysemy and detects semantic or same-lesson mapping drift (4.739526ms)
✔ media references reject missing originals, orphan clips and unsupported invented word audio (15.908131ms)
✔ clip integrity requires actual bytes, expected SHA256 and strict base64 (0.925424ms)
✔ record and artifact fingerprints bind IDs, sources and exported contents (36.814988ms)
✔ static content extraction handles brackets inside strings and fails on unsupported input (1.568721ms)
✔ check mode fails on stale or absent output and never repairs it implicitly (0.892053ms)
✔ domain rules match pinned bodies except approved navigation, search and listening-size changes (3.429023ms)
✔ real nonempty old records retain reading, first/latest, submitted translations, redo drafts and recovery raw (48.916666ms)
✔ shared records of other HSK levels stay byte-for-byte in raw and never become HSK1 progress (17.257135ms)
✔ stage2 takes precedence; corrupt main does not silently activate stage1, learning or recovery (52.057035ms)
✔ stage1 app missing or explicit migrates only lesson3 and avoids a new nested archive copy (13.362209ms)
✔ legacy compatibility verifies actual original identities rather than trusting same-ID flags (11.839918ms)
✔ a full old L3 group with one changed identity keeps only verified partial drafts and no grade (8.857116ms)
✔ listening and vocabulary state restore real sessions, unsubmitted choices, rating queues and distinct senses (8.35499ms)
✔ new backup import refuses changed grades, boolean results and manual scores instead of trusting them (67.866709ms)
✔ valid old backups recompute modified grades and report the policy explicitly (16.385463ms)
✔ wrong app/schema, unknown IDs, altered fingerprints, incomplete answers and invalid timestamps are rejected (36.800952ms)
✔ importing one legacy domain preserves every unrelated domain and original source string (42.140342ms)
✔ repeated new-format validation and migration round trips add no archive layers or identity changes (41.777586ms)
✔ access gates are excluded from migration and forbidden in new learning backups (31.393075ms)
✔ malformed reading or previous sources produce visible warnings while retaining source bytes (20.620418ms)
✔ clock rollback does not redefine semantic first/latest or reject an otherwise valid old record (16.256768ms)
✔ old self-ratings map to active cards only with an exact unique Hanzi, pinyin and meaning identity (33.160711ms)
✔ known old again rating becomes a validated active again schedule without fabricating test scores (7.668707ms)
✔ pilot source discovery and uploaded backup retain exact bytes and expose unsupported answers without invented grades (5.009693ms)
✔ on-device discovery adds missing old lessons while preserving every existing current answer, draft and active queue (39.771675ms)
✔ full original answer corpus maps 299 original-domain submissions and excludes the corrected task without scoring rewritten homework (29.509584ms)
✔ score-only original history stays in raw and is counted unsupported, never converted into a submission (6.084531ms)
✔ data safety copy covers every state, summary metric and reset module in both languages (8.857462ms)
✔ dynamic copy retains exact source counts, reset scope and comparison evidence (0.347954ms)
✔ controlled diagnostics are paired without translating or discarding unfamiliar raw detail (0.345941ms)
✔ compatibility warnings become bilingual while exact source bytes and source count evidence survive (42.104108ms)
✔ reset title and validation errors preserve Vietnamese contracts and add Chinese scope (19.055002ms)
✔ a retired URL cannot enumerate an untouched bank, even with a remembered position (3.912601ms)
✔ projection is restricted to the exact set, lesson and group and preserves entry/authority identity (3.322553ms)
✔ explicit zero, empty token and empty writing drafts remain drafts without synthetic scores or dates (0.476618ms)
✔ first/latest/all submissions preserve saved order, timestamps, grades, fingerprints and retry drafts (0.556227ms)
✔ archiving never grades against an answer key or changes a stored result (0.264919ms)
✔ manual saved text, empty lines and Unicode remain exact and never acquire an automatic grade (0.348054ms)
✔ shared authority data appears only under an entry in the selected scope (0.2858ms)
✔ original homework receipts are separate from review attempts and never expose untouched aliases (1.68001ms)
✔ capped original homework histories keep first and latest separate without fabricating lost attempts (6.726138ms)
✔ a confirmed reset empties the projected scope while preserving the source and other lessons (0.814717ms)
✔ archive view has no write, retry, grading, audio, or draft-exit owner and leaves maintenance module intact (0.58471ms)
✔ all exercise interface labels have explicit Chinese and Vietnamese copies (1.864728ms)
✔ dynamic labels preserve all counts, source references and typed profile text without translating curriculum (4.664022ms)
✔ pending-save copy never claims a failed write and known failure guidance remains specific (0.25909ms)
✔ submissions retain first/latest order across clock rollback, reject double submit, schedule from answers (2.299353ms)
✔ manual tasks never gain grades, invisible-only strings are incomplete, mistakes/due exclude them (0.628346ms)
✔ wrong/due questions preserve shared authorities, lesson scope and current homework first scores (0.611691ms)
✔ drafts, token domains, retry flags, positions, reset and unsupported data are validated (1.071663ms)
✔ v2 migration uses pinned identity witness, recomputes first/attempt, never score-only history (12.562836ms)
✔ current-homework review uses attempt sequence instead of wall clock and old records remain readable (0.636218ms)
✔ v2 restarted groups keep every previously submitted question open even when new drafts are empty or partial (0.629918ms)
✔ all committed fixtures reproduce byte-for-byte with fixed timestamps and no private or media payload (4.87458ms)
✔ reading, shared and navigation fixtures preserve distinct raw strings and non-HSK1 rows (0.780004ms)
✔ learning_v2 contains real old objective and translation submissions but no invented complete current group (4.649551ms)
✔ stage1 missing and explicit app fixtures migrate L3 and separate submitted translation A from redo B (8.997177ms)
✔ stage2 fixtures are valid nonempty states with both histories, long raw text, distinct drafts and recovery (10.606637ms)
✔ stage3 fixtures retain first/latest, unsubmitted listening selection/count, three schedules and partial review (8.591867ms)
✔ nonempty fixtures support meaningful bad identity, fingerprint and answer mutations without rewriting source (12.755187ms)
✔ view reads and rejected actions do not create or dirty empty lesson groups (36.769225ms)
✔ all 75 choice questions accept only the calibrated option among four choices (462.4934ms)
✔ all 95 frozen accepted sorting variants score correctly and each of 75 wrong orders is rejected (1.120998ms)
✔ 15 complete lessons retain first zero scores, latest full scores and 75 ungraded manual submissions (3624.014578ms)
✔ manual original text and new draft stay separate through redo, save and backup import (43.616207ms)
✔ blank invisible translations fail completion, long limits do not truncate drafts and profile remains bounded (24.334568ms)
✔ sorting orders survive remount, duplicates and partial drafts cannot submit, submitted order remains immutable (24.14318ms)
✔ retained history stays bounded while first attempt and unrelated learning domains remain intact (215.032518ms)
✔ view limits and navigation availability reuse the canonical homework rules (13.221356ms)
✔ collecting untouched empty translations is a no-op while deleting entered text remains a dirty edit (21.572649ms)
✔ unreleased v1 candidate identity is rejected without silently regrading earlier submitted answers (15.824027ms)
✔ a stale unreleased candidate primary remains byte-exact exportable and cannot be overwritten by save (2.591191ms)
✔ all 225 pre-v1 legacy homework submissions remain accepted with their original fingerprints and scores (25.178142ms)
✔ homework v1 has exactly 15 × 30 questions with the approved five-part ratios (2.388095ms)
✔ all identities are version-scoped, globally unique, and have canonical content fingerprints (15.863877ms)
✔ all 300 MC questions have four different options and exactly one keyed correct option (6.205874ms)
✔ manual translation content is prompt-only and cannot leak answers or automatic scoring fields (0.933295ms)
✔ the authoritative mapping exhaustively resolves every question to immutable authority and entry content (19.599742ms)
✔ lesson metadata and source labels preserve known origins without inventing legacy textbook pages (3.999252ms)
✔ all listening audio intervals, transcripts and pinyin are preserved, including the corrected lesson-10 clip (4.183279ms)
✔ lesson-3 authored scenarios have distinct propositions and individual Chinese/Vietnamese distractor checks (2.614196ms)
✔ 450-item inventory and exhaustive evidence track revisions and only three explicit reinforcement exceptions (842.526794ms)
✔ all 191 reviewed overlays have resolved current-or-earlier scope and exact public content change records (11.472244ms)
✔ new sorting expressions are exact permutations of their own tokens, including all accepted variants (1.211084ms)
✔ duplicate/leak regression checks catch reordered MC options, completed clozes and wrong-option/manual exposure (2424.848562ms)
✔ mapping accounts for every unselected comprehensive and pilot entry and standalone authority (3.43428ms)
✔ comprehensive shared-reference resolver preserves overrides, option order and correct-answer identity (1.970687ms)
✔ all three source banks remain byte-identical and generated artifacts are reproducible (948.142504ms)
✔ check mode rejects drift without repairing it and generation refuses changed source bytes (831.747027ms)
✔ all 450 distinct questions submit with 375 automatic results and 75 genuinely ungraded writing answers (32.572065ms)
✔ read, invalid answers, locked groups and incomplete submissions never dirty or create groups (24.149082ms)
✔ zero-score completed section unlocks next; restart retains immutable first/latest/history and does not relock (35.599212ms)
✔ new homework saves reloads exports imports and resets without relabeling any old submission (43.992951ms)
✔ old modular backup extends with an empty new version and unchanged legacy route/history (1.477736ms)
✔ legacy source imports supplement only old domains and cannot overwrite versioned progress (4.794599ms)
✔ new-state tampering and cross-version answers are rejected rather than accepted as grades (4.644102ms)
✔ twenty retained attempts preserve the real first attempt after the history window moves (1.352156ms)
✔ manual IME-sized drafts preserve exact text and rejected overflow never truncates accepted text (3.804378ms)
✔ new and legacy route identity and totals remain separate; original audio is used unchanged (5.946043ms)
✔ the single exit guard collects a DOM-only tail before checking dirty state and coalesces repeated exit attempts (24.706382ms)
✔ an invalid DOM-only draft warns even when the store is clean without inventing a persisted draft (0.482947ms)
✔ only the current exit collector runs; stale unsubscribe and disposal cannot revive or clear another registration (0.231047ms)
✔ an exit collector failure cannot silently permit abandoning visible input (0.406261ms)
✔ beforeunload protects an unsaved draft while its normal locked flush is pending, and saved state does not prompt (6.35533ms)
✔ failed saves keep exit protection active and an explicit discard reload clears it (6.113856ms)
✔ opening or flushing a clean app does not create a learning record (0.748277ms)
✔ rapid edits keep the latest multiline Chinese in memory and debounce to one confirmed write (12.907235ms)
✔ concurrent flush callers share a pending write and edits while waiting for the lock enter that write (3.974023ms)
✔ an edit published immediately after a commit receives a second write without losing the newer draft (6.731796ms)
✔ quota failure stops automatic retries, preserves exportable memory work, and allows explicit retry (5.672933ms)
✔ dispose cancels its debounce timer and waits for the final lock before closing the shared store (2.588107ms)
✔ external conflict preserves memory and final flushing never overwrites another tab (5.21339ms)
✔ leaving a data view cancels its queued import or restore while the application session remains writable (18.35707ms)
✔ exactly300 original and30pilot entry paths resolve,12current original refs plus3pilot shared cores (1.329192ms)
✔ all300original prompts,contexts,choice domains,token domains and correct targets match source except documented transcript correction (11.02472ms)
✔ pilot contexts/domains remain exact while5writing tasks contain prompt/source only (23.248116ms)
✔ every authored fingerprint is content-exact and every original audio range fits the existing track (6.652376ms)
✔ manual answer leakage,missingpassage,aliasdomains andduplicatedentries are rejected (42.187193ms)
✔ loading gates module fieldsets until ready and preserves individual button rules (22.470545ms)
✔ a new route synchronously aborts and unmounts the old module (1.145935ms)
✔ a late importer cannot mount or replace the current surface (1.033977ms)
✔ a late ready and old surface writes cannot affect the new module (0.921558ms)
✔ late rejected import and ready promises stay observed after cancellation (0.84954ms)
✔ import and ready failures clean up and retry the latest route (0.595937ms)
✔ a throwing unmount blocks the next mount and remains available for retry (0.63125ms)
✔ navigation during a throwing unmount cannot hide the cleanup failure (0.437729ms)
✔ navigation during error cleanup also preserves a throwing unmount (0.661186ms)
✔ dispose aborts pending work, unmounts once, and stays idempotent (3.230675ms)
✔ dispose during import prevents a late mount (0.698091ms)
✔ dispose inside a throwing unmount still reports the cleanup failure (0.323137ms)
✔ listening content preserves the sole catalog, exactly 75 unique original questions and 15 × 5 quotas (48.558566ms)
✔ all 75 audio requests use exact declared original tracks and ranges, never clip duration or base64 media packs (26.966555ms)
✔ missing, duplicated or misplaced questions and malformed choices, feedback or transcript fail the whole load (134.435213ms)
✔ lesson and source provenance rejects duplicate lessons, page offset drift, absent sections and mixed baselines (75.771712ms)
✔ missing, duplicate, orphan or different media identities cannot silently choose substitute audio (71.718659ms)
✔ range validation rejects negative, equal, nonfinite and beyond-track boundaries without clamping (32.340496ms)
✔ actual SHA256 verification detects valid-shaped question, clip and original metadata drift (140.791324ms)
✔ loaded content is deeply readonly, isolates caller mutations and never alters inputs (44.637822ms)
✔ loader fetches only the two established content files with the view signal and reports HTTP failure (16.548477ms)
✔ pre-aborted, late JSON and in-flight fingerprint work never return content for a departed module (10.77912ms)
✔ construction, empty reads and rejected actions do not create a round or schedule writes (9.541306ms)
✔ first route initializes its lesson once; mixed or empty explicit selections survive visits and remounts (20.299946ms)
✔ only supported preferences change, five speeds remain exact and normalized same values do not resave (13.507228ms)
✔ all 75 canonical questions grade each of four original options correctly without trusting display order (489.769866ms)
✔ all 75 wrong-first then correct-redo answers retain first/latest separately and leave other domains intact (6876.855625ms)
✔ selection, queue, shuffled option orders and exact engine fingerprints resume after actual save and refresh (90.070988ms)
✔ submission gates feedback and forward navigation; invalid answers and repeated submissions leave saved draft unchanged (15.319464ms)
✔ successful playback tokens count once, repeated and slow listens do not change score, stale callbacks never write (18.165479ms)
✔ wrong-only filter uses latest records in selected lessons, starting a fresh round preserves earlier records (544.782514ms)
✔ backup validation recalculates scores and rejects same IDs with changed question fingerprints (25.264588ms)
✔ invalid random source and invalid clock fail before dirtying global data or overwriting a resumable round (8.072464ms)
✔ 5/10/all listening round sizes preserve fingerprints, exact saved queue and unrelated scores (31.691625ms)
✔ mixed reads are pure, route scope starts at current lesson and draft scope never writes (60.204632ms)
✔ mixed all-course pool has 344 senses/319 forms and only start shuffles once (445.707687ms)
✔ existing non-card preferences cannot replace the first route scope or affect browsing options (27.377213ms)
✔ empty draft cannot replace a round and invalid anchors never write (39.458994ms)
✔ shared senses merge only selected sources and never borrow outside-scope audio (15.174387ms)
✔ compatible legacy all/zh-vi queue resumes its exact order/anchor without altering original data (84.101882ms)
✔ reverse, due, unfamiliar, and search-scoped legacy queues stay untouched and require a new round (136.07399ms)
✔ saved order, anchor, scope and original practice roundtrip through reload/export/import (101.466686ms)
✔ malformed mixed state, order, pool, anchor and fingerprints are rejected before replacing valid state (216.154804ms)
✔ scoped resets preserve retained mixed order and anchor; unrelated reset leaves mixed state unchanged (90.58655ms)
✔ shared-sense scoped reset recalculates source fingerprint without removing retained sense (11.230779ms)
✔ reset preview cancellation, failed write and restoration preserve mixed round atomically (65.169298ms)
✔ failed persistence keeps actual mixed memory round exportable and never writes legacy state (90.378792ms)
✔ progress resumes new mixed anchor before legacy position without changing historical rating summary (39.718249ms)
✔ progress only claims compatible old rounds and never resurrects old position after explicit mixed reset (89.438882ms)
✔ four presentation groups retain every existing route exactly once (1.632819ms)
✔ empty progress retains independent 225 homework / 150 objective / 75 translation / 75 listening / 344 sense denominators (10.376424ms)
✔ nonempty cross-domain progress preserves first/latest scores, translation submission and a separate redo draft (18.971887ms)
✔ partial homework completion reports full denominators and low-score redo does not replace the first score (16.368822ms)
✔ reading marks, stars and vocabulary ratings never become homework completion or objective scores (17.313549ms)
✔ due counts separate new cards from rated cards and include the exact due-time boundary (31.933574ms)
✔ same written forms keep their different sense schedules and never reduce the 344 denominator to 319 (16.435527ms)
✔ continuation preserves textbook sections and homework parts, while practice resolves the actual saved item (95.572226ms)
✔ a saved module with no active round continues its selected route without inventing a position (0.316717ms)
✔ validated backup export and restore reproduce the same progress and continuation without changing the schema (38.11415ms)
✔ opening five textbook sections records visited sections and exact continuation, never completion or homework scores (23.887708ms)
✔ same route visited again does not schedule another write or duplicate shared sections (3.598268ms)
✔ lesson completion is an explicit independent mark and can be removed without resetting visits or submitted work (15.58082ms)
✔ mastered word keys remain compatible and restore across a validated backup; unknown words are rejected (12.025748ms)
✔ lesson reset touches only selected active lesson and preserves profile, settings, raw and unrelated domains (72.298852ms)
✔ module and all-course reset clear active progress and keep safety copies and unrelated settings (44.220497ms)
✔ shared-sense lesson reset retains other lessons schedule and announces the exception (16.371769ms)
✔ preview, cancellation, stale confirmation, failed write and recovery never discard current data (68.302926ms)
✔ old backups default exercises to blank and scoped exercise resets preserve other lessons and original homework (42.829574ms)
✔ single-lesson reset removes only that lesson from mixed sessions and preserves other lesson drafts and revealed cards (41.98397ms)
✔ 5/10 sized mixed listening reset preserves exact outside-scope answers through repeated reset and import (55.035811ms)
✔ homework reset and replacement import rebase retained review witnesses without deleting exercise answers (27.479552ms)
✔ canonical hashes have highest priority and round-trip every route feature (4.981279ms)
✔ legacy mode, lesson pages, stages and integrated homework hashes are preserved (0.587935ms)
✔ invalid route fields normalize safely and fields stay feature-specific (3.835295ms)
✔ initial canonicalization replaces one entry only when the URL differs (2.648398ms)
✔ 500 equivalent navigations make zero writes; a changed route makes exactly one (8.978778ms)
✔ popstate/hashchange dedupe while back and forward restore the address route (0.975368ms)
✔ unsubscribe and dispose release listeners and stop notifications/history writes (0.277177ms)
✔ disposing during a notification stops remaining subscribers (0.184227ms)
✔ navigation inside a subscriber does not deliver an obsolete route afterward (0.61754ms)
✔ original/pilot/homework-review routes roundtrip with bounded groups and independent filters (0.410718ms)
✔ dirty state is transient, survives a queued write, and clears only after confirmed save or explicit reload (4.526285ms)
✔ a clean external conflict is not dirty, but a conflicting local edit remains dirty after failed save (0.586393ms)
✔ replacement and recovery commit in one write, never nest, and restore submitted A with draft B (2.472362ms)
✔ quota leaves original raw intact and exports the actual unsaved multiline draft (0.49818ms)
✔ a denied import changes neither current data nor original raw, while its candidate remains exportable (0.446121ms)
✔ read access denial and missing Web Locks prevent writes but allow exporting memory work (0.525852ms)
✔ two cooperating tabs sharing a lock keep the first commit and reject the second without losing its draft (0.433873ms)
✔ a preview expires after a local edit, including an edit while confirmation waits for the lock (0.380903ms)
✔ same revision with different raw is a conflict for preview confirmation and ordinary save (0.495987ms)
✔ a preview held by the service is immune to mutation or fabrication by its caller (0.549086ms)
✔ corrupt current JSON, app, schema, or recovery stays byte-for-byte exportable and cannot be overwritten (1.025374ms)
✔ invalid backup identity and learning schema reject before any write; backup excludes unrelated auth keys (2.162606ms)
✔ queued save and confirmation cannot write or publish after disposal (1.990457ms)
✔ a write that takes effect and then throws is accepted only after exact read-back confirmation (1.109981ms)
✔ read-back denial never reports saved even when the attempted write may have reached storage (1.354309ms)
✔ an unexpected third-party value is never rolled back after a failed write (0.854567ms)
✔ frozen textbook keeps 15 lessons, 342 rows, 45 scenes and 40 grammar plus 3 phonetics (5.918061ms)
✔ all 344 declared senses resolve exact catalog audio and provenance without merging 342 rows (10.397243ms)
✔ 14 unsupported lesson 4 words stay unavailable with accurate original-audio explanation (11.85596ms)
✔ multi-sense 天 and 上 retain separate declared clips while same-form 在 stays in its lesson (0.653023ms)
✔ all 45 whole scenes and every line use frozen original tracks and unmodified segment ranges (3.582223ms)
✔ all lesson vocabulary playlists preserve three whole tracks and only lessons 1–3 have tongue tracks (0.831262ms)
✔ foreign lesson IDs, scene/line IDs and unknown words never resolve arbitrary clips (0.215043ms)
✔ validation rejects missing or duplicate content, wrong phonetics placement and mixed baselines (48.588024ms)
✔ invalid boundaries, source paths, swapped scenes and undeclared foreign audio fail instead of clamping (50.69765ms)
✔ wrong catalog identity, missing declaration and off-by-one word timing reject the complete load (25.625401ms)
✔ immutable loaded content is isolated from caller mutations and does not alter frozen inputs (29.988521ms)
✔ every textbook section and player/save state has explicit Chinese and Vietnamese copy (1.989956ms)
✔ known failures translate exactly and unknown diagnostics remain available without a guessed translation (0.189825ms)
✔ dynamic Hanzi and practice labels keep counts and characters in both languages (0.351038ms)
✔ practice instructions add no answer material and do not alter the question bank (11.303839ms)
✔ the existing 150 corrected textbook questions remain unchanged while explicit legacy targets are added (28.653801ms)
✔ textbook review grades all 160 retained and restored questions separately and permits unselected submissions (2.376588ms)
✔ review generation and grading do not mutate the frozen lesson or caller selections; invalid indexes count as unselected (1.23537ms)
✔ the bundled Hanzi Writer 3.7.3 body is byte-identical to the frozen source; only the lifecycle adapter is added (2.259492ms)
✔ the Hanzi lifecycle adapter removes every pointer listener and cancels active quiz/render work on disposal (1.824738ms)
✔ all ten audited legacy word targets use current corrected text and no replaced source sentence returns (1.745178ms)
✔ exhaustive browser batches cover every frozen sense once, all 330 audio records, and all 14 missing-audio records (8.034957ms)
✔ vocabulary exposes exactly the frozen 344 sense records / 319 forms with all editorial source and category fields intact (92.022076ms)
✔ all 330 audio requests resolve exact same-lesson original word ranges with no answer-bearing label or synthetic clip (75.485039ms)
✔ all 14 no-audio records remain explicit null, correspond to the L4 numeric table, and never borrow another lesson clip (47.604877ms)
✔ record shape, stable identity, counts, sense separation and complete source provenance are validated (219.630291ms)
✔ missing, duplicated, orphan or substituted audio metadata is rejected before any resolver is returned (191.903567ms)
✔ no-audio declarations cannot disappear, duplicate, point at a different sense, or acquire a fabricated clip (143.439459ms)
✔ range validation rejects negative, zero, nonfinite, beyond-track and same-lesson non-vocabulary clips (69.180256ms)
✔ actual SHA256 verification rejects valid-shaped editorial, clip and original-track metadata drift (368.387351ms)
✔ content snapshots are deeply readonly and stable across caller mutations during asynchronous validation (115.146112ms)
✔ loader uses the three existing source JSON files and AbortSignal, with HTTP failure visible (72.795409ms)
✔ aborted loads and in-flight hashes cannot deliver content to a departed view (13.208306ms)
✔ current textbook examples preserve exact Chinese, pinyin, Vietnamese and lesson sources without copying audio (91.397977ms)
✔ every polysemous sense has a reviewed same-lesson example; homographs never share the wrong use (47.454386ms)
✔ examples reject another baseline and unverified text; asynchronous reads do not expose caller mutations (154.370177ms)
✔ construction and reads do not create reviews; rejected empty actions do not schedule saves (49.133784ms)
✔ first route selects its lesson once, review visit never replaces the queue or enables due automatically (79.870351ms)
✔ supported preferences normalize with no-op saves; invalid values cannot corrupt any practice field (37.098765ms)
✔ all lessons expose exactly 344 distinct sense cards and 319 forms while preserving every source (39.108131ms)
✔ same sense merges across selected lessons only and never borrows audio from an unselected source (17.230893ms)
✔ homographs 家 在 天 上 retain separate sense identities and schedules (57.822616ms)
✔ all, unfamiliar, wrong and due use selected senses and latest self-ratings without changing the active queue (40.897384ms)
✔ free movement preserves each card while reveal still gates rating and repeated actions do not duplicate writes (36.166642ms)
✔ skipping preserves existing schedules and all queue options, including due cards with an earlier unrated gap (31.317682ms)
✔ unrated gaps and the exact saved position survive reload and backup import without losing skipped cards (194.712745ms)
✔ out-of-order self-ratings complete only after every card is rated and preserve the true completion time (35.737906ms)
✔ single-card and last-card next calls are no-ops even without revealing or rating (13.591924ms)
✔ again, hard, good and early good exactly preserve the existing simple schedule semantics (34.714045ms)
✔ a rated card stays current in a due round even when current preferences change lesson, direction and filter (56.241952ms)
✔ shuffled order, position, reveal, self-ratings, preferences and source selection resume after actual save and backup import (87.929555ms)
✔ vocabulary edits preserve homework, listening, reading stars and legacy original bytes (31.354106ms)
✔ invalid clock or shuffle source cannot replace an existing round; changed sense identity cannot inherit self-ratings (77.240712ms)
✔ quota failure and cross-tab conflict preserve the self-rating in exportable memory without pretending to save (129.182295ms)
✔ mixed search matches Chinese, Vietnamese and unaccented/spaceless pinyin without merging senses (360.625896ms)
✔ search intersects lesson and rating filters; empty searches cannot replace a saved round (199.705282ms)
✔ searched queues retain exact ordering, saved scope and unrated gaps through reload and backup import (223.982398ms)
✔ saved search never permits foreign, omitted, or substituted queue members (43.79004ms)
ℹ tests 333
ℹ suites 0
ℹ pass 333
ℹ fail 0
ℹ cancelled 0
ℹ skipped 0
ℹ todo 0
ℹ duration_ms 9295.665768
