npm warn Unknown env config "http-proxy". This will stop working in the next major version of npm.

> hsk1-modular-app@0.1.0 test
> node tools/run-checkpoint.mjs unit

✔ next-round disclosures initialize once from saved rounds and keep content first (6.38962ms)
✔ mixed cards use independent reversible native buttons and free group navigation (1.00282ms)
✔ practice enters mixed cards directly while listening remains independently available from courses (0.383277ms)
✔ Hanzi canvas precedes the complete bank and dialogue selectors are responsive alternatives (1.097382ms)
✔ new GUI copy remains bilingual and long contiguous active scopes stay compact (1.3817ms)
✔ assignment interface static copy has explicit Chinese and Vietnamese text (1.757506ms)
✔ save presentation separates queued autosave from confirmed failure without changing storage (0.303247ms)
✔ listening first/latest counts and session scope are separate bilingual facts (4.913828ms)
✔ known controller and audio failures are translated semantically while unknown details survive (0.301995ms)
✔ manual receipt copy states no automatic score and interpolated content remains literal (0.229476ms)
✔ a resolved play promise alone never claims actual playback; metadata sets the real range (4.752845ms)
✔ generation cancellation ignores a late rejection and an old view abort cannot stop the new request (0.714546ms)
✔ segment boundaries stop before the next recording; changing speed reschedules the actual media boundary (0.711201ms)
✔ playlist advances once per range and stops on a real error instead of skipping or claiming success (0.598732ms)
✔ a late play rejection from a preceding playlist item or paused play cannot poison its successor (0.507294ms)
✔ pause during a delayed start remains paused; resume waits for playing and replay resets the range (3.410825ms)
✔ an already started clock at HAVE_CURRENT_DATA can recover after waiting; zero/metadata readiness and seek jumps cannot (0.664961ms)
✔ clock and readiness cannot invent a first playing event; genuinely stalled resumed media times out (0.329115ms)
✔ loading an original track already at zero avoids a redundant initial seek (0.250958ms)
✔ autoplay denial stays an error until an explicit retry really starts playback (0.512381ms)
✔ a stalled media start and a silent synthesis start terminate with a retryable error (0.593904ms)
✔ bad ranges are rejected and range beyond media duration never plays (0.417639ms)
✔ metadata rejects a truncated segment and later duration corrections cannot silently shorten it (0.267493ms)
✔ ended before a playing or speech start event reports error and never advances a playlist (0.402106ms)
✔ speech waits for a Chinese voice and for a start event, with clear TTS source and selected replay speed (0.288674ms)
✔ a device with only foreign voices reports unsupported, then can retry after Chinese voices arrive (0.450288ms)
✔ switching media cancels speech, and a cancelled waiting voice request cannot start after leaving its view (0.542977ms)
✔ disposal cancels pending work, clears timers and listeners, and isolates observers and snapshots (0.356396ms)
✔ a view stopping synchronously on a loading notification cannot resurrect media or leave voice timers (1.890025ms)
✔ a late native resume rejection after the intentional segment boundary cannot replace ended with error (0.433603ms)
✔ a retired native play rejection at a sequence boundary cannot fail the next segment (0.586943ms)
✔ native play plus real advancing ready clock confirms resume when WebKit omits another playing event (0.482286ms)
✔ native play alone cannot invent a first playing event, a stalled resume or a seek jump (0.223317ms)
✔ transient WebKit zero-duration metadata does not reject an original recording or claim playback early (0.161804ms)
✔ zero-duration placeholder never bypasses a later real truncated-segment check (0.26556ms)
✔ playing before positive metadata waits; positive duration then confirms the actual native start (0.17914ms)
✔ canplay or permanent zero duration never substitutes for confirmed usable playback (0.230617ms)
✔ empty/corrupt media ending at zero and metadata seek exceptions remain hard failures (0.348114ms)
✔ persistent zero metadata on a whole recording requires two real native clock advances (0.144908ms)
✔ zero-metadata clock recovery cannot certify bounded clips, paused clocks or seek jumps (0.350177ms)
✔ WebKit silent positive duration on timeupdate confirms playback without restarting the original (0.141973ms)
✔ silent positive duration still rejects truncated segments and does not certify a paused or seeking clock (0.205109ms)
✔ wrong and empty passwords cannot grant access or write any session key (15.47632ms)
✔ a v2 session is reused by a new service instance without extra writes (0.477539ms)
✔ every legacy alias and obsolete local key fails to bypass v2 authorization (0.567825ms)
✔ a development hostname does not bypass the session gate (3.402012ms)
✔ storage exceptions do not imply authorization and wrong passwords remain rejected (5.244456ms)
✔ correct password writes the original v2 key and complete session aliases (2.638302ms)
✔ correct password allows only this instance when storage is denied (1.432907ms)
✔ correct password reports a failed persistence read without losing memory access (5.742236ms)
✔ password verification fails closed when WebCrypto is unavailable (0.672973ms)
✔ password verification fails closed when SubtleCrypto is unavailable (0.326341ms)
✔ password verification fails closed when WebCrypto digest throws (0.325189ms)
✔ password verification fails closed when WebCrypto digest rejects (0.249766ms)
✔ vocabulary UI dictionaries pair explicit Chinese and Vietnamese without changing curriculum content (4.519324ms)
✔ paired DOM helper preserves language semantics, safe text, and updates rather than duplicating labels (0.340292ms)
✔ the frozen corpus is reproducible, has all required counts and no copied audio payload (39.087075ms)
✔ HTML order includes every mandatory layer and rejects unknown or missing scripts (2.342696ms)
✔ all final textbook corrections survive extraction, including speaker and timing repairs (0.461174ms)
✔ sense mapping preserves polysemy and detects semantic or same-lesson mapping drift (6.060123ms)
✔ media references reject missing originals, orphan clips and unsupported invented word audio (23.603104ms)
✔ clip integrity requires actual bytes, expected SHA256 and strict base64 (0.73086ms)
✔ record and artifact fingerprints bind IDs, sources and exported contents (53.599183ms)
✔ static content extraction handles brackets inside strings and fails on unsupported input (4.946967ms)
✔ check mode fails on stale or absent output and never repairs it implicitly (0.953836ms)
✔ domain rules match pinned bodies except approved navigation, search and listening-size changes (2.822229ms)
✔ real nonempty old records retain reading, first/latest, submitted translations, redo drafts and recovery raw (52.014491ms)
✔ shared records of other HSK levels stay byte-for-byte in raw and never become HSK1 progress (20.284889ms)
✔ stage2 takes precedence; corrupt main does not silently activate stage1, learning or recovery (44.443972ms)
✔ stage1 app missing or explicit migrates only lesson3 and avoids a new nested archive copy (15.064171ms)
✔ legacy compatibility verifies actual original identities rather than trusting same-ID flags (12.574681ms)
✔ a full old L3 group with one changed identity keeps only verified partial drafts and no grade (11.185691ms)
✔ listening and vocabulary state restore real sessions, unsubmitted choices, rating queues and distinct senses (9.333822ms)
✔ new backup import refuses changed grades, boolean results and manual scores instead of trusting them (123.177935ms)
✔ valid old backups recompute modified grades and report the policy explicitly (36.846851ms)
✔ wrong app/schema, unknown IDs, altered fingerprints, incomplete answers and invalid timestamps are rejected (56.466093ms)
✔ importing one legacy domain preserves every unrelated domain and original source string (62.502791ms)
✔ repeated new-format validation and migration round trips add no archive layers or identity changes (61.28665ms)
✔ access gates are excluded from migration and forbidden in new learning backups (37.153737ms)
✔ malformed reading or previous sources produce visible warnings while retaining source bytes (12.741062ms)
✔ clock rollback does not redefine semantic first/latest or reject an otherwise valid old record (17.40916ms)
✔ old self-ratings map to active cards only with an exact unique Hanzi, pinyin and meaning identity (25.865702ms)
✔ known old again rating becomes a validated active again schedule without fabricating test scores (7.396426ms)
✔ pilot source discovery and uploaded backup retain exact bytes and expose unsupported answers without invented grades (4.289378ms)
✔ on-device discovery adds missing old lessons while preserving every existing current answer, draft and active queue (30.076963ms)
✔ full original answer corpus maps 299 original-domain submissions and excludes the corrected task without scoring rewritten homework (25.391337ms)
✔ score-only original history stays in raw and is counted unsupported, never converted into a submission (5.672511ms)
✔ data safety copy covers every state, summary metric and reset module in both languages (3.950297ms)
✔ dynamic copy retains exact source counts, reset scope and comparison evidence (0.374634ms)
✔ controlled diagnostics are paired without translating or discarding unfamiliar raw detail (0.302105ms)
✔ compatibility warnings become bilingual while exact source bytes and source count evidence survive (41.577637ms)
✔ reset title and validation errors preserve Vietnamese contracts and add Chinese scope (12.46066ms)
✔ a retired URL cannot enumerate an untouched bank, even with a remembered position (3.805209ms)
✔ projection is restricted to the exact set, lesson and group and preserves entry/authority identity (2.149617ms)
✔ explicit zero, empty token and empty writing drafts remain drafts without synthetic scores or dates (1.091493ms)
✔ first/latest/all submissions preserve saved order, timestamps, grades, fingerprints and retry drafts (2.081043ms)
✔ archiving never grades against an answer key or changes a stored result (0.861387ms)
✔ manual saved text, empty lines and Unicode remain exact and never acquire an automatic grade (0.520774ms)
✔ shared authority data appears only under an entry in the selected scope (0.36569ms)
✔ original homework receipts are separate from review attempts and never expose untouched aliases (4.35758ms)
✔ capped original homework histories keep first and latest separate without fabricating lost attempts (13.157419ms)
✔ a confirmed reset empties the projected scope while preserving the source and other lessons (1.111073ms)
✔ archive view has no write, retry, grading, audio, or draft-exit owner and leaves maintenance module intact (1.082249ms)
✔ all exercise interface labels have explicit Chinese and Vietnamese copies (1.989245ms)
✔ dynamic labels preserve all counts, source references and typed profile text without translating curriculum (0.395526ms)
✔ pending-save copy never claims a failed write and known failure guidance remains specific (0.221423ms)
✔ submissions retain first/latest order across clock rollback, reject double submit, schedule from answers (1.939199ms)
✔ manual tasks never gain grades, invisible-only strings are incomplete, mistakes/due exclude them (0.991984ms)
✔ wrong/due questions preserve shared authorities, lesson scope and current homework first scores (0.953415ms)
✔ drafts, token domains, retry flags, positions, reset and unsupported data are validated (0.807266ms)
✔ v2 migration uses pinned identity witness, recomputes first/attempt, never score-only history (13.167444ms)
✔ current-homework review uses attempt sequence instead of wall clock and old records remain readable (0.688798ms)
✔ v2 restarted groups keep every previously submitted question open even when new drafts are empty or partial (0.769729ms)
✔ all committed fixtures reproduce byte-for-byte with fixed timestamps and no private or media payload (5.076433ms)
✔ reading, shared and navigation fixtures preserve distinct raw strings and non-HSK1 rows (0.472221ms)
✔ learning_v2 contains real old objective and translation submissions but no invented complete current group (8.929594ms)
✔ stage1 missing and explicit app fixtures migrate L3 and separate submitted translation A from redo B (4.960618ms)
✔ stage2 fixtures are valid nonempty states with both histories, long raw text, distinct drafts and recovery (13.510832ms)
✔ stage3 fixtures retain first/latest, unsubmitted listening selection/count, three schedules and partial review (7.793523ms)
✔ nonempty fixtures support meaningful bad identity, fingerprint and answer mutations without rewriting source (8.197131ms)
✔ view reads and rejected actions do not create or dirty empty lesson groups (47.851603ms)
✔ all 75 choice questions accept only the calibrated option among four choices (720.052383ms)
✔ all 95 frozen accepted sorting variants score correctly and each of 75 wrong orders is rejected (1.640369ms)
✔ 15 complete lessons retain first zero scores, latest full scores and 75 ungraded manual submissions (3157.656613ms)
✔ manual original text and new draft stay separate through redo, save and backup import (40.826754ms)
✔ blank invisible translations fail completion, long limits do not truncate drafts and profile remains bounded (27.344507ms)
✔ sorting orders survive remount, duplicates and partial drafts cannot submit, submitted order remains immutable (34.312117ms)
✔ retained history stays bounded while first attempt and unrelated learning domains remain intact (268.237602ms)
✔ view limits and navigation availability reuse the canonical homework rules (15.015056ms)
✔ collecting untouched empty translations is a no-op while deleting entered text remains a dirty edit (26.305732ms)
✔ unreleased v1 candidate identity is rejected without silently regrading earlier submitted answers (14.49317ms)
✔ a stale unreleased candidate primary remains byte-exact exportable and cannot be overwritten by save (2.732484ms)
✔ all 225 pre-v1 legacy homework submissions remain accepted with their original fingerprints and scores (26.959119ms)
✔ homework v1 has exactly 15 × 30 questions with the approved five-part ratios (3.734412ms)
✔ all identities are version-scoped, globally unique, and have canonical content fingerprints (29.613825ms)
✔ all 300 MC questions have four different options and exactly one keyed correct option (3.012646ms)
✔ manual translation content is prompt-only and cannot leak answers or automatic scoring fields (2.030647ms)
✔ the authoritative mapping exhaustively resolves every question to immutable authority and entry content (27.357139ms)
✔ lesson metadata and source labels preserve known origins without inventing legacy textbook pages (7.713703ms)
✔ all listening audio intervals, transcripts and pinyin are preserved, including the corrected lesson-10 clip (6.911526ms)
✔ lesson-3 authored scenarios have distinct propositions and individual Chinese/Vietnamese distractor checks (3.863337ms)
✔ 450-item inventory and exhaustive evidence track revisions and only three explicit reinforcement exceptions (889.342359ms)
✔ all 191 reviewed overlays have resolved current-or-earlier scope and exact public content change records (11.41202ms)
✔ new sorting expressions are exact permutations of their own tokens, including all accepted variants (1.549423ms)
✔ duplicate/leak regression checks catch reordered MC options, completed clozes and wrong-option/manual exposure (2444.742959ms)
✔ mapping accounts for every unselected comprehensive and pilot entry and standalone authority (2.528517ms)
✔ comprehensive shared-reference resolver preserves overrides, option order and correct-answer identity (1.631797ms)
✔ all three source banks remain byte-identical and generated artifacts are reproducible (1011.308587ms)
✔ check mode rejects drift without repairing it and generation refuses changed source bytes (760.771451ms)
✔ all 450 distinct questions submit with 375 automatic results and 75 genuinely ungraded writing answers (30.769455ms)
✔ read, invalid answers, locked groups and incomplete submissions never dirty or create groups (11.120593ms)
✔ zero-score completed section unlocks next; restart retains immutable first/latest/history and does not relock (63.510574ms)
✔ new homework saves reloads exports imports and resets without relabeling any old submission (57.969506ms)
✔ old modular backup extends with an empty new version and unchanged legacy route/history (2.191269ms)
✔ legacy source imports supplement only old domains and cannot overwrite versioned progress (7.02755ms)
✔ new-state tampering and cross-version answers are rejected rather than accepted as grades (7.15365ms)
✔ twenty retained attempts preserve the real first attempt after the history window moves (2.248525ms)
✔ manual IME-sized drafts preserve exact text and rejected overflow never truncates accepted text (3.480691ms)
✔ new and legacy route identity and totals remain separate; original audio is used unchanged (15.856057ms)
✔ the single exit guard collects a DOM-only tail before checking dirty state and coalesces repeated exit attempts (27.128964ms)
✔ an invalid DOM-only draft warns even when the store is clean without inventing a persisted draft (0.499563ms)
✔ only the current exit collector runs; stale unsubscribe and disposal cannot revive or clear another registration (0.386011ms)
✔ an exit collector failure cannot silently permit abandoning visible input (0.395956ms)
✔ beforeunload protects an unsaved draft while its normal locked flush is pending, and saved state does not prompt (10.921423ms)
✔ failed saves keep exit protection active and an explicit discard reload clears it (7.586762ms)
✔ opening or flushing a clean app does not create a learning record (0.403838ms)
✔ rapid edits keep the latest multiline Chinese in memory and debounce to one confirmed write (7.944681ms)
✔ concurrent flush callers share a pending write and edits while waiting for the lock enter that write (5.143344ms)
✔ an edit published immediately after a commit receives a second write without losing the newer draft (5.787183ms)
✔ quota failure stops automatic retries, preserves exportable memory work, and allows explicit retry (5.443675ms)
✔ dispose cancels its debounce timer and waits for the final lock before closing the shared store (3.041129ms)
✔ external conflict preserves memory and final flushing never overwrites another tab (8.818196ms)
✔ leaving a data view cancels its queued import or restore while the application session remains writable (15.872036ms)
✔ exactly300 original and30pilot entry paths resolve,12current original refs plus3pilot shared cores (0.986205ms)
✔ all300original prompts,contexts,choice domains,token domains and correct targets match source except documented transcript correction (8.275799ms)
✔ pilot contexts/domains remain exact while5writing tasks contain prompt/source only (14.051085ms)
✔ every authored fingerprint is content-exact and every original audio range fits the existing track (6.251973ms)
✔ manual answer leakage,missingpassage,aliasdomains andduplicatedentries are rejected (33.599816ms)
✔ loading gates module fieldsets until ready and preserves individual button rules (6.739507ms)
✔ a new route synchronously aborts and unmounts the old module (0.641075ms)
✔ a late importer cannot mount or replace the current surface (0.858122ms)
✔ a late ready and old surface writes cannot affect the new module (1.087747ms)
✔ late rejected import and ready promises stay observed after cancellation (0.936681ms)
✔ import and ready failures clean up and retry the latest route (0.793175ms)
✔ a throwing unmount blocks the next mount and remains available for retry (0.447424ms)
✔ navigation during a throwing unmount cannot hide the cleanup failure (0.475566ms)
✔ navigation during error cleanup also preserves a throwing unmount (0.807505ms)
✔ dispose aborts pending work, unmounts once, and stays idempotent (2.219922ms)
✔ dispose during import prevents a late mount (0.529507ms)
✔ dispose inside a throwing unmount still reports the cleanup failure (0.32547ms)
✔ listening content preserves the sole catalog, exactly 75 unique original questions and 15 × 5 quotas (34.299139ms)
✔ all 75 audio requests use exact declared original tracks and ranges, never clip duration or base64 media packs (29.163558ms)
✔ missing, duplicated or misplaced questions and malformed choices, feedback or transcript fail the whole load (114.153243ms)
✔ lesson and source provenance rejects duplicate lessons, page offset drift, absent sections and mixed baselines (58.731604ms)
✔ missing, duplicate, orphan or different media identities cannot silently choose substitute audio (48.912409ms)
✔ range validation rejects negative, equal, nonfinite and beyond-track boundaries without clamping (39.030689ms)
✔ actual SHA256 verification detects valid-shaped question, clip and original metadata drift (130.620945ms)
✔ loaded content is deeply readonly, isolates caller mutations and never alters inputs (43.646268ms)
✔ loader fetches only the two established content files with the view signal and reports HTTP failure (21.120256ms)
✔ pre-aborted, late JSON and in-flight fingerprint work never return content for a departed module (11.373803ms)
✔ construction, empty reads and rejected actions do not create a round or schedule writes (13.028235ms)
✔ first route initializes its lesson once; mixed or empty explicit selections survive visits and remounts (37.590555ms)
✔ only supported preferences change, five speeds remain exact and normalized same values do not resave (19.201529ms)
✔ all 75 canonical questions grade each of four original options correctly without trusting display order (560.495975ms)
✔ all 75 wrong-first then correct-redo answers retain first/latest separately and leave other domains intact (7007.375623ms)
✔ selection, queue, shuffled option orders and exact engine fingerprints resume after actual save and refresh (96.949576ms)
✔ submission gates feedback and forward navigation; invalid answers and repeated submissions leave saved draft unchanged (15.453415ms)
✔ successful playback tokens count once, repeated and slow listens do not change score, stale callbacks never write (21.264233ms)
✔ wrong-only filter uses latest records in selected lessons, starting a fresh round preserves earlier records (577.708718ms)
✔ backup validation recalculates scores and rejects same IDs with changed question fingerprints (28.159854ms)
✔ invalid random source and invalid clock fail before dirtying global data or overwriting a resumable round (8.109989ms)
✔ 5/10/all listening round sizes preserve fingerprints, exact saved queue and unrelated scores (37.880077ms)
✔ mixed reads are pure, route scope starts at current lesson and draft scope never writes (79.08728ms)
✔ mixed all-course pool has 344 senses/319 forms and only start shuffles once (408.07331ms)
✔ existing non-card preferences cannot replace the first route scope or affect browsing options (48.318553ms)
✔ empty draft cannot replace a round and invalid anchors never write (32.559578ms)
✔ shared senses merge only selected sources and never borrow outside-scope audio (18.015492ms)
✔ compatible legacy all/zh-vi queue resumes its exact order/anchor without altering original data (138.309533ms)
✔ reverse, due, unfamiliar, and search-scoped legacy queues stay untouched and require a new round (233.400181ms)
✔ saved order, anchor, scope and original practice roundtrip through reload/export/import (123.68742ms)
✔ malformed mixed state, order, pool, anchor and fingerprints are rejected before replacing valid state (158.184485ms)
✔ scoped resets preserve retained mixed order and anchor; unrelated reset leaves mixed state unchanged (128.229908ms)
✔ shared-sense scoped reset recalculates source fingerprint without removing retained sense (18.451618ms)
✔ reset preview cancellation, failed write and restoration preserve mixed round atomically (58.190495ms)
✔ failed persistence keeps actual mixed memory round exportable and never writes legacy state (98.254997ms)
✔ progress resumes new mixed anchor before legacy position without changing historical rating summary (52.394449ms)
✔ progress only claims compatible old rounds and never resurrects old position after explicit mixed reset (87.360841ms)
✔ four presentation groups retain every existing route exactly once (2.786235ms)
✔ empty progress retains independent 225 homework / 150 objective / 75 translation / 75 listening / 344 sense denominators (6.674298ms)
✔ nonempty cross-domain progress preserves first/latest scores, translation submission and a separate redo draft (18.370116ms)
✔ partial homework completion reports full denominators and low-score redo does not replace the first score (4.803211ms)
✔ reading marks, stars and vocabulary ratings never become homework completion or objective scores (16.732189ms)
✔ due counts separate new cards from rated cards and include the exact due-time boundary (27.055541ms)
✔ same written forms keep their different sense schedules and never reduce the 344 denominator to 319 (9.807024ms)
✔ continuation preserves textbook sections and homework parts, while practice resolves the actual saved item (71.012366ms)
✔ a saved module with no active round continues its selected route without inventing a position (0.276987ms)
✔ validated backup export and restore reproduce the same progress and continuation without changing the schema (32.724276ms)
✔ opening five textbook sections records visited sections and exact continuation, never completion or homework scores (43.361588ms)
✔ same route visited again does not schedule another write or duplicate shared sections (6.976573ms)
✔ lesson completion is an explicit independent mark and can be removed without resetting visits or submitted work (16.942717ms)
✔ mastered word keys remain compatible and restore across a validated backup; unknown words are rejected (16.75835ms)
✔ lesson reset touches only selected active lesson and preserves profile, settings, raw and unrelated domains (71.554655ms)
✔ module and all-course reset clear active progress and keep safety copies and unrelated settings (23.773711ms)
✔ shared-sense lesson reset retains other lessons schedule and announces the exception (8.575741ms)
✔ preview, cancellation, stale confirmation, failed write and recovery never discard current data (106.595849ms)
✔ old backups default exercises to blank and scoped exercise resets preserve other lessons and original homework (45.08833ms)
✔ single-lesson reset removes only that lesson from mixed sessions and preserves other lesson drafts and revealed cards (36.61939ms)
✔ 5/10 sized mixed listening reset preserves exact outside-scope answers through repeated reset and import (30.338695ms)
✔ homework reset and replacement import rebase retained review witnesses without deleting exercise answers (24.998906ms)
✔ canonical hashes have highest priority and round-trip every route feature (2.35146ms)
✔ legacy mode, lesson pages, stages and integrated homework hashes are preserved (0.526032ms)
✔ invalid route fields normalize safely and fields stay feature-specific (0.566913ms)
✔ initial canonicalization replaces one entry only when the URL differs (0.606303ms)
✔ 500 equivalent navigations make zero writes; a changed route makes exactly one (7.895086ms)
✔ popstate/hashchange dedupe while back and forward restore the address route (1.471024ms)
✔ unsubscribe and dispose release listeners and stop notifications/history writes (0.452351ms)
✔ disposing during a notification stops remaining subscribers (2.015734ms)
✔ navigation inside a subscriber does not deliver an obsolete route afterward (0.597279ms)
✔ original/pilot/homework-review routes roundtrip with bounded groups and independent filters (0.837821ms)
✔ dirty state is transient, survives a queued write, and clears only after confirmed save or explicit reload (5.880463ms)
✔ a clean external conflict is not dirty, but a conflicting local edit remains dirty after failed save (0.574555ms)
✔ replacement and recovery commit in one write, never nest, and restore submitted A with draft B (2.917693ms)
✔ quota leaves original raw intact and exports the actual unsaved multiline draft (1.340979ms)
✔ a denied import changes neither current data nor original raw, while its candidate remains exportable (0.446002ms)
✔ read access denial and missing Web Locks prevent writes but allow exporting memory work (0.54472ms)
✔ two cooperating tabs sharing a lock keep the first commit and reject the second without losing its draft (0.55161ms)
✔ a preview expires after a local edit, including an edit while confirmation waits for the lock (0.380133ms)
✔ same revision with different raw is a conflict for preview confirmation and ordinary save (0.423878ms)
✔ a preview held by the service is immune to mutation or fabrication by its caller (0.530008ms)
✔ corrupt current JSON, app, schema, or recovery stays byte-for-byte exportable and cannot be overwritten (0.758472ms)
✔ invalid backup identity and learning schema reject before any write; backup excludes unrelated auth keys (0.521305ms)
✔ queued save and confirmation cannot write or publish after disposal (0.563198ms)
✔ a write that takes effect and then throws is accepted only after exact read-back confirmation (0.313993ms)
✔ read-back denial never reports saved even when the attempted write may have reached storage (0.320182ms)
✔ an unexpected third-party value is never rolled back after a failed write (0.293411ms)
✔ frozen textbook keeps 15 lessons, 342 rows, 45 scenes and 40 grammar plus 3 phonetics (6.92096ms)
✔ all 344 declared senses resolve exact catalog audio and provenance without merging 342 rows (6.0516ms)
✔ 14 unsupported lesson 4 words stay unavailable with accurate original-audio explanation (10.212816ms)
✔ multi-sense 天 and 上 retain separate declared clips while same-form 在 stays in its lesson (0.706363ms)
✔ all 45 whole scenes and every line use frozen original tracks and unmodified segment ranges (8.980971ms)
✔ all lesson vocabulary playlists preserve three whole tracks and only lessons 1–3 have tongue tracks (0.817941ms)
✔ foreign lesson IDs, scene/line IDs and unknown words never resolve arbitrary clips (0.236075ms)
✔ validation rejects missing or duplicate content, wrong phonetics placement and mixed baselines (30.965699ms)
✔ invalid boundaries, source paths, swapped scenes and undeclared foreign audio fail instead of clamping (62.942448ms)
✔ wrong catalog identity, missing declaration and off-by-one word timing reject the complete load (43.703515ms)
✔ immutable loaded content is isolated from caller mutations and does not alter frozen inputs (39.033274ms)
✔ every textbook section and player/save state has explicit Chinese and Vietnamese copy (2.570851ms)
✔ known failures translate exactly and unknown diagnostics remain available without a guessed translation (0.342606ms)
✔ dynamic Hanzi and practice labels keep counts and characters in both languages (0.483958ms)
✔ practice instructions add no answer material and do not alter the question bank (8.444553ms)
✔ the existing 150 corrected textbook questions remain unchanged while explicit legacy targets are added (38.834575ms)
✔ textbook review grades all 160 retained and restored questions separately and permits unselected submissions (2.049245ms)
✔ review generation and grading do not mutate the frozen lesson or caller selections; invalid indexes count as unselected (1.581611ms)
✔ the bundled Hanzi Writer 3.7.3 body is byte-identical to the frozen source; only the lifecycle adapter is added (2.351089ms)
✔ the Hanzi lifecycle adapter removes every pointer listener and cancels active quiz/render work on disposal (2.028013ms)
✔ all ten audited legacy word targets use current corrected text and no replaced source sentence returns (1.594751ms)
✔ exhaustive browser batches cover every frozen sense once, all 330 audio records, and all 14 missing-audio records (4.241666ms)
✔ vocabulary exposes exactly the frozen 344 sense records / 319 forms with all editorial source and category fields intact (83.548511ms)
✔ all 330 audio requests resolve exact same-lesson original word ranges with no answer-bearing label or synthetic clip (77.320104ms)
✔ all 14 no-audio records remain explicit null, correspond to the L4 numeric table, and never borrow another lesson clip (61.114537ms)
✔ record shape, stable identity, counts, sense separation and complete source provenance are validated (226.838316ms)
✔ missing, duplicated, orphan or substituted audio metadata is rejected before any resolver is returned (158.786652ms)
✔ no-audio declarations cannot disappear, duplicate, point at a different sense, or acquire a fabricated clip (136.258902ms)
✔ range validation rejects negative, zero, nonfinite, beyond-track and same-lesson non-vocabulary clips (80.619972ms)
✔ actual SHA256 verification rejects valid-shaped editorial, clip and original-track metadata drift (330.188705ms)
✔ content snapshots are deeply readonly and stable across caller mutations during asynchronous validation (88.647798ms)
✔ loader uses the three existing source JSON files and AbortSignal, with HTTP failure visible (56.109142ms)
✔ aborted loads and in-flight hashes cannot deliver content to a departed view (15.507096ms)
✔ current textbook examples preserve exact Chinese, pinyin, Vietnamese and lesson sources without copying audio (96.938349ms)
✔ every polysemous sense has a reviewed same-lesson example; homographs never share the wrong use (48.776603ms)
✔ examples reject another baseline and unverified text; asynchronous reads do not expose caller mutations (121.619417ms)
✔ construction and reads do not create reviews; rejected empty actions do not schedule saves (62.254483ms)
✔ first route selects its lesson once, review visit never replaces the queue or enables due automatically (104.446166ms)
✔ supported preferences normalize with no-op saves; invalid values cannot corrupt any practice field (57.917194ms)
✔ all lessons expose exactly 344 distinct sense cards and 319 forms while preserving every source (32.929465ms)
✔ same sense merges across selected lessons only and never borrows audio from an unselected source (18.818161ms)
✔ homographs 家 在 天 上 retain separate sense identities and schedules (63.358345ms)
✔ all, unfamiliar, wrong and due use selected senses and latest self-ratings without changing the active queue (39.260496ms)
✔ free movement preserves each card while reveal still gates rating and repeated actions do not duplicate writes (42.85614ms)
✔ skipping preserves existing schedules and all queue options, including due cards with an earlier unrated gap (42.240002ms)
✔ unrated gaps and the exact saved position survive reload and backup import without losing skipped cards (241.939577ms)
✔ out-of-order self-ratings complete only after every card is rated and preserve the true completion time (46.014894ms)
✔ single-card and last-card next calls are no-ops even without revealing or rating (13.315587ms)
✔ again, hard, good and early good exactly preserve the existing simple schedule semantics (32.109115ms)
✔ a rated card stays current in a due round even when current preferences change lesson, direction and filter (51.161983ms)
✔ shuffled order, position, reveal, self-ratings, preferences and source selection resume after actual save and backup import (86.202617ms)
✔ vocabulary edits preserve homework, listening, reading stars and legacy original bytes (33.111729ms)
✔ invalid clock or shuffle source cannot replace an existing round; changed sense identity cannot inherit self-ratings (77.84846ms)
✔ quota failure and cross-tab conflict preserve the self-rating in exportable memory without pretending to save (82.391789ms)
✔ mixed search matches Chinese, Vietnamese and unaccented/spaceless pinyin without merging senses (206.682689ms)
✔ search intersects lesson and rating filters; empty searches cannot replace a saved round (151.984251ms)
✔ searched queues retain exact ordering, saved scope and unrated gaps through reload and backup import (192.718285ms)
✔ saved search never permits foreign, omitted, or substituted queue members (58.074961ms)
ℹ tests 333
ℹ suites 0
ℹ pass 333
ℹ fail 0
ℹ cancelled 0
ℹ skipped 0
ℹ todo 0
ℹ duration_ms 9685.3551
npm notice
npm notice New major version of npm available! 11.9.0 -> 12.2.0
npm notice Changelog: https://github.com/npm/cli/releases/tag/v12.2.0
npm notice To update run: npm install -g npm@12.2.0
npm notice
