Listing tests:
  [webkit] › activity-commit.spec.ts:14:83 › HSK2 failed submission cannot reveal feedback after actual remount or become a later ordinary save
  [webkit] › activity-commit.spec.ts:14:83 › HSK2 waiting submission cannot reveal feedback after actual remount or become a later ordinary save
  [webkit] › activity-commit.spec.ts:14:83 › HSK3 failed submission cannot reveal feedback after actual remount or become a later ordinary save
  [webkit] › activity-commit.spec.ts:14:83 › HSK3 waiting submission cannot reveal feedback after actual remount or become a later ordinary save
  [webkit] › ../../../hsk1-app/tests/browser/textbook-scene-regression.ts:52:5 › HSK1 listen retains hidden dialogue across scene history at 390px
  [webkit] › ../../../hsk1-app/tests/browser/textbook-scene-regression.ts:52:5 › HSK1 hide retains hidden dialogue across scene history at 390px
  [webkit] › ../../../hsk1-app/tests/browser/textbook-scene-regression.ts:52:5 › HSK1 listen retains hidden dialogue across scene history at 1280px
  [webkit] › ../../../hsk1-app/tests/browser/textbook-scene-regression.ts:52:5 › HSK1 hide retains hidden dialogue across scene history at 1280px
  [webkit] › ../../../hsk1-app/tests/browser/textbook-scene-regression.ts:128:33 › HSK1 all textbook scene galleries retain source bindings and hide alt at 320px
  [webkit] › ../../../hsk1-app/tests/browser/textbook-scene-regression.ts:128:33 › HSK1 all textbook scene galleries retain source bindings and hide alt at 1440px
  [webkit] › ../../../hsk1-app/tests/browser/source-catalogue-cases.ts:130:66 › unified HSK1 source catalogue L1 complete DOM at 320
  [webkit] › ../../../hsk1-app/tests/browser/source-catalogue-cases.ts:130:66 › unified HSK1 source catalogue L1 complete DOM at 390
  [webkit] › ../../../hsk1-app/tests/browser/source-catalogue-cases.ts:130:66 › unified HSK1 source catalogue L1 complete DOM at 768
  [webkit] › ../../../hsk1-app/tests/browser/source-catalogue-cases.ts:130:66 › unified HSK1 source catalogue L1 complete DOM at 1440
  [webkit] › ../../../hsk1-app/tests/browser/source-catalogue-cases.ts:130:66 › unified HSK1 source catalogue L2 complete DOM at 320
  [webkit] › ../../../hsk1-app/tests/browser/source-catalogue-cases.ts:130:66 › unified HSK1 source catalogue L2 complete DOM at 390
  [webkit] › ../../../hsk1-app/tests/browser/source-catalogue-cases.ts:130:66 › unified HSK1 source catalogue L2 complete DOM at 768
  [webkit] › ../../../hsk1-app/tests/browser/source-catalogue-cases.ts:130:66 › unified HSK1 source catalogue L2 complete DOM at 1440
  [webkit] › ../../../hsk1-app/tests/browser/source-catalogue-cases.ts:130:66 › unified HSK1 source catalogue L3 complete DOM at 320
  [webkit] › ../../../hsk1-app/tests/browser/source-catalogue-cases.ts:130:66 › unified HSK1 source catalogue L3 complete DOM at 390
  [webkit] › ../../../hsk1-app/tests/browser/source-catalogue-cases.ts:130:66 › unified HSK1 source catalogue L3 complete DOM at 768
  [webkit] › ../../../hsk1-app/tests/browser/source-catalogue-cases.ts:130:66 › unified HSK1 source catalogue L3 complete DOM at 1440
  [webkit] › ../../../hsk1-app/tests/browser/source-catalogue-cases.ts:130:66 › unified HSK1 source catalogue L4 complete DOM at 320
  [webkit] › ../../../hsk1-app/tests/browser/source-catalogue-cases.ts:130:66 › unified HSK1 source catalogue L4 complete DOM at 390
  [webkit] › ../../../hsk1-app/tests/browser/source-catalogue-cases.ts:130:66 › unified HSK1 source catalogue L4 complete DOM at 768
  [webkit] › ../../../hsk1-app/tests/browser/source-catalogue-cases.ts:130:66 › unified HSK1 source catalogue L4 complete DOM at 1440
  [webkit] › ../../../hsk1-app/tests/browser/source-catalogue-cases.ts:130:66 › unified HSK1 source catalogue L5 complete DOM at 320
  [webkit] › ../../../hsk1-app/tests/browser/source-catalogue-cases.ts:130:66 › unified HSK1 source catalogue L5 complete DOM at 390
  [webkit] › ../../../hsk1-app/tests/browser/source-catalogue-cases.ts:130:66 › unified HSK1 source catalogue L5 complete DOM at 768
  [webkit] › ../../../hsk1-app/tests/browser/source-catalogue-cases.ts:130:66 › unified HSK1 source catalogue L5 complete DOM at 1440
  [webkit] › ../../../hsk1-app/tests/browser/source-catalogue-cases.ts:130:66 › unified HSK1 source catalogue L6 complete DOM at 320
  [webkit] › ../../../hsk1-app/tests/browser/source-catalogue-cases.ts:130:66 › unified HSK1 source catalogue L6 complete DOM at 390
  [webkit] › ../../../hsk1-app/tests/browser/source-catalogue-cases.ts:130:66 › unified HSK1 source catalogue L6 complete DOM at 768
  [webkit] › ../../../hsk1-app/tests/browser/source-catalogue-cases.ts:130:66 › unified HSK1 source catalogue L6 complete DOM at 1440
  [webkit] › ../../../hsk1-app/tests/browser/source-catalogue-cases.ts:130:66 › unified HSK1 source catalogue L7 complete DOM at 320
  [webkit] › ../../../hsk1-app/tests/browser/source-catalogue-cases.ts:130:66 › unified HSK1 source catalogue L7 complete DOM at 390
  [webkit] › ../../../hsk1-app/tests/browser/source-catalogue-cases.ts:130:66 › unified HSK1 source catalogue L7 complete DOM at 768
  [webkit] › ../../../hsk1-app/tests/browser/source-catalogue-cases.ts:130:66 › unified HSK1 source catalogue L7 complete DOM at 1440
  [webkit] › ../../../hsk1-app/tests/browser/source-catalogue-cases.ts:130:66 › unified HSK1 source catalogue L8 complete DOM at 320
  [webkit] › ../../../hsk1-app/tests/browser/source-catalogue-cases.ts:130:66 › unified HSK1 source catalogue L8 complete DOM at 390
  [webkit] › ../../../hsk1-app/tests/browser/source-catalogue-cases.ts:130:66 › unified HSK1 source catalogue L8 complete DOM at 768
  [webkit] › ../../../hsk1-app/tests/browser/source-catalogue-cases.ts:130:66 › unified HSK1 source catalogue L8 complete DOM at 1440
  [webkit] › ../../../hsk1-app/tests/browser/source-catalogue-cases.ts:130:66 › unified HSK1 source catalogue L9 complete DOM at 320
  [webkit] › ../../../hsk1-app/tests/browser/source-catalogue-cases.ts:130:66 › unified HSK1 source catalogue L9 complete DOM at 390
  [webkit] › ../../../hsk1-app/tests/browser/source-catalogue-cases.ts:130:66 › unified HSK1 source catalogue L9 complete DOM at 768
  [webkit] › ../../../hsk1-app/tests/browser/source-catalogue-cases.ts:130:66 › unified HSK1 source catalogue L9 complete DOM at 1440
  [webkit] › ../../../hsk1-app/tests/browser/source-catalogue-cases.ts:130:66 › unified HSK1 source catalogue L10 complete DOM at 320
  [webkit] › ../../../hsk1-app/tests/browser/source-catalogue-cases.ts:130:66 › unified HSK1 source catalogue L10 complete DOM at 390
  [webkit] › ../../../hsk1-app/tests/browser/source-catalogue-cases.ts:130:66 › unified HSK1 source catalogue L10 complete DOM at 768
  [webkit] › ../../../hsk1-app/tests/browser/source-catalogue-cases.ts:130:66 › unified HSK1 source catalogue L10 complete DOM at 1440
  [webkit] › ../../../hsk1-app/tests/browser/source-catalogue-cases.ts:130:66 › unified HSK1 source catalogue L11 complete DOM at 320
  [webkit] › ../../../hsk1-app/tests/browser/source-catalogue-cases.ts:130:66 › unified HSK1 source catalogue L11 complete DOM at 390
  [webkit] › ../../../hsk1-app/tests/browser/source-catalogue-cases.ts:130:66 › unified HSK1 source catalogue L11 complete DOM at 768
  [webkit] › ../../../hsk1-app/tests/browser/source-catalogue-cases.ts:130:66 › unified HSK1 source catalogue L11 complete DOM at 1440
  [webkit] › ../../../hsk1-app/tests/browser/source-catalogue-cases.ts:130:66 › unified HSK1 source catalogue L12 complete DOM at 320
  [webkit] › ../../../hsk1-app/tests/browser/source-catalogue-cases.ts:130:66 › unified HSK1 source catalogue L12 complete DOM at 390
  [webkit] › ../../../hsk1-app/tests/browser/source-catalogue-cases.ts:130:66 › unified HSK1 source catalogue L12 complete DOM at 768
  [webkit] › ../../../hsk1-app/tests/browser/source-catalogue-cases.ts:130:66 › unified HSK1 source catalogue L12 complete DOM at 1440
  [webkit] › ../../../hsk1-app/tests/browser/source-catalogue-cases.ts:130:66 › unified HSK1 source catalogue L13 complete DOM at 320
  [webkit] › ../../../hsk1-app/tests/browser/source-catalogue-cases.ts:130:66 › unified HSK1 source catalogue L13 complete DOM at 390
  [webkit] › ../../../hsk1-app/tests/browser/source-catalogue-cases.ts:130:66 › unified HSK1 source catalogue L13 complete DOM at 768
  [webkit] › ../../../hsk1-app/tests/browser/source-catalogue-cases.ts:130:66 › unified HSK1 source catalogue L13 complete DOM at 1440
  [webkit] › ../../../hsk1-app/tests/browser/source-catalogue-cases.ts:130:66 › unified HSK1 source catalogue L14 complete DOM at 320
  [webkit] › ../../../hsk1-app/tests/browser/source-catalogue-cases.ts:130:66 › unified HSK1 source catalogue L14 complete DOM at 390
  [webkit] › ../../../hsk1-app/tests/browser/source-catalogue-cases.ts:130:66 › unified HSK1 source catalogue L14 complete DOM at 768
  [webkit] › ../../../hsk1-app/tests/browser/source-catalogue-cases.ts:130:66 › unified HSK1 source catalogue L14 complete DOM at 1440
  [webkit] › ../../../hsk1-app/tests/browser/source-catalogue-cases.ts:130:66 › unified HSK1 source catalogue L15 complete DOM at 320
  [webkit] › ../../../hsk1-app/tests/browser/source-catalogue-cases.ts:130:66 › unified HSK1 source catalogue L15 complete DOM at 390
  [webkit] › ../../../hsk1-app/tests/browser/source-catalogue-cases.ts:130:66 › unified HSK1 source catalogue L15 complete DOM at 768
  [webkit] › ../../../hsk1-app/tests/browser/source-catalogue-cases.ts:130:66 › unified HSK1 source catalogue L15 complete DOM at 1440
  [webkit] › ../../../hsk1-app/tests/browser/source-catalogue-cases.ts:133:2 › unified HSK1 source catalogue tables persist across lessons refresh and isolate history
  [webkit] › ../../../hsk1-app/tests/browser/source-catalogue-cases.ts:147:2 › unified HSK1 source catalogue optional self assessment permits blanks without grading
  [webkit] › ../../../hsk1-app/tests/browser/source-catalogue-cases.ts:160:2 › unified HSK1 source catalogue headerless month and weekday examples remain read only
  [webkit] › hsk1-source-font-visual.spec.ts:38:31 › HSK1 printed field pinyin and original empty table headers visual evidence at 320
  [webkit] › hsk1-source-font-visual.spec.ts:38:31 › HSK1 printed field pinyin and original empty table headers visual evidence at 1440
  [webkit] › ../../../hsk1-app/tests/browser/source-pilot-cases.ts:43:40 › unified HSK1 source L4 reviewed source structure at 320
  [webkit] › ../../../hsk1-app/tests/browser/source-pilot-cases.ts:43:40 › unified HSK1 source L4 reviewed source structure at 390
  [webkit] › ../../../hsk1-app/tests/browser/source-pilot-cases.ts:43:40 › unified HSK1 source L4 reviewed source structure at 768
  [webkit] › ../../../hsk1-app/tests/browser/source-pilot-cases.ts:43:40 › unified HSK1 source L4 reviewed source structure at 1440
  [webkit] › ../../../hsk1-app/tests/browser/source-pilot-cases.ts:44:2 › unified HSK1 source save export reset import reload and history preserve nonempty old bytes
  [webkit] › ../../../hsk1-app/tests/browser/source-pilot-cases.ts:45:2 › unified HSK1 source quota failure hides answers and exports unsaved input
  [webkit] › ../../../hsk1-app/tests/browser/source-pilot-cases.ts:46:2 › unified HSK1 source delayed save cannot reveal a changed or closed answer
  [webkit] › ../../../hsk1-app/tests/browser/source-pilot-cases.ts:52:2 › unified HSK1 source open tasks remain ungraded and IME invalidates pending preview
  [webkit] › ../../../hsk1-app/tests/browser/source-pilot-cases.ts:53:2 › unified HSK1 source older-tab conflict preserves newer saved answers
  [webkit] › ../../../hsk1-app/tests/browser/source-pilot-cases.ts:54:2 › unified HSK1 source pending journal blocks mutation without touching old bytes
  [webkit] › ../../../hsk1-app/tests/browser/source-pilot-cases.ts:55:2 › unified HSK1 source IME start cancels a lock-waiting submission until an explicit retry
  [webkit] › ../../../hsk1-app/tests/browser/source-pair-cases.ts:8:2 › unified HSK1 paired full backup reset restore reload preserves nonempty receipts and legacy bytes
  [webkit] › ../../../hsk1-app/tests/browser/source-pair-cases.ts:9:2 › unified HSK1 primary-only import and scoped source reset preserve the untouched domain
  [webkit] › ../../../hsk1-app/tests/browser/source-pair-cases.ts:10:2 › unified HSK1 malformed full source domain exposes no confirmation and explicit empty is previewed
  [webkit] › ../../../hsk1-app/tests/browser/source-pair-cases.ts:11:2 › unified HSK1 second live write failure rolls back both domains without claiming success
  [webkit] › ../../../hsk1-app/tests/browser/source-pair-cases.ts:12:2 › unified HSK1 reselect file cancels a paired confirm waiting on the old primary lock
  [webkit] › ../../../hsk1-app/tests/browser/source-pair-cases.ts:13:2 › unified HSK1 pending corrupt journal exports rescue only and blocks new writes
  [webkit] › hsk1-source-pilot.spec.ts:6:1 › unified full three-course schema2 roundtrip includes nonempty HSK1 source domain
  [webkit] › hsk3-appendix-stars.spec.ts:6:1 › HSK3 all sixteen reconciled glossary stars show bilingual supplement labels without altering progress
  [webkit] › hsk3-lesson-batch.spec.ts:7:77 › HSK3 lesson 2 reviewed textbook sections at 320
  [webkit] › hsk3-lesson-batch.spec.ts:7:77 › HSK3 lesson 3 reviewed textbook sections at 320
  [webkit] › hsk3-lesson-batch.spec.ts:7:77 › HSK3 lesson 2 reviewed textbook sections at 390
  [webkit] › hsk3-lesson-batch.spec.ts:7:77 › HSK3 lesson 3 reviewed textbook sections at 390
  [webkit] › hsk3-lesson-batch.spec.ts:7:77 › HSK3 lesson 2 reviewed textbook sections at 768
  [webkit] › hsk3-lesson-batch.spec.ts:7:77 › HSK3 lesson 3 reviewed textbook sections at 768
  [webkit] › hsk3-lesson-batch.spec.ts:7:77 › HSK3 lesson 2 reviewed textbook sections at 1440
  [webkit] › hsk3-lesson-batch.spec.ts:7:77 › HSK3 lesson 3 reviewed textbook sections at 1440
  [webkit] › hsk3-lesson-batch.spec.ts:67:1 › HSK3 lesson2 source menu keeps five distinct blanks and exact fixed quadrant foods
  [webkit] › hsk3-lesson-batch.spec.ts:140:1 › HSK3 lesson2 group support scenes zoom without duplicating picture fields and retain plan
  [webkit] › hsk3-lesson-batch.spec.ts:177:1 › HSK3 lesson3 two word banks retain textbook and answer page splits
  [webkit] › hsk3-lesson-batch.spec.ts:202:1 › HSK3 lesson3 reflection keeps vocabulary categories eighteen checks and effort across pages
  [webkit] › hsk3-lessons1011.spec.ts:6:79 › HSK3 lesson 10 source-specific textbook views at 320
  [webkit] › hsk3-lessons1011.spec.ts:6:79 › HSK3 lesson 11 source-specific textbook views at 320
  [webkit] › hsk3-lessons1011.spec.ts:6:79 › HSK3 lesson 10 source-specific textbook views at 390
  [webkit] › hsk3-lessons1011.spec.ts:6:79 › HSK3 lesson 11 source-specific textbook views at 390
  [webkit] › hsk3-lessons1011.spec.ts:6:79 › HSK3 lesson 10 source-specific textbook views at 768
  [webkit] › hsk3-lessons1011.spec.ts:6:79 › HSK3 lesson 11 source-specific textbook views at 768
  [webkit] › hsk3-lessons1011.spec.ts:6:79 › HSK3 lesson 10 source-specific textbook views at 1440
  [webkit] › hsk3-lessons1011.spec.ts:6:79 › HSK3 lesson 11 source-specific textbook views at 1440
  [webkit] › hsk3-lessons1011.spec.ts:20:41 › HSK3 lesson10 official matching and two word banks retain independent source keys
  [webkit] › hsk3-lessons1011.spec.ts:20:41 › HSK3 lesson11 official matching and two word banks retain independent source keys
  [webkit] › hsk3-lessons1011.spec.ts:24:1 › HSK3 lesson10 education comparison preserves optional reading marker and distinct reference versus personal responses
  [webkit] › hsk3-lessons1011.spec.ts:27:41 › HSK3 lesson10 four-person source activity retains eight open notes without correctness grading
  [webkit] › hsk3-lessons1011.spec.ts:27:41 › HSK3 lesson11 four-person source activity retains eight open notes without correctness grading
  [webkit] › hsk3-lessons1011.spec.ts:30:1 › HSK3 lesson11 repaired Vietnamese grammar and email references are delayed non-unique feedback
  [webkit] › hsk3-lessons1011.spec.ts:34:1 › HSK3 lesson10 repaired picture dialogues preserve natural Vietnamese blank order and all nine fields
  [webkit] › hsk3-lessons1011.spec.ts:37:1 › HSK3 lesson10 and11 grouped source grammar retains each original example exactly once
  [webkit] › hsk3-lessons1213.spec.ts:8:51 › HSK3 lesson12 explicit optional continuation empty survives submission reload export and restore
  [webkit] › hsk3-lessons1213.spec.ts:8:51 › HSK3 lesson12 explicit optional continuation filled survives submission reload export and restore
  [webkit] › hsk3-lessons1213.spec.ts:15:79 › HSK3 lesson 12 source-specific textbook views at 320
  [webkit] › hsk3-lessons1213.spec.ts:15:79 › HSK3 lesson 13 source-specific textbook views at 320
  [webkit] › hsk3-lessons1213.spec.ts:15:79 › HSK3 lesson 12 source-specific textbook views at 390
  [webkit] › hsk3-lessons1213.spec.ts:15:79 › HSK3 lesson 13 source-specific textbook views at 390
  [webkit] › hsk3-lessons1213.spec.ts:15:79 › HSK3 lesson 12 source-specific textbook views at 768
  [webkit] › hsk3-lessons1213.spec.ts:15:79 › HSK3 lesson 13 source-specific textbook views at 768
  [webkit] › hsk3-lessons1213.spec.ts:15:79 › HSK3 lesson 12 source-specific textbook views at 1440
  [webkit] › hsk3-lessons1213.spec.ts:15:79 › HSK3 lesson 13 source-specific textbook views at 1440
  [webkit] › hsk3-lessons1213.spec.ts:27:41 › HSK3 lesson12 official matching and cross-page word banks retain independent keys
  [webkit] › hsk3-lessons1213.spec.ts:27:41 › HSK3 lesson13 official matching and cross-page word banks retain independent keys
  [webkit] › hsk3-lessons1213.spec.ts:30:41 › HSK3 lesson12 reading references are delayed non-unique feedback in all four texts
  [webkit] › hsk3-lessons1213.spec.ts:30:41 › HSK3 lesson13 reading references are delayed non-unique feedback in all four texts
  [webkit] › hsk3-lessons1213.spec.ts:33:1 › HSK3 lesson13 nine grammar frames retain eleven independent answers and multi-blank completion guards
  [webkit] › hsk3-lessons1213.spec.ts:36:1 › HSK3 lesson12 cross-page review retains twenty-two distinct optional checks and two source groups for 就
  [webkit] › hsk3-lessons1415.spec.ts:6:79 › HSK3 lesson 14 source-specific views render every distinct manifest identity once at 320
  [webkit] › hsk3-lessons1415.spec.ts:6:79 › HSK3 lesson 15 source-specific views render every distinct manifest identity once at 320
  [webkit] › hsk3-lessons1415.spec.ts:6:79 › HSK3 lesson 14 source-specific views render every distinct manifest identity once at 390
  [webkit] › hsk3-lessons1415.spec.ts:6:79 › HSK3 lesson 15 source-specific views render every distinct manifest identity once at 390
  [webkit] › hsk3-lessons1415.spec.ts:6:79 › HSK3 lesson 14 source-specific views render every distinct manifest identity once at 768
  [webkit] › hsk3-lessons1415.spec.ts:6:79 › HSK3 lesson 15 source-specific views render every distinct manifest identity once at 768
  [webkit] › hsk3-lessons1415.spec.ts:6:79 › HSK3 lesson 14 source-specific views render every distinct manifest identity once at 1440
  [webkit] › hsk3-lessons1415.spec.ts:6:79 › HSK3 lesson 15 source-specific views render every distinct manifest identity once at 1440
  [webkit] › hsk3-lessons1415.spec.ts:18:41 › HSK3 lesson14 reviewed matching and word-bank keys remain official
  [webkit] › hsk3-lessons1415.spec.ts:18:41 › HSK3 lesson15 reviewed matching and word-bank keys remain official
  [webkit] › hsk3-lessons1415.spec.ts:21:1 › HSK3 lesson15 overlapping Nanjing answers A and B are both non-unique saved selections
  [webkit] › hsk3-lessons1415.spec.ts:25:30 › HSK3 lesson15 four named cities stay in their own activity before its response at 320
  [webkit] › hsk3-lessons1415.spec.ts:25:30 › HSK3 lesson15 four named cities stay in their own activity before its response at 390
  [webkit] › hsk3-lessons1415.spec.ts:28:1 › HSK3 lesson14 borrowing translation and four source blank rows keep their intended roles
  [webkit] › hsk3-lessons1415.spec.ts:31:1 › HSK3 lesson15 review has ten independent understand-use pairs and cross-page grammar remains one explanation
  [webkit] › hsk3-lessons1415.spec.ts:34:41 › HSK3 lesson14 every grammar and picture reference field saves independently without unique grading
  [webkit] › hsk3-lessons1415.spec.ts:34:41 › HSK3 lesson15 every grammar and picture reference field saves independently without unique grading
  [webkit] › hsk3-lessons1618.spec.ts:6:51 › HSK3 lesson16 explicit optional continuation empty survives submission reload export and restore
  [webkit] › hsk3-lessons1618.spec.ts:6:51 › HSK3 lesson16 explicit optional continuation filled survives submission reload export and restore
  [webkit] › hsk3-lessons1618.spec.ts:13:88 › HSK3 lesson 16 final-unit source views and every manifest identity at 320
  [webkit] › hsk3-lessons1618.spec.ts:13:88 › HSK3 lesson 17 final-unit source views and every manifest identity at 320
  [webkit] › hsk3-lessons1618.spec.ts:13:88 › HSK3 lesson 18 final-unit source views and every manifest identity at 320
  [webkit] › hsk3-lessons1618.spec.ts:13:88 › HSK3 lesson 16 final-unit source views and every manifest identity at 390
  [webkit] › hsk3-lessons1618.spec.ts:13:88 › HSK3 lesson 17 final-unit source views and every manifest identity at 390
  [webkit] › hsk3-lessons1618.spec.ts:13:88 › HSK3 lesson 18 final-unit source views and every manifest identity at 390
  [webkit] › hsk3-lessons1618.spec.ts:13:88 › HSK3 lesson 16 final-unit source views and every manifest identity at 768
  [webkit] › hsk3-lessons1618.spec.ts:13:88 › HSK3 lesson 17 final-unit source views and every manifest identity at 768
  [webkit] › hsk3-lessons1618.spec.ts:13:88 › HSK3 lesson 18 final-unit source views and every manifest identity at 768
  [webkit] › hsk3-lessons1618.spec.ts:13:88 › HSK3 lesson 16 final-unit source views and every manifest identity at 1440
  [webkit] › hsk3-lessons1618.spec.ts:13:88 › HSK3 lesson 17 final-unit source views and every manifest identity at 1440
  [webkit] › hsk3-lessons1618.spec.ts:13:88 › HSK3 lesson 18 final-unit source views and every manifest identity at 1440
  [webkit] › hsk3-lessons1618.spec.ts:25:50 › HSK3 lesson16 final-unit matching and word banks keep exact official keys
  [webkit] › hsk3-lessons1618.spec.ts:25:50 › HSK3 lesson17 final-unit matching and word banks keep exact official keys
  [webkit] › hsk3-lessons1618.spec.ts:25:50 › HSK3 lesson18 final-unit matching and word banks keep exact official keys
  [webkit] › hsk3-lessons1618.spec.ts:28:50 › HSK3 lesson16 all final-unit grammar and picture references are delayed and non-unique
  [webkit] › hsk3-lessons1618.spec.ts:28:50 › HSK3 lesson17 all final-unit grammar and picture references are delayed and non-unique
  [webkit] › hsk3-lessons1618.spec.ts:28:50 › HSK3 lesson18 all final-unit grammar and picture references are delayed and non-unique
Total: 175 tests in 13 files
