Listing tests:
  [webkit] › source-catalogue-cases.ts:130:66 › modular HSK1 source catalogue L1 complete DOM at 320
  [webkit] › source-catalogue-cases.ts:130:66 › modular HSK1 source catalogue L1 complete DOM at 390
  [webkit] › source-catalogue-cases.ts:130:66 › modular HSK1 source catalogue L1 complete DOM at 768
  [webkit] › source-catalogue-cases.ts:130:66 › modular HSK1 source catalogue L1 complete DOM at 1440
  [webkit] › source-catalogue-cases.ts:130:66 › modular HSK1 source catalogue L2 complete DOM at 320
  [webkit] › source-catalogue-cases.ts:130:66 › modular HSK1 source catalogue L2 complete DOM at 390
  [webkit] › source-catalogue-cases.ts:130:66 › modular HSK1 source catalogue L2 complete DOM at 768
  [webkit] › source-catalogue-cases.ts:130:66 › modular HSK1 source catalogue L2 complete DOM at 1440
  [webkit] › source-catalogue-cases.ts:130:66 › modular HSK1 source catalogue L3 complete DOM at 320
  [webkit] › source-catalogue-cases.ts:130:66 › modular HSK1 source catalogue L3 complete DOM at 390
  [webkit] › source-catalogue-cases.ts:130:66 › modular HSK1 source catalogue L3 complete DOM at 768
  [webkit] › source-catalogue-cases.ts:130:66 › modular HSK1 source catalogue L3 complete DOM at 1440
  [webkit] › source-catalogue-cases.ts:130:66 › modular HSK1 source catalogue L4 complete DOM at 320
  [webkit] › source-catalogue-cases.ts:130:66 › modular HSK1 source catalogue L4 complete DOM at 390
  [webkit] › source-catalogue-cases.ts:130:66 › modular HSK1 source catalogue L4 complete DOM at 768
  [webkit] › source-catalogue-cases.ts:130:66 › modular HSK1 source catalogue L4 complete DOM at 1440
  [webkit] › source-catalogue-cases.ts:130:66 › modular HSK1 source catalogue L5 complete DOM at 320
  [webkit] › source-catalogue-cases.ts:130:66 › modular HSK1 source catalogue L5 complete DOM at 390
  [webkit] › source-catalogue-cases.ts:130:66 › modular HSK1 source catalogue L5 complete DOM at 768
  [webkit] › source-catalogue-cases.ts:130:66 › modular HSK1 source catalogue L5 complete DOM at 1440
  [webkit] › source-catalogue-cases.ts:130:66 › modular HSK1 source catalogue L6 complete DOM at 320
  [webkit] › source-catalogue-cases.ts:130:66 › modular HSK1 source catalogue L6 complete DOM at 390
  [webkit] › source-catalogue-cases.ts:130:66 › modular HSK1 source catalogue L6 complete DOM at 768
  [webkit] › source-catalogue-cases.ts:130:66 › modular HSK1 source catalogue L6 complete DOM at 1440
  [webkit] › source-catalogue-cases.ts:130:66 › modular HSK1 source catalogue L7 complete DOM at 320
  [webkit] › source-catalogue-cases.ts:130:66 › modular HSK1 source catalogue L7 complete DOM at 390
  [webkit] › source-catalogue-cases.ts:130:66 › modular HSK1 source catalogue L7 complete DOM at 768
  [webkit] › source-catalogue-cases.ts:130:66 › modular HSK1 source catalogue L7 complete DOM at 1440
  [webkit] › source-catalogue-cases.ts:130:66 › modular HSK1 source catalogue L8 complete DOM at 320
  [webkit] › source-catalogue-cases.ts:130:66 › modular HSK1 source catalogue L8 complete DOM at 390
  [webkit] › source-catalogue-cases.ts:130:66 › modular HSK1 source catalogue L8 complete DOM at 768
  [webkit] › source-catalogue-cases.ts:130:66 › modular HSK1 source catalogue L8 complete DOM at 1440
  [webkit] › source-catalogue-cases.ts:130:66 › modular HSK1 source catalogue L9 complete DOM at 320
  [webkit] › source-catalogue-cases.ts:130:66 › modular HSK1 source catalogue L9 complete DOM at 390
  [webkit] › source-catalogue-cases.ts:130:66 › modular HSK1 source catalogue L9 complete DOM at 768
  [webkit] › source-catalogue-cases.ts:130:66 › modular HSK1 source catalogue L9 complete DOM at 1440
  [webkit] › source-catalogue-cases.ts:130:66 › modular HSK1 source catalogue L10 complete DOM at 320
  [webkit] › source-catalogue-cases.ts:130:66 › modular HSK1 source catalogue L10 complete DOM at 390
  [webkit] › source-catalogue-cases.ts:130:66 › modular HSK1 source catalogue L10 complete DOM at 768
  [webkit] › source-catalogue-cases.ts:130:66 › modular HSK1 source catalogue L10 complete DOM at 1440
  [webkit] › source-catalogue-cases.ts:130:66 › modular HSK1 source catalogue L11 complete DOM at 320
  [webkit] › source-catalogue-cases.ts:130:66 › modular HSK1 source catalogue L11 complete DOM at 390
  [webkit] › source-catalogue-cases.ts:130:66 › modular HSK1 source catalogue L11 complete DOM at 768
  [webkit] › source-catalogue-cases.ts:130:66 › modular HSK1 source catalogue L11 complete DOM at 1440
  [webkit] › source-catalogue-cases.ts:130:66 › modular HSK1 source catalogue L12 complete DOM at 320
  [webkit] › source-catalogue-cases.ts:130:66 › modular HSK1 source catalogue L12 complete DOM at 390
  [webkit] › source-catalogue-cases.ts:130:66 › modular HSK1 source catalogue L12 complete DOM at 768
  [webkit] › source-catalogue-cases.ts:130:66 › modular HSK1 source catalogue L12 complete DOM at 1440
  [webkit] › source-catalogue-cases.ts:130:66 › modular HSK1 source catalogue L13 complete DOM at 320
  [webkit] › source-catalogue-cases.ts:130:66 › modular HSK1 source catalogue L13 complete DOM at 390
  [webkit] › source-catalogue-cases.ts:130:66 › modular HSK1 source catalogue L13 complete DOM at 768
  [webkit] › source-catalogue-cases.ts:130:66 › modular HSK1 source catalogue L13 complete DOM at 1440
  [webkit] › source-catalogue-cases.ts:130:66 › modular HSK1 source catalogue L14 complete DOM at 320
  [webkit] › source-catalogue-cases.ts:130:66 › modular HSK1 source catalogue L14 complete DOM at 390
  [webkit] › source-catalogue-cases.ts:130:66 › modular HSK1 source catalogue L14 complete DOM at 768
  [webkit] › source-catalogue-cases.ts:130:66 › modular HSK1 source catalogue L14 complete DOM at 1440
  [webkit] › source-catalogue-cases.ts:130:66 › modular HSK1 source catalogue L15 complete DOM at 320
  [webkit] › source-catalogue-cases.ts:130:66 › modular HSK1 source catalogue L15 complete DOM at 390
  [webkit] › source-catalogue-cases.ts:130:66 › modular HSK1 source catalogue L15 complete DOM at 768
  [webkit] › source-catalogue-cases.ts:130:66 › modular HSK1 source catalogue L15 complete DOM at 1440
  [webkit] › source-catalogue-cases.ts:133:2 › modular HSK1 source catalogue tables persist across lessons refresh and isolate history
  [webkit] › source-catalogue-cases.ts:147:2 › modular HSK1 source catalogue optional self assessment permits blanks without grading
  [webkit] › source-catalogue-cases.ts:160:2 › modular HSK1 source catalogue headerless month and weekday examples remain read only
  [webkit] › source-pilot-cases.ts:43:40 › modular HSK1 source L4 reviewed source structure at 320
  [webkit] › source-pilot-cases.ts:43:40 › modular HSK1 source L4 reviewed source structure at 390
  [webkit] › source-pilot-cases.ts:43:40 › modular HSK1 source L4 reviewed source structure at 768
  [webkit] › source-pilot-cases.ts:43:40 › modular HSK1 source L4 reviewed source structure at 1440
  [webkit] › source-pilot-cases.ts:44:2 › modular HSK1 source save export reset import reload and history preserve nonempty old bytes
  [webkit] › source-pilot-cases.ts:45:2 › modular HSK1 source quota failure hides answers and exports unsaved input
  [webkit] › source-pilot-cases.ts:46:2 › modular HSK1 source delayed save cannot reveal a changed or closed answer
  [webkit] › source-pilot-cases.ts:52:2 › modular HSK1 source open tasks remain ungraded and IME invalidates pending preview
  [webkit] › source-pilot-cases.ts:53:2 › modular HSK1 source older-tab conflict preserves newer saved answers
  [webkit] › source-pilot-cases.ts:54:2 › modular HSK1 source pending journal blocks mutation without touching old bytes
  [webkit] › source-pilot-cases.ts:55:2 › modular HSK1 source IME start cancels a lock-waiting submission until an explicit retry
  [webkit] › source-pair-cases.ts:8:2 › modular HSK1 paired full backup reset restore reload preserves nonempty receipts and legacy bytes
  [webkit] › source-pair-cases.ts:9:2 › modular HSK1 primary-only import and scoped source reset preserve the untouched domain
  [webkit] › source-pair-cases.ts:10:2 › modular HSK1 malformed full source domain exposes no confirmation and explicit empty is previewed
  [webkit] › source-pair-cases.ts:11:2 › modular HSK1 second live write failure rolls back both domains without claiming success
  [webkit] › source-pair-cases.ts:12:2 › modular HSK1 reselect file cancels a paired confirm waiting on the old primary lock
  [webkit] › source-pair-cases.ts:13:2 › modular HSK1 pending corrupt journal exports rescue only and blocks new writes
  [webkit] › textbook-scene-regression.ts:52:5 › HSK1 listen retains hidden dialogue across scene history at 390px
  [webkit] › textbook-scene-regression.ts:52:5 › HSK1 hide retains hidden dialogue across scene history at 390px
  [webkit] › textbook-scene-regression.ts:52:5 › HSK1 listen retains hidden dialogue across scene history at 1280px
  [webkit] › textbook-scene-regression.ts:52:5 › HSK1 hide retains hidden dialogue across scene history at 1280px
  [webkit] › textbook-scene-regression.ts:128:33 › HSK1 all textbook scene galleries retain source bindings and hide alt at 320px
  [webkit] › textbook-scene-regression.ts:128:33 › HSK1 all textbook scene galleries retain source bindings and hide alt at 1440px
Total: 86 tests in 4 files
