Listing tests:
  [webkit] › hsk3-lessons1618.spec.ts:31:1 › HSK3 lesson17 seven-expression support panel is attached once to three durable open responses
  [webkit] › hsk3-lessons1618.spec.ts:34:1 › HSK3 lesson18 actual 刚才 and 刚刚 groups preserve examples and context-dependent practice stays ungraded
  [webkit] › hsk3-lessons1618.spec.ts:37:1 › HSK3 lesson18 final source review keeps twelve rows and twenty-four independently saved choices
  [webkit] › hsk3-lessons1618.spec.ts:40:1 › HSK3 lesson18 feedback-only explanation is absent from unsubmitted DOM and save failures then clears after edit and reset
  [webkit] › hsk3-lessons45.spec.ts:8:3 › HSK3 lesson 4 source-specific textbook views at 320
  [webkit] › hsk3-lessons45.spec.ts:8:3 › HSK3 lesson 5 source-specific textbook views at 320
  [webkit] › hsk3-lessons45.spec.ts:8:3 › HSK3 lesson 4 source-specific textbook views at 390
  [webkit] › hsk3-lessons45.spec.ts:8:3 › HSK3 lesson 5 source-specific textbook views at 390
  [webkit] › hsk3-lessons45.spec.ts:8:3 › HSK3 lesson 4 source-specific textbook views at 768
  [webkit] › hsk3-lessons45.spec.ts:8:3 › HSK3 lesson 5 source-specific textbook views at 768
  [webkit] › hsk3-lessons45.spec.ts:8:3 › HSK3 lesson 4 source-specific textbook views at 1440
  [webkit] › hsk3-lessons45.spec.ts:8:3 › HSK3 lesson 5 source-specific textbook views at 1440
  [webkit] › hsk3-lessons45.spec.ts:77:1 › HSK3 lesson4 grouped source explanations preserve every original example and split answer pages
  [webkit] › hsk3-lessons45.spec.ts:111:1 › HSK3 lesson4 three picture dialogues retain eleven independent nonunique responses
  [webkit] › hsk3-lessons45.spec.ts:129:1 › HSK3 lesson5 pair table keeps eight responses printed templates and keyboard scrolling
  [webkit] › hsk3-lessons45.spec.ts:167:1 › HSK3 lesson5 three portrait figures and cross-page word choices preserve source differences
  [webkit] › hsk3-lessons67.spec.ts:8:3 › HSK3 lesson 6 source-specific textbook views at 320
  [webkit] › hsk3-lessons67.spec.ts:8:3 › HSK3 lesson 7 source-specific textbook views at 320
  [webkit] › hsk3-lessons67.spec.ts:8:3 › HSK3 lesson 6 source-specific textbook views at 390
  [webkit] › hsk3-lessons67.spec.ts:8:3 › HSK3 lesson 7 source-specific textbook views at 390
  [webkit] › hsk3-lessons67.spec.ts:8:3 › HSK3 lesson 6 source-specific textbook views at 768
  [webkit] › hsk3-lessons67.spec.ts:8:3 › HSK3 lesson 7 source-specific textbook views at 768
  [webkit] › hsk3-lessons67.spec.ts:8:3 › HSK3 lesson 6 source-specific textbook views at 1440
  [webkit] › hsk3-lessons67.spec.ts:8:3 › HSK3 lesson 7 source-specific textbook views at 1440
  [webkit] › hsk3-lessons67.spec.ts:64:1 › HSK3 lesson6 ten-row review keeps twenty independent checks and cross-page vocabulary
  [webkit] › hsk3-lessons67.spec.ts:79:1 › HSK3 lesson6 official word keys retain split source and answer boundaries
  [webkit] › hsk3-lessons67.spec.ts:92:1 › HSK3 lesson6 five travel topics enforce complete responses before durable open feedback
  [webkit] › hsk3-lessons67.spec.ts:102:1 › HSK3 lesson7 typed measure words grade each image without converting to choice matching
  [webkit] › hsk3-lessons67.spec.ts:114:1 › HSK3 lesson7 source explanation and subject groups preserve original grammar and exact pictures
  [webkit] › hsk3-lessons67.spec.ts:133:1 › HSK3 lesson7 twelve picture blanks and two group scenes remain independent after reload
  [webkit] › hsk3-lessons89.spec.ts:9:2 › HSK3 lesson 8 source-specific textbook views at 320
  [webkit] › hsk3-lessons89.spec.ts:9:2 › HSK3 lesson 9 source-specific textbook views at 320
  [webkit] › hsk3-lessons89.spec.ts:9:2 › HSK3 lesson 8 source-specific textbook views at 390
  [webkit] › hsk3-lessons89.spec.ts:9:2 › HSK3 lesson 9 source-specific textbook views at 390
  [webkit] › hsk3-lessons89.spec.ts:9:2 › HSK3 lesson 8 source-specific textbook views at 768
  [webkit] › hsk3-lessons89.spec.ts:9:2 › HSK3 lesson 9 source-specific textbook views at 768
  [webkit] › hsk3-lessons89.spec.ts:9:2 › HSK3 lesson 8 source-specific textbook views at 1440
  [webkit] › hsk3-lessons89.spec.ts:9:2 › HSK3 lesson 9 source-specific textbook views at 1440
  [webkit] › hsk3-lessons89.spec.ts:26:2 › HSK3 lesson8 official source banks grade without revealing before submit
  [webkit] › hsk3-lessons89.spec.ts:33:2 › HSK3 lesson8 picture dialogue independent blanks persist as ungraded references
  [webkit] › hsk3-lessons89.spec.ts:26:2 › HSK3 lesson9 official source banks grade without revealing before submit
  [webkit] › hsk3-lessons89.spec.ts:33:2 › HSK3 lesson9 picture dialogue independent blanks persist as ungraded references
  [webkit] › hsk3-lessons89.spec.ts:39:1 › HSK3 lesson9 eleven-row review preserves twenty-two checks and two separate vocabulary fields
  [webkit] › hsk3-lessons89.spec.ts:44:1 › HSK3 lesson9 potential complement third dialogue keeps both independent responses
  [webkit] › hsk3-lessons89.spec.ts:47:39 › HSK3 lesson8 six picture matching choices preserve correct wrong and edited responses
  [webkit] › hsk3-lessons89.spec.ts:47:39 › HSK3 lesson9 six picture matching choices preserve correct wrong and edited responses
  [webkit] › hsk3-lessons89.spec.ts:51:39 › HSK3 lesson8 reading references remain hidden until submission and never string grade
  [webkit] › hsk3-lessons89.spec.ts:51:39 › HSK3 lesson9 reading references remain hidden until submission and never string grade
  [webkit] › hsk3-lessons89.spec.ts:58:1 › HSK3 prior fallback responses remain safe read-only history through backup restore and never prefill new scores
  [webkit] › lesson-batch.spec.ts:17:179 › HSK2 lesson 2 reviewed textbook sections at 320
  [webkit] › lesson-batch.spec.ts:17:179 › HSK2 lesson 3 reviewed textbook sections at 320
  [webkit] › lesson-batch.spec.ts:17:179 › HSK2 lesson 4 reviewed textbook sections at 320
  [webkit] › lesson-batch.spec.ts:17:179 › HSK2 lesson 5 reviewed textbook sections at 320
  [webkit] › lesson-batch.spec.ts:17:179 › HSK2 lesson 6 reviewed textbook sections at 320
  [webkit] › lesson-batch.spec.ts:17:179 › HSK2 lesson 7 reviewed textbook sections at 320
  [webkit] › lesson-batch.spec.ts:17:179 › HSK2 lesson 8 reviewed textbook sections at 320
  [webkit] › lesson-batch.spec.ts:17:179 › HSK2 lesson 9 reviewed textbook sections at 320
  [webkit] › lesson-batch.spec.ts:17:179 › HSK2 lesson 10 reviewed textbook sections at 320
  [webkit] › lesson-batch.spec.ts:17:179 › HSK2 lesson 11 reviewed textbook sections at 320
  [webkit] › lesson-batch.spec.ts:17:179 › HSK2 lesson 12 reviewed textbook sections at 320
  [webkit] › lesson-batch.spec.ts:17:179 › HSK2 lesson 13 reviewed textbook sections at 320
  [webkit] › lesson-batch.spec.ts:17:179 › HSK2 lesson 14 reviewed textbook sections at 320
  [webkit] › lesson-batch.spec.ts:17:179 › HSK2 lesson 15 reviewed textbook sections at 320
  [webkit] › lesson-batch.spec.ts:17:179 › HSK2 lesson 2 reviewed textbook sections at 390
  [webkit] › lesson-batch.spec.ts:17:179 › HSK2 lesson 3 reviewed textbook sections at 390
  [webkit] › lesson-batch.spec.ts:17:179 › HSK2 lesson 4 reviewed textbook sections at 390
  [webkit] › lesson-batch.spec.ts:17:179 › HSK2 lesson 5 reviewed textbook sections at 390
  [webkit] › lesson-batch.spec.ts:17:179 › HSK2 lesson 6 reviewed textbook sections at 390
  [webkit] › lesson-batch.spec.ts:17:179 › HSK2 lesson 7 reviewed textbook sections at 390
  [webkit] › lesson-batch.spec.ts:17:179 › HSK2 lesson 8 reviewed textbook sections at 390
  [webkit] › lesson-batch.spec.ts:17:179 › HSK2 lesson 9 reviewed textbook sections at 390
  [webkit] › lesson-batch.spec.ts:17:179 › HSK2 lesson 10 reviewed textbook sections at 390
  [webkit] › lesson-batch.spec.ts:17:179 › HSK2 lesson 11 reviewed textbook sections at 390
  [webkit] › lesson-batch.spec.ts:17:179 › HSK2 lesson 12 reviewed textbook sections at 390
  [webkit] › lesson-batch.spec.ts:17:179 › HSK2 lesson 13 reviewed textbook sections at 390
  [webkit] › lesson-batch.spec.ts:17:179 › HSK2 lesson 14 reviewed textbook sections at 390
  [webkit] › lesson-batch.spec.ts:17:179 › HSK2 lesson 15 reviewed textbook sections at 390
  [webkit] › lesson-batch.spec.ts:17:179 › HSK2 lesson 2 reviewed textbook sections at 768
  [webkit] › lesson-batch.spec.ts:17:179 › HSK2 lesson 3 reviewed textbook sections at 768
  [webkit] › lesson-batch.spec.ts:17:179 › HSK2 lesson 4 reviewed textbook sections at 768
  [webkit] › lesson-batch.spec.ts:17:179 › HSK2 lesson 5 reviewed textbook sections at 768
  [webkit] › lesson-batch.spec.ts:17:179 › HSK2 lesson 6 reviewed textbook sections at 768
  [webkit] › lesson-batch.spec.ts:17:179 › HSK2 lesson 7 reviewed textbook sections at 768
  [webkit] › lesson-batch.spec.ts:17:179 › HSK2 lesson 8 reviewed textbook sections at 768
  [webkit] › lesson-batch.spec.ts:17:179 › HSK2 lesson 9 reviewed textbook sections at 768
  [webkit] › lesson-batch.spec.ts:17:179 › HSK2 lesson 10 reviewed textbook sections at 768
  [webkit] › lesson-batch.spec.ts:17:179 › HSK2 lesson 11 reviewed textbook sections at 768
  [webkit] › lesson-batch.spec.ts:17:179 › HSK2 lesson 12 reviewed textbook sections at 768
  [webkit] › lesson-batch.spec.ts:17:179 › HSK2 lesson 13 reviewed textbook sections at 768
  [webkit] › lesson-batch.spec.ts:17:179 › HSK2 lesson 14 reviewed textbook sections at 768
  [webkit] › lesson-batch.spec.ts:17:179 › HSK2 lesson 15 reviewed textbook sections at 768
  [webkit] › lesson-batch.spec.ts:17:179 › HSK2 lesson 2 reviewed textbook sections at 1440
  [webkit] › lesson-batch.spec.ts:17:179 › HSK2 lesson 3 reviewed textbook sections at 1440
  [webkit] › lesson-batch.spec.ts:17:179 › HSK2 lesson 4 reviewed textbook sections at 1440
  [webkit] › lesson-batch.spec.ts:17:179 › HSK2 lesson 5 reviewed textbook sections at 1440
  [webkit] › lesson-batch.spec.ts:17:179 › HSK2 lesson 6 reviewed textbook sections at 1440
  [webkit] › lesson-batch.spec.ts:17:179 › HSK2 lesson 7 reviewed textbook sections at 1440
  [webkit] › lesson-batch.spec.ts:17:179 › HSK2 lesson 8 reviewed textbook sections at 1440
  [webkit] › lesson-batch.spec.ts:17:179 › HSK2 lesson 9 reviewed textbook sections at 1440
  [webkit] › lesson-batch.spec.ts:17:179 › HSK2 lesson 10 reviewed textbook sections at 1440
  [webkit] › lesson-batch.spec.ts:17:179 › HSK2 lesson 11 reviewed textbook sections at 1440
  [webkit] › lesson-batch.spec.ts:17:179 › HSK2 lesson 12 reviewed textbook sections at 1440
  [webkit] › lesson-batch.spec.ts:17:179 › HSK2 lesson 13 reviewed textbook sections at 1440
  [webkit] › lesson-batch.spec.ts:17:179 › HSK2 lesson 14 reviewed textbook sections at 1440
  [webkit] › lesson-batch.spec.ts:17:179 › HSK2 lesson 15 reviewed textbook sections at 1440
  [webkit] › lesson-batch.spec.ts:40:1 › review matrix keeps two columns independent across refresh and scoped backup restore
  [webkit] › lesson-batch.spec.ts:45:1 › source survey tables preserve independent travel text, single preferences and multiple experiences
  [webkit] › lesson-batch.spec.ts:51:1 › lesson3 original two-row vocabulary reflection retains independent free text
  [webkit] › lesson-batch.spec.ts:58:1 › lesson6 reflection preserves two free-text categories and independent understand/use checkboxes
  [webkit] › lesson-batch.spec.ts:63:1 › lesson7 source surveys keep three sequences and two complete group records on narrow screens
  [webkit] › lesson-batch.spec.ts:68:1 › lesson9 headerless source comparison keeps all eight personal responses and original units
  [webkit] › lesson-batch.spec.ts:74:1 › lesson9 two vocabulary reflections and both grammar-check dimensions survive reload
  [webkit] › lesson-batch.spec.ts:78:1 › lesson10 open responses and all seven source picture blanks persist without exact grading
  [webkit] › lesson-batch.spec.ts:82:1 › lesson10 official answers retain split answer pages and clear stale feedback after edit
  [webkit] › lesson-batch.spec.ts:85:1 › lesson11 second picture warmup preserves four open descriptions and separate culture resource status
  [webkit] › lesson-batch.spec.ts:89:1 › lesson12 four-person survey keeps three names in headers and twelve independent responses
  [webkit] › lesson-batch.spec.ts:93:1 › lesson12 official word keys span answer pages while review dimensions stay independent
  [webkit] › lesson-batch.spec.ts:96:1 › lesson13 coffee guess and five comparison blanks remain nonunique and persist separately
  [webkit] › lesson-batch.spec.ts:100:1 › lesson13 original ambiguous-key explanation appears only after feedback and survives reload
  [webkit] › lesson-batch.spec.ts:125:1 › lesson14 two picture warmups retain eight scenes and word-choice split textbook pages
  [webkit] › lesson-batch.spec.ts:131:1 › lesson15 frequency table keeps source blank corner fixed times and three durable counts
  [webkit] › lesson-batch.spec.ts:135:1 › lesson15 cross-page review keeps eighteen independent checks and unavailable culture video
  [webkit] › lesson-batch.spec.ts:139:1 › lesson15 reversed Vietnamese blank labels and split answer pages preserve their bindings
  [webkit] › media.spec.ts:10:46 › HSK 2 lesson 1 original word clips 1–8 end at verified boundaries
  [webkit] › media.spec.ts:10:46 › HSK 2 lesson 1 original word clips 9–13 end at verified boundaries
  [webkit] › media.spec.ts:10:46 › HSK 3 lesson 1 original word clips 1–8 end at verified boundaries
  [webkit] › media.spec.ts:10:46 › HSK 3 lesson 1 original word clips 9–16 end at verified boundaries
  [webkit] › media.spec.ts:10:46 › HSK 3 lesson 1 original word clips 17–23 end at verified boundaries
  [webkit] › media.spec.ts:10:46 › HSK 2 lesson 2 original word clips 1–8 end at verified boundaries
  [webkit] › media.spec.ts:10:46 › HSK 2 lesson 2 original word clips 9–14 end at verified boundaries
  [webkit] › media.spec.ts:10:46 › HSK 2 lesson 3 original word clips 1–8 end at verified boundaries
  [webkit] › media.spec.ts:10:46 › HSK 2 lesson 3 original word clips 9–11 end at verified boundaries
  [webkit] › media.spec.ts:15:1 › multi-sentence source uses separate genuine sentence controls and HSK1 scenes preserve URL
  [webkit] › media.spec.ts:18:1 › pending short word never advertises a verified standalone original clip
  [webkit] › media.spec.ts:19:1 › supplemental illustration zoom closes by Escape and restores the opener
  [webkit] › media.spec.ts:20:1 › all three levels load licensed handwriting, animate, practice and reset
  [webkit] › media.spec.ts:24:74 › HSK 2 lesson 1 scene 1 all original sentences obey native boundaries
  [webkit] › media.spec.ts:24:74 › HSK 2 lesson 1 scene 2 all original sentences obey native boundaries
  [webkit] › media.spec.ts:24:74 › HSK 2 lesson 1 scene 3 all original sentences obey native boundaries
  [webkit] › media.spec.ts:24:74 › HSK 2 lesson 1 scene 4 all original sentences obey native boundaries
  [webkit] › media.spec.ts:24:74 › HSK 3 lesson 1 scene 1 all original sentences obey native boundaries
  [webkit] › media.spec.ts:24:74 › HSK 3 lesson 1 scene 2 all original sentences obey native boundaries
  [webkit] › media.spec.ts:24:74 › HSK 3 lesson 1 scene 3 all original sentences obey native boundaries
  [webkit] › media.spec.ts:24:74 › HSK 3 lesson 1 scene 4 all original sentences obey native boundaries
  [webkit] › media.spec.ts:24:74 › HSK 2 lesson 2 scene 1 all original sentences obey native boundaries
  [webkit] › media.spec.ts:24:74 › HSK 2 lesson 2 scene 2 all original sentences obey native boundaries
  [webkit] › media.spec.ts:24:74 › HSK 2 lesson 2 scene 3 all original sentences obey native boundaries
  [webkit] › media.spec.ts:24:74 › HSK 2 lesson 2 scene 4 all original sentences obey native boundaries
  [webkit] › media.spec.ts:24:74 › HSK 2 lesson 3 scene 1 all original sentences obey native boundaries
  [webkit] › media.spec.ts:24:74 › HSK 2 lesson 3 scene 2 all original sentences obey native boundaries
  [webkit] › media.spec.ts:24:74 › HSK 2 lesson 3 scene 3 all original sentences obey native boundaries
  [webkit] › media.spec.ts:24:74 › HSK 2 lesson 3 scene 4 all original sentences obey native boundaries
  [webkit] › media.spec.ts:30:27 › HSK2 lesson 2 pending short words show only honestly labeled source groups
  [webkit] › media.spec.ts:30:27 › HSK2 lesson 3 pending short words show only honestly labeled source groups
  [webkit] › reviewed-sentence-subset.spec.ts:6:98 › guarded source-frame hsk2-fltrp-2026:l04:text2:line3 plays its exact original range and retains fallback
  [webkit] › reviewed-sentence-subset.spec.ts:6:98 › guarded source-frame hsk2-fltrp-2026:l05:text2:line8:sentence2 plays its exact original range and retains fallback
  [webkit] › reviewed-sentence-subset.spec.ts:17:1 › whole-track color retains its honest pending independent-word label
  [webkit] › reviewed-sentence-subset.spec.ts:18:1 › failed new checksum leaves legacy accepted clips and new whole-track fallback available
  [webkit] › unified.spec.ts:4:66 › shared classroom HSK1 viewport 320
  [webkit] › unified.spec.ts:4:66 › shared classroom HSK2 viewport 320
  [webkit] › unified.spec.ts:4:66 › shared classroom HSK3 viewport 320
  [webkit] › unified.spec.ts:4:66 › shared classroom HSK1 viewport 390
  [webkit] › unified.spec.ts:4:66 › shared classroom HSK2 viewport 390
  [webkit] › unified.spec.ts:4:66 › shared classroom HSK3 viewport 390
  [webkit] › unified.spec.ts:4:66 › shared classroom HSK1 viewport 768
  [webkit] › unified.spec.ts:4:66 › shared classroom HSK2 viewport 768
  [webkit] › unified.spec.ts:4:66 › shared classroom HSK3 viewport 768
  [webkit] › unified.spec.ts:4:66 › shared classroom HSK1 viewport 1440
  [webkit] › unified.spec.ts:4:66 › shared classroom HSK2 viewport 1440
  [webkit] › unified.spec.ts:4:66 › shared classroom HSK3 viewport 1440
  [webkit] › unified.spec.ts:9:1 › one shell switches levels without reload and keeps nonempty drafts isolated
  [webkit] › unified.spec.ts:13:1 › textbook answers save, check, survive scene changes and reload without altering homework
  [webkit] › unified.spec.ts:16:1 › homework receipts store immutable questions and scores
  [webkit] › unified.spec.ts:19:1 › portal shows all three levels and retains HSK4 and legacy courses
  [webkit] › unified.spec.ts:20:1 › shared backup exports all three course identities and restores only the selected level
Total: 175 tests in 8 files
