Listing tests:
  [webkit] › activity-commit.spec.ts:14:83 › HSK2 failed submission cannot reveal feedback after actual remount or become a later ordinary save
  [webkit] › activity-commit.spec.ts:14:83 › HSK2 waiting submission cannot reveal feedback after actual remount or become a later ordinary save
  [webkit] › activity-commit.spec.ts:14:83 › HSK3 failed submission cannot reveal feedback after actual remount or become a later ordinary save
  [webkit] › activity-commit.spec.ts:14:83 › HSK3 waiting submission cannot reveal feedback after actual remount or become a later ordinary save
  [webkit] › ../../../hsk1-app/tests/browser/textbook-scene-regression.ts:52:5 › HSK1 listen retains hidden dialogue across scene history at 390px
  [webkit] › ../../../hsk1-app/tests/browser/textbook-scene-regression.ts:52:5 › HSK1 hide retains hidden dialogue across scene history at 390px
  [webkit] › ../../../hsk1-app/tests/browser/textbook-scene-regression.ts:52:5 › HSK1 listen retains hidden dialogue across scene history at 1280px
  [webkit] › ../../../hsk1-app/tests/browser/textbook-scene-regression.ts:52:5 › HSK1 hide retains hidden dialogue across scene history at 1280px
  [webkit] › ../../../hsk1-app/tests/browser/textbook-scene-regression.ts:128:33 › HSK1 all textbook scene galleries retain source bindings and hide alt at 320px
  [webkit] › ../../../hsk1-app/tests/browser/textbook-scene-regression.ts:128:33 › HSK1 all textbook scene galleries retain source bindings and hide alt at 1440px
  [webkit] › ../../../hsk1-app/tests/browser/source-catalogue-cases.ts:130:66 › unified HSK1 source catalogue L1 complete DOM at 320
  [webkit] › ../../../hsk1-app/tests/browser/source-catalogue-cases.ts:130:66 › unified HSK1 source catalogue L1 complete DOM at 390
  [webkit] › ../../../hsk1-app/tests/browser/source-catalogue-cases.ts:130:66 › unified HSK1 source catalogue L1 complete DOM at 768
  [webkit] › ../../../hsk1-app/tests/browser/source-catalogue-cases.ts:130:66 › unified HSK1 source catalogue L1 complete DOM at 1440
  [webkit] › ../../../hsk1-app/tests/browser/source-catalogue-cases.ts:130:66 › unified HSK1 source catalogue L2 complete DOM at 320
  [webkit] › ../../../hsk1-app/tests/browser/source-catalogue-cases.ts:130:66 › unified HSK1 source catalogue L2 complete DOM at 390
  [webkit] › ../../../hsk1-app/tests/browser/source-catalogue-cases.ts:130:66 › unified HSK1 source catalogue L2 complete DOM at 768
  [webkit] › ../../../hsk1-app/tests/browser/source-catalogue-cases.ts:130:66 › unified HSK1 source catalogue L2 complete DOM at 1440
  [webkit] › ../../../hsk1-app/tests/browser/source-catalogue-cases.ts:130:66 › unified HSK1 source catalogue L3 complete DOM at 320
  [webkit] › ../../../hsk1-app/tests/browser/source-catalogue-cases.ts:130:66 › unified HSK1 source catalogue L3 complete DOM at 390
  [webkit] › ../../../hsk1-app/tests/browser/source-catalogue-cases.ts:130:66 › unified HSK1 source catalogue L3 complete DOM at 768
  [webkit] › ../../../hsk1-app/tests/browser/source-catalogue-cases.ts:130:66 › unified HSK1 source catalogue L3 complete DOM at 1440
  [webkit] › ../../../hsk1-app/tests/browser/source-catalogue-cases.ts:130:66 › unified HSK1 source catalogue L4 complete DOM at 320
  [webkit] › ../../../hsk1-app/tests/browser/source-catalogue-cases.ts:130:66 › unified HSK1 source catalogue L4 complete DOM at 390
  [webkit] › ../../../hsk1-app/tests/browser/source-catalogue-cases.ts:130:66 › unified HSK1 source catalogue L4 complete DOM at 768
  [webkit] › ../../../hsk1-app/tests/browser/source-catalogue-cases.ts:130:66 › unified HSK1 source catalogue L4 complete DOM at 1440
  [webkit] › ../../../hsk1-app/tests/browser/source-catalogue-cases.ts:130:66 › unified HSK1 source catalogue L5 complete DOM at 320
  [webkit] › ../../../hsk1-app/tests/browser/source-catalogue-cases.ts:130:66 › unified HSK1 source catalogue L5 complete DOM at 390
  [webkit] › ../../../hsk1-app/tests/browser/source-catalogue-cases.ts:130:66 › unified HSK1 source catalogue L5 complete DOM at 768
  [webkit] › ../../../hsk1-app/tests/browser/source-catalogue-cases.ts:130:66 › unified HSK1 source catalogue L5 complete DOM at 1440
  [webkit] › ../../../hsk1-app/tests/browser/source-catalogue-cases.ts:130:66 › unified HSK1 source catalogue L6 complete DOM at 320
  [webkit] › ../../../hsk1-app/tests/browser/source-catalogue-cases.ts:130:66 › unified HSK1 source catalogue L6 complete DOM at 390
  [webkit] › ../../../hsk1-app/tests/browser/source-catalogue-cases.ts:130:66 › unified HSK1 source catalogue L6 complete DOM at 768
  [webkit] › ../../../hsk1-app/tests/browser/source-catalogue-cases.ts:130:66 › unified HSK1 source catalogue L6 complete DOM at 1440
  [webkit] › ../../../hsk1-app/tests/browser/source-catalogue-cases.ts:130:66 › unified HSK1 source catalogue L7 complete DOM at 320
  [webkit] › ../../../hsk1-app/tests/browser/source-catalogue-cases.ts:130:66 › unified HSK1 source catalogue L7 complete DOM at 390
  [webkit] › ../../../hsk1-app/tests/browser/source-catalogue-cases.ts:130:66 › unified HSK1 source catalogue L7 complete DOM at 768
  [webkit] › ../../../hsk1-app/tests/browser/source-catalogue-cases.ts:130:66 › unified HSK1 source catalogue L7 complete DOM at 1440
  [webkit] › ../../../hsk1-app/tests/browser/source-catalogue-cases.ts:130:66 › unified HSK1 source catalogue L8 complete DOM at 320
  [webkit] › ../../../hsk1-app/tests/browser/source-catalogue-cases.ts:130:66 › unified HSK1 source catalogue L8 complete DOM at 390
  [webkit] › ../../../hsk1-app/tests/browser/source-catalogue-cases.ts:130:66 › unified HSK1 source catalogue L8 complete DOM at 768
  [webkit] › ../../../hsk1-app/tests/browser/source-catalogue-cases.ts:130:66 › unified HSK1 source catalogue L8 complete DOM at 1440
  [webkit] › ../../../hsk1-app/tests/browser/source-catalogue-cases.ts:130:66 › unified HSK1 source catalogue L9 complete DOM at 320
  [webkit] › ../../../hsk1-app/tests/browser/source-catalogue-cases.ts:130:66 › unified HSK1 source catalogue L9 complete DOM at 390
  [webkit] › ../../../hsk1-app/tests/browser/source-catalogue-cases.ts:130:66 › unified HSK1 source catalogue L9 complete DOM at 768
  [webkit] › ../../../hsk1-app/tests/browser/source-catalogue-cases.ts:130:66 › unified HSK1 source catalogue L9 complete DOM at 1440
  [webkit] › ../../../hsk1-app/tests/browser/source-catalogue-cases.ts:130:66 › unified HSK1 source catalogue L10 complete DOM at 320
  [webkit] › ../../../hsk1-app/tests/browser/source-catalogue-cases.ts:130:66 › unified HSK1 source catalogue L10 complete DOM at 390
  [webkit] › ../../../hsk1-app/tests/browser/source-catalogue-cases.ts:130:66 › unified HSK1 source catalogue L10 complete DOM at 768
  [webkit] › ../../../hsk1-app/tests/browser/source-catalogue-cases.ts:130:66 › unified HSK1 source catalogue L10 complete DOM at 1440
  [webkit] › ../../../hsk1-app/tests/browser/source-catalogue-cases.ts:130:66 › unified HSK1 source catalogue L11 complete DOM at 320
  [webkit] › ../../../hsk1-app/tests/browser/source-catalogue-cases.ts:130:66 › unified HSK1 source catalogue L11 complete DOM at 390
  [webkit] › ../../../hsk1-app/tests/browser/source-catalogue-cases.ts:130:66 › unified HSK1 source catalogue L11 complete DOM at 768
  [webkit] › ../../../hsk1-app/tests/browser/source-catalogue-cases.ts:130:66 › unified HSK1 source catalogue L11 complete DOM at 1440
  [webkit] › ../../../hsk1-app/tests/browser/source-catalogue-cases.ts:130:66 › unified HSK1 source catalogue L12 complete DOM at 320
  [webkit] › ../../../hsk1-app/tests/browser/source-catalogue-cases.ts:130:66 › unified HSK1 source catalogue L12 complete DOM at 390
  [webkit] › ../../../hsk1-app/tests/browser/source-catalogue-cases.ts:130:66 › unified HSK1 source catalogue L12 complete DOM at 768
  [webkit] › ../../../hsk1-app/tests/browser/source-catalogue-cases.ts:130:66 › unified HSK1 source catalogue L12 complete DOM at 1440
  [webkit] › ../../../hsk1-app/tests/browser/source-catalogue-cases.ts:130:66 › unified HSK1 source catalogue L13 complete DOM at 320
  [webkit] › ../../../hsk1-app/tests/browser/source-catalogue-cases.ts:130:66 › unified HSK1 source catalogue L13 complete DOM at 390
  [webkit] › ../../../hsk1-app/tests/browser/source-catalogue-cases.ts:130:66 › unified HSK1 source catalogue L13 complete DOM at 768
  [webkit] › ../../../hsk1-app/tests/browser/source-catalogue-cases.ts:130:66 › unified HSK1 source catalogue L13 complete DOM at 1440
  [webkit] › ../../../hsk1-app/tests/browser/source-catalogue-cases.ts:130:66 › unified HSK1 source catalogue L14 complete DOM at 320
  [webkit] › ../../../hsk1-app/tests/browser/source-catalogue-cases.ts:130:66 › unified HSK1 source catalogue L14 complete DOM at 390
  [webkit] › ../../../hsk1-app/tests/browser/source-catalogue-cases.ts:130:66 › unified HSK1 source catalogue L14 complete DOM at 768
  [webkit] › ../../../hsk1-app/tests/browser/source-catalogue-cases.ts:130:66 › unified HSK1 source catalogue L14 complete DOM at 1440
  [webkit] › ../../../hsk1-app/tests/browser/source-catalogue-cases.ts:130:66 › unified HSK1 source catalogue L15 complete DOM at 320
  [webkit] › ../../../hsk1-app/tests/browser/source-catalogue-cases.ts:130:66 › unified HSK1 source catalogue L15 complete DOM at 390
  [webkit] › ../../../hsk1-app/tests/browser/source-catalogue-cases.ts:130:66 › unified HSK1 source catalogue L15 complete DOM at 768
  [webkit] › ../../../hsk1-app/tests/browser/source-catalogue-cases.ts:130:66 › unified HSK1 source catalogue L15 complete DOM at 1440
  [webkit] › ../../../hsk1-app/tests/browser/source-catalogue-cases.ts:133:2 › unified HSK1 source catalogue tables persist across lessons refresh and isolate history
  [webkit] › ../../../hsk1-app/tests/browser/source-catalogue-cases.ts:147:2 › unified HSK1 source catalogue optional self assessment permits blanks without grading
  [webkit] › ../../../hsk1-app/tests/browser/source-catalogue-cases.ts:160:2 › unified HSK1 source catalogue headerless month and weekday examples remain read only
  [webkit] › hsk1-source-font-visual.spec.ts:38:31 › HSK1 printed field pinyin and original empty table headers visual evidence at 320
  [webkit] › hsk1-source-font-visual.spec.ts:38:31 › HSK1 printed field pinyin and original empty table headers visual evidence at 1440
  [webkit] › ../../../hsk1-app/tests/browser/source-pilot-cases.ts:43:40 › unified HSK1 source L4 reviewed source structure at 320
  [webkit] › ../../../hsk1-app/tests/browser/source-pilot-cases.ts:43:40 › unified HSK1 source L4 reviewed source structure at 390
  [webkit] › ../../../hsk1-app/tests/browser/source-pilot-cases.ts:43:40 › unified HSK1 source L4 reviewed source structure at 768
  [webkit] › ../../../hsk1-app/tests/browser/source-pilot-cases.ts:43:40 › unified HSK1 source L4 reviewed source structure at 1440
  [webkit] › ../../../hsk1-app/tests/browser/source-pilot-cases.ts:44:2 › unified HSK1 source save export reset import reload and history preserve nonempty old bytes
  [webkit] › ../../../hsk1-app/tests/browser/source-pilot-cases.ts:45:2 › unified HSK1 source quota failure hides answers and exports unsaved input
  [webkit] › ../../../hsk1-app/tests/browser/source-pilot-cases.ts:46:2 › unified HSK1 source delayed save cannot reveal a changed or closed answer
  [webkit] › ../../../hsk1-app/tests/browser/source-pilot-cases.ts:52:2 › unified HSK1 source open tasks remain ungraded and IME invalidates pending preview
  [webkit] › ../../../hsk1-app/tests/browser/source-pilot-cases.ts:53:2 › unified HSK1 source older-tab conflict preserves newer saved answers
  [webkit] › ../../../hsk1-app/tests/browser/source-pilot-cases.ts:54:2 › unified HSK1 source pending journal blocks mutation without touching old bytes
  [webkit] › ../../../hsk1-app/tests/browser/source-pilot-cases.ts:55:2 › unified HSK1 source IME start cancels a lock-waiting submission until an explicit retry
  [webkit] › ../../../hsk1-app/tests/browser/source-pair-cases.ts:8:2 › unified HSK1 paired full backup reset restore reload preserves nonempty receipts and legacy bytes
  [webkit] › ../../../hsk1-app/tests/browser/source-pair-cases.ts:9:2 › unified HSK1 primary-only import and scoped source reset preserve the untouched domain
  [webkit] › ../../../hsk1-app/tests/browser/source-pair-cases.ts:10:2 › unified HSK1 malformed full source domain exposes no confirmation and explicit empty is previewed
  [webkit] › ../../../hsk1-app/tests/browser/source-pair-cases.ts:11:2 › unified HSK1 second live write failure rolls back both domains without claiming success
  [webkit] › ../../../hsk1-app/tests/browser/source-pair-cases.ts:12:2 › unified HSK1 reselect file cancels a paired confirm waiting on the old primary lock
  [webkit] › ../../../hsk1-app/tests/browser/source-pair-cases.ts:13:2 › unified HSK1 pending corrupt journal exports rescue only and blocks new writes
  [webkit] › hsk1-source-pilot.spec.ts:6:1 › unified full three-course schema2 roundtrip includes nonempty HSK1 source domain
  [webkit] › hsk3-appendix-stars.spec.ts:6:1 › HSK3 all sixteen reconciled glossary stars show bilingual supplement labels without altering progress
  [webkit] › hsk3-lesson-batch.spec.ts:7:77 › HSK3 lesson 2 reviewed textbook sections at 320
  [webkit] › hsk3-lesson-batch.spec.ts:7:77 › HSK3 lesson 3 reviewed textbook sections at 320
  [webkit] › hsk3-lesson-batch.spec.ts:7:77 › HSK3 lesson 2 reviewed textbook sections at 390
  [webkit] › hsk3-lesson-batch.spec.ts:7:77 › HSK3 lesson 3 reviewed textbook sections at 390
  [webkit] › hsk3-lesson-batch.spec.ts:7:77 › HSK3 lesson 2 reviewed textbook sections at 768
  [webkit] › hsk3-lesson-batch.spec.ts:7:77 › HSK3 lesson 3 reviewed textbook sections at 768
  [webkit] › hsk3-lesson-batch.spec.ts:7:77 › HSK3 lesson 2 reviewed textbook sections at 1440
  [webkit] › hsk3-lesson-batch.spec.ts:7:77 › HSK3 lesson 3 reviewed textbook sections at 1440
  [webkit] › hsk3-lesson-batch.spec.ts:67:1 › HSK3 lesson2 source menu keeps five distinct blanks and exact fixed quadrant foods
  [webkit] › hsk3-lesson-batch.spec.ts:140:1 › HSK3 lesson2 group support scenes zoom without duplicating picture fields and retain plan
  [webkit] › hsk3-lesson-batch.spec.ts:177:1 › HSK3 lesson3 two word banks retain textbook and answer page splits
  [webkit] › hsk3-lesson-batch.spec.ts:202:1 › HSK3 lesson3 reflection keeps vocabulary categories eighteen checks and effort across pages
  [webkit] › hsk3-lessons1011.spec.ts:6:79 › HSK3 lesson 10 source-specific textbook views at 320
  [webkit] › hsk3-lessons1011.spec.ts:6:79 › HSK3 lesson 11 source-specific textbook views at 320
  [webkit] › hsk3-lessons1011.spec.ts:6:79 › HSK3 lesson 10 source-specific textbook views at 390
  [webkit] › hsk3-lessons1011.spec.ts:6:79 › HSK3 lesson 11 source-specific textbook views at 390
  [webkit] › hsk3-lessons1011.spec.ts:6:79 › HSK3 lesson 10 source-specific textbook views at 768
  [webkit] › hsk3-lessons1011.spec.ts:6:79 › HSK3 lesson 11 source-specific textbook views at 768
  [webkit] › hsk3-lessons1011.spec.ts:6:79 › HSK3 lesson 10 source-specific textbook views at 1440
  [webkit] › hsk3-lessons1011.spec.ts:6:79 › HSK3 lesson 11 source-specific textbook views at 1440
  [webkit] › hsk3-lessons1011.spec.ts:20:41 › HSK3 lesson10 official matching and two word banks retain independent source keys
  [webkit] › hsk3-lessons1011.spec.ts:20:41 › HSK3 lesson11 official matching and two word banks retain independent source keys
  [webkit] › hsk3-lessons1011.spec.ts:24:1 › HSK3 lesson10 education comparison preserves optional reading marker and distinct reference versus personal responses
  [webkit] › hsk3-lessons1011.spec.ts:27:41 › HSK3 lesson10 four-person source activity retains eight open notes without correctness grading
  [webkit] › hsk3-lessons1011.spec.ts:27:41 › HSK3 lesson11 four-person source activity retains eight open notes without correctness grading
  [webkit] › hsk3-lessons1011.spec.ts:30:1 › HSK3 lesson11 repaired Vietnamese grammar and email references are delayed non-unique feedback
  [webkit] › hsk3-lessons1011.spec.ts:34:1 › HSK3 lesson10 repaired picture dialogues preserve natural Vietnamese blank order and all nine fields
  [webkit] › hsk3-lessons1011.spec.ts:37:1 › HSK3 lesson10 and11 grouped source grammar retains each original example exactly once
  [webkit] › hsk3-lessons1213.spec.ts:8:51 › HSK3 lesson12 explicit optional continuation empty survives submission reload export and restore
  [webkit] › hsk3-lessons1213.spec.ts:8:51 › HSK3 lesson12 explicit optional continuation filled survives submission reload export and restore
  [webkit] › hsk3-lessons1213.spec.ts:15:79 › HSK3 lesson 12 source-specific textbook views at 320
  [webkit] › hsk3-lessons1213.spec.ts:15:79 › HSK3 lesson 13 source-specific textbook views at 320
  [webkit] › hsk3-lessons1213.spec.ts:15:79 › HSK3 lesson 12 source-specific textbook views at 390
  [webkit] › hsk3-lessons1213.spec.ts:15:79 › HSK3 lesson 13 source-specific textbook views at 390
  [webkit] › hsk3-lessons1213.spec.ts:15:79 › HSK3 lesson 12 source-specific textbook views at 768
  [webkit] › hsk3-lessons1213.spec.ts:15:79 › HSK3 lesson 13 source-specific textbook views at 768
  [webkit] › hsk3-lessons1213.spec.ts:15:79 › HSK3 lesson 12 source-specific textbook views at 1440
  [webkit] › hsk3-lessons1213.spec.ts:15:79 › HSK3 lesson 13 source-specific textbook views at 1440
  [webkit] › hsk3-lessons1213.spec.ts:27:41 › HSK3 lesson12 official matching and cross-page word banks retain independent keys
  [webkit] › hsk3-lessons1213.spec.ts:27:41 › HSK3 lesson13 official matching and cross-page word banks retain independent keys
  [webkit] › hsk3-lessons1213.spec.ts:30:41 › HSK3 lesson12 reading references are delayed non-unique feedback in all four texts
  [webkit] › hsk3-lessons1213.spec.ts:30:41 › HSK3 lesson13 reading references are delayed non-unique feedback in all four texts
  [webkit] › hsk3-lessons1213.spec.ts:33:1 › HSK3 lesson13 nine grammar frames retain eleven independent answers and multi-blank completion guards
  [webkit] › hsk3-lessons1213.spec.ts:36:1 › HSK3 lesson12 cross-page review retains twenty-two distinct optional checks and two source groups for 就
  [webkit] › hsk3-lessons1415.spec.ts:6:79 › HSK3 lesson 14 source-specific views render every distinct manifest identity once at 320
  [webkit] › hsk3-lessons1415.spec.ts:6:79 › HSK3 lesson 15 source-specific views render every distinct manifest identity once at 320
  [webkit] › hsk3-lessons1415.spec.ts:6:79 › HSK3 lesson 14 source-specific views render every distinct manifest identity once at 390
  [webkit] › hsk3-lessons1415.spec.ts:6:79 › HSK3 lesson 15 source-specific views render every distinct manifest identity once at 390
  [webkit] › hsk3-lessons1415.spec.ts:6:79 › HSK3 lesson 14 source-specific views render every distinct manifest identity once at 768
  [webkit] › hsk3-lessons1415.spec.ts:6:79 › HSK3 lesson 15 source-specific views render every distinct manifest identity once at 768
  [webkit] › hsk3-lessons1415.spec.ts:6:79 › HSK3 lesson 14 source-specific views render every distinct manifest identity once at 1440
  [webkit] › hsk3-lessons1415.spec.ts:6:79 › HSK3 lesson 15 source-specific views render every distinct manifest identity once at 1440
  [webkit] › hsk3-lessons1415.spec.ts:18:41 › HSK3 lesson14 reviewed matching and word-bank keys remain official
  [webkit] › hsk3-lessons1415.spec.ts:18:41 › HSK3 lesson15 reviewed matching and word-bank keys remain official
  [webkit] › hsk3-lessons1415.spec.ts:21:1 › HSK3 lesson15 overlapping Nanjing answers A and B are both non-unique saved selections
  [webkit] › hsk3-lessons1415.spec.ts:25:30 › HSK3 lesson15 four named cities stay in their own activity before its response at 320
  [webkit] › hsk3-lessons1415.spec.ts:25:30 › HSK3 lesson15 four named cities stay in their own activity before its response at 390
  [webkit] › hsk3-lessons1415.spec.ts:28:1 › HSK3 lesson14 borrowing translation and four source blank rows keep their intended roles
  [webkit] › hsk3-lessons1415.spec.ts:31:1 › HSK3 lesson15 review has ten independent understand-use pairs and cross-page grammar remains one explanation
  [webkit] › hsk3-lessons1415.spec.ts:34:41 › HSK3 lesson14 every grammar and picture reference field saves independently without unique grading
  [webkit] › hsk3-lessons1415.spec.ts:34:41 › HSK3 lesson15 every grammar and picture reference field saves independently without unique grading
  [webkit] › hsk3-lessons1618.spec.ts:6:51 › HSK3 lesson16 explicit optional continuation empty survives submission reload export and restore
  [webkit] › hsk3-lessons1618.spec.ts:6:51 › HSK3 lesson16 explicit optional continuation filled survives submission reload export and restore
  [webkit] › hsk3-lessons1618.spec.ts:13:88 › HSK3 lesson 16 final-unit source views and every manifest identity at 320
  [webkit] › hsk3-lessons1618.spec.ts:13:88 › HSK3 lesson 17 final-unit source views and every manifest identity at 320
  [webkit] › hsk3-lessons1618.spec.ts:13:88 › HSK3 lesson 18 final-unit source views and every manifest identity at 320
  [webkit] › hsk3-lessons1618.spec.ts:13:88 › HSK3 lesson 16 final-unit source views and every manifest identity at 390
  [webkit] › hsk3-lessons1618.spec.ts:13:88 › HSK3 lesson 17 final-unit source views and every manifest identity at 390
  [webkit] › hsk3-lessons1618.spec.ts:13:88 › HSK3 lesson 18 final-unit source views and every manifest identity at 390
  [webkit] › hsk3-lessons1618.spec.ts:13:88 › HSK3 lesson 16 final-unit source views and every manifest identity at 768
  [webkit] › hsk3-lessons1618.spec.ts:13:88 › HSK3 lesson 17 final-unit source views and every manifest identity at 768
  [webkit] › hsk3-lessons1618.spec.ts:13:88 › HSK3 lesson 18 final-unit source views and every manifest identity at 768
  [webkit] › hsk3-lessons1618.spec.ts:13:88 › HSK3 lesson 16 final-unit source views and every manifest identity at 1440
  [webkit] › hsk3-lessons1618.spec.ts:13:88 › HSK3 lesson 17 final-unit source views and every manifest identity at 1440
  [webkit] › hsk3-lessons1618.spec.ts:13:88 › HSK3 lesson 18 final-unit source views and every manifest identity at 1440
  [webkit] › hsk3-lessons1618.spec.ts:25:50 › HSK3 lesson16 final-unit matching and word banks keep exact official keys
  [webkit] › hsk3-lessons1618.spec.ts:25:50 › HSK3 lesson17 final-unit matching and word banks keep exact official keys
  [webkit] › hsk3-lessons1618.spec.ts:25:50 › HSK3 lesson18 final-unit matching and word banks keep exact official keys
  [webkit] › hsk3-lessons1618.spec.ts:28:50 › HSK3 lesson16 all final-unit grammar and picture references are delayed and non-unique
  [webkit] › hsk3-lessons1618.spec.ts:28:50 › HSK3 lesson17 all final-unit grammar and picture references are delayed and non-unique
  [webkit] › hsk3-lessons1618.spec.ts:28:50 › HSK3 lesson18 all final-unit grammar and picture references are delayed and non-unique
  [webkit] › hsk3-lessons1618.spec.ts:31:1 › HSK3 lesson17 seven-expression support panel is attached once to three durable open responses
  [webkit] › hsk3-lessons1618.spec.ts:34:1 › HSK3 lesson18 actual 刚才 and 刚刚 groups preserve examples and context-dependent practice stays ungraded
  [webkit] › hsk3-lessons1618.spec.ts:37:1 › HSK3 lesson18 final source review keeps twelve rows and twenty-four independently saved choices
  [webkit] › hsk3-lessons1618.spec.ts:40:1 › HSK3 lesson18 feedback-only explanation is absent from unsubmitted DOM and save failures then clears after edit and reset
  [webkit] › hsk3-lessons45.spec.ts:8:3 › HSK3 lesson 4 source-specific textbook views at 320
  [webkit] › hsk3-lessons45.spec.ts:8:3 › HSK3 lesson 5 source-specific textbook views at 320
  [webkit] › hsk3-lessons45.spec.ts:8:3 › HSK3 lesson 4 source-specific textbook views at 390
  [webkit] › hsk3-lessons45.spec.ts:8:3 › HSK3 lesson 5 source-specific textbook views at 390
  [webkit] › hsk3-lessons45.spec.ts:8:3 › HSK3 lesson 4 source-specific textbook views at 768
  [webkit] › hsk3-lessons45.spec.ts:8:3 › HSK3 lesson 5 source-specific textbook views at 768
  [webkit] › hsk3-lessons45.spec.ts:8:3 › HSK3 lesson 4 source-specific textbook views at 1440
  [webkit] › hsk3-lessons45.spec.ts:8:3 › HSK3 lesson 5 source-specific textbook views at 1440
  [webkit] › hsk3-lessons45.spec.ts:77:1 › HSK3 lesson4 grouped source explanations preserve every original example and split answer pages
  [webkit] › hsk3-lessons45.spec.ts:111:1 › HSK3 lesson4 three picture dialogues retain eleven independent nonunique responses
  [webkit] › hsk3-lessons45.spec.ts:129:1 › HSK3 lesson5 pair table keeps eight responses printed templates and keyboard scrolling
  [webkit] › hsk3-lessons45.spec.ts:167:1 › HSK3 lesson5 three portrait figures and cross-page word choices preserve source differences
  [webkit] › hsk3-lessons67.spec.ts:8:3 › HSK3 lesson 6 source-specific textbook views at 320
  [webkit] › hsk3-lessons67.spec.ts:8:3 › HSK3 lesson 7 source-specific textbook views at 320
  [webkit] › hsk3-lessons67.spec.ts:8:3 › HSK3 lesson 6 source-specific textbook views at 390
  [webkit] › hsk3-lessons67.spec.ts:8:3 › HSK3 lesson 7 source-specific textbook views at 390
  [webkit] › hsk3-lessons67.spec.ts:8:3 › HSK3 lesson 6 source-specific textbook views at 768
  [webkit] › hsk3-lessons67.spec.ts:8:3 › HSK3 lesson 7 source-specific textbook views at 768
  [webkit] › hsk3-lessons67.spec.ts:8:3 › HSK3 lesson 6 source-specific textbook views at 1440
  [webkit] › hsk3-lessons67.spec.ts:8:3 › HSK3 lesson 7 source-specific textbook views at 1440
  [webkit] › hsk3-lessons67.spec.ts:64:1 › HSK3 lesson6 ten-row review keeps twenty independent checks and cross-page vocabulary
  [webkit] › hsk3-lessons67.spec.ts:79:1 › HSK3 lesson6 official word keys retain split source and answer boundaries
  [webkit] › hsk3-lessons67.spec.ts:92:1 › HSK3 lesson6 five travel topics enforce complete responses before durable open feedback
  [webkit] › hsk3-lessons67.spec.ts:102:1 › HSK3 lesson7 typed measure words grade each image without converting to choice matching
  [webkit] › hsk3-lessons67.spec.ts:114:1 › HSK3 lesson7 source explanation and subject groups preserve original grammar and exact pictures
  [webkit] › hsk3-lessons67.spec.ts:133:1 › HSK3 lesson7 twelve picture blanks and two group scenes remain independent after reload
  [webkit] › hsk3-lessons89.spec.ts:9:2 › HSK3 lesson 8 source-specific textbook views at 320
  [webkit] › hsk3-lessons89.spec.ts:9:2 › HSK3 lesson 9 source-specific textbook views at 320
  [webkit] › hsk3-lessons89.spec.ts:9:2 › HSK3 lesson 8 source-specific textbook views at 390
  [webkit] › hsk3-lessons89.spec.ts:9:2 › HSK3 lesson 9 source-specific textbook views at 390
  [webkit] › hsk3-lessons89.spec.ts:9:2 › HSK3 lesson 8 source-specific textbook views at 768
  [webkit] › hsk3-lessons89.spec.ts:9:2 › HSK3 lesson 9 source-specific textbook views at 768
  [webkit] › hsk3-lessons89.spec.ts:9:2 › HSK3 lesson 8 source-specific textbook views at 1440
  [webkit] › hsk3-lessons89.spec.ts:9:2 › HSK3 lesson 9 source-specific textbook views at 1440
  [webkit] › hsk3-lessons89.spec.ts:26:2 › HSK3 lesson8 official source banks grade without revealing before submit
  [webkit] › hsk3-lessons89.spec.ts:33:2 › HSK3 lesson8 picture dialogue independent blanks persist as ungraded references
  [webkit] › hsk3-lessons89.spec.ts:26:2 › HSK3 lesson9 official source banks grade without revealing before submit
  [webkit] › hsk3-lessons89.spec.ts:33:2 › HSK3 lesson9 picture dialogue independent blanks persist as ungraded references
  [webkit] › hsk3-lessons89.spec.ts:39:1 › HSK3 lesson9 eleven-row review preserves twenty-two checks and two separate vocabulary fields
  [webkit] › hsk3-lessons89.spec.ts:44:1 › HSK3 lesson9 potential complement third dialogue keeps both independent responses
  [webkit] › hsk3-lessons89.spec.ts:47:39 › HSK3 lesson8 six picture matching choices preserve correct wrong and edited responses
  [webkit] › hsk3-lessons89.spec.ts:47:39 › HSK3 lesson9 six picture matching choices preserve correct wrong and edited responses
  [webkit] › hsk3-lessons89.spec.ts:51:39 › HSK3 lesson8 reading references remain hidden until submission and never string grade
  [webkit] › hsk3-lessons89.spec.ts:51:39 › HSK3 lesson9 reading references remain hidden until submission and never string grade
  [webkit] › hsk3-lessons89.spec.ts:58:1 › HSK3 prior fallback responses remain safe read-only history through backup restore and never prefill new scores
  [webkit] › lesson-batch.spec.ts:17:179 › HSK2 lesson 2 reviewed textbook sections at 320
  [webkit] › lesson-batch.spec.ts:17:179 › HSK2 lesson 3 reviewed textbook sections at 320
  [webkit] › lesson-batch.spec.ts:17:179 › HSK2 lesson 4 reviewed textbook sections at 320
  [webkit] › lesson-batch.spec.ts:17:179 › HSK2 lesson 5 reviewed textbook sections at 320
  [webkit] › lesson-batch.spec.ts:17:179 › HSK2 lesson 6 reviewed textbook sections at 320
  [webkit] › lesson-batch.spec.ts:17:179 › HSK2 lesson 7 reviewed textbook sections at 320
  [webkit] › lesson-batch.spec.ts:17:179 › HSK2 lesson 8 reviewed textbook sections at 320
  [webkit] › lesson-batch.spec.ts:17:179 › HSK2 lesson 9 reviewed textbook sections at 320
  [webkit] › lesson-batch.spec.ts:17:179 › HSK2 lesson 10 reviewed textbook sections at 320
  [webkit] › lesson-batch.spec.ts:17:179 › HSK2 lesson 11 reviewed textbook sections at 320
  [webkit] › lesson-batch.spec.ts:17:179 › HSK2 lesson 12 reviewed textbook sections at 320
  [webkit] › lesson-batch.spec.ts:17:179 › HSK2 lesson 13 reviewed textbook sections at 320
  [webkit] › lesson-batch.spec.ts:17:179 › HSK2 lesson 14 reviewed textbook sections at 320
  [webkit] › lesson-batch.spec.ts:17:179 › HSK2 lesson 15 reviewed textbook sections at 320
  [webkit] › lesson-batch.spec.ts:17:179 › HSK2 lesson 2 reviewed textbook sections at 390
  [webkit] › lesson-batch.spec.ts:17:179 › HSK2 lesson 3 reviewed textbook sections at 390
  [webkit] › lesson-batch.spec.ts:17:179 › HSK2 lesson 4 reviewed textbook sections at 390
  [webkit] › lesson-batch.spec.ts:17:179 › HSK2 lesson 5 reviewed textbook sections at 390
  [webkit] › lesson-batch.spec.ts:17:179 › HSK2 lesson 6 reviewed textbook sections at 390
  [webkit] › lesson-batch.spec.ts:17:179 › HSK2 lesson 7 reviewed textbook sections at 390
  [webkit] › lesson-batch.spec.ts:17:179 › HSK2 lesson 8 reviewed textbook sections at 390
  [webkit] › lesson-batch.spec.ts:17:179 › HSK2 lesson 9 reviewed textbook sections at 390
  [webkit] › lesson-batch.spec.ts:17:179 › HSK2 lesson 10 reviewed textbook sections at 390
  [webkit] › lesson-batch.spec.ts:17:179 › HSK2 lesson 11 reviewed textbook sections at 390
  [webkit] › lesson-batch.spec.ts:17:179 › HSK2 lesson 12 reviewed textbook sections at 390
  [webkit] › lesson-batch.spec.ts:17:179 › HSK2 lesson 13 reviewed textbook sections at 390
  [webkit] › lesson-batch.spec.ts:17:179 › HSK2 lesson 14 reviewed textbook sections at 390
  [webkit] › lesson-batch.spec.ts:17:179 › HSK2 lesson 15 reviewed textbook sections at 390
  [webkit] › lesson-batch.spec.ts:17:179 › HSK2 lesson 2 reviewed textbook sections at 768
  [webkit] › lesson-batch.spec.ts:17:179 › HSK2 lesson 3 reviewed textbook sections at 768
  [webkit] › lesson-batch.spec.ts:17:179 › HSK2 lesson 4 reviewed textbook sections at 768
  [webkit] › lesson-batch.spec.ts:17:179 › HSK2 lesson 5 reviewed textbook sections at 768
  [webkit] › lesson-batch.spec.ts:17:179 › HSK2 lesson 6 reviewed textbook sections at 768
  [webkit] › lesson-batch.spec.ts:17:179 › HSK2 lesson 7 reviewed textbook sections at 768
  [webkit] › lesson-batch.spec.ts:17:179 › HSK2 lesson 8 reviewed textbook sections at 768
  [webkit] › lesson-batch.spec.ts:17:179 › HSK2 lesson 9 reviewed textbook sections at 768
  [webkit] › lesson-batch.spec.ts:17:179 › HSK2 lesson 10 reviewed textbook sections at 768
  [webkit] › lesson-batch.spec.ts:17:179 › HSK2 lesson 11 reviewed textbook sections at 768
  [webkit] › lesson-batch.spec.ts:17:179 › HSK2 lesson 12 reviewed textbook sections at 768
  [webkit] › lesson-batch.spec.ts:17:179 › HSK2 lesson 13 reviewed textbook sections at 768
  [webkit] › lesson-batch.spec.ts:17:179 › HSK2 lesson 14 reviewed textbook sections at 768
  [webkit] › lesson-batch.spec.ts:17:179 › HSK2 lesson 15 reviewed textbook sections at 768
  [webkit] › lesson-batch.spec.ts:17:179 › HSK2 lesson 2 reviewed textbook sections at 1440
  [webkit] › lesson-batch.spec.ts:17:179 › HSK2 lesson 3 reviewed textbook sections at 1440
  [webkit] › lesson-batch.spec.ts:17:179 › HSK2 lesson 4 reviewed textbook sections at 1440
  [webkit] › lesson-batch.spec.ts:17:179 › HSK2 lesson 5 reviewed textbook sections at 1440
  [webkit] › lesson-batch.spec.ts:17:179 › HSK2 lesson 6 reviewed textbook sections at 1440
  [webkit] › lesson-batch.spec.ts:17:179 › HSK2 lesson 7 reviewed textbook sections at 1440
  [webkit] › lesson-batch.spec.ts:17:179 › HSK2 lesson 8 reviewed textbook sections at 1440
  [webkit] › lesson-batch.spec.ts:17:179 › HSK2 lesson 9 reviewed textbook sections at 1440
  [webkit] › lesson-batch.spec.ts:17:179 › HSK2 lesson 10 reviewed textbook sections at 1440
  [webkit] › lesson-batch.spec.ts:17:179 › HSK2 lesson 11 reviewed textbook sections at 1440
  [webkit] › lesson-batch.spec.ts:17:179 › HSK2 lesson 12 reviewed textbook sections at 1440
  [webkit] › lesson-batch.spec.ts:17:179 › HSK2 lesson 13 reviewed textbook sections at 1440
  [webkit] › lesson-batch.spec.ts:17:179 › HSK2 lesson 14 reviewed textbook sections at 1440
  [webkit] › lesson-batch.spec.ts:17:179 › HSK2 lesson 15 reviewed textbook sections at 1440
  [webkit] › lesson-batch.spec.ts:40:1 › review matrix keeps two columns independent across refresh and scoped backup restore
  [webkit] › lesson-batch.spec.ts:45:1 › source survey tables preserve independent travel text, single preferences and multiple experiences
  [webkit] › lesson-batch.spec.ts:51:1 › lesson3 original two-row vocabulary reflection retains independent free text
  [webkit] › lesson-batch.spec.ts:58:1 › lesson6 reflection preserves two free-text categories and independent understand/use checkboxes
  [webkit] › lesson-batch.spec.ts:63:1 › lesson7 source surveys keep three sequences and two complete group records on narrow screens
  [webkit] › lesson-batch.spec.ts:68:1 › lesson9 headerless source comparison keeps all eight personal responses and original units
  [webkit] › lesson-batch.spec.ts:74:1 › lesson9 two vocabulary reflections and both grammar-check dimensions survive reload
  [webkit] › lesson-batch.spec.ts:78:1 › lesson10 open responses and all seven source picture blanks persist without exact grading
  [webkit] › lesson-batch.spec.ts:82:1 › lesson10 official answers retain split answer pages and clear stale feedback after edit
  [webkit] › lesson-batch.spec.ts:85:1 › lesson11 second picture warmup preserves four open descriptions and separate culture resource status
  [webkit] › lesson-batch.spec.ts:89:1 › lesson12 four-person survey keeps three names in headers and twelve independent responses
  [webkit] › lesson-batch.spec.ts:93:1 › lesson12 official word keys span answer pages while review dimensions stay independent
  [webkit] › lesson-batch.spec.ts:96:1 › lesson13 coffee guess and five comparison blanks remain nonunique and persist separately
  [webkit] › lesson-batch.spec.ts:100:1 › lesson13 original ambiguous-key explanation appears only after feedback and survives reload
  [webkit] › lesson-batch.spec.ts:125:1 › lesson14 two picture warmups retain eight scenes and word-choice split textbook pages
  [webkit] › lesson-batch.spec.ts:131:1 › lesson15 frequency table keeps source blank corner fixed times and three durable counts
  [webkit] › lesson-batch.spec.ts:135:1 › lesson15 cross-page review keeps eighteen independent checks and unavailable culture video
  [webkit] › lesson-batch.spec.ts:139:1 › lesson15 reversed Vietnamese blank labels and split answer pages preserve their bindings
  [webkit] › media.spec.ts:10:46 › HSK 2 lesson 1 original word clips 1–8 end at verified boundaries
  [webkit] › media.spec.ts:10:46 › HSK 2 lesson 1 original word clips 9–13 end at verified boundaries
  [webkit] › media.spec.ts:10:46 › HSK 3 lesson 1 original word clips 1–8 end at verified boundaries
  [webkit] › media.spec.ts:10:46 › HSK 3 lesson 1 original word clips 9–16 end at verified boundaries
  [webkit] › media.spec.ts:10:46 › HSK 3 lesson 1 original word clips 17–23 end at verified boundaries
  [webkit] › media.spec.ts:10:46 › HSK 2 lesson 2 original word clips 1–8 end at verified boundaries
  [webkit] › media.spec.ts:10:46 › HSK 2 lesson 2 original word clips 9–14 end at verified boundaries
  [webkit] › media.spec.ts:10:46 › HSK 2 lesson 3 original word clips 1–8 end at verified boundaries
  [webkit] › media.spec.ts:10:46 › HSK 2 lesson 3 original word clips 9–11 end at verified boundaries
  [webkit] › media.spec.ts:15:1 › multi-sentence source uses separate genuine sentence controls and HSK1 scenes preserve URL
  [webkit] › media.spec.ts:18:1 › pending short word never advertises a verified standalone original clip
  [webkit] › media.spec.ts:19:1 › supplemental illustration zoom closes by Escape and restores the opener
  [webkit] › media.spec.ts:20:1 › all three levels load licensed handwriting, animate, practice and reset
  [webkit] › media.spec.ts:24:74 › HSK 2 lesson 1 scene 1 all original sentences obey native boundaries
  [webkit] › media.spec.ts:24:74 › HSK 2 lesson 1 scene 2 all original sentences obey native boundaries
  [webkit] › media.spec.ts:24:74 › HSK 2 lesson 1 scene 3 all original sentences obey native boundaries
  [webkit] › media.spec.ts:24:74 › HSK 2 lesson 1 scene 4 all original sentences obey native boundaries
  [webkit] › media.spec.ts:24:74 › HSK 3 lesson 1 scene 1 all original sentences obey native boundaries
  [webkit] › media.spec.ts:24:74 › HSK 3 lesson 1 scene 2 all original sentences obey native boundaries
  [webkit] › media.spec.ts:24:74 › HSK 3 lesson 1 scene 3 all original sentences obey native boundaries
  [webkit] › media.spec.ts:24:74 › HSK 3 lesson 1 scene 4 all original sentences obey native boundaries
  [webkit] › media.spec.ts:24:74 › HSK 2 lesson 2 scene 1 all original sentences obey native boundaries
  [webkit] › media.spec.ts:24:74 › HSK 2 lesson 2 scene 2 all original sentences obey native boundaries
  [webkit] › media.spec.ts:24:74 › HSK 2 lesson 2 scene 3 all original sentences obey native boundaries
  [webkit] › media.spec.ts:24:74 › HSK 2 lesson 2 scene 4 all original sentences obey native boundaries
  [webkit] › media.spec.ts:24:74 › HSK 2 lesson 3 scene 1 all original sentences obey native boundaries
  [webkit] › media.spec.ts:24:74 › HSK 2 lesson 3 scene 2 all original sentences obey native boundaries
  [webkit] › media.spec.ts:24:74 › HSK 2 lesson 3 scene 3 all original sentences obey native boundaries
  [webkit] › media.spec.ts:24:74 › HSK 2 lesson 3 scene 4 all original sentences obey native boundaries
  [webkit] › media.spec.ts:30:27 › HSK2 lesson 2 pending short words show only honestly labeled source groups
  [webkit] › media.spec.ts:30:27 › HSK2 lesson 3 pending short words show only honestly labeled source groups
  [webkit] › reviewed-sentence-subset.spec.ts:6:98 › guarded source-frame hsk2-fltrp-2026:l04:text2:line3 plays its exact original range and retains fallback
  [webkit] › reviewed-sentence-subset.spec.ts:6:98 › guarded source-frame hsk2-fltrp-2026:l05:text2:line8:sentence2 plays its exact original range and retains fallback
  [webkit] › reviewed-sentence-subset.spec.ts:17:1 › whole-track color retains its honest pending independent-word label
  [webkit] › reviewed-sentence-subset.spec.ts:18:1 › failed new checksum leaves legacy accepted clips and new whole-track fallback available
  [webkit] › unified.spec.ts:4:66 › shared classroom HSK1 viewport 320
  [webkit] › unified.spec.ts:4:66 › shared classroom HSK2 viewport 320
  [webkit] › unified.spec.ts:4:66 › shared classroom HSK3 viewport 320
  [webkit] › unified.spec.ts:4:66 › shared classroom HSK1 viewport 390
  [webkit] › unified.spec.ts:4:66 › shared classroom HSK2 viewport 390
  [webkit] › unified.spec.ts:4:66 › shared classroom HSK3 viewport 390
  [webkit] › unified.spec.ts:4:66 › shared classroom HSK1 viewport 768
  [webkit] › unified.spec.ts:4:66 › shared classroom HSK2 viewport 768
  [webkit] › unified.spec.ts:4:66 › shared classroom HSK3 viewport 768
  [webkit] › unified.spec.ts:4:66 › shared classroom HSK1 viewport 1440
  [webkit] › unified.spec.ts:4:66 › shared classroom HSK2 viewport 1440
  [webkit] › unified.spec.ts:4:66 › shared classroom HSK3 viewport 1440
  [webkit] › unified.spec.ts:9:1 › one shell switches levels without reload and keeps nonempty drafts isolated
  [webkit] › unified.spec.ts:13:1 › textbook answers save, check, survive scene changes and reload without altering homework
  [webkit] › unified.spec.ts:16:1 › homework receipts store immutable questions and scores
  [webkit] › unified.spec.ts:19:1 › portal shows all three levels and retains HSK4 and legacy courses
  [webkit] › unified.spec.ts:20:1 › shared backup exports all three course identities and restores only the selected level
Total: 350 tests in 20 files
